Updating 8b8c951..4f21fa4
Fast-forward
 src/components/juyiting/BountyDiscussionPanel.vue  |  28 ++-
 src/components/juyiting/BountyExecutionOutputs.vue |  69 ++-----
 .../juyiting/BountyFollowupConsentPanel.vue        |  38 ++++
 src/components/juyiting/ChatPanel.vue              |   4 +
 src/components/juyiting/HallChatComposer.vue       |  21 ++
 src/components/world/JuyiHall.vue                  |  63 ++++++
 src/composables/juyiting/bountyOutputRecovery.js   |  22 +-
 .../juyiting/hallBountyFollowupIntent.js           | 104 ++++++++++
 src/composables/juyiting/useHallBountyFollowup.js  | 225 +++++++++++++++++++++
 tests/juyiting-bounty-followup-consent.test.js     |  30 +++
 .../juyiting-bounty-followup-page-routing.test.js  |  38 ++++
 tests/juyiting-bounty-followup-recovery.test.js    |  44 ++++
 tests/juyiting-bounty-output-gallery.test.js       |  46 +----
 tests/juyiting-bounty-output-recovery.test.js      |  15 +-
 tests/juyiting-hall-bounty-followup.test.js        | 138 +++++++++++++
 15 files changed, 779 insertions(+), 106 deletions(-)
 create mode 100644 src/components/juyiting/BountyFollowupConsentPanel.vue
 create mode 100644 src/composables/juyiting/hallBountyFollowupIntent.js
 create mode 100644 src/composables/juyiting/useHallBountyFollowup.js
 create mode 100644 tests/juyiting-bounty-followup-consent.test.js
 create mode 100644 tests/juyiting-bounty-followup-page-routing.test.js
 create mode 100644 tests/juyiting-bounty-followup-recovery.test.js
 create mode 100644 tests/juyiting-hall-bounty-followup.test.js
