

  Hall F1 follow-up schema-3 route
    ✔ runs context → preview → explicit acknowledgement → issue → final with exact fresh authority (47ms)
    ✔ accepts the controlled descriptor grammar for slash-bearing binding and model names
    ✔ counts 4,000 Unicode code points rather than UTF-16 units
    ✔ rejects all ISO control characters before any preview POST
    ✔ uses distinct secure getRandomValues keys and refuses to POST when secure entropy is absent
    ✔ forms EDIT only with nested assetRef and exact producer request/step
    ✔ fences a late context response before preview and emits zero POSTs

  Hall F1 original-key recovery
    ✔ recovers an ACK-lost final only through issue/final GETs and never POSTs
    ✔ treats 404 original-key recovery as unknown with zero POST and no fresh key

  F1 explicit provider acknowledgement panel
    ✔ does not infer consent and emits only after an explicit checkbox acknowledgement (54ms)

  actual JuyiHall F1 follow-up handlers
    ✔ routes explicit composer GENERATE and output-card EDIT only to the Hall follow-up composable
    ✔ does not route explicit F1 controls when their default-off flag is disabled

  bounty output edit recovery
    ✔ restores only scoped, validated request IDs and an immutable in-flight edit
    ✔ does not persist malformed scope and exposes malformed legacy edits to no new request path

  bounty output gallery live owner scope
    ✔ keeps reading the current request after its first output and isolates same outputId previews per step (46ms)
    ✔ emits only a nested assetRef plus exact producer parent for Hall-owned schema-3 edit
    ✔ refuses mismatched output bytes and download MIME with a visible error
    ✔ uses the canonical task version separately from assignment revision when finalizing
    ✔ retains the pending archive intent on projection refresh and ignores its late receipt after identity switch
    ✔ does not show a stale finalization receipt after the owner changes
    ✔ downloads verified passive media with its extension and unknown formats as opaque files
    ✔ waits for a real persisted asset then sends only the current archive contract, never a hash or outputRef
    ✔ restores a lost save ACK across remount and reconciles a known operation by GET without another file
    ✔ restores the locked original acceptance after remount and only explicitly replays after a read-only 404
    ✔ refuses unknown/noncanonical task="" assignment="3" versions before acceptance
    ✔ refuses unknown/noncanonical task="01" assignment="3" versions before acceptance
    ✔ refuses unknown/noncanonical task="9007199254740992" assignment="3" versions before acceptance
    ✔ refuses unknown/noncanonical task="9" assignment="" versions before acceptance
    ✔ refuses unknown/noncanonical task="9" assignment="01" versions before acceptance

  useHallConversation scoped message loading
    ✔ does not fetch or schedule SSE recovery when token acquisition returns null
    ✔ falls back to authoritative polling without reconnecting when durable SSE is unsupported
    ✔ does not reconnect or replay when the protected SSE endpoint returns 401
    ✔ clears stale messages when the current bounty scope has no conversation yet
    ✔ clears only the draft while keeping scoped target agents intact
    ✔ replaces an active @ trigger when inserting an agent mention
    ✔ trims sent hall messages while preserving scoped payload fields
    ✔ resolves a safe hall sender name from nickname, then username, then self label
    ✔ labels only exact server identities as self after a history refresh or identity switch
    ✔ normalizes persisted agent messages with metadata
    ✔ removes control characters from persisted sender names before rendering
    ✔ fails closed for numeric and unsafe Long wire IDs without coercion
    ✔ normalizes the same agent name across SSE delta and final events
    ✔ merges agent delta and final events without duplicate messages
    ✔ reconciles an SSE agent delta when its final reply arrives on the request stream
    ✔ reduces stream payloads for delivery, conversation id, and assistant text

  useHallConversation authenticated public restore
    ✔ restores a safe numeric backend Long using exact public scope and no trusted local jiacn
    ✔ fails closed for unsafe numeric and malformed conversation ids
    ✔ rejects non-public, bounty, private, and non-Juyi Hall rows before content fetch
    ✔ deduplicates repeated restores and fences a deferred public row after a private scope switch
    ✔ keeps restore pending through content and retries an earlier empty readiness result
    ✔ fences a deferred authenticated restore when identity is cleared
    ✔ keeps explicit new chat empty across reopen restores and fences deferred prior content

  useHallConversation finalized reply routing
    ✔ defers a built-in final for an existing conversation until stream end and commits once
    ✔ makes stream end win over an existing-conversation live SSE duplicate
    ✔ makes stream end win over a new-conversation poll duplicate before end
    ✔ deduplicates a new-conversation poll replay after stream end

  Hall conversation identity lifecycle
    ✔ clears 1.5s and 5s sync timers and prevents their callbacks from loading after disposal
    ✔ aborts deferred list and content requests on disposal and ignores their late success callbacks
    ✔ cancels an opened deferred reply stream on identity clear and filters all late callbacks
    ✔ resets an active reply when starting a new conversation and allows another send

  useHallConversation history selection
    ✔ loads only the current scoped Juyi Hall history through the authenticated list endpoint
    ✔ switches an approved history item to persisted content and its own SSE stream
    ✔ does not leak a late history response into a changed scope
    ✔ does not apply late selected content after a scope change

  useHallConversation history remediation
    ✔ blocks a direct second send while the first turn is awaiting an agent reply
    ✔ loads history pages past the collapsed backend total and deduplicates page boundaries
    ✔ deletes a scoped history item and reloads the first page to keep pagination exact
    ✔ locks selection, sending, and pagination while a deletion is in flight
    ✔ deleting the active history item clears its content and suppresses automatic restoration
    ✔ keeps the history item visible when deletion fails
    ✔ reports selected content failure, blocks send, and retries the same selected id
    ✔ clears the history spinner and fences a late history page when starting a new conversation

  useHallConversation event-stream recovery policy
    ✔ does not blindly reconnect the protected event stream after a 403
    ✔ uses exponential jittered reconnects after EOF while keeping one event stream per conversation
    ✔ pauses the conversation event stream while the page is hidden and resumes on visibility

  Hall stream transport failure read-only recovery
    ✔ does not repeat POST and reads only the same conversation until a new persisted final exists
    ✔ without a server conversation ID reports unknown outcome instead of false delivery failure or resend

  Juyi Hall multimedia deliberation v2 presentation
    ✔ is default-off and keeps legacy chat presentation when the v2 capability is absent
    ✔ keeps CHAT RUNNING on the existing chat surface without inferring a v2 banner
    ✔ shows action-proposal EXECUTE PLANNING from controlled server steps without inventing a CHAT route
    ✔ is replay-stable for a durable proposal and never infers v2 from a CHAT revision or route
    ✔ renders media availability only for a ready scoped image asset and leaves missing assets waiting
    ✔ shows no v2 request state after an identity switch has cleared its owner-scoped projection

  actual JuyiHall controlled issuer-only recovery handlers
    ✔ uses controlled check then exact controlled resume, with no native capability or ordinary core route (198ms)

  actual JuyiHall controlled bootstrap observation fence
    ✔ adopts PREPARING→ADMITTED in the original context but fences late admitted projections after target, authorization, or revision changes (4093ms)


  85 passing (5s)

