{
  "scope": "actual immutable Web4f21 primitive and Vue composable probe using mock HTTP only; no Provider/production/browser/product PASS",
  "results": [
    {
      "case": "4000 Unicode codepoints remain legal",
      "expected": true,
      "actual": true,
      "codepoints": 4000,
      "UTF16CodeUnits": 8000
    },
    {
      "case": "ISO control LF is rejected before preview",
      "expected": false,
      "actual": false
    },
    {
      "case": "ISO control C1 NEL is rejected before preview",
      "expected": false,
      "actual": false
    },
    {
      "case": "absence of secure entropy must emit zero preview POSTs, never reuse a constant key",
      "expectedPreviewPosts": 0,
      "actualPreviewPosts": 0,
      "posts": [],
      "first": false,
      "second": false
    }
  ]
}
