TAP version 13
# Subtest: restricted provider policy binds one exact HTTPS authority and explicit transport timeout
ok 1 - restricted provider policy binds one exact HTTPS authority and explicit transport timeout
  ---
  duration_ms: 3.310607
  ...
# Subtest: nft readback requires default-drop chains and only loopback, established traffic, and the exact proxy port
ok 2 - nft readback requires default-drop chains and only loopback, established traffic, and the exact proxy port
  ---
  duration_ms: 1.50509
  ...
# Subtest: network owner binds a direct bwrap child in the host namespace to one immutable private descendant holder
ok 3 - network owner binds a direct bwrap child in the host namespace to one immutable private descendant holder
  ---
  duration_ms: 1.4151
  ...
# Subtest: network owner rejects a sandbox executable still in the host namespace and ambiguous or foreign private holders before network commands
ok 4 - network owner rejects a sandbox executable still in the host namespace and ambiguous or foreign private holders before network commands
  ---
  duration_ms: 1.295851
  ...
# Subtest: network owner cancellation replaces an arbitrary bind deadline when no sandbox holder has appeared
ok 5 - network owner cancellation replaces an arbitrary bind deadline when no sandbox holder has appeared
  ---
  duration_ms: 0.433316
  ...
# Subtest: root and holder startticks plus both executable identities are revalidated before any network command
ok 6 - root and holder startticks plus both executable identities are revalidated before any network command
  ---
  duration_ms: 23.371015
  ...
# Subtest: restricted profile explicitly enables Codex system proxy routing without embedding proxy endpoints or credentials
ok 7 - restricted profile explicitly enables Codex system proxy routing without embedding proxy endpoints or credentials
  ---
  duration_ms: 2.39415
  ...
# Subtest: restricted profile resolves an absolute public CA symlink into private fixed bytes instead of exposing its host target tree
ok 8 - restricted profile resolves an absolute public CA symlink into private fixed bytes instead of exposing its host target tree
  ---
  duration_ms: 19.446763
  ...
# Subtest: provider-restricted initialization fails closed when native config readback does not enable system proxy routing
ok 9 - provider-restricted initialization fails closed when native config readback does not enable system proxy routing
  ---
  duration_ms: 1.102222
  ...
# Subtest: native attestation digest excludes process and filesystem instance telemetry but changes with trusted policy
ok 10 - native attestation digest excludes process and filesystem instance telemetry but changes with trusted policy
  ---
  duration_ms: 2.147358
  ...
# Subtest: real bwrap profile performs a non-paid native app-server handshake with private filesystem and isolated network
ok 11 - real bwrap profile performs a non-paid native app-server handshake with private filesystem and isolated network # SKIP
  ---
  duration_ms: 0.226575
  ...
1..11
# tests 11
# suites 0
# pass 10
# fail 0
# cancelled 0
# skipped 1
# todo 0
# duration_ms 258.109099
