TAP version 13
# Subtest: generated provider TLS probe preserves escaped CRLF and parses as Python before any network execution
ok 1 - generated provider TLS probe preserves escaped CRLF and parses as Python before any network execution
  ---
  duration_ms: 40.27927
  ...
# Subtest: restricted provider policy binds one exact HTTPS authority and explicit transport timeout
ok 2 - restricted provider policy binds one exact HTTPS authority and explicit transport timeout
  ---
  duration_ms: 2.001223
  ...
# Subtest: nft readback requires default-drop chains and only loopback, established traffic, and the exact proxy port
ok 3 - nft readback requires default-drop chains and only loopback, established traffic, and the exact proxy port
  ---
  duration_ms: 1.513879
  ...
# Subtest: network owner binds a direct bwrap child in the host namespace to one immutable private descendant holder
ok 4 - network owner binds a direct bwrap child in the host namespace to one immutable private descendant holder
  ---
  duration_ms: 1.278145
  ...
# Subtest: network owner rejects a sandbox executable still in the host namespace and ambiguous or foreign private holders before network commands
ok 5 - network owner rejects a sandbox executable still in the host namespace and ambiguous or foreign private holders before network commands
  ---
  duration_ms: 2.551004
  ...
# Subtest: network owner cancellation replaces an arbitrary bind deadline when no sandbox holder has appeared
ok 6 - network owner cancellation replaces an arbitrary bind deadline when no sandbox holder has appeared
  ---
  duration_ms: 0.449092
  ...
# Subtest: root and holder startticks plus both executable identities are revalidated before any network command
ok 7 - root and holder startticks plus both executable identities are revalidated before any network command
  ---
  duration_ms: 24.427695
  ...
# Subtest: restricted profile explicitly enables Codex system proxy routing without embedding proxy endpoints or credentials
ok 8 - restricted profile explicitly enables Codex system proxy routing without embedding proxy endpoints or credentials
  ---
  duration_ms: 2.306269
  ...
# Subtest: restricted profile resolves an absolute public CA symlink into private fixed bytes instead of exposing its host target tree
ok 9 - restricted profile resolves an absolute public CA symlink into private fixed bytes instead of exposing its host target tree
  ---
  duration_ms: 16.78499
  ...
# Subtest: provider-restricted initialization fails closed when native config readback does not enable system proxy routing
ok 10 - provider-restricted initialization fails closed when native config readback does not enable system proxy routing
  ---
  duration_ms: 0.98595
  ...
# Subtest: native attestation digest excludes process and filesystem instance telemetry but changes with trusted policy
ok 11 - native attestation digest excludes process and filesystem instance telemetry but changes with trusted policy
  ---
  duration_ms: 1.895268
  ...
# Subtest: real bwrap profile performs a non-paid native app-server handshake with private filesystem and isolated network
ok 12 - real bwrap profile performs a non-paid native app-server handshake with private filesystem and isolated network # SKIP
  ---
  duration_ms: 1.234937
  ...
1..12
# tests 12
# suites 0
# pass 11
# fail 0
# cancelled 0
# skipped 1
# todo 0
# duration_ms 284.777613
