TAP version 13
# Subtest: non-empty fixed-origin materialization succeeds without freezing Buffer views and writes private immutable bytes
ok 1 - non-empty fixed-origin materialization succeeds without freezing Buffer views and writes private immutable bytes # SKIP test name does not match pattern
  ---
  duration_ms: 1.822228
  ...
# Subtest: materializer rejects redirect, response URL drift, MIME, declared length and digest mismatch before native conversion
ok 2 - materializer rejects redirect, response URL drift, MIME, declared length and digest mismatch before native conversion # SKIP test name does not match pattern
  ---
  duration_ms: 0.202239
  ...
# Subtest: private root symlink is rejected and concrete PNG decoder inflates actual scanlines
ok 3 - private root symlink is rejected and concrete PNG decoder inflates actual scanlines # SKIP test name does not match pattern
  ---
  duration_ms: 0.123303
  ...
# Subtest: unmeasured profile and conflicting CHAT/INSPECT markers fail before materialization or engine start
ok 4 - unmeasured profile and conflicting CHAT/INSPECT markers fail before materialization or engine start # SKIP test name does not match pattern
  ---
  duration_ms: 0.136984
  ...
# Subtest: native INSPECT durably prepares a fixed v2 final before publication and never weakens CHAT v1
ok 5 - native INSPECT durably prepares a fixed v2 final before publication and never weakens CHAT v1 # SKIP test name does not match pattern
  ---
  duration_ms: 0.156787
  ...
# Subtest: existing durable inbox persists preparation and original engine binding across restart recovery
ok 6 - existing durable inbox persists preparation and original engine binding across restart recovery # SKIP test name does not match pattern
  ---
  duration_ms: 0.11468
  ...
# Subtest: INSPECT thread key binds authority inputs while CHAT key remains byte-compatible and ignores new fields
ok 7 - INSPECT thread key binds authority inputs while CHAT key remains byte-compatible and ignores new fields # SKIP test name does not match pattern
  ---
  duration_ms: 0.154976
  ...
# Subtest: unknown acceptance recovery performs only thread/read reconciliation and finalizes with recovered actual IDs
ok 8 - unknown acceptance recovery performs only thread/read reconciliation and finalizes with recovered actual IDs # SKIP test name does not match pattern
  ---
  duration_ms: 0.141827
  ...
# Subtest: recovery preserves request engine state when durable final persistence itself fails
ok 9 - recovery preserves request engine state when durable final persistence itself fails # SKIP test name does not match pattern
  ---
  duration_ms: 0.309017
  ...
# Subtest: durable final survives false, throw and unconfirmed write publication, replays after restart with one fixed identity, and never restarts the engine
ok 10 - durable final survives false, throw and unconfirmed write publication, replays after restart with one fixed identity, and never restarts the engine
  ---
  duration_ms: 1450.212254
  ...
# Subtest: missing runtime authentication and unavailable parser fail before fetch or native start
ok 11 - missing runtime authentication and unavailable parser fail before fetch or native start # SKIP test name does not match pattern
  ---
  duration_ms: 0.242325
  ...
# Subtest: recovery rejects mismatched terminal bindings and ambiguous model finals
ok 12 - recovery rejects mismatched terminal bindings and ambiguous model finals # SKIP test name does not match pattern
  ---
  duration_ms: 0.154808
  ...
1..12
# tests 12
# suites 0
# pass 1
# fail 0
# cancelled 0
# skipped 11
# todo 0
# duration_ms 1704.121169
