TAP version 13
# Subtest: pinned Codex CLI 0.153.4 generated schemas match recorded digests and wire fields
ok 1 - pinned Codex CLI 0.153.4 generated schemas match recorded digests and wire fields
  ---
  duration_ms: 16.315777
  ...
# Subtest: app-server schema registry keeps legacy default and requires an exact explicit registered native profile
ok 2 - app-server schema registry keeps legacy default and requires an exact explicit registered native profile
  ---
  duration_ms: 1.031314
  ...
# Subtest: API-generated hostedWire golden is byte-exact and accepted as schema v1 additive durable CHAT
ok 3 - API-generated hostedWire golden is byte-exact and accepted as schema v1 additive durable CHAT
  ---
  duration_ms: 18.37178
  ...
# Subtest: raw schema token validation checks top-level only and facts object has strict bounds
ok 4 - raw schema token validation checks top-level only and facts object has strict bounds
  ---
  duration_ms: 9.214305
  ...
# Subtest: Context Envelope keeps AGENTS-looking attachment as DATA and preserves authoritative object facts
ok 5 - Context Envelope keeps AGENTS-looking attachment as DATA and preserves authoritative object facts
  ---
  duration_ms: 2.017162
  ...
# Subtest: runFastChat checks feature and legacy fallback before building Context Envelope
ok 6 - runFastChat checks feature and legacy fallback before building Context Envelope
  ---
  duration_ms: 1.043294
  ...
# Subtest: production Fast CHAT path emits only real schema-v1 delta/final with exact durable binding
ok 7 - production Fast CHAT path emits only real schema-v1 delta/final with exact durable binding
  ---
  duration_ms: 3.760493
  ...
# Subtest: Fast CHAT persists unknown turn acceptance as recovery-required after readback
ok 8 - Fast CHAT persists unknown turn acceptance as recovery-required after readback
  ---
  duration_ms: 2.216471
  ...
# Subtest: durable inbox replays pending, quarantines processing as acceptance unknown, and rejects fingerprint conflicts
ok 9 - durable inbox replays pending, quarantines processing as acceptance unknown, and rejects fingerprint conflicts
  ---
  duration_ms: 413.881789
  ...
# Subtest: durable CHAT fingerprint binds request revision, full delivery contract, content and snapshot
ok 10 - durable CHAT fingerprint binds request revision, full delivery contract, content and snapshot
  ---
  duration_ms: 6.851869
  ...
# Subtest: durable CHAT ACK survives send failure and replays FIFO after restart
ok 11 - durable CHAT ACK survives send failure and replays FIFO after restart
  ---
  duration_ms: 46.286262
  ...
# Subtest: fair lanes are bounded, independent, fair, and same secure turn serializes
ok 12 - fair lanes are bounded, independent, fair, and same secure turn serializes
  ---
  duration_ms: 17.734539
  ...
# Subtest: thread key changes for owner, policy and generation isolation dimensions
ok 13 - thread key changes for owner, policy and generation isolation dimensions
  ---
  duration_ms: 0.504485
  ...
# Subtest: thread bindings persist exactly and dedicated CHAT workdir rejects symlink or overlap
ok 14 - thread bindings persist exactly and dedicated CHAT workdir rejects symlink or overlap
  ---
  duration_ms: 60.768114
  ...
# Subtest: app-server initializes readback and waits for matching real delta/final/terminal
ok 15 - app-server initializes readback and waits for matching real delta/final/terminal
  ---
  duration_ms: 13.977085
  ...
# Subtest: app-server buffers matching events arriving before turn/start response and reconciles unknown acceptance
ok 16 - app-server buffers matching events arriving before turn/start response and reconciles unknown acceptance
  ---
  duration_ms: 17.609463
  ...
# Subtest: app-server rejects tool requests with interrupt while user-input is clarification-only
ok 17 - app-server rejects tool requests with interrupt while user-input is clarification-only
  ---
  duration_ms: 1.928241
  ...
# Subtest: durable wire rejects numeric Long tokens, context drift, and non-canonical context hashes
ok 18 - durable wire rejects numeric Long tokens, context drift, and non-canonical context hashes
  ---
  duration_ms: 12.289091
  ...
# Subtest: durable inbox applies hard file and byte backpressure before acceptance
ok 19 - durable inbox applies hard file and byte backpressure before acceptance
  ---
  duration_ms: 314.824997
  ...
# Subtest: cross-process profile lock keeps hot admission within one-file quota
ok 20 - cross-process profile lock keeps hot admission within one-file quota
  ---
  duration_ms: 264.225355
  ...
# Subtest: profile lock reclaims malformed legacy records only in confirmed-stopped migration and dead owners after grace
ok 21 - profile lock reclaims malformed legacy records only in confirmed-stopped migration and dead owners after grace
  ---
  duration_ms: 800.34448
  ...
# Subtest: profile lock publishes a complete owner atomically and a paused creator cannot double-hold
ok 22 - profile lock publishes a complete owner atomically and a paused creator cannot double-hold
  ---
  duration_ms: 92.008051
  ...
# Subtest: archive has independent quota while compact dedupe evidence permits continuous admission
ok 23 - archive has independent quota while compact dedupe evidence permits continuous admission
  ---
  duration_ms: 406.385149
  ...
# Subtest: sharded dedupe admission uses constant-size usage metadata instead of rescanning all evidence
ok 24 - sharded dedupe admission uses constant-size usage metadata instead of rescanning all evidence
  ---
  duration_ms: 373.874166
  ...
# Subtest: dirty dedupe repair exactly replaces turn-index after marker-delete crash and redelivery is unambiguous
ok 25 - dirty dedupe repair exactly replaces turn-index after marker-delete crash and redelivery is unambiguous
  ---
  duration_ms: 247.90797
  ...
# Subtest: turn-index lookup verifies authoritative marker, repairs stale fingerprints, and removes orphan buckets
ok 26 - turn-index lookup verifies authoritative marker, repairs stale fingerprints, and removes orphan buckets
  ---
  duration_ms: 146.38607
  ...
# Subtest: completed processing marker is forward-settled to archive and dedupe ledger after restart
ok 27 - completed processing marker is forward-settled to archive and dedupe ledger after restart
  ---
  duration_ms: 156.636229
  ...
# Subtest: actual codex binary version and generated experimental schema are measured fail-closed and cached
ok 28 - actual codex binary version and generated experimental schema are measured fail-closed and cached
  ---
  duration_ms: 307.693276
  ...
# Subtest: resource snapshots retain exact trust checks while old count bounds become telemetry only
ok 29 - resource snapshots retain exact trust checks while old count bounds become telemetry only
  ---
  duration_ms: 634.958995
  ...
# Subtest: OpenAI JavaScript launcher measurement binds require-resolved native executable before sibling fallback
ok 30 - OpenAI JavaScript launcher measurement binds require-resolved native executable before sibling fallback
  ---
  duration_ms: 147.746978
  ...
# Subtest: measured executable identity rejects file and symlink replacement before app-server spawn
ok 31 - measured executable identity rejects file and symlink replacement before app-server spawn
  ---
  duration_ms: 350.704459
  ...
# Subtest: spawn probe binds the running native inode and ignores later snapshot pathname replacement
ok 32 - spawn probe binds the running native inode and ignores later snapshot pathname replacement
  ---
  duration_ms: 44.637064
  ...
# Subtest: spawn probe kills a child that executes replacement bytes after measurement
ok 33 - spawn probe kills a child that executes replacement bytes after measurement
  ---
  duration_ms: 132.734486
  ...
# Subtest: stale app-server snapshot cleanup is prefix, filesystem-owner, age and live-pid constrained
ok 34 - stale app-server snapshot cleanup is prefix, filesystem-owner, age and live-pid constrained
  ---
  duration_ms: 30.921817
  ...
# Subtest: modern durable CHAT fails closed on binary trust mismatch and never invokes legacy execution
ok 35 - modern durable CHAT fails closed on binary trust mismatch and never invokes legacy execution
  ---
  duration_ms: 78.984578
  ...
# Subtest: disposing an app-server profile clears restart and unbinds exit before shutdown
ok 36 - disposing an app-server profile clears restart and unbinds exit before shutdown
  ---
  duration_ms: 31.196127
  ...
# Subtest: turn/completed honors real 0.153.4 status and error instead of method name alone
ok 37 - turn/completed honors real 0.153.4 status and error instead of method name alone
  ---
  duration_ms: 6.887517
  ...
1..37
# tests 37
# suites 0
# pass 37
# fail 0
# cancelled 0
# skipped 0
# todo 0
# duration_ms 5560.540129
