

  1.13.6 Babao-box modal-stack hall presentation
    √ uses the embedded Juyi Hall treasure style instead of the former blue-white workspace shell
    √ locks the embedded material-search input and submit button to one 44px control row
    1) uses one workbench selector language for new matters and linked material detail
    √ keeps a gutter above recruitment cards and applies the workbench archive-search shell
    √ keeps archive citation text readable and makes the nested return action match workbench navigation
    √ aligns the fixed-version selector and download action on one control row
    √ keeps the workspace reachable only through the Juyi Hall Babao entry

  live map preview Stage adapter lifecycle
    √ mounts cold preview without business admission, then admits once and keeps the instance through returns (203ms)

  live map preview Hall page bridge
[Vue warn]: Component is missing template or render function:  {
  __name: 'JuyiHall',
  props: { onboardingVisible: { type: [Function: Boolean], default: false } },
  emits: [ 'open-onboarding' ],
  setup: [Function: setup],
  components: {}
}
  at <JuyiHall ref="VTU_COMPONENT" >
  at <VTUROOT>
    2) waits for document and observed portrait visibility, then keeps one teleported Stage across landscape and retry

  live map preview status ownership
[HallStage] melonJS: map failed
[HallStage] melonJS: map failed
    √ keeps a failed nested Stage retry hidden in preview and delegates one outer retry (72ms)

  live map preview orientation target transaction
    √ consumes a preview-queued target only after stable viewport commit and fences a reversed transition (73ms)

  live map preview Stage viewport receipts
    √ admits a real idempotent JuyitingGame receipt without destroying Stage (44ms)

  real Bounty + shared neutral picker + v2 atomic creation integration
    3) mixes four media types at old fixed versions then atomically creates from the real form
    4) submits no-material requirement without reading workspace or creating grants/executions

  SelectedAgentCard interaction contract
    √ only renders after an agent is selected
    √ emits its remaining card actions only when unlocked
    √ renders inside the quick bar instead of as a map overlay
    √ keeps the selected agent card without rendering the duplicate bottom dock
    √ uses drag gestures instead of visible map direction controls
    √ does not auto-select the first loaded agent
    √ does not depend on the mobile direction controls footprint
    √ keeps cards and task panels inside the small-screen viewport
    √ keeps the BountyPanel point-general modal content scrollable as one bounded surface
    √ does not resize the map when the selected agent card appears
    √ toggles the selected agent without showing a toast
[Vue warn]: Component is missing template or render function:  {
  __name: 'JuyiHall',
  props: { onboardingVisible: { type: [Function: Boolean], default: false } },
  emits: [ 'open-onboarding' ],
  setup: [Function: setup],
  components: {}
}
  at <JuyiHall ref="VTU_COMPONENT" >
  at <VTUROOT>
    5) routes a selected Hall context through private conversation, setDraft, and mention insertion
    √ keeps any private request bound to an authoritative operable roster agent

  C07 JuyiHall task workspace integration
    √ uses the existing Hall dialog and concrete top-level values from the single FE1 workspace state source
    √ opens only from an existing explicit workspace subject without actor fallback
    √ mounts concrete workspace refs so subject, state, error, and retry are usable by the panel
    √ keeps the workspace read-only and conversation association-only
    √ preserves map/roster separation, no active route, and explicit assignment targets
[Vue warn]: Component is missing template or render function:  {
  __name: 'JuyiHall',
  props: { onboardingVisible: { type: [Function: Boolean], default: false } },
  emits: [ 'open-onboarding' ],
  setup: [Function: setup],
  components: {}
}
  at <JuyiHall ref="VTU_COMPONENT" >
  at <VTUROOT>
    6) retains actual-JuyiHall TaskWorkspacePanel identity and byte-exact state for five cycles

  W06 workspace bounty material links
    √ picks an exact active workspace version and submits only INPUT or REFERENCE through the task link adapter
    √ offers both INPUT and REFERENCE task links to the explicit formal execution input manifest
    √ renders a server-returned OUTPUT link as an execution-managed reference without inventing formal delivery
    √ clears the local exact-version draft when the authenticated identity changes
    √ requires explicit confirmation to revoke the queued execution and emits the exact receipt
    √ uses a non-modal full-page material picker whose scroll body and action footer stay separate with long lists
    √ treats the explicit start button as confirmation without an extra consent checkbox
    7) mounts task material controls in the formal bounty detail while preserving the existing discussion event


  34 passing (1s)
  7 failing

  1) 1.13.6 Babao-box modal-stack hall presentation
       uses one workbench selector language for new matters and linked material detail:
     AssertionError [ERR_ASSERTION]: The input did not match the regular expression /--material-ground:#f3f3ed;--material-paper:#fffefa;--material-ink:#242e2b;--material-muted:#68716b;--material-line:#d8d8ce;--material-brand:#923f30/. Input:

'<template>\r\n' +
  `  <section class="hall-overview" :class="{ 'is-messages': messagesOnly }" :aria-label="messagesOnly ? '消息' : '办事概览'">\r\n` +
  '    <template v-if="!messagesOnly">\r\n' +
  '      <header class="overview-hero">\r\n' +
  '        <p class="overview-eyebrow">聚义厅 · 轻量工作台</p>\r\n' +
  '        <h2>今天，想办成什么事？</h2>\r\n' +
  '        <p>不必独自忙碌，让合适的好汉与你一起。</p>\r\n' +
  '      </header>\r\n' +
  '      <form class="overview-start-card overview-quick-request" aria-label="一句话提出需求" @submit.prevent="submitQuickRequest">\r\n' +
  '        <span class="overview-start-mark" aria-hidden="true">事</span>\r\n' +
  '        <div class="overview-start-copy">\r\n' +
  '          <h3>说一句你想办成的事</h3>\r\n' +
  '          <p>资料不是必选。发送只建立事项，不会自动调用 Agent 或产生办理费用。</p>\r\n' +
  '          <label class="quick-request-field">\r\n' +
  '            <span class="visually-hidden">一句话需求</span>\r\n' +
  '            <span class="quick-request-input">\r\n' +
  '              <textarea v-model="quickRequest" maxlength="200" rows="3" placeholder="例如：整理一份明天活动的执行方案，要能直接发给团队。" :disabled="quickPending"></textarea>\r\n' +
  '              <small>{{ [...quickRequest].length }}/200</small>\r\n' +
  '            </span>\r\n' +
  '          </label>\r\n' +
  '          <HallMaterialPicker\r\n' +
  '            v-model="selectedMaterials"\r\n' +
  '            :identity-scope="identityScope"\r\n' +
  '            :identity-epoch="identityEpoch"\r\n' +
  '            :enabled="enabled"\r\n' +
  '            :disabled="quickPending"\r\n' +
  '          >\r\n' +
  `            <button class="primary" type="submit" :disabled="quickPending || !quickRequest.trim()"><var-icon name="send" aria-hidden="true" />{{ quickPending ? '正在建立事项…' : '开始办事' }}</button>\r\n` +
  '          </HallMaterialPicker>\r\n' +
  '          <p v-if="quickMessage" class="quick-request-error" role="status">{{ quickMessage }}</p>\r\n' +
  '        </div>\r\n' +
  '      </form>\r\n' +
  '    </template>\r\n' +
  '    <p v-else class="overview-intro">只列出需要你处理的事项。打开不代表已读、验收或归档。</p>\r\n' +
  '    <div class="overview-columns"><div class="overview-main">\r\n' +
  `    <div class="overview-list-heading"><h3>{{ messagesOnly ? '需要我处理' : archiveView ? '案卷' : selectedView === 'needsAction' ? '需要我处理' : '接着上次办' }}</h3><div><button v-if="!messagesOnly" type="button" @click="emit('open-board')">悬赏榜</button><button type="button" :disabled="!enabled || model.state.value === 'loading'" @click="refresh">刷新</button></div></div>\r\n` +
  '    <nav v-if="!messagesOnly" class="overview-tabs" aria-label="事项范围">\r\n' +
  `      <button type="button" :aria-pressed="!archiveView && selectedView === 'recent'" @click="openView('recent')">最近事项</button>\r\n` +
  `      <button type="button" :aria-pressed="!archiveView && selectedView === 'needsAction'" @click="openView('needsAction')">需要我处理</button>\r\n` +
  '      <button type="button" :aria-pressed="archiveView" @click="showArchive">案卷</button>\r\n' +
  '    </nav>\r\n' +
  '    <p v-if="!enabled" role="status">身份确认后读取你的事项。</p><p v-if="model.openError.value" role="alert">{{ model.openError.value }}</p>\r\n' +
  '    <section v-for="view in views" :key="view" class="overview-section" :aria-label="viewLabels[view]">\r\n' +
  `      <p v-if="model.state.value === 'loading'" role="status">正在读取事项…</p>\r\n` +
  '      <div v-for="source in issuesFor(view)" :key="source" class="overview-source-error" role="alert"><span>{{ sourceLabels[source] }}：{{ model.sections.value[view].partitions[source].readError || sourceError(model.sections.value[view].partitions[source].errorCode) }}</span><button type="button" :disabled="model.sections.value[view].partitions[source].loading" @click="model.loadPartition(view, source)">重试此来源</button></div>\r\n' +
  '      <article v-for="item in rowsFor(view)" :key="`${item.ref.sourceType}:${item.ref.sourceId}`" class="overview-item">\r\n' +
  `        <div class="overview-item-copy"><div class="overview-item-title"><strong>{{ item.title || '未命名事项' }}</strong><span class="overview-status">{{ item.review ? '交付待验收' : statusText(item.status.code) }}</span></div>\r\n` +
  '          <p>{{ typeLabels[item.ref.sourceType] }} · {{ agentLabel(item) }}<span v-if="item.personalMark?.archived"> · 已收入案卷</span></p>\r\n' +
  '          <details class="overview-technical"><summary>事项信息</summary><small>状态核对于 {{ formatTime(item.status.observedAt) }}</small><small v-if="item.targetAgent">好汉标识：{{ item.targetAgent.agentId }}</small></details>\r\n' +
  '        </div>\r\n' +
  '        <button v-if="canOpenHallItem(item)" type="button" :disabled="Boolean(model.openingRef.value)" @click="openItem(item)">{{ nextLabel(item) }}</button><span v-else>当前无可用办理入口</span>\r\n' +
  '      </article>\r\n' +
  `      <p v-if="enabled && isComplete(view) && !rowsFor(view).length" class="overview-empty">{{ hasMore(view) ? '这一页没有事项，可继续读取。' : view === 'archive' ? '暂时没有收入案卷的事项。' : view === 'needsAction' ? '暂时没有需要你处理的事项。' : '还没有开始的事项，先提出一个需求吧。' }}</p>\r\n` +
  '      <button v-if="hasMore(view)" type="button" @click="loadMore(view)">读取更多事项</button>\r\n' +
  '    </section>\r\n' +
  `    <section v-if="!messagesOnly" class="overview-resource" aria-label="资料入口"><var-icon class="overview-resource-icon" name="file-document-outline" aria-hidden="true" /><div><strong>资料留在这里，下次不用重找</strong><p>引用已有资料，查看固定版本的成果。</p></div><button type="button" @click="emit('open-workspace')">打开百宝箱 →</button></section>\r\n` +
  '    </div><aside v-if="!messagesOnly" class="overview-aside" aria-label="快捷入口">\r\n' +
  `      <button class="overview-map-link" type="button" @click="emit('set-home-mode', 'map')"><span aria-hidden="true">聚义厅</span>厅中实景 · 去梁山走一走 →</button>\r\n` +
  `      <section class="overview-aside-card"><h3>需要你看一眼</h3><p v-if="model.state.value === 'loading'">正在核对待处理事项…</p><p v-else-if="model.sections.value.needsAction.status !== 'complete'">待处理列表可能不完整，请在事项页核对。</p>\r\n` +
  `        <p v-if="!attentionItems.length">{{ model.sections.value.needsAction.status === 'complete' ? '当前没有需要处理的事项。' : '当前没有已确认的待处理项。' }}</p>\r\n` +
  '        <button v-for="item in attentionItems" :key="`${item.ref.sourceType}:${item.ref.sourceId}`" type="button" :disabled="!canOpenHallItem(item) || Boolean(model.openingRef.value)" @click="openItem(item)"><span>{{ item.title || \'未命名事项\' }}<small>{{ item.review ? \'交付待验收\' : statusText(item.status.code) }}</small></span>→</button>\r\n' +
  `        <button class="overview-aside-link" type="button" @click="openView('needsAction')">查看待处理列表 →</button>\r\n` +
  '      </section>\r\n' +
  `      <section class="overview-aside-card"><h3>找位好汉</h3><p>通过点将册核对实际本领和可用状态。</p><button type="button" @click="emit('open-agents')">打开点将册 →</button></section>\r\n` +
  '    </aside></div>\r\n' +
  '  </section>\r\n' +
  '</template>\r\n' +
  '\r\n' +
  '<script setup>\r\n' +
  "import { computed, ref, watch } from 'vue'\r\n" +
  "import { canOpenHallItem, HALL_SOURCES, useHallOverview } from '@/composables/juyiting/useHallOverview'\r\n" +
  "import HallMaterialPicker from './HallMaterialPicker.vue'\r\n" +
  '\r\n' +
  'const props = defineProps({\r\n' +
  "  identityScope: { type: String, default: '' },\r\n" +
  '  identityEpoch: { type: [Number, String], default: 0 },\r\n' +
  '  enabled: { type: Boolean, default: false },\r\n' +
  '  messagesOnly: { type: Boolean, default: false },\r\n' +
  '  refreshKey: { type: Number, default: 0 },\r\n' +
  '  agents: { type: Array, default: () => [] },\r\n' +
  '  quickPending: { type: Boolean, default: false },\r\n' +
  "  quickMessage: { type: String, default: '' }\r\n" +
  '})\r\n' +
  "const emit = defineEmits(['open-item', 'open-task', 'quick-request', 'start-draft', 'start-chat', 'open-board', 'open-workspace', 'open-agents', 'set-home-mode'])\r\n" +
  'const model = useHallOverview({ identityScope: () => props.identityScope, identityEpoch: () => props.identityEpoch })\r\n' +
  "const quickRequest = ref('')\r\n" +
  'const selectedMaterials = ref([])\r\n' +
  'const submitQuickRequest = () => {\r\n' +
  '  const value = quickRequest.value\r\n' +
  "  if (value.trim() && !props.quickPending) emit('quick-request', { request: value, materials: selectedMaterials.value.map(({ fileId, version }) => ({ fileId, version })) })\r\n" +
  '}\r\n' +
  'const archiveView = ref(false)\r\n' +
  "const selectedView = ref('recent')\r\n" +
  "const views = computed(() => props.messagesOnly ? ['needsAction'] : archiveView.value ? ['archive'] : [selectedView.value])\r\n" +
  "const sourcesFor = view => view === 'archive' ? ['private', 'task'] : HALL_SOURCES\r\n" +
  "const viewLabels = { recent: '最近事项', needsAction: '需要处理', archive: '案卷' }\r\n" +
  "const sourceLabels = { private: '私人交办', task: '正式悬赏', draft: '未交办草稿' }\r\n" +
  "const typeLabels = { PRIVATE_CASE: '私人事项', LEGACY_EXECUTION: '原私人交办', TASK: '正式事项', DRAFT: '草稿' }\r\n" +
  "const actionLabels = { OPEN_CASE: '查看事项', OPEN_EXECUTION: '查看原交办', OPEN_TASK: '打开原悬赏', EDIT_DRAFT: '继续草稿' }\r\n" +
  'const statusText = code => ({\r\n' +
  "  EDITING: '尚未交办', SUBMITTED: '已交办', QUEUED: '等待执行', OUTPUT_COMMITTED: '成果可查看',\r\n" +
  "  FAILED: '执行未完成', INPUTS_REVOKED: '资料授权已撤销', open: '待领令', assigned: '已领令',\r\n" +
  "  running: '办理中', completed: '已完成', failed: '未完成', archived: '已归档'\r\n" +
  "})[code] || '状态待核对'\r\n" +
  'const rowsFor = view => sourcesFor(view).flatMap(source => model.sections.value[view].partitions[source].items).sort((a, b) => b.updatedAt - a.updatedAt)\r\n' +
  "const attentionItems = computed(() => rowsFor('needsAction').slice(0, 2))\r\n" +
  'const hasMore = view => sourcesFor(view).some(source => model.sections.value[view].partitions[source].nextCursor)\r\n' +
  "const isComplete = view => sourcesFor(view).every(source => model.sections.value[view].partitions[source].status === 'complete')\r\n" +
  'const issuesFor = view => sourcesFor(view).filter(source => {\r\n' +
  '  const part = model.sections.value[view].partitions[source]\r\n' +
  "  return part.readError || part.errorCode || part.status === 'error' || part.status === 'partial'\r\n" +
  '})\r\n' +
  'const openView = view => { archiveView.value = false; selectedView.value = view }\r\n' +
  'const loadMore = view => Promise.all(sourcesFor(view).filter(source => model.sections.value[view].partitions[source].nextCursor).map(source => model.loadPartition(view, source, { append: true })))\r\n' +
  'const agentLabel = item => {\r\n' +
  '  const agent = props.agents.find(agent => agent.agentId === item.targetAgent?.agentId)\r\n' +
  "  return agent?.name || agent?.displayName || agent?.personaName || (item.targetAgent ? '已指定好汉' : '待安排')\r\n" +
  '}\r\n' +
  "const nextLabel = item => item.review ? '查看待验收交付' : item.ref.sourceType === 'DRAFT' ? '继续填写' : item.status.code === 'OUTPUT_COMMITTED' ? '查看成果' : ['FAILED','UNKNOWN','failed'].includes(item.status.code) ? '处理异常' : '查看进展'\r\n" +
  "const formatTime = value => new Date(value).toLocaleString('zh-CN')\r\n" +
  'const sourceError = code => ({\r\n' +
  "  VIEWED_RESULT_NOT_TRACKED: '成果查看记录尚未纳入，已查看的成果仍可能列在这里。',\r\n" +
  "  TASK_REVIEW_NOT_PROJECTED: '正式成果的待验收情况尚未完整纳入，请到原"... 15489 more characters

      at Context.<anonymous> (tests\juyiting-babao-hall-style.test.js:44:14)
      at process.processImmediate (node:internal/timers:504:21)

  2) live map preview Hall page bridge
       waits for document and observed portrait visibility, then keeps one teleported Stage across landscape and retry:
     TypeError: useHallDrafts is not a function
      at setup (eval at loadHallPage (file:///D:/workspace/chaoyoufan/project/mmd-ui-input-20261004/tests/juyiting-live-map-preview-integration.test.js:120:10), <anonymous>:171:27)
      at callWithErrorHandling (D:\workspace\chaoyoufan\project\cyf-web-kit\web\node_modules\@vue\runtime-core\dist\runtime-core.cjs.js:200:19)
      at setupStatefulComponent (D:\workspace\chaoyoufan\project\cyf-web-kit\web\node_modules\@vue\runtime-core\dist\runtime-core.cjs.js:7898:25)
      at setupComponent (D:\workspace\chaoyoufan\project\cyf-web-kit\web\node_modules\@vue\runtime-core\dist\runtime-core.cjs.js:7859:36)
      at mountComponent (D:\workspace\chaoyoufan\project\cyf-web-kit\web\node_modules\@vue\runtime-core\dist\runtime-core.cjs.js:5183:7)
      at processComponent (D:\workspace\chaoyoufan\project\cyf-web-kit\web\node_modules\@vue\runtime-core\dist\runtime-core.cjs.js:5149:9)
      at patch (D:\workspace\chaoyoufan\project\cyf-web-kit\web\node_modules\@vue\runtime-core\dist\runtime-core.cjs.js:4678:11)
      at ReactiveEffect.componentUpdateFn [as fn] (D:\workspace\chaoyoufan\project\cyf-web-kit\web\node_modules\@vue\runtime-core\dist\runtime-core.cjs.js:5293:11)
      at ReactiveEffect.run (D:\workspace\chaoyoufan\project\cyf-web-kit\web\node_modules\@vue\reactivity\dist\reactivity.cjs.js:241:19)
      at setupRenderEffect (D:\workspace\chaoyoufan\project\cyf-web-kit\web\node_modules\@vue\runtime-core\dist\runtime-core.cjs.js:5421:5)
      at mountComponent (D:\workspace\chaoyoufan\project\cyf-web-kit\web\node_modules\@vue\runtime-core\dist\runtime-core.cjs.js:5196:7)
      at processComponent (D:\workspace\chaoyoufan\project\cyf-web-kit\web\node_modules\@vue\runtime-core\dist\runtime-core.cjs.js:5149:9)
      at patch (D:\workspace\chaoyoufan\project\cyf-web-kit\web\node_modules\@vue\runtime-core\dist\runtime-core.cjs.js:4678:11)
      at render (D:\workspace\chaoyoufan\project\cyf-web-kit\web\node_modules\@vue\runtime-core\dist\runtime-core.cjs.js:5969:7)
      at mount (D:\workspace\chaoyoufan\project\cyf-web-kit\web\node_modules\@vue\runtime-core\dist\runtime-core.cjs.js:3940:13)
      at app.mount (D:\workspace\chaoyoufan\project\cyf-web-kit\web\node_modules\@vue\runtime-dom\dist\runtime-dom.cjs.js:1710:19)
      at mount (D:\workspace\chaoyoufan\project\cyf-web-kit\web\node_modules\@vue\test-utils\dist\vue-test-utils.cjs.js:8415:18)
      at Context.props (tests\juyiting-live-map-preview-integration.test.js:525:2)
      at process.processImmediate (node:internal/timers:504:21)

  3) real Bounty + shared neutral picker + v2 atomic creation integration
       mixes four media types at old fixed versions then atomically creates from the real form:
     Error: ENOENT: no such file or directory, open 'D:\D:\workspace\chaoyoufan\project\mmd-ui-input-20261004\src\components\juyiting\HallMaterialPicker.vue'
      at readFileSync (node:fs:441:20)
      at compileComponent (tests\juyiting-requirement-reference-integration.test.js:29:40)
      at fixture (tests\juyiting-requirement-reference-integration.test.js:69:18)
      at Context.<anonymous> (tests\juyiting-requirement-reference-integration.test.js:101:15)
      at process.processImmediate (node:internal/timers:504:21)

  4) real Bounty + shared neutral picker + v2 atomic creation integration
       submits no-material requirement without reading workspace or creating grants/executions:
     Error: ENOENT: no such file or directory, open 'D:\D:\workspace\chaoyoufan\project\mmd-ui-input-20261004\src\components\juyiting\HallMaterialPicker.vue'
      at readFileSync (node:fs:441:20)
      at compileComponent (tests\juyiting-requirement-reference-integration.test.js:29:40)
      at fixture (tests\juyiting-requirement-reference-integration.test.js:69:18)
      at Context.<anonymous> (tests\juyiting-requirement-reference-integration.test.js:126:15)
      at process.processImmediate (node:internal/timers:504:21)

  5) SelectedAgentCard interaction contract
       routes a selected Hall context through private conversation, setDraft, and mention insertion:
     TypeError: useHallDrafts is not a function
      at setup (eval at <anonymous> (tests\juyiting-selected-agent-card.test.js:2:4216), <anonymous>:171:27)
      at callWithErrorHandling (D:\workspace\chaoyoufan\project\cyf-web-kit\web\node_modules\@vue\runtime-core\dist\runtime-core.cjs.js:200:19)
      at setupStatefulComponent (D:\workspace\chaoyoufan\project\cyf-web-kit\web\node_modules\@vue\runtime-core\dist\runtime-core.cjs.js:7898:25)
      at setupComponent (D:\workspace\chaoyoufan\project\cyf-web-kit\web\node_modules\@vue\runtime-core\dist\runtime-core.cjs.js:7859:36)
      at mountComponent (D:\workspace\chaoyoufan\project\cyf-web-kit\web\node_modules\@vue\runtime-core\dist\runtime-core.cjs.js:5183:7)
      at processComponent (D:\workspace\chaoyoufan\project\cyf-web-kit\web\node_modules\@vue\runtime-core\dist\runtime-core.cjs.js:5149:9)
      at patch (D:\workspace\chaoyoufan\project\cyf-web-kit\web\node_modules\@vue\runtime-core\dist\runtime-core.cjs.js:4678:11)
      at ReactiveEffect.componentUpdateFn [as fn] (D:\workspace\chaoyoufan\project\cyf-web-kit\web\node_modules\@vue\runtime-core\dist\runtime-core.cjs.js:5293:11)
      at ReactiveEffect.run (D:\workspace\chaoyoufan\project\cyf-web-kit\web\node_modules\@vue\reactivity\dist\reactivity.cjs.js:241:19)
      at setupRenderEffect (D:\workspace\chaoyoufan\project\cyf-web-kit\web\node_modules\@vue\runtime-core\dist\runtime-core.cjs.js:5421:5)
      at mountComponent (D:\workspace\chaoyoufan\project\cyf-web-kit\web\node_modules\@vue\runtime-core\dist\runtime-core.cjs.js:5196:7)
      at processComponent (D:\workspace\chaoyoufan\project\cyf-web-kit\web\node_modules\@vue\runtime-core\dist\runtime-core.cjs.js:5149:9)
      at patch (D:\workspace\chaoyoufan\project\cyf-web-kit\web\node_modules\@vue\runtime-core\dist\runtime-core.cjs.js:4678:11)
      at render (D:\workspace\chaoyoufan\project\cyf-web-kit\web\node_modules\@vue\runtime-core\dist\runtime-core.cjs.js:5969:7)
      at mount (D:\workspace\chaoyoufan\project\cyf-web-kit\web\node_modules\@vue\runtime-core\dist\runtime-core.cjs.js:3940:13)
      at app.mount (D:\workspace\chaoyoufan\project\cyf-web-kit\web\node_modules\@vue\runtime-dom\dist\runtime-dom.cjs.js:1710:19)
      at mount (D:\workspace\chaoyoufan\project\cyf-web-kit\web\node_modules\@vue\test-utils\dist\vue-test-utils.cjs.js:8415:18)
      at Context.<anonymous> (tests\juyiting-selected-agent-card.test.js:305:21)
      at process.processImmediate (node:internal/timers:504:21)

  6) C07 JuyiHall task workspace integration
       retains actual-JuyiHall TaskWorkspacePanel identity and byte-exact state for five cycles:
     TypeError: useHallDrafts is not a function
      at setup (eval at <anonymous> (tests\juyiting-selected-agent-card.test.js:2:4216), <anonymous>:171:27)
      at callWithErrorHandling (D:\workspace\chaoyoufan\project\cyf-web-kit\web\node_modules\@vue\runtime-core\dist\runtime-core.cjs.js:200:19)
      at setupStatefulComponent (D:\workspace\chaoyoufan\project\cyf-web-kit\web\node_modules\@vue\runtime-core\dist\runtime-core.cjs.js:7898:25)
      at setupComponent (D:\workspace\chaoyoufan\project\cyf-web-kit\web\node_modules\@vue\runtime-core\dist\runtime-core.cjs.js:7859:36)
      at mountComponent (D:\workspace\chaoyoufan\project\cyf-web-kit\web\node_modules\@vue\runtime-core\dist\runtime-core.cjs.js:5183:7)
      at processComponent (D:\workspace\chaoyoufan\project\cyf-web-kit\web\node_modules\@vue\runtime-core\dist\runtime-core.cjs.js:5149:9)
      at patch (D:\workspace\chaoyoufan\project\cyf-web-kit\web\node_modules\@vue\runtime-core\dist\runtime-core.cjs.js:4678:11)
      at ReactiveEffect.componentUpdateFn [as fn] (D:\workspace\chaoyoufan\project\cyf-web-kit\web\node_modules\@vue\runtime-core\dist\runtime-core.cjs.js:5293:11)
      at ReactiveEffect.run (D:\workspace\chaoyoufan\project\cyf-web-kit\web\node_modules\@vue\reactivity\dist\reactivity.cjs.js:241:19)
      at setupRenderEffect (D:\workspace\chaoyoufan\project\cyf-web-kit\web\node_modules\@vue\runtime-core\dist\runtime-core.cjs.js:5421:5)
      at mountComponent (D:\workspace\chaoyoufan\project\cyf-web-kit\web\node_modules\@vue\runtime-core\dist\runtime-core.cjs.js:5196:7)
      at processComponent (D:\workspace\chaoyoufan\project\cyf-web-kit\web\node_modules\@vue\runtime-core\dist\runtime-core.cjs.js:5149:9)
      at patch (D:\workspace\chaoyoufan\project\cyf-web-kit\web\node_modules\@vue\runtime-core\dist\runtime-core.cjs.js:4678:11)
      at render (D:\workspace\chaoyoufan\project\cyf-web-kit\web\node_modules\@vue\runtime-core\dist\runtime-core.cjs.js:5969:7)
      at mount (D:\workspace\chaoyoufan\project\cyf-web-kit\web\node_modules\@vue\runtime-core\dist\runtime-core.cjs.js:3940:13)
      at app.mount (D:\workspace\chaoyoufan\project\cyf-web-kit\web\node_modules\@vue\runtime-dom\dist\runtime-dom.cjs.js:1710:19)
      at mount (D:\workspace\chaoyoufan\project\cyf-web-kit\web\node_modules\@vue\test-utils\dist\vue-test-utils.cjs.js:8415:18)
      at Context.<anonymous> (tests\juyiting-task-workspace-integration.test.js:306:21)
      at process.processImmediate (node:internal/timers:504:21)

  7) W06 workspace bounty material links
       mounts task material controls in the formal bounty detail while preserving the existing discussion event:
     AssertionError [ERR_ASSERTION]: The input did not match the regular expression /v-if="formalTaskExecutionScope && \(!embeddedHall \|\| detailTask\.status !== 'open'\) && !controlledImageRouteForDetail"/. Input:

'<template>\r\n' +
  `  <div class="bounty-panel" :class="{ 'is-hall-embedded': embeddedHall }">\r\n` +
  '    <div\r\n' +
  '      v-show="!embeddedHall || !detailTask"\r\n' +
  `      :inert="embeddedHall && detailTask ? '' : null"\r\n` +
  `      :aria-hidden="embeddedHall && detailTask ? 'true' : null"\r\n` +
  '      class="bounty-source"\r\n' +
  '    >\r\n' +
  '      <div class="panel-toolbar">\r\n' +
  '        <div class="task-search">\r\n' +
  '          <input\r\n' +
  '            :value="taskKeyword"\r\n' +
  '            placeholder="查榜号"\r\n' +
  `            @input="$emit('update:taskKeyword', $event.target.value.trim())"\r\n` +
  `            @keyup.enter="$emit('load-tasks')"\r\n` +
  '          />\r\n' +
  '          <select\r\n' +
  '            :value="taskAbilityFilter"\r\n' +
  `            @change="$emit('update:taskAbilityFilter', $event.target.value); $emit('load-tasks')"\r\n` +
  '          >\r\n' +
  '            <option value="">不拘本领</option>\r\n' +
  '            <option v-for="ability in taskAbilityOptions" :key="ability" :value="ability">{{ ability }}</option>\r\n' +
  '          </select>\r\n' +
  '        </div>\r\n' +
  `        <button @click="$emit('load-tasks')">\r\n` +
  '          <BountyActionIcon name="refresh" />\r\n' +
  '          <span class="toolbar-label">重查</span>\r\n' +
  '        </button>\r\n' +
  '        <div class="task-create-actions">\r\n' +
  '          <button class="new-task-button" type="button" @click="showCreateForm = !showCreateForm">\r\n' +
  '            <BountyActionIcon name="plus" />\r\n' +
  '            <span>提出需求</span>\r\n' +
  '          </button>\r\n' +
  '          <button\r\n' +
  '            v-if="!embeddedHall"\r\n' +
  '            class="new-task-button"\r\n' +
  '            type="button"\r\n' +
  `            @click="$emit('start-formal-draft')"\r\n` +
  '          >\r\n' +
  '            <span>起草正式任务</span>\r\n' +
  '          </button>\r\n' +
  '          <button\r\n' +
  '            v-if="!embeddedHall"\r\n' +
  '            class="new-task-button"\r\n' +
  '            type="button"\r\n' +
  `            @click="embeddedHall ? $emit('start-private-draft') : showDraftEditor = !showDraftEditor"\r\n` +
  '          >\r\n' +
  "            <span>{{ showDraftEditor ? '收起草稿' : '起草交办' }}</span>\r\n" +
  '          </button>\r\n' +
  '        </div>\r\n' +
  '      </div>\r\n' +
  '\r\n' +
  `      <section v-if="requirementCreateState && requirementCreateState.status !== 'IDLE'" class="requirement-create-recovery" role="status">\r\n` +
  '        <strong>原张榜操作待核对</strong>\r\n' +
  '        <template v-if="requirementCreateState.intent">\r\n' +
  '          <p>原榜文：{{ requirementCreateState.intent.body.title }}</p>\r\n' +
  "          <p>原需求：{{ requirementCreateState.intent.body.description || '未填写' }}</p>\r\n" +
  '          <p>精确资料：{{ requirementCreateInputSummary }}</p>\r\n' +
  '          <p>当前编辑稿不会替换原需求；核对不会再次创建或启动 Agent。</p>\r\n' +
  `          <button type="button" :disabled="requirementCreateBusy" @click="$emit('check-requirement-create')">核对原张榜</button>\r\n` +
  `          <button v-if="!requirementCreateState.intent.receipt" type="button" :disabled="requirementCreateBusy" @click="$emit('resume-requirement-create')">确认继续原张榜</button>\r\n` +
  '        </template>\r\n' +
  '        <p v-if="requirementCreateState.error">{{ requirementCreateState.error }}</p>\r\n' +
  '      </section>\r\n' +
  '\r\n' +
  '      <form v-if="showCreateForm" class="task-create-form" @submit.prevent="submitCreateTask">\r\n' +
  '        <input v-model="taskForm.title" name="taskTitle" placeholder="需求标题" />\r\n' +
  '        <textarea\r\n' +
  '          v-model="taskForm.description"\r\n' +
  '          name="taskDescription"\r\n' +
  '          placeholder="说明你希望得到什么结果（必填）"\r\n' +
  '          required\r\n' +
  '        ></textarea>\r\n' +
  '        <input\r\n' +
  '          v-if="!embeddedHall || taskForm.funded"\r\n' +
  '          v-model.trim="taskForm.requiredAbilities"\r\n' +
  '          name="requiredAbilities"\r\n' +
  '          placeholder="所需本领，逗号分隔"\r\n' +
  '        />\r\n' +
  '        <HallMaterialPicker\r\n' +
  '          class="task-material-picker"\r\n' +
  '          v-if="!taskForm.funded && identityScope"\r\n' +
  '          v-model="taskMaterials"\r\n' +
  '          :identity-scope="identityScope"\r\n' +
  '          :identity-epoch="authorizationGeneration"\r\n' +
  '          :disabled="createPending || requirementCreateBusy"\r\n' +
  '        />\r\n' +
  '        <small v-else-if="taskMaterials.length" role="status">资金榜暂不支持普通榜资料；请切回普通榜移除资料，再选择资金悬赏。</small>\r\n' +
  '        <label v-if="fundedPreviewEnabled" class="funded-create-toggle">\r\n' +
  '          <input v-model="taskForm.funded" type="checkbox" /> 资金悬赏（开发预览）\r\n' +
  '        </label>\r\n' +
  '        <input\r\n' +
  '          v-if="fundedPreviewEnabled && taskForm.funded"\r\n' +
  '          v-model.trim="taskForm.grossBountyAmountMicro"\r\n' +
  '          class="gross-bounty-input"\r\n' +
  '          name="grossBountyAmountMicro"\r\n' +
  '          inputmode="numeric"\r\n' +
  '          placeholder="总额（micro-SILVER）"\r\n' +
  '        />\r\n' +
  '        <small v-if="fundedPreviewEnabled && taskForm.funded && !validGrossAmount" class="funded-input-error">请输入规范的非负整数字符串。</small>\r\n' +
  '        <section v-if="fundedCreateRecovery" class="funded-create-recovery" role="status">\r\n' +
  '          <strong>发现原资金榜请求，结果未知</strong>\r\n' +
  '          <p>原榜文名目：{{ fundedCreateRecovery.body.title }}</p>\r\n' +
  "          <p>原榜文缘由：{{ fundedCreateRecovery.body.description || '未填写' }}</p>\r\n" +
  '          <p>原所需本领：{{ fundedRecoveryAbilities }}</p>\r\n' +
  "          <p>原结算规则：{{ fundedCreateRecovery.body.settlementPolicy || '未填写' }}</p>\r\n" +
  '          <p>原总额：{{ fundedCreateRecovery.body.grossBountyAmountMicro }} micro-SILVER。</p>\r\n' +
  '          <p>当前编辑稿不会提交或替换原请求。</p>\r\n' +
  `          <button type="button" @click="$emit('resume-funded-create')">确认按原请求恢复</button>\r\n` +
  `          <button type="button" @click="$emit('cancel-funded-create-recovery')">暂不恢复</button>\r\n` +
  '        </section>\r\n' +
  `        <button type="submit" :disabled="createPending || requirementCreateBusy || !taskForm.title.trim() || !taskForm.description.trim() || (taskForm.funded && (!validGrossAmount || taskMaterials.length))">{{ createPending ? '正在提交…' : taskForm.funded ? '张榜悬赏' : '提出需求' }}</button>\r\n` +
  '      </form>\r\n' +
  '\r\n' +
  '      <HallDraftEditor\r\n' +
  '        v-if="showDraftEditor"\r\n' +
  '        :agents="operableAgents"\r\n' +
  '        :selected-agent="selectedAgent"\r\n' +
  '        :identity-epoch="authorizationGeneration"\r\n' +
  '        :identity-scope="identityScope"\r\n' +
  '        @close="showDraftEditor = false"\r\n' +
  '        @open-task="openTask"\r\n' +
  `        @changed="$emit('mark-changed')"\r\n` +
  '      />\r\n' +
  '\r\n' +
  '      <p v-if="loading" class="task-data-state" role="status">悬赏榜读取中…</p>\r\n' +
  '      <p v-else-if="errorMessage" class="task-data-state is-error" role="alert">{{ errorMessage }}</p>\r\n' +
  '      <p v-if="countsLoading" class="task-data-state" role="status">榜文数目统计中…</p>\r\n' +
  '      <p v-else-if="countsErrorMessage" class="task-data-state is-error" role="alert">{{ countsErrorMessage }}</p>\r\n' +
  '\r\n' +
  '      <div class="task-status-tabs">\r\n' +
  '        <button\r\n' +
  '          v-for="item in taskStatusFilters"\r\n' +
  '          :key="item.value"\r\n' +
  '          :class="{ active: taskStatusFilter === item.value }"\r\n' +
  `          @click="$emit('set-status-filter', item.value)"\r\n` +
  '        >\r\n' +
  '          {{ item.label }}\r\n' +
  '          <small>{{ taskStatusCount(item.value) }}</small>\r\n' +
  '        </button>\r\n' +
  '      </div>\r\n' +
  '\r\n' +
  '      <div class="task-panel-body">\r\n' +
  '        <div class="task-list">\r\n' +
  '          <article\r\n' +
  '            v-for="task in tasks"\r\n' +
  '            :key="task.id"\r\n' +
  '            class="task-card"\r\n' +
  '            :class="{ selected: selectedTask?.id === task.id }"\r\n' +
  '            @click="openTask(task)"\r\n' +
  '          >\r\n' +
  '            <div class="task-head">\r\n' +
  '              <strong>{{ task.title }}</strong>\r\n' +
  '              <span :class="taskStateClass(task.status)">{{ taskStatusText(task.status) }}</span>\r\n' +
  '            </div>\r\n' +
  "            <p>{{ task.description || '榜文尚未写明缘由' }}</p>\r\n" +
  '            <div class="task-meta">\r\n' +
  '              <span>{{ task.id }}</span>\r\n' +
  '              <span v-if="task.assignedAgentName">领令：{{ task.assignedAgentName }}</span>\r\n' +
  '              <span v-if="task.updatedAt">{{ formatTime(task.updatedAt) }}</span>\r\n' +
  '            </div>\r\n' +
  '            <p v-if="isFundedTask(task)" class="funding-summary">已托管：{{ formatMoney(task.funding.remainingMicro || task.funding.grossBountyAmountMicro) }}</p>\r\n' +
  '            <div class="ability-tags">\r\n' +
  '              <span v-for="ability in task.requiredAbilities || []" :key="ability">{{ ability }}</span>\r\n' +
  '              <span v-if="!(task.requiredAbilities || []).length">不拘本领</span>\r\n' +
  '            </div>\r\n' +
  '          </article>\r\n' +
  '          <div v-if="!tasks.length" class="empty-list">榜上暂无悬赏，可换个筛法或重查一遍。</div>\r\n' +
  '        </div>\r\n' +
  '      </div>\r\n' +
  '\r\n' +
  '    </div>\r\n' +
  '    <transition name="modal">\r\n' +
  `      <div v-if="detailTask" class="bounty-modal-overlay" :class="{ 'is-embedded-page': embeddedHall }" @click.self="embeddedHall ? null : closeTask()">\r\n` +
  `        <section class="bounty-modal" :role="embeddedHall ? 'region' : 'dialog'" :aria-label="embeddedHall ? '事项详情' : null" :aria-modal="embeddedHall ? null : 'true'">\r\n` +
  '          <div class="bounty-modal-header">\r\n' +
  '            <button v-if="embeddedHall" type="button" class="bounty-back-button" @click="closeTask">← 返回</button>\r\n' +
  "            <h3>{{ embeddedHall ? '事项详情' : '榜文点将' }}</h3>\r\n" +
  '            <button v-if="!embeddedHall" class="modal-close" @click="closeTask">\r\n' +
  '              <BountyActionIcon name="close" />\r\n' +
  '            </button>\r\n' +
  '          </div>\r\n' +
  '\r\n' +
  '          <div class="bounty-modal-body">\r\n' +
  '            <section\r\n' +
  '              v-if="fundedQuotePreview"\r\n' +
  '              class="funded-preview-details funded-quote-confirmation"\r\n' +
  '              role="dialog"\r\n' +
  '              aria-modal="false"\r\n' +
  '              aria-label="确认资金榜报价"\r\n' +
  '            >\r\n' +
  '              <h3>先看报价，再决定领令</h3>\r\n' +
  '              <p>{{ fundedQuotePreview.taskTitle }} / {{ fundedQuotePreview.agentName }}</p>\r\n' +
  '              <p>榜号 {{ fundedQuotePreview.quote.taskId }} / 好汉 {{ fundedQuotePreview.quote.agentId }} / 榜文版本 {{ fundedQuotePreview.quote.taskVersion }}</p>\r\n' +
  '              <p>价簿 {{ fundedQuotePreview.quote.priceBookVersion }} / 报价 {{ fundedQuotePreview.quote.quoteId }}</p>\r\n' +
  '              <p>输入 {{ fundedQuotePreview.quote.estimatedTokens.input }} / 缓存输入 {{ fundedQuotePreview.quote.estimatedTokens.cachedInput }} / 输出 {{ fundedQuotePreview.quote.estimatedTokens.output }} / 推理 {{ fundedQuotePreview.quote.estimatedTokens.reasoning }}</p>\r\n' +
  '              <p>预估/最坏算力：{{ formatMoney(fundedQuotePreview.quote.estimatedComputeMicro) }} / {{ formatMoney(fundedQuotePreview.quote.worstComputeMicro) }}；平台费：{{ formatMoney(fundedQuotePreview.quote.platformFeeMicro) }}</p>\r\n' +
  '              <p>好汉预估/最坏所得：{{ formatMoney(fundedQuotePreview.quote.estimatedA'... 48614 more characters

      at Context.<anonymous> (tests\personal-workspace-task-material-links.test.js:215:12)
      at process.processImmediate (node:internal/timers:504:21)
