

  1.13.6 Babao-box modal-stack hall presentation
    √ uses the embedded Juyi Hall treasure style instead of the former blue-white workspace shell
    √ locks the embedded material-search input and submit button to one 44px control row
    √ uses one workbench selector language for new matters and linked material detail
    √ keeps a gutter above recruitment cards and applies the workbench archive-search shell
    √ keeps archive citation text readable and makes the nested return action match workbench navigation
    √ aligns the fixed-version selector and download action on one control row
    √ keeps the workspace reachable only through the Juyi Hall Babao entry

  live map preview Stage adapter lifecycle
    √ mounts cold preview without business admission, then admits once and keeps the instance through returns (195ms)

  live map preview Hall page bridge
    √ waits for document and observed portrait visibility, then keeps one teleported Stage across landscape and retry (348ms)

  live map preview status ownership
[HallStage] melonJS: map failed
[HallStage] melonJS: map failed
    √ keeps a failed nested Stage retry hidden in preview and delegates one outer retry (65ms)

  live map preview orientation target transaction
    √ consumes a preview-queued target only after stable viewport commit and fences a reversed transition (76ms)

  live map preview Stage viewport receipts
    √ admits a real idempotent JuyitingGame receipt without destroying Stage (44ms)

  real Bounty + shared neutral picker + v2 atomic creation integration
[Vue warn]: Failed to resolve component: var-icon
If this is a native custom element, make sure to exclude it from component resolution via compilerOptions.isCustomElement.
  at <HallMaterialPicker key=1 class="task-material-picker" modelValue= []  ... >
  at <BountyPanel identityScope="0\u0000client-a\u0000owner-a" authorizationGeneration=1 abilityText=fn<abilityText>  ... >
  at <VTUROOT>
[Vue warn]: Failed to resolve component: var-icon
If this is a native custom element, make sure to exclude it from component resolution via compilerOptions.isCustomElement.
  at <HallMaterialPicker key=1 class="task-material-picker" modelValue= []  ... >
  at <BountyPanel identityScope="0\u0000client-a\u0000owner-a" authorizationGeneration=1 abilityText=fn<abilityText>  ... >
  at <VTUROOT>
[Vue warn]: Failed to resolve component: var-icon
If this is a native custom element, make sure to exclude it from component resolution via compilerOptions.isCustomElement.
  at <HallMaterialPicker key=1 class="task-material-picker" modelValue= []  ... >
  at <BountyPanel identityScope="0\u0000client-a\u0000owner-a" authorizationGeneration=1 abilityText=fn<abilityText>  ... >
  at <VTUROOT>
[Vue warn]: Failed to resolve component: var-icon
If this is a native custom element, make sure to exclude it from component resolution via compilerOptions.isCustomElement.
  at <HallMaterialPicker key=1 class="task-material-picker" modelValue= []  ... >
  at <BountyPanel identityScope="0\u0000client-a\u0000owner-a" authorizationGeneration=1 abilityText=fn<abilityText>  ... >
  at <VTUROOT>
[Vue warn]: Failed to resolve component: var-icon
If this is a native custom element, make sure to exclude it from component resolution via compilerOptions.isCustomElement.
  at <HallMaterialPicker key=1 class="task-material-picker" modelValue= []  ... >
  at <BountyPanel identityScope="0\u0000client-a\u0000owner-a" authorizationGeneration=1 abilityText=fn<abilityText>  ... >
  at <VTUROOT>
[Vue warn]: Failed to resolve component: var-icon
If this is a native custom element, make sure to exclude it from component resolution via compilerOptions.isCustomElement.
  at <HallMaterialPicker key=1 class="task-material-picker" modelValue= []  ... >
  at <BountyPanel identityScope="0\u0000client-a\u0000owner-a" authorizationGeneration=1 abilityText=fn<abilityText>  ... >
  at <VTUROOT>
[Vue warn]: Failed to resolve component: var-icon
If this is a native custom element, make sure to exclude it from component resolution via compilerOptions.isCustomElement.
  at <HallMaterialPicker key=1 class="task-material-picker" modelValue= []  ... >
  at <BountyPanel identityScope="0\u0000client-a\u0000owner-a" authorizationGeneration=1 abilityText=fn<abilityText>  ... >
  at <VTUROOT>
[Vue warn]: Failed to resolve component: var-icon
If this is a native custom element, make sure to exclude it from component resolution via compilerOptions.isCustomElement.
  at <HallMaterialPicker key=1 class="task-material-picker" modelValue= []  ... >
  at <BountyPanel identityScope="0\u0000client-a\u0000owner-a" authorizationGeneration=1 abilityText=fn<abilityText>  ... >
  at <VTUROOT>
[Vue warn]: Failed to resolve component: var-icon
If this is a native custom element, make sure to exclude it from component resolution via compilerOptions.isCustomElement.
  at <HallMaterialPicker key=1 class="task-material-picker" modelValue= []  ... >
  at <BountyPanel identityScope="0\u0000client-a\u0000owner-a" authorizationGeneration=1 abilityText=fn<abilityText>  ... >
  at <VTUROOT>
[Vue warn]: Failed to resolve component: var-icon
If this is a native custom element, make sure to exclude it from component resolution via compilerOptions.isCustomElement.
  at <HallMaterialPicker key=1 class="task-material-picker" modelValue= []  ... >
  at <BountyPanel identityScope="0\u0000client-a\u0000owner-a" authorizationGeneration=1 abilityText=fn<abilityText>  ... >
  at <VTUROOT>
[Vue warn]: Failed to resolve component: var-icon
If this is a native custom element, make sure to exclude it from component resolution via compilerOptions.isCustomElement.
  at <HallMaterialPicker key=1 class="task-material-picker" modelValue= []  ... >
  at <BountyPanel identityScope="0\u0000client-a\u0000owner-a" authorizationGeneration=1 abilityText=fn<abilityText>  ... >
  at <VTUROOT>
[Vue warn]: Failed to resolve component: var-icon
If this is a native custom element, make sure to exclude it from component resolution via compilerOptions.isCustomElement.
  at <HallMaterialPicker key=1 class="task-material-picker" modelValue= []  ... >
  at <BountyPanel identityScope="0\u0000client-a\u0000owner-a" authorizationGeneration=1 abilityText=fn<abilityText>  ... >
  at <VTUROOT>
[Vue warn]: Failed to resolve component: var-icon
If this is a native custom element, make sure to exclude it from component resolution via compilerOptions.isCustomElement.
  at <HallMaterialPicker key=1 class="task-material-picker" modelValue= []  ... >
  at <BountyPanel identityScope="0\u0000client-a\u0000owner-a" authorizationGeneration=1 abilityText=fn<abilityText>  ... >
  at <VTUROOT>
[Vue warn]: Failed to resolve component: var-icon
If this is a native custom element, make sure to exclude it from component resolution via compilerOptions.isCustomElement.
  at <HallMaterialPicker key=1 class="task-material-picker" modelValue= []  ... >
  at <BountyPanel identityScope="0\u0000client-a\u0000owner-a" authorizationGeneration=1 abilityText=fn<abilityText>  ... >
  at <VTUROOT>
[Vue warn]: Failed to resolve component: var-icon
If this is a native custom element, make sure to exclude it from component resolution via compilerOptions.isCustomElement.
  at <HallMaterialPicker key=1 class="task-material-picker" modelValue= []  ... >
  at <BountyPanel identityScope="0\u0000client-a\u0000owner-a" authorizationGeneration=1 abilityText=fn<abilityText>  ... >
  at <VTUROOT>
[Vue warn]: Failed to resolve component: var-icon
If this is a native custom element, make sure to exclude it from component resolution via compilerOptions.isCustomElement.
  at <HallMaterialPicker key=1 class="task-material-picker" modelValue= []  ... >
  at <BountyPanel identityScope="0\u0000client-a\u0000owner-a" authorizationGeneration=1 abilityText=fn<abilityText>  ... >
  at <VTUROOT>
[Vue warn]: Failed to resolve component: var-icon
If this is a native custom element, make sure to exclude it from component resolution via compilerOptions.isCustomElement.
  at <HallMaterialPicker key=1 class="task-material-picker" modelValue= []  ... >
  at <BountyPanel identityScope="0\u0000client-a\u0000owner-a" authorizationGeneration=1 abilityText=fn<abilityText>  ... >
  at <VTUROOT>
[Vue warn]: Failed to resolve component: var-icon
If this is a native custom element, make sure to exclude it from component resolution via compilerOptions.isCustomElement.
  at <HallMaterialPicker key=1 class="task-material-picker" modelValue= []  ... >
  at <BountyPanel identityScope="0\u0000client-a\u0000owner-a" authorizationGeneration=1 abilityText=fn<abilityText>  ... >
  at <VTUROOT>
[Vue warn]: Failed to resolve component: var-icon
If this is a native custom element, make sure to exclude it from component resolution via compilerOptions.isCustomElement.
  at <HallMaterialPicker key=1 class="task-material-picker" modelValue= []  ... >
  at <BountyPanel identityScope="0\u0000client-a\u0000owner-a" authorizationGeneration=1 abilityText=fn<abilityText>  ... >
  at <VTUROOT>
[Vue warn]: Failed to resolve component: var-icon
If this is a native custom element, make sure to exclude it from component resolution via compilerOptions.isCustomElement.
  at <HallMaterialPicker key=1 class="task-material-picker" modelValue= []  ... >
  at <BountyPanel identityScope="0\u0000client-a\u0000owner-a" authorizationGeneration=1 abilityText=fn<abilityText>  ... >
  at <VTUROOT>
[Vue warn]: Failed to resolve component: var-icon
If this is a native custom element, make sure to exclude it from component resolution via compilerOptions.isCustomElement.
  at <HallMaterialPicker key=1 class="task-material-picker" modelValue= []  ... >
  at <BountyPanel identityScope="0\u0000client-a\u0000owner-a" authorizationGeneration=1 abilityText=fn<abilityText>  ... >
  at <VTUROOT>
[Vue warn]: Failed to resolve component: var-icon
If this is a native custom element, make sure to exclude it from component resolution via compilerOptions.isCustomElement.
  at <HallMaterialPicker key=1 class="task-material-picker" modelValue= []  ... >
  at <BountyPanel identityScope="0\u0000client-a\u0000owner-a" authorizationGeneration=1 abilityText=fn<abilityText>  ... >
  at <VTUROOT>
[Vue warn]: Failed to resolve component: var-icon
If this is a native custom element, make sure to exclude it from component resolution via compilerOptions.isCustomElement.
  at <HallMaterialPicker key=1 class="task-material-picker" modelValue= []  ... >
  at <BountyPanel identityScope="0\u0000client-a\u0000owner-a" authorizationGeneration=1 abilityText=fn<abilityText>  ... >
  at <VTUROOT>
[Vue warn]: Failed to resolve component: var-icon
If this is a native custom element, make sure to exclude it from component resolution via compilerOptions.isCustomElement.
  at <HallMaterialPicker key=1 class="task-material-picker" modelValue= []  ... >
  at <BountyPanel identityScope="0\u0000client-a\u0000owner-a" authorizationGeneration=1 abilityText=fn<abilityText>  ... >
  at <VTUROOT>
[Vue warn]: Failed to resolve component: var-icon
If this is a native custom element, make sure to exclude it from component resolution via compilerOptions.isCustomElement.
  at <HallMaterialPicker key=1 class="task-material-picker" modelValue= []  ... >
  at <BountyPanel identityScope="0\u0000client-a\u0000owner-a" authorizationGeneration=1 abilityText=fn<abilityText>  ... >
  at <VTUROOT>
[Vue warn]: Failed to resolve component: var-icon
If this is a native custom element, make sure to exclude it from component resolution via compilerOptions.isCustomElement.
  at <HallMaterialPicker key=1 class="task-material-picker" modelValue= []  ... >
  at <BountyPanel identityScope="0\u0000client-a\u0000owner-a" authorizationGeneration=1 abilityText=fn<abilityText>  ... >
  at <VTUROOT>
[Vue warn]: Failed to resolve component: var-icon
If this is a native custom element, make sure to exclude it from component resolution via compilerOptions.isCustomElement.
  at <HallMaterialPicker key=1 class="task-material-picker" modelValue= []  ... >
  at <BountyPanel identityScope="0\u0000client-a\u0000owner-a" authorizationGeneration=1 abilityText=fn<abilityText>  ... >
  at <VTUROOT>
[Vue warn]: Failed to resolve component: var-icon
If this is a native custom element, make sure to exclude it from component resolution via compilerOptions.isCustomElement.
  at <HallMaterialPicker key=1 class="task-material-picker" modelValue= [
  {
    fileId: 'pwf_material_0',
    version: 3,
    displayName: '资料0',
    contentMimeType: 'image/png'
  },
  {
    fileId: 'pwf_material_1',
    version: 3,
    displayName: '资料1',
    contentMimeType: 'application/pdf'
  },
  {
    fileId: 'pwf_material_2',
    version: 3,
    displayName: '资料2',
    contentMimeType: 'audio/mpeg'
  },
  {
    fileId: 'pwf_material_3',
    version: 3,
    displayName: '资料3',
    contentMimeType: 'text/plain'
  }
]  ... >
  at <BountyPanel identityScope="0\u0000client-a\u0000owner-a" authorizationGeneration=1 abilityText=fn<abilityText>  ... >
  at <VTUROOT>
[Vue warn]: Failed to resolve component: var-icon
If this is a native custom element, make sure to exclude it from component resolution via compilerOptions.isCustomElement.
  at <HallMaterialPicker key=1 class="task-material-picker" modelValue= [
  {
    fileId: 'pwf_material_0',
    version: 3,
    displayName: '资料0',
    contentMimeType: 'image/png'
  },
  {
    fileId: 'pwf_material_1',
    version: 3,
    displayName: '资料1',
    contentMimeType: 'application/pdf'
  },
  {
    fileId: 'pwf_material_2',
    version: 3,
    displayName: '资料2',
    contentMimeType: 'audio/mpeg'
  },
  {
    fileId: 'pwf_material_3',
    version: 3,
    displayName: '资料3',
    contentMimeType: 'text/plain'
  }
]  ... >
  at <BountyPanel identityScope="0\u0000client-a\u0000owner-a" authorizationGeneration=1 abilityText=fn<abilityText>  ... >
  at <VTUROOT>
    √ fixes the current versions of four media types without a version chooser, then creates atomically (189ms)
    √ keeps standalone formal controls, while embedded matters route only through discussion (67ms)
[Vue warn]: Failed to resolve component: var-icon
If this is a native custom element, make sure to exclude it from component resolution via compilerOptions.isCustomElement.
  at <HallMaterialPicker key=1 class="task-material-picker" modelValue= []  ... >
  at <BountyPanel identityScope="0\u0000client-a\u0000owner-a" authorizationGeneration=1 abilityText=fn<abilityText>  ... >
  at <VTUROOT>
[Vue warn]: Failed to resolve component: var-icon
If this is a native custom element, make sure to exclude it from component resolution via compilerOptions.isCustomElement.
  at <HallMaterialPicker key=1 class="task-material-picker" modelValue= []  ... >
  at <BountyPanel identityScope="0\u0000client-a\u0000owner-a" authorizationGeneration=1 abilityText=fn<abilityText>  ... >
  at <VTUROOT>
    √ submits no-material requirement without reading workspace or creating grants/executions (66ms)

  SelectedAgentCard interaction contract
    √ only renders after an agent is selected
    √ emits its remaining card actions only when unlocked
    √ renders inside the quick bar instead of as a map overlay
    √ keeps the selected agent card without rendering the duplicate bottom dock
    √ uses drag gestures instead of visible map direction controls
    √ does not auto-select the first loaded agent
    √ does not depend on the mobile direction controls footprint
    √ keeps cards and task panels inside the small-screen viewport
    √ keeps the BountyPanel point-general modal content scrollable as one bounded surface
    √ does not resize the map when the selected agent card appears
    √ toggles the selected agent without showing a toast
    √ routes a selected Hall context through private conversation, setDraft, and mention insertion (145ms)
    √ keeps any private request bound to an authoritative operable roster agent

  C07 JuyiHall task workspace integration
    √ uses the existing Hall dialog and concrete top-level values from the single FE1 workspace state source
    √ opens only from an existing explicit workspace subject without actor fallback
    √ mounts concrete workspace refs so subject, state, error, and retry are usable by the panel
    √ keeps the workspace read-only and conversation association-only
    √ preserves map/roster separation, no active route, and explicit assignment targets
    √ retains actual-JuyiHall TaskWorkspacePanel identity and byte-exact state for five cycles (214ms)

  W06 workspace bounty material links
    √ picks an exact active workspace version and submits only INPUT or REFERENCE through the task link adapter
    √ offers both INPUT and REFERENCE task links to the explicit formal execution input manifest
    √ renders a server-returned OUTPUT link as an execution-managed reference without inventing formal delivery
    √ clears the local exact-version draft when the authenticated identity changes
    √ requires explicit confirmation to revoke the queued execution and emits the exact receipt
    √ uses a non-modal full-page material picker whose scroll body and action footer stay separate with long lists
    √ treats the explicit start button as confirmation without an extra consent checkbox
    √ mounts task material controls in the formal bounty detail while preserving the existing discussion event


  42 passing (2s)
