TAP version 13
# Subtest: no-reference generation durably claims before one exact JSON request and accepts one canonical PNG
ok 1 - no-reference generation durably claims before one exact JSON request and accepts one canonical PNG
  ---
  duration_ms: 31.563335
  ...
# Subtest: restart, second executor, and concurrent calls never issue a second Provider request
ok 2 - restart, second executor, and concurrent calls never issue a second Provider request
  ---
  duration_ms: 26.351701
  ...
# Subtest: network unknown, redirect, 429, URL output, invalid base64, and multiple results retain claim without retry
ok 3 - network unknown, redirect, 429, URL output, invalid base64, and multiple results retain claim without retry
  ---
  duration_ms: 45.550042
  ...
# Subtest: reference edits send up to 16 verified data URLs in one JSON request without file IDs or external URLs
ok 4 - reference edits send up to 16 verified data URLs in one JSON request without file IDs or external URLs
  ---
  duration_ms: 25.849115
  ...
# Subtest: symlinked or MIME-mismatched references fail before claim and before Provider fetch
ok 5 - symlinked or MIME-mismatched references fail before claim and before Provider fetch
  ---
  duration_ms: 14.436788
  ...
# Subtest: provider generation_id metadata preserves exact output bytes and never authorizes a second call
ok 6 - provider generation_id metadata preserves exact output bytes and never authorizes a second call
  ---
  duration_ms: 15.889908
  ...
# Subtest: generation metadata cannot replace image bytes or introduce alternative output/authority fields
    # Subtest: 0
    ok 1 - 0
      ---
      duration_ms: 17.447826
      ...
    # Subtest: 1
    ok 2 - 1
      ---
      duration_ms: 17.218614
      ...
    # Subtest: 2
    ok 3 - 2
      ---
      duration_ms: 22.66125
      ...
    # Subtest: 3
    ok 4 - 3
      ---
      duration_ms: 17.836961
      ...
    # Subtest: 4
    ok 5 - 4
      ---
      duration_ms: 14.924875
      ...
    # Subtest: 5
    ok 6 - 5
      ---
      duration_ms: 15.481846
      ...
    # Subtest: 6
    ok 7 - 6
      ---
      duration_ms: 15.385797
      ...
    # Subtest: 7
    ok 8 - 7
      ---
      duration_ms: 15.497631
      ...
    # Subtest: 8
    ok 9 - 8
      ---
      duration_ms: 15.165853
      ...
    1..9
ok 7 - generation metadata cannot replace image bytes or introduce alternative output/authority fields
  ---
  duration_ms: 154.904865
  ...
# Subtest: v3 empty generation durably claims before one exact generations request
ok 8 - v3 empty generation durably claims before one exact generations request
  ---
  duration_ms: 33.953474
  ...
# Subtest: workspace GENERATE and exact current-conversation EDIT route to JSON edits with source-aware claims
    # Subtest: workspace
    ok 1 - workspace
      ---
      duration_ms: 23.113354
      ...
    # Subtest: asset
    ok 2 - asset
      ---
      duration_ms: 19.783563
      ...
    1..2
ok 9 - workspace GENERATE and exact current-conversation EDIT route to JSON edits with source-aware claims
  ---
  duration_ms: 44.022874
  ...
# Subtest: same command with changed operation or source revision is blocked by the original durable claim
ok 10 - same command with changed operation or source revision is blocked by the original durable claim
  ---
  duration_ms: 22.083344
  ...
# Subtest: malformed source, wrong cardinality, and symlink fail before claim and Provider fetch
ok 11 - malformed source, wrong cardinality, and symlink fail before claim and Provider fetch
  ---
  duration_ms: 13.660388
  ...
# Subtest: unknown network outcome retains the v3 claim and restart attempt never fetches twice
ok 12 - unknown network outcome retains the v3 claim and restart attempt never fetches twice
  ---
  duration_ms: 18.978773
  ...
# Subtest: provider generation_id metadata preserves exact output bytes and never authorizes a second call
ok 13 - provider generation_id metadata preserves exact output bytes and never authorizes a second call
  ---
  duration_ms: 21.164068
  ...
# Subtest: generation metadata cannot replace image bytes or introduce alternative output/authority fields
    # Subtest: 0
    ok 1 - 0
      ---
      duration_ms: 17.152099
      ...
    # Subtest: 1
    ok 2 - 1
      ---
      duration_ms: 15.790086
      ...
    # Subtest: 2
    ok 3 - 2
      ---
      duration_ms: 14.978152
      ...
    # Subtest: 3
    ok 4 - 3
      ---
      duration_ms: 22.002454
      ...
    # Subtest: 4
    ok 5 - 4
      ---
      duration_ms: 19.143537
      ...
    # Subtest: 5
    ok 6 - 5
      ---
      duration_ms: 16.372643
      ...
    # Subtest: 6
    ok 7 - 6
      ---
      duration_ms: 16.468056
      ...
    # Subtest: 7
    ok 8 - 7
      ---
      duration_ms: 15.396522
      ...
    # Subtest: 8
    ok 9 - 8
      ---
      duration_ms: 15.493258
      ...
    1..9
ok 14 - generation metadata cannot replace image bytes or introduce alternative output/authority fields
  ---
  duration_ms: 155.493888
  ...
1..14
# tests 34
# suites 0
# pass 34
# fail 0
# cancelled 0
# skipped 0
# todo 0
# duration_ms 879.648011
