RESOURCE_OBSERVATION {"admission_gate": "disabled_by_user_2026-08-28", "disk_available_bytes": 5497716736, "gradle_label": "standard", "inode_available": 2348763, "mem_available_bytes": 1293492224, "swap_free_bytes": 370831360, "telemetry_errors": []}
GRADLE_LOCK_ACQUIRED task=MMD-U2-API-TYPED-ATOMIC-FOLLOWUP-V1-SOURCE-20261001 pid=2844722
Picked up JAVA_TOOL_OPTIONS: -XX:-UseJVMCICompiler
Initialized native services in: /root/.gradle/native
Initialized jansi services in: /root/.gradle/native
To honour the JVM settings for this build a single-use Daemon process will be forked. For more on this, please refer to https://docs.gradle.org/9.3.1/userguide/gradle_daemon.html#sec:disabling_the_daemon in the Gradle documentation.
Starting process 'Gradle build daemon'. Working directory: /root/.gradle/daemon/9.3.1 Command: /home/isp/apps/jdk21/bin/java --add-opens=java.base/java.lang=ALL-UNNAMED --add-opens=java.base/java.lang.invoke=ALL-UNNAMED --add-opens=java.base/java.util=ALL-UNNAMED --add-opens=java.prefs/java.util.prefs=ALL-UNNAMED --add-exports=jdk.compiler/com.sun.tools.javac.api=ALL-UNNAMED --add-exports=jdk.compiler/com.sun.tools.javac.util=ALL-UNNAMED --add-opens=java.base/java.util=ALL-UNNAMED --add-opens=java.prefs/java.util.prefs=ALL-UNNAMED --add-opens=java.base/java.nio.charset=ALL-UNNAMED --add-opens=java.base/java.net=ALL-UNNAMED --add-opens=java.base/java.util.concurrent=ALL-UNNAMED --add-opens=java.base/java.util.concurrent.atomic=ALL-UNNAMED --add-opens=java.xml/javax.xml.namespace=ALL-UNNAMED --add-opens=java.base/java.time=ALL-UNNAMED -XX:MaxMetaspaceSize=128m -XX:+UseSerialGC -XX:ActiveProcessorCount=2 -Xss256k -Xmx128m -Dfile.encoding=UTF-8 -Duser.country=CN -Duser.language=zh -Duser.variant -cp /root/.gradle/wrapper/dists/gradle-9.3.1-bin/e6fpmcitnr2cbhj7h6pdk7btv/gradle-9.3.1/lib/gradle-daemon-main-9.3.1.jar -javaagent:/root/.gradle/wrapper/dists/gradle-9.3.1-bin/e6fpmcitnr2cbhj7h6pdk7btv/gradle-9.3.1/lib/agents/gradle-instrumentation-agent-9.3.1.jar org.gradle.launcher.daemon.bootstrap.GradleDaemon 9.3.1
Successfully started process 'Gradle build daemon'
An attempt to start the daemon took 2.275 secs.
The client will now receive all logging from the daemon (pid: 2844792). The daemon log file: /root/.gradle/daemon/9.3.1/daemon-2844792.out.log
Daemon will be stopped at the end of the build 
Using 1 worker leases.
Operational build model parameters: {requiresToolingModels=false, parallelProjectExecution=false, configureOnDemand=false, configurationCache=false, configurationCacheParallelStore=false, configurationCacheParallelLoad=true, isolatedProjects=false, parallelProjectConfiguration=false, intermediateModelCache=false, parallelToolingApiActions=false, invalidateCoupledProjects=false, modelAsProjectDependency=false, resilientModelBuilding=false}
Received JVM installation metadata from '/home/isp/apps/jdk21': {JAVA_HOME=/home/isp/apps/jdk21, JAVA_VERSION=21.0.8, JAVA_VENDOR=Oracle Corporation, RUNTIME_NAME=Java(TM) SE Runtime Environment, RUNTIME_VERSION=21.0.8+12-LTS-jvmci-23.1-b72, VM_NAME=Java HotSpot(TM) 64-Bit Server VM, VM_VERSION=21.0.8+12-LTS-jvmci-23.1-b72, VM_VENDOR=Oracle Corporation, OS_ARCH=amd64}
Watching the file system is configured to be enabled if available
Now considering [/home/isp/wsps/cyf/.worktrees/juyiting-multimedia-deliberation-20260928/api-consent-restart-catalog-owner-20261001] as hierarchies to watch
File system watching is active
Starting Build
Resolved plugin [id: 'cn.jia.jia-dependency-management', version: '1.1.2-SNAPSHOT']
Settings evaluated using settings file '/home/isp/wsps/cyf/.worktrees/juyiting-multimedia-deliberation-20260928/api-consent-restart-catalog-owner-20261001/settings.gradle'.
Projects loaded. Root project using build file '/home/isp/wsps/cyf/.worktrees/juyiting-multimedia-deliberation-20260928/api-consent-restart-catalog-owner-20261001/build.gradle'.
Included projects: [root project 'jia', project ':agent', project ':base', project ':chat', project ':common', project ':dwz', project ':economy', project ':isp', project ':kefu', project ':material', project ':oauth', project ':point', project ':sms', project ':starter', project ':task', project ':user', project ':workflow', project ':wx', project ':agent:jia-agent-api', project ':agent:jia-agent-core', project ':agent:jia-agent-mapper', project ':agent:jia-agent-service', project ':base:jia-base-api', project ':base:jia-base-core', project ':base:jia-base-mapper', project ':base:jia-base-service', project ':base:jia-base-starter', project ':chat:jia-chat-api', project ':chat:jia-chat-core', project ':chat:jia-chat-mapper', project ':chat:jia-chat-service', project ':chat:jia-chat-starter', project ':common:jia-common-api', project ':common:jia-common-core', project ':common:jia-common-mapper', project ':common:jia-common-service', project ':common:jia-common-starter', project ':common:jia-common-test', project ':dwz:jia-dwz-api', project ':dwz:jia-dwz-core', project ':dwz:jia-dwz-mapper', project ':dwz:jia-dwz-service', project ':dwz:jia-dwz-starter', project ':economy:jia-economy-api', project ':economy:jia-economy-core', project ':economy:jia-economy-mapper', project ':economy:jia-economy-service', project ':isp:jia-isp-api', project ':isp:jia-isp-core', project ':isp:jia-isp-mapper', project ':isp:jia-isp-service', project ':isp:jia-isp-starter', project ':kefu:jia-kefu-api', project ':kefu:jia-kefu-core', project ':kefu:jia-kefu-mapper', project ':kefu:jia-kefu-service', project ':material:jia-material-api', project ':material:jia-material-core', project ':material:jia-material-mapper', project ':material:jia-material-service', project ':material:jia-material-starter', project ':oauth:jia-oauth-api', project ':oauth:jia-oauth-client-starter', project ':oauth:jia-oauth-core', project ':oauth:jia-oauth-mapper', project ':oauth:jia-oauth-resource', project ':oauth:jia-oauth-resource-starter', project ':oauth:jia-oauth-server-starter', project ':oauth:jia-oauth-service', project ':point:jia-point-api', project ':point:jia-point-core', project ':point:jia-point-mapper', project ':point:jia-point-service', project ':sms:jia-sms-api', project ':sms:jia-sms-core', project ':sms:jia-sms-mapper', project ':sms:jia-sms-service', project ':sms:jia-sms-starter', project ':task:jia-task-api', project ':task:jia-task-core', project ':task:jia-task-mapper', project ':task:jia-task-service', project ':task:jia-task-starter', project ':user:jia-user-api', project ':user:jia-user-core', project ':user:jia-user-mapper', project ':user:jia-user-service', project ':user:jia-user-starter', project ':workflow:jia-workflow-api', project ':workflow:jia-workflow-core', project ':workflow:jia-workflow-service', project ':workflow:jia-workflow-starter', project ':wx:jia-wx-api', project ':wx:jia-wx-core', project ':wx:jia-wx-mapper', project ':wx:jia-wx-service']

> Configure project :
Evaluating root project 'jia' using build file '/home/isp/wsps/cyf/.worktrees/juyiting-multimedia-deliberation-20260928/api-consent-restart-catalog-owner-20261001/build.gradle'.

> Configure project :agent
Evaluating project ':agent' using build file '/home/isp/wsps/cyf/.worktrees/juyiting-multimedia-deliberation-20260928/api-consent-restart-catalog-owner-20261001/agent/build.gradle'.

> Configure project :base
Evaluating project ':base' using build file '/home/isp/wsps/cyf/.worktrees/juyiting-multimedia-deliberation-20260928/api-consent-restart-catalog-owner-20261001/base/build.gradle'.

> Configure project :chat
Evaluating project ':chat' using build file '/home/isp/wsps/cyf/.worktrees/juyiting-multimedia-deliberation-20260928/api-consent-restart-catalog-owner-20261001/chat/build.gradle'.

> Configure project :common
Evaluating project ':common' using build file '/home/isp/wsps/cyf/.worktrees/juyiting-multimedia-deliberation-20260928/api-consent-restart-catalog-owner-20261001/common/build.gradle'.

> Configure project :dwz
Evaluating project ':dwz' using build file '/home/isp/wsps/cyf/.worktrees/juyiting-multimedia-deliberation-20260928/api-consent-restart-catalog-owner-20261001/dwz/build.gradle'.

> Configure project :economy
Evaluating project ':economy' using build file '/home/isp/wsps/cyf/.worktrees/juyiting-multimedia-deliberation-20260928/api-consent-restart-catalog-owner-20261001/economy/build.gradle'.

> Configure project :isp
Evaluating project ':isp' using build file '/home/isp/wsps/cyf/.worktrees/juyiting-multimedia-deliberation-20260928/api-consent-restart-catalog-owner-20261001/isp/build.gradle'.

> Configure project :kefu
Evaluating project ':kefu' using build file '/home/isp/wsps/cyf/.worktrees/juyiting-multimedia-deliberation-20260928/api-consent-restart-catalog-owner-20261001/kefu/build.gradle'.

> Configure project :material
Evaluating project ':material' using build file '/home/isp/wsps/cyf/.worktrees/juyiting-multimedia-deliberation-20260928/api-consent-restart-catalog-owner-20261001/material/build.gradle'.

> Configure project :oauth
Evaluating project ':oauth' using build file '/home/isp/wsps/cyf/.worktrees/juyiting-multimedia-deliberation-20260928/api-consent-restart-catalog-owner-20261001/oauth/build.gradle'.

> Configure project :point
Evaluating project ':point' using build file '/home/isp/wsps/cyf/.worktrees/juyiting-multimedia-deliberation-20260928/api-consent-restart-catalog-owner-20261001/point/build.gradle'.

> Configure project :sms
Evaluating project ':sms' using build file '/home/isp/wsps/cyf/.worktrees/juyiting-multimedia-deliberation-20260928/api-consent-restart-catalog-owner-20261001/sms/build.gradle'.

> Configure project :starter
Evaluating project ':starter' using build file '/home/isp/wsps/cyf/.worktrees/juyiting-multimedia-deliberation-20260928/api-consent-restart-catalog-owner-20261001/starter/build.gradle'.
Resolved plugin [id: 'org.springframework.boot', version: '4.0.1']

> Configure project :task
Evaluating project ':task' using build file '/home/isp/wsps/cyf/.worktrees/juyiting-multimedia-deliberation-20260928/api-consent-restart-catalog-owner-20261001/task/build.gradle'.
Resolved plugin [id: 'java-library']

> Configure project :user
Evaluating project ':user' using build file '/home/isp/wsps/cyf/.worktrees/juyiting-multimedia-deliberation-20260928/api-consent-restart-catalog-owner-20261001/user/build.gradle'.

> Configure project :workflow
Evaluating project ':workflow' using build file '/home/isp/wsps/cyf/.worktrees/juyiting-multimedia-deliberation-20260928/api-consent-restart-catalog-owner-20261001/workflow/build.gradle'.

> Configure project :wx
Evaluating project ':wx' using build file '/home/isp/wsps/cyf/.worktrees/juyiting-multimedia-deliberation-20260928/api-consent-restart-catalog-owner-20261001/wx/build.gradle'.

> Configure project :agent:jia-agent-api
Evaluating project ':agent:jia-agent-api' using build file '/home/isp/wsps/cyf/.worktrees/juyiting-multimedia-deliberation-20260928/api-consent-restart-catalog-owner-20261001/agent/jia-agent-api/build.gradle'.

> Configure project :agent:jia-agent-core
Evaluating project ':agent:jia-agent-core' using build file '/home/isp/wsps/cyf/.worktrees/juyiting-multimedia-deliberation-20260928/api-consent-restart-catalog-owner-20261001/agent/jia-agent-core/build.gradle'.

> Configure project :agent:jia-agent-mapper
Evaluating project ':agent:jia-agent-mapper' using build file '/home/isp/wsps/cyf/.worktrees/juyiting-multimedia-deliberation-20260928/api-consent-restart-catalog-owner-20261001/agent/jia-agent-mapper/build.gradle'.

> Configure project :agent:jia-agent-service
Evaluating project ':agent:jia-agent-service' using build file '/home/isp/wsps/cyf/.worktrees/juyiting-multimedia-deliberation-20260928/api-consent-restart-catalog-owner-20261001/agent/jia-agent-service/build.gradle'.

> Configure project :base:jia-base-api
Evaluating project ':base:jia-base-api' using build file '/home/isp/wsps/cyf/.worktrees/juyiting-multimedia-deliberation-20260928/api-consent-restart-catalog-owner-20261001/base/jia-base-api/build.gradle'.

> Configure project :base:jia-base-core
Evaluating project ':base:jia-base-core' using build file '/home/isp/wsps/cyf/.worktrees/juyiting-multimedia-deliberation-20260928/api-consent-restart-catalog-owner-20261001/base/jia-base-core/build.gradle'.

> Configure project :base:jia-base-mapper
Evaluating project ':base:jia-base-mapper' using build file '/home/isp/wsps/cyf/.worktrees/juyiting-multimedia-deliberation-20260928/api-consent-restart-catalog-owner-20261001/base/jia-base-mapper/build.gradle'.

> Configure project :base:jia-base-service
Evaluating project ':base:jia-base-service' using build file '/home/isp/wsps/cyf/.worktrees/juyiting-multimedia-deliberation-20260928/api-consent-restart-catalog-owner-20261001/base/jia-base-service/build.gradle'.

> Configure project :base:jia-base-starter
Evaluating project ':base:jia-base-starter' using build file '/home/isp/wsps/cyf/.worktrees/juyiting-multimedia-deliberation-20260928/api-consent-restart-catalog-owner-20261001/base/jia-base-starter/build.gradle'.

> Configure project :chat:jia-chat-api
Evaluating project ':chat:jia-chat-api' using build file '/home/isp/wsps/cyf/.worktrees/juyiting-multimedia-deliberation-20260928/api-consent-restart-catalog-owner-20261001/chat/jia-chat-api/build.gradle'.

> Configure project :chat:jia-chat-core
Evaluating project ':chat:jia-chat-core' using build file '/home/isp/wsps/cyf/.worktrees/juyiting-multimedia-deliberation-20260928/api-consent-restart-catalog-owner-20261001/chat/jia-chat-core/build.gradle'.

> Configure project :chat:jia-chat-mapper
Evaluating project ':chat:jia-chat-mapper' using build file '/home/isp/wsps/cyf/.worktrees/juyiting-multimedia-deliberation-20260928/api-consent-restart-catalog-owner-20261001/chat/jia-chat-mapper/build.gradle'.

> Configure project :chat:jia-chat-service
Evaluating project ':chat:jia-chat-service' using build file '/home/isp/wsps/cyf/.worktrees/juyiting-multimedia-deliberation-20260928/api-consent-restart-catalog-owner-20261001/chat/jia-chat-service/build.gradle'.

> Configure project :chat:jia-chat-starter
Evaluating project ':chat:jia-chat-starter' using build file '/home/isp/wsps/cyf/.worktrees/juyiting-multimedia-deliberation-20260928/api-consent-restart-catalog-owner-20261001/chat/jia-chat-starter/build.gradle'.

> Configure project :common:jia-common-api
Evaluating project ':common:jia-common-api' using build file '/home/isp/wsps/cyf/.worktrees/juyiting-multimedia-deliberation-20260928/api-consent-restart-catalog-owner-20261001/common/jia-common-api/build.gradle'.

> Configure project :common:jia-common-core
Evaluating project ':common:jia-common-core' using build file '/home/isp/wsps/cyf/.worktrees/juyiting-multimedia-deliberation-20260928/api-consent-restart-catalog-owner-20261001/common/jia-common-core/build.gradle'.

> Configure project :common:jia-common-mapper
Evaluating project ':common:jia-common-mapper' using build file '/home/isp/wsps/cyf/.worktrees/juyiting-multimedia-deliberation-20260928/api-consent-restart-catalog-owner-20261001/common/jia-common-mapper/build.gradle'.

> Configure project :common:jia-common-service
Evaluating project ':common:jia-common-service' using build file '/home/isp/wsps/cyf/.worktrees/juyiting-multimedia-deliberation-20260928/api-consent-restart-catalog-owner-20261001/common/jia-common-service/build.gradle'.

> Configure project :common:jia-common-starter
Evaluating project ':common:jia-common-starter' using build file '/home/isp/wsps/cyf/.worktrees/juyiting-multimedia-deliberation-20260928/api-consent-restart-catalog-owner-20261001/common/jia-common-starter/build.gradle'.

> Configure project :common:jia-common-test
Evaluating project ':common:jia-common-test' using build file '/home/isp/wsps/cyf/.worktrees/juyiting-multimedia-deliberation-20260928/api-consent-restart-catalog-owner-20261001/common/jia-common-test/build.gradle'.

> Configure project :dwz:jia-dwz-api
Evaluating project ':dwz:jia-dwz-api' using build file '/home/isp/wsps/cyf/.worktrees/juyiting-multimedia-deliberation-20260928/api-consent-restart-catalog-owner-20261001/dwz/jia-dwz-api/build.gradle'.

> Configure project :dwz:jia-dwz-core
Evaluating project ':dwz:jia-dwz-core' using build file '/home/isp/wsps/cyf/.worktrees/juyiting-multimedia-deliberation-20260928/api-consent-restart-catalog-owner-20261001/dwz/jia-dwz-core/build.gradle'.

> Configure project :dwz:jia-dwz-mapper
Evaluating project ':dwz:jia-dwz-mapper' using build file '/home/isp/wsps/cyf/.worktrees/juyiting-multimedia-deliberation-20260928/api-consent-restart-catalog-owner-20261001/dwz/jia-dwz-mapper/build.gradle'.

> Configure project :dwz:jia-dwz-service
Evaluating project ':dwz:jia-dwz-service' using build file '/home/isp/wsps/cyf/.worktrees/juyiting-multimedia-deliberation-20260928/api-consent-restart-catalog-owner-20261001/dwz/jia-dwz-service/build.gradle'.

> Configure project :dwz:jia-dwz-starter
Evaluating project ':dwz:jia-dwz-starter' using build file '/home/isp/wsps/cyf/.worktrees/juyiting-multimedia-deliberation-20260928/api-consent-restart-catalog-owner-20261001/dwz/jia-dwz-starter/build.gradle'.

> Configure project :economy:jia-economy-api
Evaluating project ':economy:jia-economy-api' using build file '/home/isp/wsps/cyf/.worktrees/juyiting-multimedia-deliberation-20260928/api-consent-restart-catalog-owner-20261001/economy/jia-economy-api/build.gradle'.

> Configure project :economy:jia-economy-core
Evaluating project ':economy:jia-economy-core' using build file '/home/isp/wsps/cyf/.worktrees/juyiting-multimedia-deliberation-20260928/api-consent-restart-catalog-owner-20261001/economy/jia-economy-core/build.gradle'.

> Configure project :economy:jia-economy-mapper
Evaluating project ':economy:jia-economy-mapper' using build file '/home/isp/wsps/cyf/.worktrees/juyiting-multimedia-deliberation-20260928/api-consent-restart-catalog-owner-20261001/economy/jia-economy-mapper/build.gradle'.

> Configure project :economy:jia-economy-service
Evaluating project ':economy:jia-economy-service' using build file '/home/isp/wsps/cyf/.worktrees/juyiting-multimedia-deliberation-20260928/api-consent-restart-catalog-owner-20261001/economy/jia-economy-service/build.gradle'.

> Configure project :isp:jia-isp-api
Evaluating project ':isp:jia-isp-api' using build file '/home/isp/wsps/cyf/.worktrees/juyiting-multimedia-deliberation-20260928/api-consent-restart-catalog-owner-20261001/isp/jia-isp-api/build.gradle'.

> Configure project :isp:jia-isp-core
Evaluating project ':isp:jia-isp-core' using build file '/home/isp/wsps/cyf/.worktrees/juyiting-multimedia-deliberation-20260928/api-consent-restart-catalog-owner-20261001/isp/jia-isp-core/build.gradle'.

> Configure project :isp:jia-isp-mapper
Evaluating project ':isp:jia-isp-mapper' using build file '/home/isp/wsps/cyf/.worktrees/juyiting-multimedia-deliberation-20260928/api-consent-restart-catalog-owner-20261001/isp/jia-isp-mapper/build.gradle'.

> Configure project :isp:jia-isp-service
Evaluating project ':isp:jia-isp-service' using build file '/home/isp/wsps/cyf/.worktrees/juyiting-multimedia-deliberation-20260928/api-consent-restart-catalog-owner-20261001/isp/jia-isp-service/build.gradle'.

> Configure project :isp:jia-isp-starter
Evaluating project ':isp:jia-isp-starter' using build file '/home/isp/wsps/cyf/.worktrees/juyiting-multimedia-deliberation-20260928/api-consent-restart-catalog-owner-20261001/isp/jia-isp-starter/build.gradle'.

> Configure project :kefu:jia-kefu-api
Evaluating project ':kefu:jia-kefu-api' using build file '/home/isp/wsps/cyf/.worktrees/juyiting-multimedia-deliberation-20260928/api-consent-restart-catalog-owner-20261001/kefu/jia-kefu-api/build.gradle'.

> Configure project :kefu:jia-kefu-core
Evaluating project ':kefu:jia-kefu-core' using build file '/home/isp/wsps/cyf/.worktrees/juyiting-multimedia-deliberation-20260928/api-consent-restart-catalog-owner-20261001/kefu/jia-kefu-core/build.gradle'.

> Configure project :kefu:jia-kefu-mapper
Evaluating project ':kefu:jia-kefu-mapper' using build file '/home/isp/wsps/cyf/.worktrees/juyiting-multimedia-deliberation-20260928/api-consent-restart-catalog-owner-20261001/kefu/jia-kefu-mapper/build.gradle'.

> Configure project :kefu:jia-kefu-service
Evaluating project ':kefu:jia-kefu-service' using build file '/home/isp/wsps/cyf/.worktrees/juyiting-multimedia-deliberation-20260928/api-consent-restart-catalog-owner-20261001/kefu/jia-kefu-service/build.gradle'.

> Configure project :material:jia-material-api
Evaluating project ':material:jia-material-api' using build file '/home/isp/wsps/cyf/.worktrees/juyiting-multimedia-deliberation-20260928/api-consent-restart-catalog-owner-20261001/material/jia-material-api/build.gradle'.

> Configure project :material:jia-material-core
Evaluating project ':material:jia-material-core' using build file '/home/isp/wsps/cyf/.worktrees/juyiting-multimedia-deliberation-20260928/api-consent-restart-catalog-owner-20261001/material/jia-material-core/build.gradle'.

> Configure project :material:jia-material-mapper
Evaluating project ':material:jia-material-mapper' using build file '/home/isp/wsps/cyf/.worktrees/juyiting-multimedia-deliberation-20260928/api-consent-restart-catalog-owner-20261001/material/jia-material-mapper/build.gradle'.

> Configure project :material:jia-material-service
Evaluating project ':material:jia-material-service' using build file '/home/isp/wsps/cyf/.worktrees/juyiting-multimedia-deliberation-20260928/api-consent-restart-catalog-owner-20261001/material/jia-material-service/build.gradle'.

> Configure project :material:jia-material-starter
Evaluating project ':material:jia-material-starter' using build file '/home/isp/wsps/cyf/.worktrees/juyiting-multimedia-deliberation-20260928/api-consent-restart-catalog-owner-20261001/material/jia-material-starter/build.gradle'.

> Configure project :oauth:jia-oauth-api
Evaluating project ':oauth:jia-oauth-api' using build file '/home/isp/wsps/cyf/.worktrees/juyiting-multimedia-deliberation-20260928/api-consent-restart-catalog-owner-20261001/oauth/jia-oauth-api/build.gradle'.

> Configure project :oauth:jia-oauth-client-starter
Evaluating project ':oauth:jia-oauth-client-starter' using build file '/home/isp/wsps/cyf/.worktrees/juyiting-multimedia-deliberation-20260928/api-consent-restart-catalog-owner-20261001/oauth/jia-oauth-client-starter/build.gradle'.

> Configure project :oauth:jia-oauth-core
Evaluating project ':oauth:jia-oauth-core' using build file '/home/isp/wsps/cyf/.worktrees/juyiting-multimedia-deliberation-20260928/api-consent-restart-catalog-owner-20261001/oauth/jia-oauth-core/build.gradle'.

> Configure project :oauth:jia-oauth-mapper
Evaluating project ':oauth:jia-oauth-mapper' using build file '/home/isp/wsps/cyf/.worktrees/juyiting-multimedia-deliberation-20260928/api-consent-restart-catalog-owner-20261001/oauth/jia-oauth-mapper/build.gradle'.

> Configure project :oauth:jia-oauth-resource
Evaluating project ':oauth:jia-oauth-resource' using build file '/home/isp/wsps/cyf/.worktrees/juyiting-multimedia-deliberation-20260928/api-consent-restart-catalog-owner-20261001/oauth/jia-oauth-resource/build.gradle'.

> Configure project :oauth:jia-oauth-resource-starter
Evaluating project ':oauth:jia-oauth-resource-starter' using build file '/home/isp/wsps/cyf/.worktrees/juyiting-multimedia-deliberation-20260928/api-consent-restart-catalog-owner-20261001/oauth/jia-oauth-resource-starter/build.gradle'.

> Configure project :oauth:jia-oauth-server-starter
Evaluating project ':oauth:jia-oauth-server-starter' using build file '/home/isp/wsps/cyf/.worktrees/juyiting-multimedia-deliberation-20260928/api-consent-restart-catalog-owner-20261001/oauth/jia-oauth-server-starter/build.gradle'.

> Configure project :oauth:jia-oauth-service
Evaluating project ':oauth:jia-oauth-service' using build file '/home/isp/wsps/cyf/.worktrees/juyiting-multimedia-deliberation-20260928/api-consent-restart-catalog-owner-20261001/oauth/jia-oauth-service/build.gradle'.

> Configure project :point:jia-point-api
Evaluating project ':point:jia-point-api' using build file '/home/isp/wsps/cyf/.worktrees/juyiting-multimedia-deliberation-20260928/api-consent-restart-catalog-owner-20261001/point/jia-point-api/build.gradle'.

> Configure project :point:jia-point-core
Evaluating project ':point:jia-point-core' using build file '/home/isp/wsps/cyf/.worktrees/juyiting-multimedia-deliberation-20260928/api-consent-restart-catalog-owner-20261001/point/jia-point-core/build.gradle'.

> Configure project :point:jia-point-mapper
Evaluating project ':point:jia-point-mapper' using build file '/home/isp/wsps/cyf/.worktrees/juyiting-multimedia-deliberation-20260928/api-consent-restart-catalog-owner-20261001/point/jia-point-mapper/build.gradle'.

> Configure project :point:jia-point-service
Evaluating project ':point:jia-point-service' using build file '/home/isp/wsps/cyf/.worktrees/juyiting-multimedia-deliberation-20260928/api-consent-restart-catalog-owner-20261001/point/jia-point-service/build.gradle'.

> Configure project :sms:jia-sms-api
Evaluating project ':sms:jia-sms-api' using build file '/home/isp/wsps/cyf/.worktrees/juyiting-multimedia-deliberation-20260928/api-consent-restart-catalog-owner-20261001/sms/jia-sms-api/build.gradle'.

> Configure project :sms:jia-sms-core
Evaluating project ':sms:jia-sms-core' using build file '/home/isp/wsps/cyf/.worktrees/juyiting-multimedia-deliberation-20260928/api-consent-restart-catalog-owner-20261001/sms/jia-sms-core/build.gradle'.

> Configure project :sms:jia-sms-mapper
Evaluating project ':sms:jia-sms-mapper' using build file '/home/isp/wsps/cyf/.worktrees/juyiting-multimedia-deliberation-20260928/api-consent-restart-catalog-owner-20261001/sms/jia-sms-mapper/build.gradle'.

> Configure project :sms:jia-sms-service
Evaluating project ':sms:jia-sms-service' using build file '/home/isp/wsps/cyf/.worktrees/juyiting-multimedia-deliberation-20260928/api-consent-restart-catalog-owner-20261001/sms/jia-sms-service/build.gradle'.

> Configure project :sms:jia-sms-starter
Evaluating project ':sms:jia-sms-starter' using build file '/home/isp/wsps/cyf/.worktrees/juyiting-multimedia-deliberation-20260928/api-consent-restart-catalog-owner-20261001/sms/jia-sms-starter/build.gradle'.

> Configure project :task:jia-task-api
Evaluating project ':task:jia-task-api' using build file '/home/isp/wsps/cyf/.worktrees/juyiting-multimedia-deliberation-20260928/api-consent-restart-catalog-owner-20261001/task/jia-task-api/build.gradle'.

> Configure project :task:jia-task-core
Evaluating project ':task:jia-task-core' using build file '/home/isp/wsps/cyf/.worktrees/juyiting-multimedia-deliberation-20260928/api-consent-restart-catalog-owner-20261001/task/jia-task-core/build.gradle'.

> Configure project :task:jia-task-mapper
Evaluating project ':task:jia-task-mapper' using build file '/home/isp/wsps/cyf/.worktrees/juyiting-multimedia-deliberation-20260928/api-consent-restart-catalog-owner-20261001/task/jia-task-mapper/build.gradle'.

> Configure project :task:jia-task-service
Evaluating project ':task:jia-task-service' using build file '/home/isp/wsps/cyf/.worktrees/juyiting-multimedia-deliberation-20260928/api-consent-restart-catalog-owner-20261001/task/jia-task-service/build.gradle'.

> Configure project :task:jia-task-starter
Evaluating project ':task:jia-task-starter' using build file '/home/isp/wsps/cyf/.worktrees/juyiting-multimedia-deliberation-20260928/api-consent-restart-catalog-owner-20261001/task/jia-task-starter/build.gradle'.

> Configure project :user:jia-user-api
Evaluating project ':user:jia-user-api' using build file '/home/isp/wsps/cyf/.worktrees/juyiting-multimedia-deliberation-20260928/api-consent-restart-catalog-owner-20261001/user/jia-user-api/build.gradle'.

> Configure project :user:jia-user-core
Evaluating project ':user:jia-user-core' using build file '/home/isp/wsps/cyf/.worktrees/juyiting-multimedia-deliberation-20260928/api-consent-restart-catalog-owner-20261001/user/jia-user-core/build.gradle'.

> Configure project :user:jia-user-mapper
Evaluating project ':user:jia-user-mapper' using build file '/home/isp/wsps/cyf/.worktrees/juyiting-multimedia-deliberation-20260928/api-consent-restart-catalog-owner-20261001/user/jia-user-mapper/build.gradle'.

> Configure project :user:jia-user-service
Evaluating project ':user:jia-user-service' using build file '/home/isp/wsps/cyf/.worktrees/juyiting-multimedia-deliberation-20260928/api-consent-restart-catalog-owner-20261001/user/jia-user-service/build.gradle'.

> Configure project :user:jia-user-starter
Evaluating project ':user:jia-user-starter' using build file '/home/isp/wsps/cyf/.worktrees/juyiting-multimedia-deliberation-20260928/api-consent-restart-catalog-owner-20261001/user/jia-user-starter/build.gradle'.

> Configure project :workflow:jia-workflow-api
Evaluating project ':workflow:jia-workflow-api' using build file '/home/isp/wsps/cyf/.worktrees/juyiting-multimedia-deliberation-20260928/api-consent-restart-catalog-owner-20261001/workflow/jia-workflow-api/build.gradle'.

> Configure project :workflow:jia-workflow-core
Evaluating project ':workflow:jia-workflow-core' using build file '/home/isp/wsps/cyf/.worktrees/juyiting-multimedia-deliberation-20260928/api-consent-restart-catalog-owner-20261001/workflow/jia-workflow-core/build.gradle'.

> Configure project :workflow:jia-workflow-service
Evaluating project ':workflow:jia-workflow-service' using build file '/home/isp/wsps/cyf/.worktrees/juyiting-multimedia-deliberation-20260928/api-consent-restart-catalog-owner-20261001/workflow/jia-workflow-service/build.gradle'.

> Configure project :workflow:jia-workflow-starter
Evaluating project ':workflow:jia-workflow-starter' using build file '/home/isp/wsps/cyf/.worktrees/juyiting-multimedia-deliberation-20260928/api-consent-restart-catalog-owner-20261001/workflow/jia-workflow-starter/build.gradle'.

> Configure project :wx:jia-wx-api
Evaluating project ':wx:jia-wx-api' using build file '/home/isp/wsps/cyf/.worktrees/juyiting-multimedia-deliberation-20260928/api-consent-restart-catalog-owner-20261001/wx/jia-wx-api/build.gradle'.

> Configure project :wx:jia-wx-core
Evaluating project ':wx:jia-wx-core' using build file '/home/isp/wsps/cyf/.worktrees/juyiting-multimedia-deliberation-20260928/api-consent-restart-catalog-owner-20261001/wx/jia-wx-core/build.gradle'.

> Configure project :wx:jia-wx-mapper
Evaluating project ':wx:jia-wx-mapper' using build file '/home/isp/wsps/cyf/.worktrees/juyiting-multimedia-deliberation-20260928/api-consent-restart-catalog-owner-20261001/wx/jia-wx-mapper/build.gradle'.

> Configure project :wx:jia-wx-service
Evaluating project ':wx:jia-wx-service' using build file '/home/isp/wsps/cyf/.worktrees/juyiting-multimedia-deliberation-20260928/api-consent-restart-catalog-owner-20261001/wx/jia-wx-service/build.gradle'.
All projects evaluated.
Task path ':agent:jia-agent-service:mmdControlledImageFollowupV3' matched project ':agent:jia-agent-service'
Task name matched 'mmdControlledImageFollowupV3'
Task path ':chat:jia-chat-service:mmdControlledImageFollowupV3' matched project ':chat:jia-chat-service'
Task name matched 'mmdControlledImageFollowupV3'
Selected primary task 'mmdControlledImageFollowupV3' from project :agent:jia-agent-service
Selected primary task 'mmdControlledImageFollowupV3' from project :chat:jia-chat-service
Tasks to be executed: [task ':common:jia-common-core:compileJava', task ':agent:jia-agent-core:compileJava', task ':common:jia-common-api:compileJava', task ':agent:jia-agent-api:compileJava', task ':common:jia-common-mapper:compileJava', task ':agent:jia-agent-mapper:compileJava', task ':chat:jia-chat-core:compileJava', task ':chat:jia-chat-api:compileJava', task ':common:jia-common-core:processResources', task ':common:jia-common-core:classes', task ':common:jia-common-core:jar', task ':common:jia-common-service:compileJava', task ':economy:jia-economy-core:compileJava', task ':economy:jia-economy-api:compileJava', task ':economy:jia-economy-mapper:compileJava', task ':economy:jia-economy-service:compileJava', task ':oauth:jia-oauth-core:compileJava', task ':oauth:jia-oauth-api:compileJava', task ':task:jia-task-core:compileJava', task ':task:jia-task-api:compileJava', task ':user:jia-user-core:compileJava', task ':user:jia-user-api:compileJava', task ':agent:jia-agent-service:compileJava', task ':agent:jia-agent-service:processResources', task ':agent:jia-agent-service:classes', task ':agent:jia-agent-service:jar', task ':agent:jia-agent-api:processResources', task ':agent:jia-agent-api:classes', task ':agent:jia-agent-api:jar', task ':agent:jia-agent-core:processResources', task ':agent:jia-agent-core:classes', task ':agent:jia-agent-core:jar', task ':agent:jia-agent-mapper:processResources', task ':agent:jia-agent-mapper:classes', task ':agent:jia-agent-mapper:jar', task ':agent:jia-agent-service:compileMmdControlledImageFollowupV3Java', task ':agent:jia-agent-service:processMmdControlledImageFollowupV3Resources', task ':agent:jia-agent-service:mmdControlledImageFollowupV3Classes', task ':chat:jia-chat-api:processResources', task ':chat:jia-chat-api:classes', task ':chat:jia-chat-api:jar', task ':chat:jia-chat-core:processResources', task ':chat:jia-chat-core:classes', task ':chat:jia-chat-core:jar', task ':common:jia-common-api:processResources', task ':common:jia-common-api:classes', task ':common:jia-common-api:jar', task ':common:jia-common-mapper:processResources', task ':common:jia-common-mapper:classes', task ':common:jia-common-mapper:jar', task ':common:jia-common-service:processResources', task ':common:jia-common-service:classes', task ':common:jia-common-service:jar', task ':economy:jia-economy-api:processResources', task ':economy:jia-economy-api:classes', task ':economy:jia-economy-api:jar', task ':economy:jia-economy-core:processResources', task ':economy:jia-economy-core:classes', task ':economy:jia-economy-core:jar', task ':economy:jia-economy-mapper:processResources', task ':economy:jia-economy-mapper:classes', task ':economy:jia-economy-mapper:jar', task ':economy:jia-economy-service:processResources', task ':economy:jia-economy-service:classes', task ':economy:jia-economy-service:jar', task ':user:jia-user-api:processResources', task ':user:jia-user-api:classes', task ':user:jia-user-api:jar', task ':user:jia-user-core:processResources', task ':user:jia-user-core:classes', task ':user:jia-user-core:jar', task ':agent:jia-agent-service:mmdControlledImageFollowupV3', task ':chat:jia-chat-mapper:compileJava', task ':chat:jia-chat-mapper:processResources', task ':chat:jia-chat-mapper:classes', task ':chat:jia-chat-mapper:jar', task ':kefu:jia-kefu-core:compileJava', task ':kefu:jia-kefu-api:compileJava', task ':material:jia-material-core:compileJava', task ':material:jia-material-api:compileJava', task ':point:jia-point-core:compileJava', task ':point:jia-point-api:compileJava', task ':chat:jia-chat-service:compileJava', task ':chat:jia-chat-service:processResources', task ':chat:jia-chat-service:classes', task ':chat:jia-chat-service:compileMmdControlledImageFollowupV3Java', task ':chat:jia-chat-service:processMmdControlledImageFollowupV3Resources', task ':chat:jia-chat-service:mmdControlledImageFollowupV3Classes', task ':oauth:jia-oauth-api:processResources', task ':oauth:jia-oauth-api:classes', task ':oauth:jia-oauth-api:jar', task ':oauth:jia-oauth-core:processResources', task ':oauth:jia-oauth-core:classes', task ':oauth:jia-oauth-core:jar', task ':task:jia-task-api:processResources', task ':task:jia-task-api:classes', task ':task:jia-task-api:jar', task ':task:jia-task-core:processResources', task ':task:jia-task-core:classes', task ':task:jia-task-core:jar', task ':chat:jia-chat-service:mmdControlledImageFollowupV3']
Tasks that were excluded: []
Resolve mutations for :common:jia-common-core:compileJava (Thread[#51,included builds,5,main]) started.
:common:jia-common-core:compileJava (Thread[#51,included builds,5,main]) started.

> Task :common:jia-common-core:compileJava
Deleting stale output file: /var/tmp/cyf-mmd-api-followup-v3-verification-20261001/normal-graph-output/jia/common__jia-common-core/tmp/compileJava/previous-compilation-data.bin
Deleting stale output file: /var/tmp/cyf-mmd-api-followup-v3-verification-20261001/normal-graph-output/jia/common__jia-common-core/generated/sources/headers/java/main
Deleting stale output file: /var/tmp/cyf-mmd-api-followup-v3-verification-20261001/normal-graph-output/jia/common__jia-common-core/generated/sources/annotationProcessor/java/main
Deleting stale output file: /var/tmp/cyf-mmd-api-followup-v3-verification-20261001/normal-graph-output/jia/common__jia-common-core/classes/java/main
Caching disabled for task ':common:jia-common-core:compileJava' because:
  Build cache is disabled
Task ':common:jia-common-core:compileJava' is not up-to-date because:
  Executed with '--rerun-tasks'.
The input changes require a full rebuild for incremental task ':common:jia-common-core:compileJava'.
Compilation mode: forking compiler
Full recompilation is required because no incremental change information is available. This is usually caused by clean builds or changing compiler arguments.
Compiling with toolchain '/home/isp/apps/jdk21'.
Starting process 'Gradle Worker Daemon 1'. Working directory: /root/.gradle/workers Command: /home/isp/apps/jdk21/bin/java -XX:+UseSerialGC -XX:ActiveProcessorCount=2 -XX:MaxMetaspaceSize=128m -Xss256k --add-exports=jdk.compiler/com.sun.tools.javac.api=ALL-UNNAMED --add-exports=jdk.compiler/com.sun.tools.javac.util=ALL-UNNAMED @/root/.gradle/.tmp/gradle-worker-classpath16932893505653791669txt -Xmx256m -Dfile.encoding=UTF-8 -Duser.country=CN -Duser.language=zh -Duser.variant worker.org.gradle.process.internal.worker.GradleWorkerMain 'Gradle Worker Daemon 1'
Successfully started process 'Gradle Worker Daemon 1'
Picked up JAVA_TOOL_OPTIONS: -XX:-UseJVMCICompiler
Started Gradle worker daemon (0.776 secs) with fork options DaemonForkOptions{executable=/home/isp/apps/jdk21/bin/java, minHeapSize=null, maxHeapSize=256m, jvmArgs=[-XX:+UseSerialGC, -XX:ActiveProcessorCount=2, -XX:MaxMetaspaceSize=128m, -Xss256k, --add-exports=jdk.compiler/com.sun.tools.javac.api=ALL-UNNAMED, --add-exports=jdk.compiler/com.sun.tools.javac.util=ALL-UNNAMED], keepAliveMode=DAEMON}.

This JVM does not support getting OS memory, so no OS memory status updates will be broadcast

> Task :common:jia-common-core:compileJava
Compiling with JDK Java compiler API.
注: 某些输入文件使用或覆盖了已过时的 API。
注: 有关详细信息, 请使用 -Xlint:deprecation 重新编译。
注: 某些输入文件使用了未经检查或不安全的操作。
注: 有关详细信息, 请使用 -Xlint:unchecked 重新编译。
Class dependency analysis for incremental compilation took 0.626 secs.
Created classpath snapshot for incremental compilation in 1.588 secs.
work action resolve main (project :common:jia-common-core) (Thread[#51,included builds,5,main]) started.
Resolve mutations for :agent:jia-agent-core:compileJava (Thread[#51,included builds,5,main]) started.
:agent:jia-agent-core:compileJava (Thread[#51,included builds,5,main]) started.

> Task :agent:jia-agent-core:compileJava
Deleting stale output file: /var/tmp/cyf-mmd-api-followup-v3-verification-20261001/normal-graph-output/jia/agent__jia-agent-core/generated/sources/headers/java/main
Deleting stale output file: /var/tmp/cyf-mmd-api-followup-v3-verification-20261001/normal-graph-output/jia/agent__jia-agent-core/tmp/compileJava/previous-compilation-data.bin
Deleting stale output file: /var/tmp/cyf-mmd-api-followup-v3-verification-20261001/normal-graph-output/jia/agent__jia-agent-core/generated/sources/annotationProcessor/java/main
Deleting stale output file: /var/tmp/cyf-mmd-api-followup-v3-verification-20261001/normal-graph-output/jia/agent__jia-agent-core/classes/java/main
Caching disabled for task ':agent:jia-agent-core:compileJava' because:
  Build cache is disabled
Task ':agent:jia-agent-core:compileJava' is not up-to-date because:
  Executed with '--rerun-tasks'.
The input changes require a full rebuild for incremental task ':agent:jia-agent-core:compileJava'.
Compilation mode: forking compiler
Full recompilation is required because no incremental change information is available. This is usually caused by clean builds or changing compiler arguments.
Compiling with toolchain '/home/isp/apps/jdk21'.
Compiling with JDK Java compiler API.
警告: 未知的枚举常量 JdbcType.UNDEFINED
  原因: 找不到org.apache.ibatis.type.JdbcType的类文件
/home/isp/wsps/cyf/.worktrees/juyiting-multimedia-deliberation-20260928/api-consent-restart-catalog-owner-20261001/agent/jia-agent-core/src/main/java/cn/jia/agent/entity/AgentTaskContextPackDTO.java:49: 警告: Generating equals/hashCode implementation but without a call to superclass, even though this class does not extend java.lang.Object. If this is intentional, add '@EqualsAndHashCode(callSuper=false)' to your type.
    @Data
    ^
/home/isp/wsps/cyf/.worktrees/juyiting-multimedia-deliberation-20260928/api-consent-restart-catalog-owner-20261001/agent/jia-agent-core/src/main/java/cn/jia/agent/entity/AgentTaskContextPackDTO.java:57: 警告: Generating equals/hashCode implementation but without a call to superclass, even though this class does not extend java.lang.Object. If this is intentional, add '@EqualsAndHashCode(callSuper=false)' to your type.
    @Data
    ^
/home/isp/wsps/cyf/.worktrees/juyiting-multimedia-deliberation-20260928/api-consent-restart-catalog-owner-20261001/agent/jia-agent-core/src/main/java/cn/jia/agent/entity/AgentTaskContextPackDTO.java:70: 警告: Generating equals/hashCode implementation but without a call to superclass, even though this class does not extend java.lang.Object. If this is intentional, add '@EqualsAndHashCode(callSuper=false)' to your type.
    @Data
    ^
/home/isp/wsps/cyf/.worktrees/juyiting-multimedia-deliberation-20260928/api-consent-restart-catalog-owner-20261001/agent/jia-agent-core/src/main/java/cn/jia/agent/entity/AgentTaskContextPackDTO.java:92: 警告: Generating equals/hashCode implementation but without a call to superclass, even though this class does not extend java.lang.Object. If this is intentional, add '@EqualsAndHashCode(callSuper=false)' to your type.
    @Data
    ^
/home/isp/wsps/cyf/.worktrees/juyiting-multimedia-deliberation-20260928/api-consent-restart-catalog-owner-20261001/agent/jia-agent-core/src/main/java/cn/jia/agent/entity/AgentTaskContextPackDTO.java:116: 警告: Generating equals/hashCode implementation but without a call to superclass, even though this class does not extend java.lang.Object. If this is intentional, add '@EqualsAndHashCode(callSuper=false)' to your type.
    @Data
    ^
/home/isp/wsps/cyf/.worktrees/juyiting-multimedia-deliberation-20260928/api-consent-restart-catalog-owner-20261001/agent/jia-agent-core/src/main/java/cn/jia/agent/entity/AgentTaskContextPackDTO.java:139: 警告: Generating equals/hashCode implementation but without a call to superclass, even though this class does not extend java.lang.Object. If this is intentional, add '@EqualsAndHashCode(callSuper=false)' to your type.
    @Data
    ^
/home/isp/wsps/cyf/.worktrees/juyiting-multimedia-deliberation-20260928/api-consent-restart-catalog-owner-20261001/agent/jia-agent-core/src/main/java/cn/jia/agent/entity/AgentTaskContextPackDTO.java:162: 警告: Generating equals/hashCode implementation but without a call to superclass, even though this class does not extend java.lang.Object. If this is intentional, add '@EqualsAndHashCode(callSuper=false)' to your type.
    @Data
    ^
警告: 未知的枚举常量 JdbcType.UNDEFINED
  原因: 找不到org.apache.ibatis.type.JdbcType的类文件
警告: 未知的枚举常量 JdbcType.UNDEFINED
  原因: 找不到org.apache.ibatis.type.JdbcType的类文件
警告: 未知的枚举常量 JdbcType.UNDEFINED
  原因: 找不到org.apache.ibatis.type.JdbcType的类文件
警告: 未知的枚举常量 JdbcType.UNDEFINED
  原因: 找不到org.apache.ibatis.type.JdbcType的类文件
注: /home/isp/wsps/cyf/.worktrees/juyiting-multimedia-deliberation-20260928/api-consent-restart-catalog-owner-20261001/agent/jia-agent-core/src/main/java/cn/jia/agent/common/AgentCommandAmqpContract.java使用或覆盖了已过时的 API。
注: 有关详细信息, 请使用 -Xlint:deprecation 重新编译。
12 个警告
Class dependency analysis for incremental compilation took 1.045 secs.
Created classpath snapshot for incremental compilation in 0.006 secs.
work action resolve main (project :agent:jia-agent-core) (Thread[#51,included builds,5,main]) started.
Resolve mutations for :common:jia-common-api:compileJava (Thread[#51,included builds,5,main]) started.
:common:jia-common-api:compileJava (Thread[#51,included builds,5,main]) started.

> Task :common:jia-common-api:compileJava
Deleting stale output file: /var/tmp/cyf-mmd-api-followup-v3-verification-20261001/normal-graph-output/jia/common__jia-common-api/classes/java/main
Deleting stale output file: /var/tmp/cyf-mmd-api-followup-v3-verification-20261001/normal-graph-output/jia/common__jia-common-api/tmp/compileJava/previous-compilation-data.bin
Deleting stale output file: /var/tmp/cyf-mmd-api-followup-v3-verification-20261001/normal-graph-output/jia/common__jia-common-api/generated/sources/annotationProcessor/java/main
Deleting stale output file: /var/tmp/cyf-mmd-api-followup-v3-verification-20261001/normal-graph-output/jia/common__jia-common-api/generated/sources/headers/java/main
Caching disabled for task ':common:jia-common-api:compileJava' because:
  Build cache is disabled
Task ':common:jia-common-api:compileJava' is not up-to-date because:
  Executed with '--rerun-tasks'.
The input changes require a full rebuild for incremental task ':common:jia-common-api:compileJava'.
Compilation mode: forking compiler
Full recompilation is required because no incremental change information is available. This is usually caused by clean builds or changing compiler arguments.
Compiling with toolchain '/home/isp/apps/jdk21'.
Compiling with JDK Java compiler API.
Class dependency analysis for incremental compilation took 0.261 secs.
Created classpath snapshot for incremental compilation in 0.024 secs.
work action resolve main (project :common:jia-common-api) (Thread[#51,included builds,5,main]) started.
Resolve mutations for :agent:jia-agent-api:compileJava (Thread[#51,included builds,5,main]) started.
:agent:jia-agent-api:compileJava (Thread[#51,included builds,5,main]) started.

> Task :agent:jia-agent-api:compileJava
Deleting stale output file: /var/tmp/cyf-mmd-api-followup-v3-verification-20261001/normal-graph-output/jia/agent__jia-agent-api/generated/sources/headers/java/main
Deleting stale output file: /var/tmp/cyf-mmd-api-followup-v3-verification-20261001/normal-graph-output/jia/agent__jia-agent-api/tmp/compileJava/previous-compilation-data.bin
Deleting stale output file: /var/tmp/cyf-mmd-api-followup-v3-verification-20261001/normal-graph-output/jia/agent__jia-agent-api/generated/sources/annotationProcessor/java/main
Deleting stale output file: /var/tmp/cyf-mmd-api-followup-v3-verification-20261001/normal-graph-output/jia/agent__jia-agent-api/classes/java/main
Caching disabled for task ':agent:jia-agent-api:compileJava' because:
  Build cache is disabled
Task ':agent:jia-agent-api:compileJava' is not up-to-date because:
  Executed with '--rerun-tasks'.
The input changes require a full rebuild for incremental task ':agent:jia-agent-api:compileJava'.
Compilation mode: forking compiler
Full recompilation is required because no incremental change information is available. This is usually caused by clean builds or changing compiler arguments.
Compiling with toolchain '/home/isp/apps/jdk21'.
Compiling with JDK Java compiler API.
警告: 未知的枚举常量 Include.ALWAYS
  原因: 找不到com.fasterxml.jackson.annotation.JsonInclude$Include的类文件
警告: 未知的枚举常量 Include.ALWAYS
警告: 未知的枚举常量 Include.ALWAYS
  原因: 找不到com.fasterxml.jackson.annotation.JsonInclude$Include的类文件
警告: 未知的枚举常量 Include.ALWAYS
警告: 未知的枚举常量 Include.ALWAYS
  原因: 找不到com.fasterxml.jackson.annotation.JsonInclude$Include的类文件
警告: 未知的枚举常量 Include.ALWAYS
警告: 未知的枚举常量 Include.ALWAYS
  原因: 找不到com.fasterxml.jackson.annotation.JsonInclude$Include的类文件
警告: 未知的枚举常量 Include.ALWAYS
警告: 未知的枚举常量 Include.ALWAYS
  原因: 找不到com.fasterxml.jackson.annotation.JsonInclude$Include的类文件
警告: 未知的枚举常量 Include.ALWAYS
10 个警告
Class dependency analysis for incremental compilation took 0.769 secs.
Created classpath snapshot for incremental compilation in 0.015 secs.
work action resolve main (project :agent:jia-agent-api) (Thread[#51,included builds,5,main]) started.
Resolve mutations for :common:jia-common-mapper:compileJava (Thread[#51,included builds,5,main]) started.
:common:jia-common-mapper:compileJava (Thread[#51,included builds,5,main]) started.

> Task :common:jia-common-mapper:compileJava
Deleting stale output file: /var/tmp/cyf-mmd-api-followup-v3-verification-20261001/normal-graph-output/jia/common__jia-common-mapper/generated/sources/annotationProcessor/java/main
Deleting stale output file: /var/tmp/cyf-mmd-api-followup-v3-verification-20261001/normal-graph-output/jia/common__jia-common-mapper/classes/java/main
Deleting stale output file: /var/tmp/cyf-mmd-api-followup-v3-verification-20261001/normal-graph-output/jia/common__jia-common-mapper/tmp/compileJava/previous-compilation-data.bin
Deleting stale output file: /var/tmp/cyf-mmd-api-followup-v3-verification-20261001/normal-graph-output/jia/common__jia-common-mapper/generated/sources/headers/java/main
Caching disabled for task ':common:jia-common-mapper:compileJava' because:
  Build cache is disabled
Task ':common:jia-common-mapper:compileJava' is not up-to-date because:
  Executed with '--rerun-tasks'.
The input changes require a full rebuild for incremental task ':common:jia-common-mapper:compileJava'.
Compilation mode: forking compiler
Full recompilation is required because no incremental change information is available. This is usually caused by clean builds or changing compiler arguments.
Compiling with toolchain '/home/isp/apps/jdk21'.
Compiling with JDK Java compiler API.
注: /home/isp/wsps/cyf/.worktrees/juyiting-multimedia-deliberation-20260928/api-consent-restart-catalog-owner-20261001/common/jia-common-mapper/src/main/java/cn/jia/common/dao/BaseDaoImpl.java使用或覆盖了已过时的 API。
注: 有关详细信息, 请使用 -Xlint:deprecation 重新编译。
注: /home/isp/wsps/cyf/.worktrees/juyiting-multimedia-deliberation-20260928/api-consent-restart-catalog-owner-20261001/common/jia-common-mapper/src/main/java/cn/jia/common/dao/BaseDaoImpl.java使用了未经检查或不安全的操作。
注: 有关详细信息, 请使用 -Xlint:unchecked 重新编译。
Class dependency analysis for incremental compilation took 0.007 secs.
Created classpath snapshot for incremental compilation in 0.005 secs.
work action resolve main (project :common:jia-common-mapper) (Thread[#51,included builds,5,main]) started.
Resolve mutations for :agent:jia-agent-mapper:compileJava (Thread[#51,included builds,5,main]) started.
:agent:jia-agent-mapper:compileJava (Thread[#51,included builds,5,main]) started.

> Task :agent:jia-agent-mapper:compileJava
Deleting stale output file: /var/tmp/cyf-mmd-api-followup-v3-verification-20261001/normal-graph-output/jia/agent__jia-agent-mapper/generated/sources/headers/java/main
Deleting stale output file: /var/tmp/cyf-mmd-api-followup-v3-verification-20261001/normal-graph-output/jia/agent__jia-agent-mapper/generated/sources/annotationProcessor/java/main
Deleting stale output file: /var/tmp/cyf-mmd-api-followup-v3-verification-20261001/normal-graph-output/jia/agent__jia-agent-mapper/classes/java/main
Deleting stale output file: /var/tmp/cyf-mmd-api-followup-v3-verification-20261001/normal-graph-output/jia/agent__jia-agent-mapper/tmp/compileJava/previous-compilation-data.bin
Caching disabled for task ':agent:jia-agent-mapper:compileJava' because:
  Build cache is disabled
Task ':agent:jia-agent-mapper:compileJava' is not up-to-date because:
  Executed with '--rerun-tasks'.
The input changes require a full rebuild for incremental task ':agent:jia-agent-mapper:compileJava'.
Compilation mode: forking compiler
Full recompilation is required because no incremental change information is available. This is usually caused by clean builds or changing compiler arguments.
Compiling with toolchain '/home/isp/apps/jdk21'.
Compiling with JDK Java compiler API.
Class dependency analysis for incremental compilation took 0.683 secs.
Created classpath snapshot for incremental compilation in 0.008 secs.
work action resolve main (project :agent:jia-agent-mapper) (Thread[#51,included builds,5,main]) started.
Resolve mutations for :chat:jia-chat-core:compileJava (Thread[#51,included builds,5,main]) started.
:chat:jia-chat-core:compileJava (Thread[#51,included builds,5,main]) started.

> Task :chat:jia-chat-core:compileJava
Deleting stale output file: /var/tmp/cyf-mmd-api-followup-v3-verification-20261001/normal-graph-output/jia/chat__jia-chat-core/classes/java/main
Deleting stale output file: /var/tmp/cyf-mmd-api-followup-v3-verification-20261001/normal-graph-output/jia/chat__jia-chat-core/generated/sources/headers/java/main
Deleting stale output file: /var/tmp/cyf-mmd-api-followup-v3-verification-20261001/normal-graph-output/jia/chat__jia-chat-core/tmp/compileJava/previous-compilation-data.bin
Deleting stale output file: /var/tmp/cyf-mmd-api-followup-v3-verification-20261001/normal-graph-output/jia/chat__jia-chat-core/generated/sources/annotationProcessor/java/main
Caching disabled for task ':chat:jia-chat-core:compileJava' because:
  Build cache is disabled
Task ':chat:jia-chat-core:compileJava' is not up-to-date because:
  Executed with '--rerun-tasks'.
The input changes require a full rebuild for incremental task ':chat:jia-chat-core:compileJava'.
Compilation mode: forking compiler
Full recompilation is required because no incremental change information is available. This is usually caused by clean builds or changing compiler arguments.
Compiling with toolchain '/home/isp/apps/jdk21'.
Compiling with JDK Java compiler API.
警告: 未知的枚举常量 JdbcType.UNDEFINED
  原因: 找不到org.apache.ibatis.type.JdbcType的类文件
警告: 未知的枚举常量 JdbcType.UNDEFINED
  原因: 找不到org.apache.ibatis.type.JdbcType的类文件
警告: 未知的枚举常量 JdbcType.UNDEFINED
  原因: 找不到org.apache.ibatis.type.JdbcType的类文件
警告: 未知的枚举常量 JdbcType.UNDEFINED
  原因: 找不到org.apache.ibatis.type.JdbcType的类文件
警告: 未知的枚举常量 JdbcType.UNDEFINED
  原因: 找不到org.apache.ibatis.type.JdbcType的类文件
5 个警告
Class dependency analysis for incremental compilation took 0.057 secs.
Created classpath snapshot for incremental compilation in 0.002 secs.
work action resolve main (project :chat:jia-chat-core) (Thread[#51,included builds,5,main]) started.
Resolve mutations for :chat:jia-chat-api:compileJava (Thread[#51,included builds,5,main]) started.
:chat:jia-chat-api:compileJava (Thread[#51,included builds,5,main]) started.

> Task :chat:jia-chat-api:compileJava
Deleting stale output file: /var/tmp/cyf-mmd-api-followup-v3-verification-20261001/normal-graph-output/jia/chat__jia-chat-api/generated/sources/annotationProcessor/java/main
Deleting stale output file: /var/tmp/cyf-mmd-api-followup-v3-verification-20261001/normal-graph-output/jia/chat__jia-chat-api/tmp/compileJava/previous-compilation-data.bin
Deleting stale output file: /var/tmp/cyf-mmd-api-followup-v3-verification-20261001/normal-graph-output/jia/chat__jia-chat-api/classes/java/main
Deleting stale output file: /var/tmp/cyf-mmd-api-followup-v3-verification-20261001/normal-graph-output/jia/chat__jia-chat-api/generated/sources/headers/java/main
Caching disabled for task ':chat:jia-chat-api:compileJava' because:
  Build cache is disabled
Task ':chat:jia-chat-api:compileJava' is not up-to-date because:
  Executed with '--rerun-tasks'.
The input changes require a full rebuild for incremental task ':chat:jia-chat-api:compileJava'.
Compilation mode: forking compiler
Full recompilation is required because no incremental change information is available. This is usually caused by clean builds or changing compiler arguments.
Compiling with toolchain '/home/isp/apps/jdk21'.
Compiling with JDK Java compiler API.
警告: 未知的枚举常量 JdbcType.UNDEFINED
  原因: 找不到org.apache.ibatis.type.JdbcType的类文件
警告: 未知的枚举常量 JdbcType.UNDEFINED
  原因: 找不到org.apache.ibatis.type.JdbcType的类文件
警告: 未知的枚举常量 JdbcType.UNDEFINED
  原因: 找不到org.apache.ibatis.type.JdbcType的类文件
警告: 未知的枚举常量 JdbcType.UNDEFINED
  原因: 找不到org.apache.ibatis.type.JdbcType的类文件
警告: 未知的枚举常量 JdbcType.UNDEFINED
  原因: 找不到org.apache.ibatis.type.JdbcType的类文件
5 个警告
Class dependency analysis for incremental compilation took 0.02 secs.
Created classpath snapshot for incremental compilation in 0.012 secs.
work action resolve main (project :chat:jia-chat-api) (Thread[#51,included builds,5,main]) started.
Resolve mutations for :common:jia-common-core:processResources (Thread[#51,included builds,5,main]) started.
:common:jia-common-core:processResources (Thread[#51,included builds,5,main]) started.

> Task :common:jia-common-core:processResources
Deleting stale output file: /var/tmp/cyf-mmd-api-followup-v3-verification-20261001/normal-graph-output/jia/common__jia-common-core/resources/main
Caching disabled for task ':common:jia-common-core:processResources' because:
  Build cache is disabled
  Not worth caching
Task ':common:jia-common-core:processResources' is not up-to-date because:
  Executed with '--rerun-tasks'.
Resolve mutations for :common:jia-common-core:classes (Thread[#51,included builds,5,main]) started.
:common:jia-common-core:classes (Thread[#51,included builds,5,main]) started.

> Task :common:jia-common-core:classes
Skipping task ':common:jia-common-core:classes' as it has no actions.
Resolve mutations for :common:jia-common-core:jar (Thread[#51,included builds,5,main]) started.
:common:jia-common-core:jar (Thread[#51,included builds,5,main]) started.

> Task :common:jia-common-core:jar
Deleting stale output file: /var/tmp/cyf-mmd-api-followup-v3-verification-20261001/normal-graph-output/jia/common__jia-common-core/libs/jia-common-core-1.1.2-SNAPSHOT.jar
Caching disabled for task ':common:jia-common-core:jar' because:
  Build cache is disabled
  Not worth caching
Task ':common:jia-common-core:jar' is not up-to-date because:
  Executed with '--rerun-tasks'.
work action resolve jia-common-core-1.1.2-SNAPSHOT.jar (project :common:jia-common-core) (Thread[#51,included builds,5,main]) started.
Resolve mutations for :common:jia-common-service:compileJava (Thread[#51,included builds,5,main]) started.
:common:jia-common-service:compileJava (Thread[#51,included builds,5,main]) started.

> Task :common:jia-common-service:compileJava
Deleting stale output file: /var/tmp/cyf-mmd-api-followup-v3-verification-20261001/normal-graph-output/jia/common__jia-common-service/classes/java/main
Deleting stale output file: /var/tmp/cyf-mmd-api-followup-v3-verification-20261001/normal-graph-output/jia/common__jia-common-service/generated/sources/headers/java/main
Deleting stale output file: /var/tmp/cyf-mmd-api-followup-v3-verification-20261001/normal-graph-output/jia/common__jia-common-service/generated/sources/annotationProcessor/java/main
Caching disabled for task ':common:jia-common-service:compileJava' because:
  Build cache is disabled
Task ':common:jia-common-service:compileJava' is not up-to-date because:
  Executed with '--rerun-tasks'.
The input changes require a full rebuild for incremental task ':common:jia-common-service:compileJava'.
Compilation mode: forking compiler
Compiling with toolchain '/home/isp/apps/jdk21'.
Compiling with JDK Java compiler API.
work action resolve main (project :common:jia-common-service) (Thread[#51,included builds,5,main]) started.
Resolve mutations for :economy:jia-economy-core:compileJava (Thread[#51,included builds,5,main]) started.
:economy:jia-economy-core:compileJava (Thread[#51,included builds,5,main]) started.

> Task :economy:jia-economy-core:compileJava
Deleting stale output file: /var/tmp/cyf-mmd-api-followup-v3-verification-20261001/normal-graph-output/jia/economy__jia-economy-core/classes/java/main
Deleting stale output file: /var/tmp/cyf-mmd-api-followup-v3-verification-20261001/normal-graph-output/jia/economy__jia-economy-core/generated/sources/headers/java/main
Deleting stale output file: /var/tmp/cyf-mmd-api-followup-v3-verification-20261001/normal-graph-output/jia/economy__jia-economy-core/tmp/compileJava/previous-compilation-data.bin
Deleting stale output file: /var/tmp/cyf-mmd-api-followup-v3-verification-20261001/normal-graph-output/jia/economy__jia-economy-core/generated/sources/annotationProcessor/java/main
Caching disabled for task ':economy:jia-economy-core:compileJava' because:
  Build cache is disabled
Task ':economy:jia-economy-core:compileJava' is not up-to-date because:
  Executed with '--rerun-tasks'.
The input changes require a full rebuild for incremental task ':economy:jia-economy-core:compileJava'.
Compilation mode: forking compiler
Full recompilation is required because no incremental change information is available. This is usually caused by clean builds or changing compiler arguments.
Compiling with toolchain '/home/isp/apps/jdk21'.
Compiling with JDK Java compiler API.
Class dependency analysis for incremental compilation took 0.086 secs.
Created classpath snapshot for incremental compilation in 0.0 secs.
work action resolve main (project :economy:jia-economy-core) (Thread[#51,included builds,5,main]) started.
Resolve mutations for :economy:jia-economy-api:compileJava (Thread[#51,included builds,5,main]) started.
:economy:jia-economy-api:compileJava (Thread[#51,included builds,5,main]) started.

> Task :economy:jia-economy-api:compileJava
Deleting stale output file: /var/tmp/cyf-mmd-api-followup-v3-verification-20261001/normal-graph-output/jia/economy__jia-economy-api/generated/sources/headers/java/main
Deleting stale output file: /var/tmp/cyf-mmd-api-followup-v3-verification-20261001/normal-graph-output/jia/economy__jia-economy-api/tmp/compileJava/previous-compilation-data.bin
Deleting stale output file: /var/tmp/cyf-mmd-api-followup-v3-verification-20261001/normal-graph-output/jia/economy__jia-economy-api/classes/java/main
Deleting stale output file: /var/tmp/cyf-mmd-api-followup-v3-verification-20261001/normal-graph-output/jia/economy__jia-economy-api/generated/sources/annotationProcessor/java/main
Caching disabled for task ':economy:jia-economy-api:compileJava' because:
  Build cache is disabled
Task ':economy:jia-economy-api:compileJava' is not up-to-date because:
  Executed with '--rerun-tasks'.
The input changes require a full rebuild for incremental task ':economy:jia-economy-api:compileJava'.
Compilation mode: forking compiler
Full recompilation is required because no incremental change information is available. This is usually caused by clean builds or changing compiler arguments.
Compiling with toolchain '/home/isp/apps/jdk21'.
Compiling with JDK Java compiler API.
Class dependency analysis for incremental compilation took 0.033 secs.
Created classpath snapshot for incremental compilation in 0.005 secs.
work action resolve main (project :economy:jia-economy-api) (Thread[#51,included builds,5,main]) started.
Resolve mutations for :economy:jia-economy-mapper:compileJava (Thread[#51,included builds,5,main]) started.
:economy:jia-economy-mapper:compileJava (Thread[#51,included builds,5,main]) started.

> Task :economy:jia-economy-mapper:compileJava
Deleting stale output file: /var/tmp/cyf-mmd-api-followup-v3-verification-20261001/normal-graph-output/jia/economy__jia-economy-mapper/tmp/compileJava/previous-compilation-data.bin
Deleting stale output file: /var/tmp/cyf-mmd-api-followup-v3-verification-20261001/normal-graph-output/jia/economy__jia-economy-mapper/classes/java/main
Deleting stale output file: /var/tmp/cyf-mmd-api-followup-v3-verification-20261001/normal-graph-output/jia/economy__jia-economy-mapper/generated/sources/headers/java/main
Deleting stale output file: /var/tmp/cyf-mmd-api-followup-v3-verification-20261001/normal-graph-output/jia/economy__jia-economy-mapper/generated/sources/annotationProcessor/java/main
Caching disabled for task ':economy:jia-economy-mapper:compileJava' because:
  Build cache is disabled
Task ':economy:jia-economy-mapper:compileJava' is not up-to-date because:
  Executed with '--rerun-tasks'.
The input changes require a full rebuild for incremental task ':economy:jia-economy-mapper:compileJava'.
Compilation mode: forking compiler
Full recompilation is required because no incremental change information is available. This is usually caused by clean builds or changing compiler arguments.
Compiling with toolchain '/home/isp/apps/jdk21'.
Compiling with JDK Java compiler API.
Class dependency analysis for incremental compilation took 0.058 secs.
Created classpath snapshot for incremental compilation in 0.394 secs.
work action resolve main (project :economy:jia-economy-mapper) (Thread[#51,included builds,5,main]) started.
Resolve mutations for :economy:jia-economy-service:compileJava (Thread[#51,included builds,5,main]) started.
:economy:jia-economy-service:compileJava (Thread[#51,included builds,5,main]) started.

> Task :economy:jia-economy-service:compileJava
Deleting stale output file: /var/tmp/cyf-mmd-api-followup-v3-verification-20261001/normal-graph-output/jia/economy__jia-economy-service/tmp/compileJava/previous-compilation-data.bin
Deleting stale output file: /var/tmp/cyf-mmd-api-followup-v3-verification-20261001/normal-graph-output/jia/economy__jia-economy-service/classes/java/main
Deleting stale output file: /var/tmp/cyf-mmd-api-followup-v3-verification-20261001/normal-graph-output/jia/economy__jia-economy-service/generated/sources/headers/java/main
Deleting stale output file: /var/tmp/cyf-mmd-api-followup-v3-verification-20261001/normal-graph-output/jia/economy__jia-economy-service/generated/sources/annotationProcessor/java/main
Caching disabled for task ':economy:jia-economy-service:compileJava' because:
  Build cache is disabled
Task ':economy:jia-economy-service:compileJava' is not up-to-date because:
  Executed with '--rerun-tasks'.
The input changes require a full rebuild for incremental task ':economy:jia-economy-service:compileJava'.
Compilation mode: forking compiler
Full recompilation is required because no incremental change information is available. This is usually caused by clean builds or changing compiler arguments.
Compiling with toolchain '/home/isp/apps/jdk21'.
Compiling with JDK Java compiler API.
注: 某些输入文件使用或覆盖了已过时的 API。
注: 有关详细信息, 请使用 -Xlint:deprecation 重新编译。
Class dependency analysis for incremental compilation took 6.9 secs.

The message received from the daemon indicates that the daemon has disappeared.
Build request sent: Build{id=fa2a8472-5f78-4e61-bcd3-039d40c564bf, currentDir=/home/isp/wsps/cyf/.worktrees/juyiting-multimedia-deliberation-20260928/api-consent-restart-catalog-owner-20261001}
Attempting to read last messages from the daemon log...
Daemon pid: 2844792
  log file: /root/.gradle/daemon/9.3.1/daemon-2844792.out.log
----- Last 20 lines from daemon log file - daemon-2844792.out.log -----
Created classpath snapshot for incremental compilation in 0.394 secs.
work action resolve main (project :economy:jia-economy-mapper) (Thread[#51,included builds,5,main]) started.
Resolve mutations for :economy:jia-economy-service:compileJava (Thread[#51,included builds,5,main]) started.
:economy:jia-economy-service:compileJava (Thread[#51,included builds,5,main]) started.
Deleting stale output file: /var/tmp/cyf-mmd-api-followup-v3-verification-20261001/normal-graph-output/jia/economy__jia-economy-service/tmp/compileJava/previous-compilation-data.bin
Deleting stale output file: /var/tmp/cyf-mmd-api-followup-v3-verification-20261001/normal-graph-output/jia/economy__jia-economy-service/classes/java/main
Deleting stale output file: /var/tmp/cyf-mmd-api-followup-v3-verification-20261001/normal-graph-output/jia/economy__jia-economy-service/generated/sources/headers/java/main
Deleting stale output file: /var/tmp/cyf-mmd-api-followup-v3-verification-20261001/normal-graph-output/jia/economy__jia-economy-service/generated/sources/annotationProcessor/java/main
Caching disabled for task ':economy:jia-economy-service:compileJava' because:
  Build cache is disabled
Task ':economy:jia-economy-service:compileJava' is not up-to-date because:
  Executed with '--rerun-tasks'.
The input changes require a full rebuild for incremental task ':economy:jia-economy-service:compileJava'.
Compilation mode: forking compiler
Full recompilation is required because no incremental change information is available. This is usually caused by clean builds or changing compiler arguments.
Compiling with toolchain '/home/isp/apps/jdk21'.
Compiling with JDK Java compiler API.
注: 某些输入文件使用或覆盖了已过时的 API。
注: 有关详细信息, 请使用 -Xlint:deprecation 重新编译。
Class dependency analysis for incremental compilation took 6.9 secs.----- End of the daemon log -----


FAILURE: Build failed with an exception.

* What went wrong:
Gradle build daemon disappeared unexpectedly (it may have been killed or may have crashed)

* Try:
> Run with --stacktrace option to get the stack trace.
> Run with --debug option to get more log output.
> Run with --scan to get full insights from a Build Scan (powered by Develocity).
> Get more help at https://help.gradle.org.
NOTIFY_REUSED {"at": "2026-10-01T21:16:47+08:00", "details": {"current_gate": "verifying", "exit": 1}, "event": "abnormality", "next_action": "Run the fail command with evidence/root cause/remediation before any retry.", "notification_id": "3000ba14f4d65d31ed9383dd1be5aaffb4a721705b94aadbd76f0ff1242c764a", "task_id": "MMD-U2-API-TYPED-ATOMIC-FOLLOWUP-V1-SOURCE-20261001"}
