[
  {
    "filename": "src/components/juyiting/BountyDiscussionPanel.vue",
    "status": "PASS",
    "scriptBytes": 5452,
    "renderBytes": 5605
  },
  {
    "filename": "src/components/juyiting/ChatPanel.vue",
    "status": "PASS",
    "scriptBytes": 10593,
    "renderBytes": 21543
  },
  {
    "filename": "src/components/juyiting/BountyTypedOutcomeCard.vue",
    "status": "PASS",
    "scriptBytes": 845,
    "renderBytes": 2545
  },
  {
    "filename": "src/components/world/JuyiHall.vue",
    "status": "PASS",
    "scriptBytes": 105279,
    "renderBytes": 73548
  }
]
