TAP version 13
# Subtest: managed profiles inherit only trusted runtime delivery capabilities
ok 1 - managed profiles inherit only trusted runtime delivery capabilities # SKIP test name does not match pattern
  ---
  duration_ms: 2.58371
  ...
# Subtest: busy command is durably queued instead of dropped
ok 2 - busy command is durably queued instead of dropped # SKIP test name does not match pattern
  ---
  duration_ms: 0.259681
  ...
# Subtest: processing command restart enters durable recovery-required state without re-execution
ok 3 - processing command restart enters durable recovery-required state without re-execution # SKIP test name does not match pattern
  ---
  duration_ms: 0.287241
  ...
# Subtest: durable CHAT startup drains pending exact keys and processing restart stays recovery-required
ok 4 - durable CHAT startup drains pending exact keys and processing restart stays recovery-required # SKIP test name does not match pattern
  ---
  duration_ms: 0.187027
  ...
# Subtest: durable CHAT duplicate only re-ACKs while fingerprint conflict neither ACKs nor invokes twice
ok 5 - durable CHAT duplicate only re-ACKs while fingerprint conflict neither ACKs nor invokes twice # SKIP test name does not match pattern
  ---
  duration_ms: 0.278917
  ...
# Subtest: CHAT admission still schedules and retries ACK when initial durable ACK enqueue fails
ok 6 - CHAT admission still schedules and retries ACK when initial durable ACK enqueue fails # SKIP test name does not match pattern
  ---
  duration_ms: 0.188535
  ...
# Subtest: modern CHAT trust failure enters durable recovery and emits explicit recovery ACK
ok 7 - modern CHAT trust failure enters durable recovery and emits explicit recovery ACK # SKIP test name does not match pattern
  ---
  duration_ms: 0.184235
  ...
# Subtest: CHAT and COMMAND lanes start independently in both arrival orders and after pending restart
ok 8 - CHAT and COMMAND lanes start independently in both arrival orders and after pending restart # SKIP test name does not match pattern
  ---
  duration_ms: 0.209057
  ...
# Subtest: chat.stop without conversationId cancels only the exact queued or running durable turn
ok 9 - chat.stop without conversationId cancels only the exact queued or running durable turn # SKIP test name does not match pattern
  ---
  duration_ms: 0.318127
  ...
# Subtest: typed inspection dispatch detection is fail-closed for either the INSPECT route or trusted marker
ok 10 - typed inspection dispatch detection is fail-closed for either the INSPECT route or trusted marker # SKIP test name does not match pattern
  ---
  duration_ms: 0.327787
  ...
# Subtest: processor sends INSPECT through its isolated lane and reconciles unknown acceptance without a second start
ok 11 - processor sends INSPECT through its isolated lane and reconciles unknown acceptance without a second start # SKIP test name does not match pattern
  ---
  duration_ms: 0.195169
  ...
# Subtest: processor recovery controls durably prepare a final produced by native readback before replay
ok 12 - processor recovery controls durably prepare a final produced by native readback before replay # SKIP test name does not match pattern
  ---
  duration_ms: 0.433677
  ...
# Subtest: processor retains a durably prepared INSPECT final in recovery instead of archiving local computation as completed
ok 13 - processor retains a durably prepared INSPECT final in recovery instead of archiving local computation as completed # SKIP test name does not match pattern
  ---
  duration_ms: 0.309743
  ...
# Subtest: trusted final-saved ACK wins the send-return race, archives confirmed completion and accepts duplicate receipt idempotently
ok 14 - trusted final-saved ACK wins the send-return race, archives confirmed completion and accepts duplicate receipt idempotently
  ---
  duration_ms: 282.23026
  ...
# Subtest: final-saved duplicate ACK completes a prepared recovery after process reload and clears scheduled replay
ok 15 - final-saved duplicate ACK completes a prepared recovery after process reload and clears scheduled replay
  ---
  duration_ms: 253.126929
  ...
# Subtest: final-saved ACK ignores unmatched legacy events but rejects ambiguous, stale, unprepared and terminal-conflicting INSPECT bindings
ok 16 - final-saved ACK ignores unmatched legacy events but rejects ambiguous, stale, unprepared and terminal-conflicting INSPECT bindings
  ---
  duration_ms: 421.499692
  ...
# Subtest: processor ignores ordinary CHAT and unmatched legacy saved events while rejecting forged or ambiguous INSPECT acknowledgements
ok 17 - processor ignores ordinary CHAT and unmatched legacy saved events while rejecting forged or ambiguous INSPECT acknowledgements
  ---
  duration_ms: 385.888927
  ...
# Subtest: production chat runner takes disabled and legacy messages directly to serialized final-only fallback
ok 18 - production chat runner takes disabled and legacy messages directly to serialized final-only fallback # SKIP test name does not match pattern
  ---
  duration_ms: 0.22674
  ...
# Subtest: registration and presence truthfully advertise capability contract v1 with Fast CHAT disabled by default
ok 19 - registration and presence truthfully advertise capability contract v1 with Fast CHAT disabled by default # SKIP test name does not match pattern
  ---
  duration_ms: 0.178006
  ...
# Subtest: typed inspection declaration is absent without measured contract readback and exact when ready
ok 20 - typed inspection declaration is absent without measured contract readback and exact when ready # SKIP test name does not match pattern
  ---
  duration_ms: 0.118702
  ...
# Subtest: typed deliberation declaration binds the exact locally selected schema contract and defaults legacy
ok 21 - typed deliberation declaration binds the exact locally selected schema contract and defaults legacy # SKIP test name does not match pattern
  ---
  duration_ms: 0.10649
  ...
# Subtest: capability contract advertises CHAT only after its read-only-constrained profile is configured
ok 22 - capability contract advertises CHAT only after its read-only-constrained profile is configured # SKIP test name does not match pattern
  ---
  duration_ms: 0.109029
  ...
# Subtest: capability contract refuses to advertise CHAT policy for a non-constrained Fast configuration
ok 23 - capability contract refuses to advertise CHAT policy for a non-constrained Fast configuration # SKIP test name does not match pattern
  ---
  duration_ms: 0.180695
  ...
# Subtest: legacy chat run emits final only and never fabricates delta
ok 24 - legacy chat run emits final only and never fabricates delta # SKIP test name does not match pattern
  ---
  duration_ms: 0.092905
  ...
# Subtest: task.event updates local state callback and never executes
ok 25 - task.event updates local state callback and never executes # SKIP test name does not match pattern
  ---
  duration_ms: 0.126135
  ...
# Subtest: commands execute strictly in durable enqueue order
ok 26 - commands execute strictly in durable enqueue order # SKIP test name does not match pattern
  ---
  duration_ms: 0.091382
  ...
# Subtest: corrupt queue file is quarantined while valid commands continue
ok 27 - corrupt queue file is quarantined while valid commands continue # SKIP test name does not match pattern
  ---
  duration_ms: 0.07693
  ...
# Subtest: legacy agent status is ignored only as a non-executable control notification
ok 28 - legacy agent status is ignored only as a non-executable control notification # SKIP test name does not match pattern
  ---
  duration_ms: 0.085072
  ...
# Subtest: legacy execution types, missing messageType, and ambiguous envelopes fail closed
ok 29 - legacy execution types, missing messageType, and ambiguous envelopes fail closed # SKIP test name does not match pattern
  ---
  duration_ms: 0.082037
  ...
# Subtest: runtimeInstanceId is process-scoped while WebSocket API keys use headers
ok 30 - runtimeInstanceId is process-scoped while WebSocket API keys use headers # SKIP test name does not match pattern
  ---
  duration_ms: 0.074649
  ...
# Subtest: WebSocket loader uses ws even when a built-in client is available
ok 31 - WebSocket loader uses ws even when a built-in client is available # SKIP test name does not match pattern
  ---
  duration_ms: 0.073977
  ...
# Subtest: runtime abilities only contain allowlisted Chinese business abilities
ok 32 - runtime abilities only contain allowlisted Chinese business abilities # SKIP test name does not match pattern
  ---
  duration_ms: 0.168842
  ...
# Subtest: discovered Codex tools do not become scheduling abilities
ok 33 - discovered Codex tools do not become scheduling abilities # SKIP test name does not match pattern
  ---
  duration_ms: 0.20993
  ...
# Subtest: workspace discovery maps CYF modules to Chinese project business abilities
ok 34 - workspace discovery maps CYF modules to Chinese project business abilities # SKIP test name does not match pattern
  ---
  duration_ms: 0.112084
  ...
# Subtest: module-local directories identify their CYF business domain
ok 35 - module-local directories identify their CYF business domain # SKIP test name does not match pattern
  ---
  duration_ms: 0.097594
  ...
# Subtest: broad home and generic technology workspaces produce no business abilities
ok 36 - broad home and generic technology workspaces produce no business abilities # SKIP test name does not match pattern
  ---
  duration_ms: 0.076426
  ...
# Subtest: weather files map to 天气查询 while unknown names and contents are ignored
ok 37 - weather files map to 天气查询 while unknown names and contents are ignored # SKIP test name does not match pattern
  ---
  duration_ms: 0.077582
  ...
# Subtest: workspace discovery rejects symlink roots and symlink ancestors
ok 38 - workspace discovery rejects symlink roots and symlink ancestors # SKIP test name does not match pattern
  ---
  duration_ms: 0.068563
  ...
# Subtest: empty business directories do not claim capabilities
ok 39 - empty business directories do not claim capabilities # SKIP test name does not match pattern
  ---
  duration_ms: 0.093615
  ...
# Subtest: workspace root identity check rejects ancestor replacement races
ok 40 - workspace root identity check rejects ancestor replacement races # SKIP test name does not match pattern
  ---
  duration_ms: 0.088581
  ...
# Subtest: workspace entry bounds fail closed and accept the exact root limit
ok 41 - workspace entry bounds fail closed and accept the exact root limit # SKIP test name does not match pattern
  ---
  duration_ms: 0.161832
  ...
# Subtest: workspace entry budget is shared by root and project containers
ok 42 - workspace entry budget is shared by root and project containers # SKIP test name does not match pattern
  ---
  duration_ms: 0.092044
  ...
# Subtest: FIFO and symlinked containers cannot escape bounded scanning
ok 43 - FIFO and symlinked containers cannot escape bounded scanning # SKIP test name does not match pattern
  ---
  duration_ms: 0.084225
  ...
# Subtest: managed profiles publish ONLINE only after exact authenticated registration and engine readiness
ok 44 - managed profiles publish ONLINE only after exact authenticated registration and engine readiness # SKIP test name does not match pattern
  ---
  duration_ms: 0.080955
  ...
# Subtest: register and presence refresh business abilities after directory changes
ok 45 - register and presence refresh business abilities after directory changes # SKIP test name does not match pattern
  ---
  duration_ms: 0.071903
  ...
# Subtest: oversized or malformed manifests cannot inject business labels
ok 46 - oversized or malformed manifests cannot inject business labels # SKIP test name does not match pattern
  ---
  duration_ms: 0.549582
  ...
# Subtest: profile normalization rejects controls, duplicates, and non-business labels
ok 47 - profile normalization rejects controls, duplicates, and non-business labels # SKIP test name does not match pattern
  ---
  duration_ms: 0.097514
  ...
# Subtest: installing Codex skills does not change scheduling abilities
ok 48 - installing Codex skills does not change scheduling abilities # SKIP test name does not match pattern
  ---
  duration_ms: 0.124855
  ...
# Subtest: real ws upgrade sends X-API-Key header and no query credential
ok 49 - real ws upgrade sends X-API-Key header and no query credential # SKIP test name does not match pattern
  ---
  duration_ms: 0.086101
  ...
# Subtest: fsync and rename failures fail closed before command execution
ok 50 - fsync and rename failures fail closed before command execution # SKIP test name does not match pattern
  ---
  duration_ms: 0.140251
  ...
# Subtest: claim rename and fsync failures pause the queue before execution
ok 51 - claim rename and fsync failures pause the queue before execution # SKIP test name does not match pattern
  ---
  duration_ms: 0.173876
  ...
# Subtest: malformed completed marker is quarantined instead of re-executed
ok 52 - malformed completed marker is quarantined instead of re-executed # SKIP test name does not match pattern
  ---
  duration_ms: 0.083268
  ...
# Subtest: completed marker is settled on recovery without re-execution
ok 53 - completed marker is settled on recovery without re-execution # SKIP test name does not match pattern
  ---
  duration_ms: 0.093841
  ...
# Subtest: pending commands and persistent sequence survive restart in FIFO order
ok 54 - pending commands and persistent sequence survive restart in FIFO order # SKIP test name does not match pattern
  ---
  duration_ms: 0.088477
  ...
# Subtest: semantically invalid persisted commands are quarantined and never executed
ok 55 - semantically invalid persisted commands are quarantined and never executed # SKIP test name does not match pattern
  ---
  duration_ms: 0.076738
  ...
# Subtest: queue initialization repairs existing directory and record permissions
ok 56 - queue initialization repairs existing directory and record permissions # SKIP test name does not match pattern
  ---
  duration_ms: 0.069651
  ...
# Subtest: chat failure and busy branches emit chat responses only
ok 57 - chat failure and busy branches emit chat responses only # SKIP test name does not match pattern
  ---
  duration_ms: 0.113969
  ...
# Subtest: public envelope preserves explicit sender identity and validate works without global WebSocket
ok 58 - public envelope preserves explicit sender identity and validate works without global WebSocket # SKIP test name does not match pattern
  ---
  duration_ms: 0.075648
  ...
# Subtest: same commandId triggers dedupe and does not re-enqueue
ok 59 - same commandId triggers dedupe and does not re-enqueue # SKIP test name does not match pattern
  ---
  duration_ms: 0.114541
  ...
# Subtest: same commandId with different payload causes fingerprint conflict and REJECTED
ok 60 - same commandId with different payload causes fingerprint conflict and REJECTED # SKIP test name does not match pattern
  ---
  duration_ms: 0.074313
  ...
# Subtest: SKILL_INSTALL commandId reuse with changed fence or digest is rejected before execution
ok 61 - SKILL_INSTALL commandId reuse with changed fence or digest is rejected before execution # SKIP test name does not match pattern
  ---
  duration_ms: 0.070493
  ...
# Subtest: completed commandId re-delivery replays terminal ACK only
ok 62 - completed commandId re-delivery replays terminal ACK only # SKIP test name does not match pattern
  ---
  duration_ms: 0.066454
  ...
# Subtest: expired command before execution is REJECTED
ok 63 - expired command before execution is REJECTED # SKIP test name does not match pattern
  ---
  duration_ms: 0.083506
  ...
# Subtest: ack outbox retains pending ACKs when send fails and replays on reconnect
ok 64 - ack outbox retains pending ACKs when send fails and replays on reconnect # SKIP test name does not match pattern
  ---
  duration_ms: 0.070644
  ...
# Subtest: live command ACKs recover from an initial RECEIVED send failure in global FIFO order
ok 65 - live command ACKs recover from an initial RECEIVED send failure in global FIFO order # SKIP test name does not match pattern
  ---
  duration_ms: 0.070459
  ...
# Subtest: older pending ACK blocks a live ACK and leaves the current durable marker false
ok 66 - older pending ACK blocks a live ACK and leaves the current durable marker false # SKIP test name does not match pattern
  ---
  duration_ms: 0.114612
  ...
# Subtest: live ACK reports success only after its own ordered marker and dequeue complete
ok 67 - live ACK reports success only after its own ordered marker and dequeue complete # SKIP test name does not match pattern
  ---
  duration_ms: 0.274971
  ...
# Subtest: two initialized ACK outboxes allocate one FIFO sequence across instances and restart
ok 68 - two initialized ACK outboxes allocate one FIFO sequence across instances and restart # SKIP test name does not match pattern
  ---
  duration_ms: 0.087222
  ...
# Subtest: duplicate ACK queueSequence is quarantined and replay fails closed before send
ok 69 - duplicate ACK queueSequence is quarantined and replay fails closed before send # SKIP test name does not match pattern
  ---
  duration_ms: 0.080208
  ...
# Subtest: valid ACK sequence rollback is detected after the outbox becomes empty
ok 70 - valid ACK sequence rollback is detected after the outbox becomes empty # SKIP test name does not match pattern
  ---
  duration_ms: 0.205588
  ...
# Subtest: pending ACK above durable high-water is quarantined on startup
ok 71 - pending ACK above durable high-water is quarantined on startup # SKIP test name does not match pattern
  ---
  duration_ms: 0.121746
  ...
# Subtest: ACK sequence lock contention and lock fsync failure fail closed without allocation
ok 72 - ACK sequence lock contention and lock fsync failure fail closed without allocation # SKIP test name does not match pattern
  ---
  duration_ms: 0.07641
  ...
# Subtest: enqueue rechecks durable quarantine after waiting for the sequence lock
ok 73 - enqueue rechecks durable quarantine after waiting for the sequence lock # SKIP test name does not match pattern
  ---
  duration_ms: 4.273494
  ...
# Subtest: replay rechecks durable quarantine after lock wait and sends nothing
ok 74 - replay rechecks durable quarantine after lock wait and sends nothing # SKIP test name does not match pattern
  ---
  duration_ms: 0.164816
  ...
# Subtest: replay-held lock makes nested enqueue fail immediately instead of deadlocking
ok 75 - replay-held lock makes nested enqueue fail immediately instead of deadlocking # SKIP test name does not match pattern
  ---
  duration_ms: 0.14183
  ...
# Subtest: ACK replay stops immediately when the first send returns false or throws
ok 76 - ACK replay stops immediately when the first send returns false or throws # SKIP test name does not match pattern
  ---
  duration_ms: 0.139398
  ...
# Subtest: ACK replay stops at a failed middle item and never sends later ACKs
ok 77 - ACK replay stops at a failed middle item and never sends later ACKs # SKIP test name does not match pattern
  ---
  duration_ms: 0.275444
  ...
# Subtest: send false or throw keeps ACK markers false and records in the durable outbox
ok 78 - send false or throw keeps ACK markers false and records in the durable outbox # SKIP test name does not match pattern
  ---
  duration_ms: 0.127972
  ...
# Subtest: ACK marker persistence failure retains sent ACK for at-least-once replay
ok 79 - ACK marker persistence failure retains sent ACK for at-least-once replay # SKIP test name does not match pattern
  ---
  duration_ms: 0.104852
  ...
# Subtest: STARTED ACK persistence failure fail-closes before command side effects
ok 80 - STARTED ACK persistence failure fail-closes before command side effects # SKIP test name does not match pattern
  ---
  duration_ms: 0.102593
  ...
# Subtest: orphan RECEIVED ledger is reconciled to recovery-required across restart
ok 81 - orphan RECEIVED ledger is reconciled to recovery-required across restart # SKIP test name does not match pattern
  ---
  duration_ms: 0.104167
  ...
# Subtest: corrupt ledger is quarantined and the profile rejects and pauses
ok 82 - corrupt ledger is quarantined and the profile rejects and pauses # SKIP test name does not match pattern
  ---
  duration_ms: 0.092637
  ...
# Subtest: corrupt ACK is quarantined with an explicit fail-closed error
ok 83 - corrupt ACK is quarantined with an explicit fail-closed error # SKIP test name does not match pattern
  ---
  duration_ms: 0.092073
  ...
# Subtest: A06 durable ledger and ACK paths enforce private permissions
ok 84 - A06 durable ledger and ACK paths enforce private permissions # SKIP test name does not match pattern
  ---
  duration_ms: 0.072768
  ...
# Subtest: ack envelope uses an independent messageId and remains A03 normalizer-compatible
ok 85 - ack envelope uses an independent messageId and remains A03 normalizer-compatible # SKIP test name does not match pattern
  ---
  duration_ms: 0.067346
  ...
# Subtest: rejected ack includes rejectReason
ok 86 - rejected ack includes rejectReason # SKIP test name does not match pattern
  ---
  duration_ms: 0.122486
  ...
# Subtest: ledger survives cross-restart and correctly identifies duplicates
ok 87 - ledger survives cross-restart and correctly identifies duplicates # SKIP test name does not match pattern
  ---
  duration_ms: 0.104575
  ...
# Subtest: fingerprint is stable for semantically identical payloads
ok 88 - fingerprint is stable for semantically identical payloads # SKIP test name does not match pattern
  ---
  duration_ms: 0.107102
  ...
# Subtest: fingerprint stays stable when payload field order changes
ok 89 - fingerprint stays stable when payload field order changes # SKIP test name does not match pattern
  ---
  duration_ms: 0.11097
  ...
# Subtest: fingerprint differs for different payloads
ok 90 - fingerprint differs for different payloads # SKIP test name does not match pattern
  ---
  duration_ms: 0.141408
  ...
# Subtest: fingerprint includes deep business payload and ignores transport redelivery metadata
ok 91 - fingerprint includes deep business payload and ignores transport redelivery metadata # SKIP test name does not match pattern
  ---
  duration_ms: 0.130606
  ...
# Subtest: same commandId is isolated across agent profiles
ok 92 - same commandId is isolated across agent profiles # SKIP test name does not match pattern
  ---
  duration_ms: 0.089196
  ...
# Subtest: completed command across restart replays terminal ACK without re-execution
ok 93 - completed command across restart replays terminal ACK without re-execution # SKIP test name does not match pattern
  ---
  duration_ms: 0.101981
  ...
# Subtest: command fails and ACK reflects FAILED status
ok 94 - command fails and ACK reflects FAILED status # SKIP test name does not match pattern
  ---
  duration_ms: 0.100419
  ...
# Subtest: all 5 ACK status constants are defined
ok 95 - all 5 ACK status constants are defined # SKIP test name does not match pattern
  ---
  duration_ms: 0.084339
  ...
# Subtest: symlinked standalone entry executes validation instead of exiting as a no-op
ok 96 - symlinked standalone entry executes validation instead of exiting as a no-op # SKIP test name does not match pattern
  ---
  duration_ms: 0.100913
  ...
# Subtest: standalone --validate still works with a06 additions
ok 97 - standalone --validate still works with a06 additions # SKIP test name does not match pattern
  ---
  duration_ms: 0.137019
  ...
# Subtest: workspace file runtime auth stays process-memory only and profile configuration rejects a supplied header
ok 98 - workspace file runtime auth stays process-memory only and profile configuration rejects a supplied header # SKIP test name does not match pattern
  ---
  duration_ms: 0.102355
  ...
# Subtest: strict workspace file payload uses only its private run cwd, uploads and commits before completed reports
ok 99 - strict workspace file payload uses only its private run cwd, uploads and commits before completed reports # SKIP test name does not match pattern
  ---
  duration_ms: 0.089854
  ...
# Subtest: image workspace delivery materializes the one built-in imagegen raster before upload
ok 100 - image workspace delivery materializes the one built-in imagegen raster before upload # SKIP test name does not match pattern
  ---
  duration_ms: 0.092227
  ...
# Subtest: missing built-in imagegen result fails stably and reports it to the runtime
ok 101 - missing built-in imagegen result fails stably and reports it to the runtime # SKIP test name does not match pattern
  ---
  duration_ms: 0.130995
  ...
# Subtest: workspace file prompt never derives paths from untrusted instruction text
ok 102 - workspace file prompt never derives paths from untrusted instruction text # SKIP test name does not match pattern
  ---
  duration_ms: 0.121312
  ...
# Subtest: workspace command polling accepts only exact native queue envelopes and dispatches durable commands
ok 103 - workspace command polling accepts only exact native queue envelopes and dispatches durable commands # SKIP test name does not match pattern
  ---
  duration_ms: 0.108442
  ...
# Subtest: workspace command polling retries one stale undici socket before dispatching the read-only queue response
ok 104 - workspace command polling retries one stale undici socket before dispatching the read-only queue response # SKIP test name does not match pattern
  ---
  duration_ms: 0.09899
  ...
# Subtest: workspace command polling exposes safe failure categories while failing closed
ok 105 - workspace command polling exposes safe failure categories while failing closed # SKIP test name does not match pattern
  ---
  duration_ms: 0.11294
  ...
# Subtest: strict workspace file runtime failure reports failed only and command fingerprint binds manifests
ok 106 - strict workspace file runtime failure reports failed only and command fingerprint binds manifests # SKIP test name does not match pattern
  ---
  duration_ms: 0.104008
  ...
# Subtest: workspace file upload failure is reported failed after Codex and never completed
ok 107 - workspace file upload failure is reported failed after Codex and never completed # SKIP test name does not match pattern
  ---
  duration_ms: 0.12377
  ...
# Subtest: opt-in command execution persists and replays an exact Protocol-v1 work.result until its matching receipt
ok 108 - opt-in command execution persists and replays an exact Protocol-v1 work.result until its matching receipt # SKIP test name does not match pattern
  ---
  duration_ms: 0.08224
  ...
# Subtest: non-opt-in command types do not create execution reports
ok 109 - non-opt-in command types do not create execution reports # SKIP test name does not match pattern
  ---
  duration_ms: 0.070324
  ...
# Subtest: ACK high-water history is fully verified once and only the durable tip is reread during runtime
ok 110 - ACK high-water history is fully verified once and only the durable tip is reread during runtime # SKIP test name does not match pattern
  ---
  duration_ms: 0.086028
  ...
# Subtest: ACK high-water replay verifies immutable secure markers without fsyncing each file
ok 111 - ACK high-water replay verifies immutable secure markers without fsyncing each file # SKIP test name does not match pattern
  ---
  duration_ms: 0.177182
  ...
# Subtest: late correlated registration ACK restores native queue pickup without repeating execution writes
ok 112 - late correlated registration ACK restores native queue pickup without repeating execution writes # SKIP test name does not match pattern
  ---
  duration_ms: 0.101298
  ...
# Subtest: native start transport never calls Provider or repeats the start write
ok 113 - native start transport never calls Provider or repeats the start write # SKIP test name does not match pattern
  ---
  duration_ms: 0.176753
  ...
# Subtest: native start wrong-run never calls Provider or repeats the start write
ok 114 - native start wrong-run never calls Provider or repeats the start write # SKIP test name does not match pattern
  ---
  duration_ms: 0.124132
  ...
# Subtest: native start server-error never calls Provider or repeats the start write
ok 115 - native start server-error never calls Provider or repeats the start write # SKIP test name does not match pattern
  ---
  duration_ms: 0.108087
  ...
# Subtest: native start rejected never calls Provider or repeats the start write
ok 116 - native start rejected never calls Provider or repeats the start write # SKIP test name does not match pattern
  ---
  duration_ms: 0.246703
  ...
# Subtest: default-disabled modern durable CHAT is rejected without spawning the legacy runner
ok 117 - default-disabled modern durable CHAT is rejected without spawning the legacy runner # SKIP test name does not match pattern
  ---
  duration_ms: 0.131515
  ...
1..117
# tests 117
# suites 0
# pass 4
# fail 0
# cancelled 0
# skipped 113
# todo 0
# duration_ms 1704.322983
