TAP version 13
# Subtest: local CLI profile registers and completes the real v3 poll START input skill stage commit chain with zero Provider network
ok 1 - local CLI profile registers and completes the real v3 poll START input skill stage commit chain with zero Provider network # SKIP
  ---
  duration_ms: 1.916185
  ...
# Subtest: explicit CLI selection with missing frozen config disables v2 and v3 without constructing HTTP executors
ok 2 - explicit CLI selection with missing frozen config disables v2 and v3 without constructing HTTP executors
  ---
  duration_ms: 3.243986
  ...
# Subtest: real controlled runtime registers only its sibling and fetches once after successful Provider START
ok 3 - real controlled runtime registers only its sibling and fetches once after successful Provider START
  ---
  duration_ms: 55.320981
  ...
# Subtest: lost, malformed, or rejected Provider START never reaches the controlled Provider adapter
    # Subtest: lost
    ok 1 - lost
      ---
      duration_ms: 19.171436
      ...
    # Subtest: malformed
    ok 2 - malformed
      ---
      duration_ms: 9.961587
      ...
    # Subtest: rejected
    ok 3 - rejected
      ---
      duration_ms: 11.254563
      ...
    1..3
ok 4 - lost, malformed, or rejected Provider START never reaches the controlled Provider adapter
  ---
  duration_ms: 41.509867
  ...
# Subtest: composed v3 runtime advertises exact source-aware GENERATE and EDIT then executes one exact-asset EDIT
ok 5 - composed v3 runtime advertises exact source-aware GENERATE and EDIT then executes one exact-asset EDIT
  ---
  duration_ms: 66.712655
  ...
# Subtest: production v3 poller starts only with a current registration token and stops without duplicate timers
ok 6 - production v3 poller starts only with a current registration token and stops without duplicate timers
  ---
  duration_ms: 6.227086
  ...
# Subtest: lost or drifted v3 START receipt leaves zero Provider calls and zero pre-call claims
    # Subtest: lost
    ok 1 - lost
      ---
      duration_ms: 15.76692
      ...
    # Subtest: drift
    ok 2 - drift
      ---
      duration_ms: 13.108534
      ...
    1..2
ok 7 - lost or drifted v3 START receipt leaves zero Provider calls and zero pre-call claims
  ---
  duration_ms: 29.739578
  ...
# Subtest: redacted templates are static-valid synthetic projections without secrets or readiness claims
ok 8 - redacted templates are static-valid synthetic projections without secrets or readiness claims
  ---
  duration_ms: 13.967293
  ...
# Subtest: binding identity is platform-operator fenced and independent freeze evidence fails closed
    # Subtest: numeric binding 1 is not rejected across namespaces
    ok 1 - numeric binding 1 is not rejected across namespaces
      ---
      duration_ms: 1.414757
      ...
    # Subtest: numeric binding 2 is not rejected across namespaces
    ok 2 - numeric binding 2 is not rejected across namespaces
      ---
      duration_ms: 1.021754
      ...
    # Subtest: numeric binding 15 is not rejected across namespaces
    ok 3 - numeric binding 15 is not rejected across namespaces
      ---
      duration_ms: 1.101634
      ...
    # Subtest: arbitrary non-empty receipt labels cannot become VERIFIED
    ok 4 - arbitrary non-empty receipt labels cannot become VERIFIED
      ---
      duration_ms: 1.348827
      ...
    # Subtest: VERIFIED requires the actual independent Operator freeze file
    ok 5 - VERIFIED requires the actual independent Operator freeze file
      ---
      duration_ms: 3.63136
      ...
    # Subtest: exact Operator freeze bytes and tuple can be VERIFIED
    ok 6 - exact Operator freeze bytes and tuple can be VERIFIED
      ---
      duration_ms: 4.084194
      ...
    # Subtest: Operator freeze byte digest drift fails closed
    ok 7 - Operator freeze byte digest drift fails closed
      ---
      duration_ms: 1.623178
      ...
    # Subtest: Operator freeze source reference drift fails closed
    ok 8 - Operator freeze source reference drift fails closed
      ---
      duration_ms: 1.848796
      ...
    # Subtest: Operator freeze tuple drift fails closed
    ok 9 - Operator freeze tuple drift fails closed
      ---
      duration_ms: 1.870781
      ...
    # Subtest: UNVERIFIED binding cannot carry pseudo-source evidence
    ok 10 - UNVERIFIED binding cannot carry pseudo-source evidence
      ---
      duration_ms: 1.127235
      ...
    # Subtest: provider binding evidence tuple drift
    ok 11 - provider binding evidence tuple drift
      ---
      duration_ms: 0.801511
      ...
    # Subtest: model drift
    ok 12 - model drift
      ---
      duration_ms: 0.864106
      ...
    # Subtest: binding epoch drift
    ok 13 - binding epoch drift
      ---
      duration_ms: 0.747724
      ...
    # Subtest: API source contract drift
    ok 14 - API source contract drift
      ---
      duration_ms: 1.027298
      ...
    1..14
ok 9 - binding identity is platform-operator fenced and independent freeze evidence fails closed
  ---
  duration_ms: 25.69583
  ...
# Subtest: freeze is stable across release roots and binds source, payload, CA, evidence, and policy without runtime entropy
ok 10 - freeze is stable across release roots and binds source, payload, CA, evidence, and policy without runtime entropy
  ---
  duration_ms: 27.241132
  ...
# Subtest: freeze binds verified independent Operator evidence without persisting its private path
ok 11 - freeze binds verified independent Operator evidence without persisting its private path
  ---
  duration_ms: 13.587829
  ...
# Subtest: readback accepts one exact live registration/presence pair and fails closed on drift
ok 12 - readback accepts one exact live registration/presence pair and fails closed on drift
  ---
  duration_ms: 20.766647
  ...
# Subtest: freeze rejects installer and payload drift
    # Subtest: installer drift
    ok 1 - installer drift
      ---
      duration_ms: 4.931443
      ...
    # Subtest: payload drift
    ok 2 - payload drift
      ---
      duration_ms: 1.570557
      ...
    1..2
ok 13 - freeze rejects installer and payload drift
  ---
  duration_ms: 18.364477
  ...
# Subtest: test modes require one explicit private fixture boundary before any operational path
    # Subtest: installer rejects missing CODEX_WS_AGENT_TEST_FIXTURE_ROOT
    ok 1 - installer rejects missing CODEX_WS_AGENT_TEST_FIXTURE_ROOT
      ---
      duration_ms: 9.064084
      ...
    # Subtest: installer rejects missing CODEX_WS_AGENT_TEST_APP_HOME
    ok 2 - installer rejects missing CODEX_WS_AGENT_TEST_APP_HOME
      ---
      duration_ms: 18.159614
      ...
    # Subtest: installer rejects missing CODEX_WS_AGENT_TEST_INSTANCE_ROOT
    ok 3 - installer rejects missing CODEX_WS_AGENT_TEST_INSTANCE_ROOT
      ---
      duration_ms: 20.908866
      ...
    # Subtest: installer rejects missing CODEX_WS_AGENT_TEST_SYSTEMD_DIR
    ok 4 - installer rejects missing CODEX_WS_AGENT_TEST_SYSTEMD_DIR
      ---
      duration_ms: 20.052024
      ...
    # Subtest: installer rejects missing CODEX_WS_AGENT_TEST_BIN_DIR
    ok 5 - installer rejects missing CODEX_WS_AGENT_TEST_BIN_DIR
      ---
      duration_ms: 21.863099
      ...
    # Subtest: installer rejects missing CODEX_WS_AGENT_TEST_SYSTEMCTL
    ok 6 - installer rejects missing CODEX_WS_AGENT_TEST_SYSTEMCTL
      ---
      duration_ms: 30.557138
      ...
    # Subtest: installer rejects missing CODEX_WS_AGENT_TEST_NODE_BIN
    ok 7 - installer rejects missing CODEX_WS_AGENT_TEST_NODE_BIN
      ---
      duration_ms: 40.768955
      ...
    # Subtest: installer rejects missing CODEX_WS_AGENT_TEST_NPM_BIN
    ok 8 - installer rejects missing CODEX_WS_AGENT_TEST_NPM_BIN
      ---
      duration_ms: 34.200953
      ...
    # Subtest: installer rejects missing CODEX_WS_AGENT_TEST_PYTHON_BIN
    ok 9 - installer rejects missing CODEX_WS_AGENT_TEST_PYTHON_BIN
      ---
      duration_ms: 34.673922
      ...
    # Subtest: installer rejects missing HOME
    ok 10 - installer rejects missing HOME
      ---
      duration_ms: 25.552527
      ...
    # Subtest: installer rejects missing TMPDIR
    ok 11 - installer rejects missing TMPDIR
      ---
      duration_ms: 24.426842
      ...
    # Subtest: installer rejects missing XDG_CACHE_HOME
    ok 12 - installer rejects missing XDG_CACHE_HOME
      ---
      duration_ms: 25.042636
      ...
    # Subtest: installer rejects missing XDG_CONFIG_HOME
    ok 13 - installer rejects missing XDG_CONFIG_HOME
      ---
      duration_ms: 26.415104
      ...
    # Subtest: installer rejects missing XDG_STATE_HOME
    ok 14 - installer rejects missing XDG_STATE_HOME
      ---
      duration_ms: 34.068671
      ...
    # Subtest: installer rejects missing NPM_CONFIG_CACHE
    ok 15 - installer rejects missing NPM_CONFIG_CACHE
      ---
      duration_ms: 29.31082
      ...
    # Subtest: launcher rejects missing CODEX_WS_AGENT_TEST_FIXTURE_ROOT
    ok 16 - launcher rejects missing CODEX_WS_AGENT_TEST_FIXTURE_ROOT
      ---
      duration_ms: 3.794645
      ...
    # Subtest: launcher rejects missing CODEX_WS_AGENT_DEFAULT_APP_HOME
    ok 17 - launcher rejects missing CODEX_WS_AGENT_DEFAULT_APP_HOME
      ---
      duration_ms: 13.471576
      ...
    # Subtest: launcher rejects missing CODEX_WS_AGENT_INSTANCE_ROOT
    ok 18 - launcher rejects missing CODEX_WS_AGENT_INSTANCE_ROOT
      ---
      duration_ms: 14.838177
      ...
    # Subtest: launcher rejects missing CODEX_WS_AGENT_SYSTEMD_DIR
    ok 19 - launcher rejects missing CODEX_WS_AGENT_SYSTEMD_DIR
      ---
      duration_ms: 19.904705
      ...
    # Subtest: launcher rejects missing CODEX_WS_AGENT_PROC_ROOT
    ok 20 - launcher rejects missing CODEX_WS_AGENT_PROC_ROOT
      ---
      duration_ms: 17.31262
      ...
    # Subtest: launcher rejects missing CODEX_WS_AGENT_SYSTEMCTL
    ok 21 - launcher rejects missing CODEX_WS_AGENT_SYSTEMCTL
      ---
      duration_ms: 24.412434
      ...
    # Subtest: launcher rejects missing CODEX_WS_AGENT_NODE_BIN
    ok 22 - launcher rejects missing CODEX_WS_AGENT_NODE_BIN
      ---
      duration_ms: 25.733928
      ...
    # Subtest: launcher rejects missing HOME
    ok 23 - launcher rejects missing HOME
      ---
      duration_ms: 23.862194
      ...
    # Subtest: launcher rejects missing TMPDIR
    ok 24 - launcher rejects missing TMPDIR
      ---
      duration_ms: 20.566089
      ...
    # Subtest: launcher rejects missing XDG_CACHE_HOME
    ok 25 - launcher rejects missing XDG_CACHE_HOME
      ---
      duration_ms: 21.987576
      ...
    # Subtest: launcher rejects missing XDG_CONFIG_HOME
    ok 26 - launcher rejects missing XDG_CONFIG_HOME
      ---
      duration_ms: 22.255179
      ...
    # Subtest: launcher rejects missing XDG_STATE_HOME
    ok 27 - launcher rejects missing XDG_STATE_HOME
      ---
      duration_ms: 28.93463
      ...
    1..27
ok 14 - test modes require one explicit private fixture boundary before any operational path
  ---
  duration_ms: 832.266907
  ...
# Subtest: two explicit instances install isolated roots and preserve the fixed 55-file release proof
ok 15 - two explicit instances install isolated roots and preserve the fixed 55-file release proof
  ---
  duration_ms: 1990.016975
  ...
# Subtest: instance installer rejects unsafe names and symlinked roots before target mutation
    # Subtest: ../escape
    ok 1 - ../escape
      ---
      duration_ms: 10.338417
      ...
    # Subtest: a/b
    ok 2 - a/b
      ---
      duration_ms: 9.255852
      ...
    # Subtest: a.service
    ok 3 - a.service
      ---
      duration_ms: 9.039499
      ...
    # Subtest: a@b
    ok 4 - a@b
      ---
      duration_ms: 8.853902
      ...
    # Subtest: -leading
    ok 5 - -leading
      ---
      duration_ms: 8.796901
      ...
    # Subtest: trailing-
    ok 6 - trailing-
      ---
      duration_ms: 10.654588
      ...
    # Subtest: UPPER
    ok 7 - UPPER
      ---
      duration_ms: 15.698445
      ...
    # Subtest: a;touch-x
    ok 8 - a;touch-x
      ---
      duration_ms: 9.100205
      ...
    # Subtest: empty
    ok 9 - empty
      ---
      duration_ms: 8.914349
      ...
    1..9
ok 16 - instance installer rejects unsafe names and symlinked roots before target mutation
  ---
  duration_ms: 115.140256
  ...
# Subtest: reinstall preserves private config/state and activation failure restores the prior current release
ok 17 - reinstall preserves private config/state and activation failure restores the prior current release
  ---
  duration_ms: 2888.684148
  ...
# Subtest: instance launcher binds the selected unit/root and refuses a foreign MainPID without stop
ok 18 - instance launcher binds the selected unit/root and refuses a foreign MainPID without stop
  ---
  duration_ms: 1100.74907
  ...
# Subtest: systemd template and launcher source contain no instance shell interpolation or tmux fallback
ok 19 - systemd template and launcher source contain no instance shell interpolation or tmux fallback
  ---
  duration_ms: 0.511717
  ...
1..19
# tests 76
# suites 0
# pass 75
# fail 0
# cancelled 0
# skipped 1
# todo 0
# duration_ms 8221.929914
