GRADLE_LOCK_ACQUIRED task=EXECUTION-HISTORY-BROWSER-20261008 pid=758505
To honour the JVM settings for this build a single-use Daemon process will be forked. For more on this, please refer to https://docs.gradle.org/9.3.1/userguide/gradle_daemon.html#sec:disabling_the_daemon in the Gradle documentation.
Daemon will be stopped at the end of the build 
> Task :plugin:jia-gradle-plugin:compileJava UP-TO-DATE
> Task :plugin:jia-gradle-plugin:pluginDescriptors UP-TO-DATE
> Task :plugin:jia-gradle-plugin:processResources UP-TO-DATE
> Task :plugin:jia-gradle-plugin:classes UP-TO-DATE
> Task :plugin:jia-gradle-plugin:jar UP-TO-DATE
> Task :common:jia-common-core:compileJava UP-TO-DATE
> Task :agent:jia-agent-core:compileJava UP-TO-DATE
> Task :common:jia-common-api:compileJava UP-TO-DATE
> Task :agent:jia-agent-api:compileJava UP-TO-DATE
> Task :agent:jia-agent-api:processResources NO-SOURCE
> Task :agent:jia-agent-api:classes UP-TO-DATE
> Task :agent:jia-agent-api:jar UP-TO-DATE
> Task :agent:jia-agent-core:processResources NO-SOURCE
> Task :agent:jia-agent-core:classes UP-TO-DATE
> Task :agent:jia-agent-core:jar UP-TO-DATE
> Task :common:jia-common-mapper:compileJava UP-TO-DATE
> Task :agent:jia-agent-mapper:compileJava UP-TO-DATE
> Task :agent:jia-agent-mapper:processResources UP-TO-DATE
> Task :agent:jia-agent-mapper:classes UP-TO-DATE
> Task :agent:jia-agent-mapper:jar UP-TO-DATE
> Task :chat:jia-chat-core:compileJava UP-TO-DATE
> Task :chat:jia-chat-api:compileJava UP-TO-DATE
> Task :common:jia-common-core:processResources UP-TO-DATE
> Task :common:jia-common-core:classes UP-TO-DATE
> Task :common:jia-common-core:jar UP-TO-DATE
> Task :common:jia-common-service:compileJava UP-TO-DATE
> Task :economy:jia-economy-core:compileJava UP-TO-DATE
> Task :economy:jia-economy-api:compileJava UP-TO-DATE
> Task :economy:jia-economy-mapper:compileJava UP-TO-DATE
> Task :economy:jia-economy-service:compileJava UP-TO-DATE
> Task :oauth:jia-oauth-core:compileJava UP-TO-DATE
> Task :oauth:jia-oauth-api:compileJava UP-TO-DATE
> Task :task:jia-task-core:compileJava UP-TO-DATE
> Task :task:jia-task-api:compileJava UP-TO-DATE
> Task :user:jia-user-core:compileJava UP-TO-DATE
> Task :user:jia-user-api:compileJava UP-TO-DATE
> Task :agent:jia-agent-service:compileJava UP-TO-DATE
> Task :agent:jia-agent-service:processResources UP-TO-DATE
> Task :agent:jia-agent-service:classes UP-TO-DATE
> Task :agent:jia-agent-service:compileExecutionHistoryHttpJava UP-TO-DATE
> Task :agent:jia-agent-service:processExecutionHistoryHttpResources NO-SOURCE
> Task :agent:jia-agent-service:executionHistoryHttpClasses UP-TO-DATE
> Task :chat:jia-chat-api:processResources NO-SOURCE
> Task :chat:jia-chat-api:classes UP-TO-DATE
> Task :chat:jia-chat-api:jar UP-TO-DATE
> Task :chat:jia-chat-core:processResources NO-SOURCE
> Task :chat:jia-chat-core:classes UP-TO-DATE
> Task :chat:jia-chat-core:jar UP-TO-DATE
> Task :common:jia-common-api:processResources NO-SOURCE
> Task :common:jia-common-api:classes UP-TO-DATE
> Task :common:jia-common-api:jar UP-TO-DATE
> Task :common:jia-common-mapper:processResources NO-SOURCE
> Task :common:jia-common-mapper:classes UP-TO-DATE
> Task :common:jia-common-mapper:jar UP-TO-DATE
> Task :common:jia-common-service:processResources UP-TO-DATE
> Task :common:jia-common-service:classes UP-TO-DATE
> Task :common:jia-common-service:jar UP-TO-DATE
> Task :economy:jia-economy-api:processResources NO-SOURCE
> Task :economy:jia-economy-api:classes UP-TO-DATE
> Task :economy:jia-economy-api:jar UP-TO-DATE
> Task :economy:jia-economy-core:processResources NO-SOURCE
> Task :economy:jia-economy-core:classes UP-TO-DATE
> Task :economy:jia-economy-core:jar UP-TO-DATE
> Task :economy:jia-economy-mapper:processResources UP-TO-DATE
> Task :economy:jia-economy-mapper:classes UP-TO-DATE
> Task :economy:jia-economy-mapper:jar UP-TO-DATE
> Task :economy:jia-economy-service:processResources UP-TO-DATE
> Task :economy:jia-economy-service:classes UP-TO-DATE
> Task :economy:jia-economy-service:jar UP-TO-DATE
> Task :oauth:jia-oauth-api:processResources NO-SOURCE
> Task :oauth:jia-oauth-api:classes UP-TO-DATE
> Task :oauth:jia-oauth-api:jar UP-TO-DATE
> Task :oauth:jia-oauth-core:processResources NO-SOURCE
> Task :oauth:jia-oauth-core:classes UP-TO-DATE
> Task :oauth:jia-oauth-core:jar UP-TO-DATE
> Task :task:jia-task-api:processResources NO-SOURCE
> Task :task:jia-task-api:classes UP-TO-DATE
> Task :task:jia-task-api:jar UP-TO-DATE
> Task :task:jia-task-core:processResources NO-SOURCE
> Task :task:jia-task-core:classes UP-TO-DATE
> Task :task:jia-task-core:jar UP-TO-DATE
> Task :user:jia-user-api:processResources NO-SOURCE
> Task :user:jia-user-api:classes UP-TO-DATE
> Task :user:jia-user-api:jar UP-TO-DATE
> Task :user:jia-user-core:processResources NO-SOURCE
> Task :user:jia-user-core:classes UP-TO-DATE
> Task :user:jia-user-core:jar UP-TO-DATE

> Task :agent:jia-agent-service:executionHistoryHttp

ExecutionHistoryHttpContractTest > realHttpMySqlAndFrontendShareOneContract() STANDARD_ERROR
    2026-10-08T15:13:55.660216834Z Test worker ERROR Log4j API could not find a logging provider.
    SLF4J(W): No SLF4J providers were found.
    SLF4J(W): Defaulting to no-operation (NOP) logger implementation
    SLF4J(W): See https://www.slf4j.org/codes.html#noProviders for further details.
    Oct 08, 2026 11:14:00 PM org.apache.coyote.AbstractProtocol init
    INFO: Initializing ProtocolHandler ["http-nio-127.0.0.1-auto-1"]
    Oct 08, 2026 11:14:00 PM org.apache.catalina.core.StandardService startInternal
    INFO: Starting service [Tomcat]
    Oct 08, 2026 11:14:00 PM org.apache.catalina.core.StandardEngine startInternal
    INFO: Starting Servlet engine: [Apache Tomcat/11.0.15]
    Oct 08, 2026 11:14:00 PM org.apache.catalina.core.ApplicationContext log
    INFO: Initializing Spring DispatcherServlet 'dispatcher'
    Oct 08, 2026 11:14:00 PM org.apache.coyote.AbstractProtocol start
    INFO: Starting ProtocolHandler ["http-nio-127.0.0.1-auto-1-33821"]

ExecutionHistoryHttpContractTest > realHttpMySqlAndFrontendShareOneContract() STANDARD_OUT
    FRONTEND_HTTP {"browser":{"status":"PASS","checks":["desktop:first-page-20","desktop:append-21-no-duplicates","desktop:last-page-hides-load-more","desktop:refresh-operable","desktop:identity-clears-synchronously","desktop:previous-rows-cleared","desktop:empty-not-error","desktop:503-not-empty","desktop:no-unexpected-operation","mobile:first-page-20","mobile:append-21-no-duplicates","mobile:last-page-hides-load-more","mobile:refresh-operable","mobile:identity-clears-synchronously","mobile:previous-rows-cleared","mobile:empty-not-error","mobile:503-not-empty","mobile:no-unexpected-operation","landscape:first-page-20","landscape:append-21-no-duplicates","landscape:last-page-hides-load-more","landscape:refresh-operable","landscape:identity-clears-synchronously","landscape:previous-rows-cleared","landscape:empty-not-error","landscape:503-not-empty","landscape:no-unexpected-operation","real-history-transport-only","real-503-observed"],"requests":[{"path":"/agent/personal-workspace/executions?limit=20","method":"GET","status":200,"cache":"private, no-store"},{"path":"/agent/personal-workspace/executions?limit=20&beforeCreatedAt=1789999981000&beforeExecutionId=pwe_contract_02","method":"GET","status":200,"cache":"private, no-store"},{"path":"/agent/personal-workspace/executions?limit=20","method":"GET","status":200,"cache":"private, no-store"},{"path":"/agent/personal-workspace/executions?limit=20","method":"GET","status":200,"cache":"private, no-store"},{"path":"/agent/personal-workspace/executions?limit=20","method":"GET","status":503,"cache":"private, no-store"},{"path":"/agent/personal-workspace/executions?limit=20","method":"GET","status":200,"cache":"private, no-store"},{"path":"/agent/personal-workspace/executions?limit=20&beforeCreatedAt=1789999981000&beforeExecutionId=pwe_contract_02","method":"GET","status":200,"cache":"private, no-store"},{"path":"/agent/personal-workspace/executions?limit=20","method":"GET","status":200,"cache":"private, no-store"},{"path":"/agent/personal-workspace/executions?limit=20","method":"GET","status":200,"cache":"private, no-store"},{"path":"/agent/personal-workspace/executions?limit=20","method":"GET","status":503,"cache":"private, no-store"},{"path":"/agent/personal-workspace/executions?limit=20","method":"GET","status":200,"cache":"private, no-store"},{"path":"/agent/personal-workspace/executions?limit=20&beforeCreatedAt=1789999981000&beforeExecutionId=pwe_contract_02","method":"GET","status":200,"cache":"private, no-store"},{"path":"/agent/personal-workspace/executions?limit=20","method":"GET","status":200,"cache":"private, no-store"},{"path":"/agent/personal-workspace/executions?limit=20","method":"GET","status":200,"cache":"private, no-store"},{"path":"/agent/personal-workspace/executions?limit=20","method":"GET","status":503,"cache":"private, no-store"}],"screenshots":{"browser-desktop.png":"e02392437413d29fd0f48e6817a450617cfb3b97ad3b2ceccad61ced5069651f","browser-mobile.png":"ee5b8a6b61e8c743e051dfee3fe9b8e8ff31041264c2777f5c6aad2b3d8baf49","browser-landscape.png":"b4ac8badf67187f7520cbce67036894d233a46f60900d16f84e2e1348c936f5f"},"limitations":["Synthetic auth and standalone production component, not full Hall/OAuth","Ancillary files/roster/capabilities injected; initial exact-execution recovery excluded","No frontend formal Flow or deployment"]},"status":"PASS","layer":"Vue-consumer_createApi_useHttp_fetch_JavaJWT_Controller_Service_MyBatis_MySQL","assertions":17,"requests":8,"statuses":[200,200,200,200,200,200,503,400],"fixtureSha256":"155716096768978ee49483389fd89bd0fe5907036c07c1790907ddf3f7d3a7ad","webCommit":"75766a3b78c2e552ef448e924a813ed2dfc7ecd4","limitations":["Synthetic signed identities, not production OAuth login","Vue state exercised in Node, not rendered browser UI","No deployment or formal frontend Flow"]}

ExecutionHistoryHttpContractTest > realHttpMySqlAndFrontendShareOneContract() STANDARD_ERROR
    Oct 08, 2026 11:14:32 PM org.apache.coyote.AbstractProtocol pause
    INFO: Pausing ProtocolHandler ["http-nio-127.0.0.1-auto-1-33821"]
    Oct 08, 2026 11:14:32 PM org.apache.catalina.core.StandardService stopInternal
    INFO: Stopping service [Tomcat]
    Oct 08, 2026 11:14:32 PM org.apache.catalina.core.ApplicationContext log
    INFO: Destroying Spring FrameworkServlet 'dispatcher'
    Oct 08, 2026 11:14:32 PM org.apache.catalina.loader.WebappClassLoaderBase checkThreadLocalsForLeaks
    WARNING: You need to add "--add-opens=java.base/java.lang=ALL-UNNAMED" to the JVM command line arguments to enable ThreadLocal memory leak detection. Alternatively, you can suppress this warning by disabling ThreadLocal memory leak detection.
    Oct 08, 2026 11:14:32 PM org.apache.catalina.loader.WebappClassLoaderBase clearReferencesRmiTargets
    WARNING: You need to add "--add-opens=java.rmi/sun.rmi.transport=ALL-UNNAMED" to the JVM command line arguments to enable RMI Target memory leak detection. Alternatively, you can suppress this warning by disabling RMI Target memory leak detection.
    Oct 08, 2026 11:14:32 PM org.apache.coyote.AbstractProtocol stop
    INFO: Stopping ProtocolHandler ["http-nio-127.0.0.1-auto-1-33821"]
    Oct 08, 2026 11:14:32 PM org.apache.coyote.AbstractProtocol destroy
    INFO: Destroying ProtocolHandler ["http-nio-127.0.0.1-auto-1-33821"]

ExecutionHistoryHttpContractTest > realHttpMySqlAndFrontendShareOneContract() PASSED

> Task :validateLayering

[Incubating] Problems report is available at: file:///var/tmp/cyf-execution-history-check/build/661f6ab0599427889b3bd6fde66aa172c791057c/jia/_root/reports/problems/problems-report.html

Deprecated Gradle features were used in this build, making it incompatible with Gradle 10.

You can use '--warning-mode all' to show the individual deprecation warnings and determine if they come from your own scripts or plugins.

For more on this, please refer to https://docs.gradle.org/9.3.1/userguide/command_line_interface.html#sec:command_line_warnings in the Gradle documentation.

BUILD SUCCESSFUL in 1m 37s
52 actionable tasks: 2 executed, 50 up-to-date
Consider enabling configuration cache to speed up this build: https://docs.gradle.org/9.3.1/userguide/configuration_cache_enabling.html
RESOURCE_OBSERVATION {"admission_gate": "disabled_by_user_2026-08-28", "disk_available_bytes": 2256257024, "gradle_label": "standard", "inode_available": 2256796, "mem_available_bytes": 1813262336, "swap_free_bytes": 1310474240, "telemetry_errors": []}
EVIDENCE_STORED key=a4910e985812b3b106f0bff57a61620b3e43d16d2fbf6588a46717d8341b4a8e reusable=true
