

  ✔ reads every page through a fixed bound without storage (55ms)
  ✔ rescans from zero for a late low ordinal without deleting the already verified page
  ✔ drops a delayed read after identity, target, or generation fencing without a write
  ✔ rejects a mismatched continuation cursor and independently advances a step while request state is unchanged
  ✔ accepts the frozen nullable execution link union and rejects foreign or incomplete bound TurnView data
  typed natural deliberation frozen wire
    ✔ copies the frozen fixture byte-exact and emits only the exact ten-key discussion body
    ✔ accepts only exact six-key selected workspace versions as optional available references
    ✔ rejects noncanonical long values, C0/C1 controls, and malformed nullable lineage
    ✔ accepts the golden receipt without coercing its cursor above Number.MAX_SAFE_INTEGER
    ✔ accepts all frozen typed views and rejects a foreign scope or unknown union key

  typed natural discussion interaction adapter
    ✔ posts exact DISCUSSION then only reads the typed projection; selected OPEN reply posts a new CHAT CAS body (56ms)
    ✔ discovers a proposal from a catalog request and only routes explicit confirmation to the existing v3 adapter
    ✔ persists an unknown original key and only re-POSTs that same key after explicit resume
    ✔ fences a delayed typed read after identity/context invalidation and never writes during read recovery

  actual JuyiHall typed natural follow-up routing
    ✔ routes the one bounty composer through typed DISCUSSION only when the strict default-off flag is enabled
    ✔ uses actual page proposal callback to enter existing preview preparation, never issue/admit directly
    ✔ binds a real durable final event only to authoritative typed GET readback

  bounty request catalog contract
    ✔ merges two pages without confusing request state and step state versions
    ✔ rejects unsafe pagination and scope drift

  actual JuyiHall F1 follow-up handlers
    ✔ routes explicit composer GENERATE and output-card EDIT only to the Hall follow-up composable
    ✔ does not route explicit F1 controls when their default-off flag is disabled
    ✔ uses the actual F1 admitted callback only as a catalog read hint, never a synthetic result

  Hall F1 original-key recovery
    ✔ recovers an ACK-lost final only through issue/final GETs and never POSTs
    ✔ treats 404 original-key recovery as unknown with zero POST and no fresh key

  Hall F1 follow-up schema-3 route
    ✔ runs context → preview → explicit acknowledgement → issue → final with exact fresh authority
    ✔ accepts the controlled descriptor grammar for slash-bearing binding and model names
    ✔ counts 4,000 Unicode code points rather than UTF-16 units
    ✔ rejects all ISO control characters before any preview POST
    ✔ uses distinct secure getRandomValues keys and refuses to POST when secure entropy is absent
    ✔ forms EDIT only with nested assetRef and exact producer request/step
    ✔ fences a late context response before preview and emits zero POSTs


  31 passing (187ms)

