[Vue warn]: resolveComponent can only be used in render() or setup().
[Vue warn]: resolveComponent can only be used in render() or setup().
{
  "worktree": "/home/isp/wsps/cyf/.worktrees/juyiting-multimedia-deliberation-20260928/web-typed-natural-followup-owner-v1-20261001",
  "results": [
    {
      "name": "real JuyiHall template passes typed refs as values not RefImpl",
      "pass": false,
      "error": "typed-outcomes=RefImpl; Vue Array prop broken"
    },
    {
      "name": "actual BountyDiscussionPanel forwards selected reference payload",
      "pass": false,
      "error": "actual forwarded args=[[\"send-message\"]]; selected references dropped"
    },
    {
      "name": "out-of-order OPEN read cannot reopen ANSWERED question",
      "pass": false,
      "error": "after new ANSWERED then late OPEN state=OPEN"
    },
    {
      "name": "ANSWERED read invalidates selected pending question before send",
      "pass": false,
      "error": "selected={\"parentOutcomeId\":\"outcome-1\",\"expectedParentStateVersion\":\"0\",\"pendingQuestionId\":\"pending-1\",\"expectedPendingQuestionStateVersion\":\"0\",\"question\":\"请补充颜色\"}; already answered question remains reply target"
    },
    {
      "name": "GET outcome cannot accept mismatched task/assignment into current scope",
      "pass": false,
      "error": "foreign task/assignment accepted cards=1"
    },
    {
      "name": "proposal with selected TASK_LINKED reference remains displayable",
      "pass": false,
      "error": "GEN with reference discarded by parser"
    }
  ],
  "passed": 0,
  "failed": 6,
  "scope": "actual production Web composable and template/emit expressions; no browser/Provider/API runtime"
}
