
> cyf-web-kit@1.0.1 build
> vite build

vite v6.4.3 building for production...
transforming...
✓ 1300 modules transformed.
rendering chunks...
[plugin vite:reporter] 
(!) D:/workspace/chaoyoufan/project/mmd-ui-input-20261004/src/stores/api.js is dynamically imported by D:/workspace/chaoyoufan/project/mmd-ui-input-20261004/src/composables/useHttp.js but also statically imported by D:/workspace/chaoyoufan/project/mmd-ui-input-20261004/src/components/CommandObservability.vue, D:/workspace/chaoyoufan/project/mmd-ui-input-20261004/src/components/OAuthCallback.vue, D:/workspace/chaoyoufan/project/mmd-ui-input-20261004/src/components/ShortLink.vue, D:/workspace/chaoyoufan/project/mmd-ui-input-20261004/src/components/UserProfile.vue, D:/workspace/chaoyoufan/project/mmd-ui-input-20261004/src/components/chat/Chat.vue, D:/workspace/chaoyoufan/project/mmd-ui-input-20261004/src/components/juyiting/HostingRentPanel.vue, D:/workspace/chaoyoufan/project/mmd-ui-input-20261004/src/components/workspace/PersonalWorkspace.vue, D:/workspace/chaoyoufan/project/mmd-ui-input-20261004/src/components/world/JuyiHall.vue, D:/workspace/chaoyoufan/project/mmd-ui-input-20261004/src/composables/useAccountSecuritySession.js, D:/workspace/chaoyoufan/project/mmd-ui-input-20261004/src/composables/useCommandObservability.js, D:/workspace/chaoyoufan/project/mmd-ui-input-20261004/src/composables/useEconomyReadOnlyPreview.js, D:/workspace/chaoyoufan/project/mmd-ui-input-20261004/src/stores/message.js, dynamic import will not move module into another chunk.

dist/index.html                                             2.95 kB
dist/static/iconfont-Dab3Vv1y.svg                          13.09 kB
dist/static/liangshan-hall-physical-bg-v1-ZLsp6lX5.png  2,484.98 kB
dist/static/HelloWorld-CtKlkw62.css                         0.20 kB
dist/static/ShortLink-DTVG6Zhj.css                          1.11 kB
dist/static/HelpCenter-DtzSqkbO.css                         1.54 kB
dist/static/MessageCenter-BZ1wjtFF.css                      1.70 kB
dist/static/Wallet-CAQL3J5a.css                             2.15 kB
dist/static/CommandObservability-BfSgtyhV.css               2.24 kB
dist/static/TaskAdd-BsF6HKIs.css                            2.36 kB
dist/static/TaskList-XuYoM42j.css                           2.47 kB
dist/static/TaskHistory-bZwLmcgy.css                        2.47 kB
dist/static/VoteTick-CkQcmONc.css                           2.64 kB
dist/static/SideMenu-B72ig6wy.css                           3.22 kB
dist/static/EconomyReadOnlyPreview-C9A2eJ1N.css             3.49 kB
dist/static/SkillMarketRoute-TDyXHJPc.css                   3.56 kB
dist/static/GiftList-DpvzGlt7.css                           3.67 kB
dist/static/OrderList-Cn8Fequu.css                          4.15 kB
dist/static/GiftPay-BMpaRHM2.css                            4.52 kB
dist/static/Phrase-BL62gJC9.css                             5.06 kB
dist/static/UserProfile-Dr71YvSQ.css                        5.53 kB
dist/static/TaskIndex-CI6K3SrS.css                          6.85 kB
dist/static/WxMpManager-7lGqN0jc.css                       14.47 kB
dist/static/Chat-OGbaZ8vL.css                              21.57 kB
dist/static/JuyiHallEntry-CLLAlk2P.css                    300.42 kB
dist/static/index-BHbyMvK0.css                            313.74 kB
dist/static/dayjs.min-BwYoZYzd.js                           0.09 kB
dist/static/browser-D48O3wlL.js                             0.09 kB
dist/static/silverAmount-CIfY9JHl.js                        0.52 kB
dist/static/authenticatedSse-YNWolkFT.js                    1.40 kB
dist/static/displayName-BDBlXODb.js                         1.51 kB
dist/static/HelloWorld-BKDqhK64.js                          1.57 kB
dist/static/VoteTick-G-bEnKv-.js                            2.15 kB
dist/static/SideMenu-Dz-XMFec.js                            2.43 kB
dist/static/GiftList--tocNV1R.js                            2.95 kB
dist/static/commandObservabilityApi-BtNXHhxc.js             3.06 kB
dist/static/MessageCenter-BgN4lISy.js                       3.11 kB
dist/static/Wallet-D18aJVIn.js                              3.13 kB
dist/static/TaskHistory-BJB-Wdhc.js                         3.39 kB
dist/static/OrderList-BHU3rV1n.js                           3.60 kB
dist/static/TaskList-DSWJ8S9p.js                            4.10 kB
dist/static/HelpCenter-BvsMZ6BT.js                          4.34 kB
dist/static/message-EBMiW0Nu.js                             4.41 kB
dist/static/ShortLink-TG3zWPwD.js                           5.28 kB
dist/static/GiftPay-B47YO4Nt.js                             6.34 kB
dist/static/TaskAdd-l2rThPgN.js                             7.01 kB
dist/static/Phrase-CrcwUYI0.js                              8.45 kB
dist/static/UserProfile-CrleicYD.js                        10.15 kB
dist/static/TaskIndex-DFwUZpRU.js                          10.72 kB
dist/static/CommandObservability-CQE39BZc.js               12.40 kB
dist/static/WxMpManager-mv6G_FWX.js                        22.16 kB
dist/static/EconomyReadOnlyPreview-DSnxqWAB.js             24.35 kB
dist/static/Chat-DJuk-2mq.js                               32.11 kB
dist/static/SkillMarketRoute-DzWRvxL4.js                   32.15 kB
dist/static/utilities-Bfwxx0e4.js                          54.91 kB
dist/static/markdown-BYkaR4-P.js                           67.56 kB
dist/static/vue-CS0jhAOA.js                               106.99 kB
dist/static/index-XcVwKnlK.js                             135.99 kB
dist/static/melonjs-BMpbBCxZ.js                           311.16 kB
dist/static/ui-CKW_F8y0.js                                518.06 kB
dist/static/JuyiHallEntry-DnOxBrnc.js                   1,262.17 kB

(!) Some chunks are larger than 650 kB after minification. Consider:
- Using dynamic import() to code-split the application
- Use build.rollupOptions.output.manualChunks to improve chunking: https://rollupjs.org/configuration-options/#output-manualchunks
- Adjust chunk size limit for this warning via build.chunkSizeWarningLimit.
✓ built in 17.80s
