{
  "worktree": "/home/isp/wsps/cyf/.worktrees/juyiting-multimedia-deliberation-20260928/web-typed-natural-main-verification-20261001",
  "scope": "actual production composable, no browser or runtime",
  "chosen": true,
  "selectedBefore": {
    "parentOutcomeId": "outcome-1",
    "expectedParentStateVersion": "0",
    "pendingQuestionId": "pending-1",
    "expectedPendingQuestionStateVersion": "0",
    "question": "请补充颜色"
  },
  "selectedAfter": {
    "parentOutcomeId": "outcome-1",
    "expectedParentStateVersion": "0",
    "pendingQuestionId": "pending-1",
    "expectedPendingQuestionStateVersion": "0",
    "question": "请补充颜色"
  },
  "submitted": true,
  "actualIntent": "CLARIFICATION_REPLY",
  "posts": [
    {
      "path": "/conversations/7/interactions/discussion",
      "body": {
        "schemaVersion": 1,
        "intent": "CLARIFICATION_REPLY",
        "taskId": "task-1",
        "expectedAssignmentRevision": "4",
        "content": "请画一只蓝色小鸟。",
        "parentOutcomeId": "outcome-1",
        "expectedParentStateVersion": "0",
        "pendingQuestionId": "pending-1",
        "expectedPendingQuestionStateVersion": "0",
        "sourceSelectors": []
      }
    }
  ],
  "checks": {
    "same_open_version_keeps_selected_pending": true,
    "submit_preserves_clarification_cas": true
  },
  "passed": true
}
