
/home/isp/wsps/cyf/.worktrees/juyiting-multimedia-deliberation-20260928/web-task-linked-references/src/components/world/JuyiHall.vue
    2:58   error    ':style' should be on a new line                                               vue/max-attributes-per-line
    2:85   error    ':class' should be on a new line                                               vue/max-attributes-per-line
    3:183  error    'aria-label' should be on a new line                                           vue/max-attributes-per-line
    7:84   error    ':data-workbench-tab' should be on a new line                                  vue/max-attributes-per-line
    7:116  error    ':aria-current' should be on a new line                                        vue/max-attributes-per-line
    7:183  error    '@click' should be on a new line                                               vue/max-attributes-per-line
   14:98   error    'aria-label' should be on a new line                                           vue/max-attributes-per-line
   14:116  error    '@click' should be on a new line                                               vue/max-attributes-per-line
   17:178  error    ':aria-hidden' should be on a new line                                         vue/max-attributes-per-line
   19:55   error    '@click' should be on a new line                                               vue/max-attributes-per-line
   21:83   error    ':aria-current' should be on a new line                                        vue/max-attributes-per-line
   21:150  error    '@click' should be on a new line                                               vue/max-attributes-per-line
   25:82   error    '@click' should be on a new line                                               vue/max-attributes-per-line
   27:97   error    'aria-label' should be on a new line                                           vue/max-attributes-per-line
   27:115  error    '@click' should be on a new line                                               vue/max-attributes-per-line
   28:79   error    ':aria-expanded' should be on a new line                                       vue/max-attributes-per-line
   28:114  error    '@click' should be on a new line                                               vue/max-attributes-per-line
   31:84   error    '@click' should be on a new line                                               vue/max-attributes-per-line
   37:129  error    ':aria-hidden' should be on a new line                                         vue/max-attributes-per-line
   42:113  error    '@click' should be on a new line                                               vue/max-attributes-per-line
   43:113  error    '@click' should be on a new line                                               vue/max-attributes-per-line
   45:86   error    '@click' should be on a new line                                               vue/max-attributes-per-line
   49:129  error    ':inert' should be on a new line                                               vue/max-attributes-per-line
   50:81   error    ':data-workbench-tab' should be on a new line                                  vue/max-attributes-per-line
   50:113  error    ':aria-label' should be on a new line                                          vue/max-attributes-per-line
   50:137  error    ':aria-current' should be on a new line                                        vue/max-attributes-per-line
   50:204  error    '@click' should be on a new line                                               vue/max-attributes-per-line
   55:7    warning  Attribute "v-show" should go before "unified-shell"                            vue/attributes-order
  119:35   warning  Attribute "v-show" should go before "ref"                                      vue/attributes-order
  121:1    error    Expected indentation of 6 spaces but found 4 spaces                            vue/html-indent
  122:1    error    Expected indentation of 8 spaces but found 6 spaces                            vue/html-indent
  123:1    error    Expected indentation of 8 spaces but found 6 spaces                            vue/html-indent
  124:1    error    Expected indentation of 8 spaces but found 6 spaces                            vue/html-indent
  125:1    error    Expected indentation of 8 spaces but found 6 spaces                            vue/html-indent
  125:7    warning  Attribute "v-show" should go before ":unified-shell"                           vue/attributes-order
  126:1    error    Expected indentation of 8 spaces but found 6 spaces                            vue/html-indent
  127:1    error    Expected indentation of 8 spaces but found 6 spaces                            vue/html-indent
  128:1    error    Expected indentation of 8 spaces but found 6 spaces                            vue/html-indent
  129:1    error    Expected indentation of 8 spaces but found 6 spaces                            vue/html-indent
  130:1    error    Expected indentation of 8 spaces but found 6 spaces                            vue/html-indent
  131:1    error    Expected indentation of 8 spaces but found 6 spaces                            vue/html-indent
  132:1    error    Expected indentation of 8 spaces but found 6 spaces                            vue/html-indent
  133:1    error    Expected indentation of 8 spaces but found 6 spaces                            vue/html-indent
  134:1    error    Expected indentation of 8 spaces but found 6 spaces                            vue/html-indent
  135:1    error    Expected indentation of 8 spaces but found 6 spaces                            vue/html-indent
  136:1    error    Expected indentation of 8 spaces but found 6 spaces                            vue/html-indent
  137:1    error    Expected indentation of 8 spaces but found 6 spaces                            vue/html-indent
  138:1    error    Expected indentation of 8 spaces but found 6 spaces                            vue/html-indent
  139:1    error    Expected indentation of 8 spaces but found 6 spaces                            vue/html-indent
  140:1    error    Expected indentation of 8 spaces but found 6 spaces                            vue/html-indent
  141:1    error    Expected indentation of 8 spaces but found 6 spaces                            vue/html-indent
  142:1    error    Expected indentation of 8 spaces but found 6 spaces                            vue/html-indent
  143:1    error    Expected indentation of 8 spaces but found 6 spaces                            vue/html-indent
  144:1    error    Expected indentation of 8 spaces but found 6 spaces                            vue/html-indent
  145:1    error    Expected indentation of 8 spaces but found 6 spaces                            vue/html-indent
  146:1    error    Expected indentation of 8 spaces but found 6 spaces                            vue/html-indent
  147:1    error    Expected indentation of 8 spaces but found 6 spaces                            vue/html-indent
  148:1    error    Expected indentation of 8 spaces but found 6 spaces                            vue/html-indent
  149:1    error    Expected indentation of 8 spaces but found 6 spaces                            vue/html-indent
  150:1    error    Expected indentation of 8 spaces but found 6 spaces                            vue/html-indent
  151:1    error    Expected indentation of 8 spaces but found 6 spaces                            vue/html-indent
  152:1    error    Expected indentation of 8 spaces but found 6 spaces                            vue/html-indent
  153:1    error    Expected indentation of 8 spaces but found 6 spaces                            vue/html-indent
  154:1    error    Expected indentation of 8 spaces but found 6 spaces                            vue/html-indent
  155:1    error    Expected indentation of 8 spaces but found 6 spaces                            vue/html-indent
  156:1    error    Expected indentation of 8 spaces but found 6 spaces                            vue/html-indent
  157:1    error    Expected indentation of 8 spaces but found 6 spaces                            vue/html-indent
  158:1    error    Expected indentation of 8 spaces but found 6 spaces                            vue/html-indent
  159:1    error    Expected indentation of 8 spaces but found 6 spaces                            vue/html-indent
  160:1    error    Expected indentation of 8 spaces but found 6 spaces                            vue/html-indent
  161:1    error    Expected indentation of 8 spaces but found 6 spaces                            vue/html-indent
  162:1    error    Expected indentation of 8 spaces but found 6 spaces                            vue/html-indent
  163:1    error    Expected indentation of 8 spaces but found 6 spaces                            vue/html-indent
  164:1    error    Expected indentation of 8 spaces but found 6 spaces                            vue/html-indent
  165:1    error    Expected indentation of 8 spaces but found 6 spaces                            vue/html-indent
  166:1    error    Expected indentation of 8 spaces but found 6 spaces                            vue/html-indent
  167:1    error    Expected indentation of 8 spaces but found 6 spaces                            vue/html-indent
  168:1    error    Expected indentation of 8 spaces but found 6 spaces                            vue/html-indent
  169:1    error    Expected indentation of 8 spaces but found 6 spaces                            vue/html-indent
  170:1    error    Expected indentation of 8 spaces but found 6 spaces                            vue/html-indent
  171:1    error    Expected indentation of 8 spaces but found 6 spaces                            vue/html-indent
  172:1    error    Expected indentation of 8 spaces but found 6 spaces                            vue/html-indent
  173:1    error    Expected indentation of 8 spaces but found 6 spaces                            vue/html-indent
  174:1    error    Expected indentation of 8 spaces but found 6 spaces                            vue/html-indent
  175:1    error    Expected indentation of 8 spaces but found 6 spaces                            vue/html-indent
  176:1    error    Expected indentation of 8 spaces but found 6 spaces                            vue/html-indent
  177:1    error    Expected indentation of 8 spaces but found 6 spaces                            vue/html-indent
  178:1    error    Expected indentation of 8 spaces but found 6 spaces                            vue/html-indent
  179:1    error    Expected indentation of 8 spaces but found 6 spaces                            vue/html-indent
  180:1    error    Expected indentation of 6 spaces but found 4 spaces                            vue/html-indent
  182:1    error    Expected indentation of 8 spaces but found 6 spaces                            vue/html-indent
  184:1    error    Expected indentation of 8 spaces but found 6 spaces                            vue/html-indent
  185:1    error    Expected indentation of 10 spaces but found 8 spaces                           vue/html-indent
  186:1    error    Expected indentation of 12 spaces but found 10 spaces                          vue/html-indent
  187:1    error    Expected indentation of 14 spaces but found 12 spaces                          vue/html-indent
  188:1    error    Expected indentation of 14 spaces but found 12 spaces                          vue/html-indent
  189:1    error    Expected indentation of 14 spaces but found 12 spaces                          vue/html-indent
  190:1    error    Expected indentation of 14 spaces but found 12 spaces                          vue/html-indent
  191:1    error    Expected indentation of 14 spaces but found 12 spaces                          vue/html-indent
  192:1    error    Expected indentation of 14 spaces but found 12 spaces                          vue/html-indent
  193:1    error    Expected indentation of 14 spaces but found 12 spaces                          vue/html-indent
  194:1    error    Expected indentation of 14 spaces but found 12 spaces                          vue/html-indent
  195:1    error    Expected indentation of 12 spaces but found 10 spaces                          vue/html-indent
  196:1    error    Expected indentation of 10 spaces but found 8 spaces                           vue/html-indent
  197:1    error    Expected indentation of 8 spaces but found 6 spaces                            vue/html-indent
  198:1    error    Expected indentation of 6 spaces but found 4 spaces                            vue/html-indent
  201:151  error    ':aria-hidden' should be on a new line                                         vue/max-attributes-per-line
  215:83   error    ':class' should be on a new line                                               vue/max-attributes-per-line
  215:498  error    ':data-panel-generation' should be on a new line                               vue/max-attributes-per-line
  215:546  error    '@pointerdown.self' should be on a new line                                    vue/max-attributes-per-line
  285:13   warning  Attribute ":can-start-conversation" should go before "@select-agent"           vue/attributes-order
  516:13   warning  Attribute ":agents" should go before "@voice-apply"                            vue/attributes-order
  517:13   warning  Attribute ":event-stream-recovering" should go before "@voice-apply"           vue/attributes-order
  518:13   warning  Attribute ":is-awaiting-reply" should go before "@voice-apply"                 vue/attributes-order
  519:13   warning  Attribute ":is-streaming" should go before "@voice-apply"                      vue/attributes-order
  520:13   warning  Attribute ":messages" should go before "@voice-apply"                          vue/attributes-order
  521:13   warning  Attribute ":mention-label" should go before "@voice-apply"                     vue/attributes-order
  522:13   warning  Attribute ":pending-agent-name" should go before "@voice-apply"                vue/attributes-order
  523:13   warning  Attribute ":selected-agent" should go before "@voice-apply"                    vue/attributes-order
  524:13   warning  Attribute ":selected-task" should go before "@voice-apply"                     vue/attributes-order
  525:13   warning  Attribute ":sender-text" should go before "@voice-apply"                       vue/attributes-order
  526:13   warning  Attribute ":connection-status" should go before "@voice-apply"                 vue/attributes-order
  527:13   warning  Attribute ":conversation-busy" should go before "@voice-apply"                 vue/attributes-order
  528:13   warning  Attribute ":deliberation-status" should go before "@voice-apply"               vue/attributes-order
  529:13   warning  Attribute ":durable-cancel-target" should go before "@voice-apply"             vue/attributes-order
  530:13   warning  Attribute ":legacy-cancel-available" should go before "@voice-apply"           vue/attributes-order
  531:13   warning  Attribute ":conversation-history" should go before "@voice-apply"              vue/attributes-order
  532:13   warning  Attribute ":conversation-history-deleting-id" should go before "@voice-apply"  vue/attributes-order
  533:13   warning  Attribute ":conversation-history-error" should go before "@voice-apply"        vue/attributes-order
  534:13   warning  Attribute ":conversation-history-has-more" should go before "@voice-apply"     vue/attributes-order
  535:13   warning  Attribute ":conversation-history-loading" should go before "@voice-apply"      vue/attributes-order
  536:13   warning  Attribute ":conversation-id" should go before "@voice-apply"                   vue/attributes-order
  537:13   warning  Attribute ":identity-epoch" should go before "@voice-apply"                    vue/attributes-order
  538:13   warning  Attribute ":conversation-load-error" should go before "@voice-apply"           vue/attributes-order
  539:13   warning  Attribute ":target-text" should go before "@voice-apply"                       vue/attributes-order
  540:13   warning  Attribute ":scope-hint" should go before "@voice-apply"                        vue/attributes-order
  569:13   warning  Attribute ":agents" should go before "@voice-apply"                            vue/attributes-order
  570:13   warning  Attribute ":event-stream-recovering" should go before "@voice-apply"           vue/attributes-order
  571:13   warning  Attribute ":is-awaiting-reply" should go before "@voice-apply"                 vue/attributes-order
  572:13   warning  Attribute ":is-streaming" should go before "@voice-apply"                      vue/attributes-order
  573:13   warning  Attribute ":messages" should go before "@voice-apply"                          vue/attributes-order
  574:13   warning  Attribute ":mention-label" should go before "@voice-apply"                     vue/attributes-order
  575:13   warning  Attribute ":pending-agent-name" should go before "@voice-apply"                vue/attributes-order
  576:13   warning  Attribute ":selected-agent" should go before "@voice-apply"                    vue/attributes-order
  577:13   warning  Attribute ":selected-task" should go before "@voice-apply"                     vue/attributes-order
  578:13   warning  Attribute ":sender-text" should go before "@voice-apply"                       vue/attributes-order
  579:13   warning  Attribute ":connection-status" should go before "@voice-apply"                 vue/attributes-order
  580:13   warning  Attribute ":conversation-busy" should go before "@voice-apply"                 vue/attributes-order
  581:13   warning  Attribute ":deliberation-status" should go before "@voice-apply"               vue/attributes-order
  582:13   warning  Attribute ":durable-cancel-target" should go before "@voice-apply"             vue/attributes-order
  583:13   warning  Attribute ":legacy-cancel-available" should go before "@voice-apply"           vue/attributes-order
  584:13   warning  Attribute ":conversation-history" should go before "@voice-apply"              vue/attributes-order
  585:13   warning  Attribute ":conversation-history-deleting-id" should go before "@voice-apply"  vue/attributes-order
  586:13   warning  Attribute ":conversation-history-error" should go before "@voice-apply"        vue/attributes-order
  587:13   warning  Attribute ":conversation-history-has-more" should go before "@voice-apply"     vue/attributes-order
  588:13   warning  Attribute ":conversation-history-loading" should go before "@voice-apply"      vue/attributes-order
  589:13   warning  Attribute ":conversation-id" should go before "@voice-apply"                   vue/attributes-order
  590:13   warning  Attribute ":identity-epoch" should go before "@voice-apply"                    vue/attributes-order
  591:13   warning  Attribute ":identity-scope" should go before "@voice-apply"                    vue/attributes-order
  592:13   warning  Attribute ":conversation-load-error" should go before "@voice-apply"           vue/attributes-order
  593:13   warning  Attribute ":target-text" should go before "@voice-apply"                       vue/attributes-order
  594:13   warning  Attribute ":scope-hint" should go before "@voice-apply"                        vue/attributes-order
  620:13   warning  Attribute ":agents" should go before "@voice-apply"                            vue/attributes-order
  621:13   warning  Attribute ":event-stream-recovering" should go before "@voice-apply"           vue/attributes-order
  622:13   warning  Attribute ":is-awaiting-reply" should go before "@voice-apply"                 vue/attributes-order
  623:13   warning  Attribute ":is-streaming" should go before "@voice-apply"                      vue/attributes-order
  624:13   warning  Attribute ":messages" should go before "@voice-apply"                          vue/attributes-order
  625:13   warning  Attribute ":mention-label" should go before "@voice-apply"                     vue/attributes-order
  626:13   warning  Attribute ":pending-agent-name" should go before "@voice-apply"                vue/attributes-order
  627:13   warning  Attribute ":selected-agent" should go before "@voice-apply"                    vue/attributes-order
  628:13   warning  Attribute ":selected-task" should go before "@voice-apply"                     vue/attributes-order
  629:13   warning  Attribute ":sender-text" should go before "@voice-apply"                       vue/attributes-order
  630:13   warning  Attribute ":connection-status" should go before "@voice-apply"                 vue/attributes-order
  631:13   warning  Attribute ":conversation-busy" should go before "@voice-apply"                 vue/attributes-order
  632:13   warning  Attribute ":deliberation-status" should go before "@voice-apply"               vue/attributes-order
  633:13   warning  Attribute ":durable-cancel-target" should go before "@voice-apply"             vue/attributes-order
  634:13   warning  Attribute ":legacy-cancel-available" should go before "@voice-apply"           vue/attributes-order
  635:13   warning  Attribute ":conversation-history" should go before "@voice-apply"              vue/attributes-order
  636:13   warning  Attribute ":conversation-history-deleting-id" should go before "@voice-apply"  vue/attributes-order
  637:13   warning  Attribute ":conversation-history-error" should go before "@voice-apply"        vue/attributes-order
  638:13   warning  Attribute ":conversation-history-has-more" should go before "@voice-apply"     vue/attributes-order
  639:13   warning  Attribute ":conversation-history-loading" should go before "@voice-apply"      vue/attributes-order
  640:13   warning  Attribute ":conversation-id" should go before "@voice-apply"                   vue/attributes-order
  641:13   warning  Attribute ":identity-epoch" should go before "@voice-apply"                    vue/attributes-order
  642:13   warning  Attribute ":conversation-load-error" should go before "@voice-apply"           vue/attributes-order
  643:13   warning  Attribute ":target-text" should go before "@voice-apply"                       vue/attributes-order
  644:13   warning  Attribute ":scope-hint" should go before "@voice-apply"                        vue/attributes-order
  686:53   error    'aria-live' should be on a new line                                            vue/max-attributes-per-line

✖ 188 problems (108 errors, 80 warnings)
  96 errors and 80 warnings potentially fixable with the `--fix` option.

