{
  "worktree": "/home/isp/wsps/cyf/.worktrees/juyiting-multimedia-deliberation-20260928/web-typed-natural-main-verification-20261001",
  "scope": "actual production request adoption composable; mocked transport; no browser/runtime",
  "results": [
    {
      "name": "exact receipt and request adopts",
      "expected": true,
      "accepted": true,
      "activeRequestId": "request-typed-1",
      "calls": [
        "GET:/requests/request-typed-1",
        "CONTENT:7"
      ],
      "pass": true
    },
    {
      "name": "different accepted user message rejects",
      "expected": false,
      "accepted": true,
      "activeRequestId": "request-typed-1",
      "calls": [
        "GET:/requests/request-typed-1",
        "CONTENT:7"
      ],
      "pass": false
    },
    {
      "name": "different accepted turn rejects",
      "expected": false,
      "accepted": true,
      "activeRequestId": "request-typed-1",
      "calls": [
        "GET:/requests/request-typed-1",
        "CONTENT:7"
      ],
      "pass": false
    },
    {
      "name": "different conversation generation rejects",
      "expected": false,
      "accepted": true,
      "activeRequestId": "request-typed-1",
      "calls": [
        "GET:/requests/request-typed-1",
        "CONTENT:7"
      ],
      "pass": false
    },
    {
      "name": "different explicit turn Agent rejects",
      "expected": false,
      "accepted": true,
      "activeRequestId": "request-typed-1",
      "calls": [
        "GET:/requests/request-typed-1",
        "CONTENT:7"
      ],
      "pass": false
    },
    {
      "name": "turn from different conversation rejects",
      "expected": false,
      "accepted": true,
      "activeRequestId": "request-typed-1",
      "calls": [
        "GET:/requests/request-typed-1",
        "CONTENT:7"
      ],
      "pass": false
    },
    {
      "name": "missing canonical request revision rejects",
      "expected": false,
      "accepted": true,
      "activeRequestId": "request-typed-1",
      "calls": [
        "GET:/requests/request-typed-1",
        "CONTENT:7"
      ],
      "pass": false
    }
  ],
  "passed": 1,
  "failed": 6
}
