PASS 1440-public
PASS 1440-recording
PASS 1440 native materials/voice/settings preserve draft
PASS 1440-private
PASS 1440-bounty
PASS 390-public
PASS 390-recording
PASS 390 native materials/voice/settings preserve draft
PASS 390-private
PASS 390-bounty
PASS 320-public
PASS 320-recording
PASS 320 native materials/voice/settings preserve draft
PASS 320-private
PASS 320-bounty
PASS toolbar and send original events
PASS 320-awaiting-cancellable
PASS waiting disabled and original cancellation preserved
PASS 320-voice-waiting
PASS voice waiting stop remains visible and actionable
PASS microphone disabled rule does not lock text sending
