

  ...[Vue warn]: Failed to resolve component: var-icon
If this is a native custom element, make sure to exclude it from component resolution via compilerOptions.isCustomElement. 
  at <Anonymous mentionLabel=fn<mentionLabel> draft="原有草稿" ref="VTU_COMPONENT" > 
  at <VTUROOT>
[Vue warn]: Failed to resolve component: var-icon
If this is a native custom element, make sure to exclude it from component resolution via compilerOptions.isCustomElement. 
  at <Anonymous mentionLabel=fn<mentionLabel> draft="原有草稿" ref="VTU_COMPONENT"  ... > 
  at <VTUROOT>
.....................................................
  .................[JuyitingGame] TMX prefetch failed: juyiting-hall Failed to parse URL from /juyiting/hall.tmx?v=7b304c11fd4a121d92f5fb1430f8073d4d590b3d42eb9b9a18e0e0c9bd22ff53
..[JuyitingGame] TMX prefetch failed: juyiting-hall Failed to parse URL from /juyiting/hall.tmx?v=7b304c11fd4a121d92f5fb1430f8073d4d590b3d42eb9b9a18e0e0c9bd22ff53
[JuyitingGame] TMX prefetch failed: juyiting-hall Failed to parse URL from /juyiting/hall.tmx?v=7b304c11fd4a121d92f5fb1430f8073d4d590b3d42eb9b9a18e0e0c9bd22ff53
..[JuyitingGame] TMX prefetch failed: juyiting-hall Failed to parse URL from /juyiting/hall.tmx?v=7b304c11fd4a121d92f5fb1430f8073d4d590b3d42eb9b9a18e0e0c9bd22ff53
......[Vue warn]: Invalid vnode type when creating vnode: undefined. 
  at <Transition name="panel" onAfterLeave=fn<handlePanelAfterLeave> > 
  at <JuyiHall ref="VTU_COMPONENT" > 
  at <VTUROOT>
[Vue warn]: Invalid vnode type when creating vnode: undefined. 
  at <Transition name="panel" onAfterLeave=fn<handlePanelAfterLeave> > 
  at <JuyiHall ref="VTU_COMPONENT" > 
  at <VTUROOT>
[Vue warn]: Invalid vnode type when creating vnode: undefined. 
  at <Transition name="panel" onAfterLeave=fn<handlePanelAfterLeave> > 
  at <JuyiHall ref="VTU_COMPONENT" > 
  at <VTUROOT>
[Vue warn]: Invalid vnode type when creating vnode: undefined. 
  at <Transition name="panel" onAfterLeave=fn<handlePanelAfterLeave> > 
  at <JuyiHall ref="VTU_COMPONENT" > 
  at <VTUROOT>
.....[Vue warn]: Invalid vnode type when creating vnode: undefined. 
  at <Transition name="panel" onAfterLeave=fn<handlePanelAfterLeave> > 
  at <JuyiHall ref="VTU_COMPONENT" > 
  at <VTUROOT>
[Vue warn]: Invalid vnode type when creating vnode: undefined. 
  at <Transition name="panel" onAfterLeave=fn<handlePanelAfterLeave> > 
  at <JuyiHall ref="VTU_COMPONENT" > 
  at <VTUROOT>
.[Vue warn]: Invalid vnode type when creating vnode: undefined. 
  at <Transition name="panel" onAfterLeave=fn<handlePanelAfterLeave> > 
  at <JuyiHall ref="VTU_COMPONENT" > 
  at <VTUROOT>
[Vue warn]: Invalid vnode type when creating vnode: undefined. 
  at <Transition name="panel" onAfterLeave=fn<handlePanelAfterLeave> > 
  at <JuyiHall ref="VTU_COMPONENT" > 
  at <VTUROOT>
.......................
  ..........................................

  154 passing (15s)

