

  Juyi Hall simple composer more menu
    ✔ allows attachment-only bounty input, but not empty, private, public or locked sends (143ms)
    ✔ groups the textarea, plus, voice target and send inside one input frame
    ✔ opens materials directly after plus without opening the menu or changing the draft
[Vue warn]: Failed to resolve component: var-icon
If this is a native custom element, make sure to exclude it from component resolution via compilerOptions.isCustomElement. 
  at <Anonymous mentionLabel=fn<mentionLabel> draft="原有草稿" ref="VTU_COMPONENT" > 
  at <VTUROOT>
    1) renders the existing materials slot while plus is closed
    ✔ closes on Escape or outside click and restores focus
    ✔ closes the menu when the real identity/conversation context changes
    ✔ keeps recording controls reachable after closing the menu
    ✔ wires existing material and workspace operations below chat rather than in its toolbar

  JuyiHall component behavior
    ✔ classifies panel layouts for desktop, landscape touch, and portrait touch viewports
    ✔ locks every SelectedAgentCard action and pointer surface during voice capture
    ✔ exposes accessible modal dialog wiring and focus lifecycle hooks
    ✔ focuses and traps a modal panel then restores the prior focus (88ms)
    ✔ keeps panel layout a pure experience-mode projection
    ✔ wires the exact responsive panel class and immediate HallStage interaction lock
    ✔ locks and unlocks map interaction immediately for panels and cleans up on unmount (155ms)
    ✔ waits for a nonzero melon layout before publishing scene readiness (94ms)
    ✔ classifies visual viewport keyboard resizing without fitting the map transform (103ms)
    ✔ coalesces resize races, keeps keyboard close classified, and requires an explicit orientation signal (94ms)
    ✔ shows loading, times out at 15 seconds, retries fresh, and ignores stale ready callbacks (90ms)
    ✔ keeps HallStage loading unless JuyitingGame confirms a built scene and publishes success once (1043ms)
    ✔ keeps timeout terminal when the old mount resolves late and retries one fresh mount (111ms)
    ✔ passes rollback mode into the game mount and declares lifecycle reset wiring (78ms)
    ✔ restarts a timed-out replacement engine from a fresh authoritative snapshot (129ms)
    ✔ blocks stage actions while loading and reapplies the loading lock after mount resolves (88ms)
    ✔ shows an accessible return-main-hall control away from preset and hides it during a panel lock (89ms)
    ✔ uses screen-to-world center math for return visibility at non-unit zoom (169ms)
    ✔ throttles return refresh, polls reset completion, and cancels callbacks on unmount (106ms)
    ✔ renders the hall scene body as a melonJS canvas shell without DOM room or agent layers
    ✔ forwards keyboard zoom controls to the melonJS game layer (94ms)
    ✔ leaves mobile touch drag and pinch gestures to the melonJS scene layer (86ms)
    ✔ renders HallStage from the supplied experience mode and delegates orientation requests (129ms)
    ✔ mounts exactly one account control in each non-readonly stage mode and forwards its event (112ms)
    ✔ keeps the stage replay control discreet and forwards its invoking element upstream
    ✔ uses supported Varlet icons for the orientation toggle
    ✔ keeps the orientation glyph visible when mobile tool labels are hidden
    ✔ uses available glyphs and accessible names for immersive overview and toolbox entries
    ✔ keeps the floating stage header compact so it does not cover the hall map
    ✔ renders the recruit entry and persona catalog actions
    ✔ keeps hotspot labels in scene constants instead of the HallStage DOM
    ✔ does not import DOM scene assets or AgentToken in HallStage
    ✔ syncs scene agents to the melonJS game layer when ready (158ms)
    ✔ keeps the melonJS layer filling the hall board without leaving unused page space
    ✔ wires melonJS agent clicks back to Vue selection (145ms)
    ✔ wires melonJS hotspot clicks back to Vue panel routing (89ms)
    ✔ does not expose ground-click movement controls from the melonJS layer (122ms)
    ✔ shows a scene error and retries melonJS mounting without restoring DOM rooms (204ms)
    ✔ prevents overlapping melonJS retry mounts while retry is pending (89ms)
    ✔ ignores stale melonJS ready callbacks after HallStage unmounts (87ms)
    ✔ opens panels and clears locked contexts from BottomDock
    ✔ emits explicit recommendation actions from BountyPanel (39ms)
    ✔ shows E01 exclusion reasons and score parts without allowing excluded single or group assignment (58ms)
    ✔ does not reopen BountyPanel detail modal from a stale selected task (40ms)
    ✔ emits create, multi-assign, discussion and archive actions from BountyPanel (83ms)
    ✔ prioritizes and deduplicates the selected hosted agent in embedded matter assignment
    ✔ keeps completed embedded matters closable by exposing archive and then showing the archived receipt
    ✔ keeps discussion disabled for unassigned bounty tasks with a readable hint
    ✔ shows exact attachment cards for blank task messages without adding user prose or leaking into private chat
    ✔ keeps conversation actions in the upper toolbar and preserves their events
    ✔ removes only the redundant discussion brief, retaining task controls
    ✔ keeps persistent command templates out of ChatPanel
    ✔ emits explicit durable cancellation targets and keeps legacy cancellation separate
    ✔ explains that a material reference needs an established conversation
    ✔ integrates mentions and the more menu into the ChatPanel composer (149ms)
    ✔ renders variant-specific target chips in ChatPanel composer (46ms)
    ✔ does not expose a cross-scope mode switch inside the shared ChatPanel
    ✔ keeps ChatPanel composer as a dedicated bottom region
    ✔ keeps low-value SongJiang and coordination actions out of ChatPanel
    ✔ shows a readable recovery status while chat event stream reconnects
    ✔ emits SongJiang management commands from CommandPanel
    ✔ emits relay and coordination actions from CoordinationPanel
    ✔ searches and cites vector library results from LibraryPanel
    ✔ uses roving tab focus and keyboard navigation in LibraryPanel
    ✔ shows public beta empty and error states for LibraryPanel

  JuyitingGame lifecycle guards
[JuyitingGame] TMX prefetch failed: juyiting-hall Failed to parse URL from /juyiting/hall.tmx?v=7b304c11fd4a121d92f5fb1430f8073d4d590b3d42eb9b9a18e0e0c9bd22ff53
    ✔ waits for the melonJS engine ready callback before video initialization (1285ms)
    ✔ inverse-maps virtual landscape pointer coordinates before melonJS reads them
[JuyitingGame] TMX prefetch failed: juyiting-hall Failed to parse URL from /juyiting/hall.tmx?v=7b304c11fd4a121d92f5fb1430f8073d4d590b3d42eb9b9a18e0e0c9bd22ff53
[JuyitingGame] TMX prefetch failed: juyiting-hall Failed to parse URL from /juyiting/hall.tmx?v=7b304c11fd4a121d92f5fb1430f8073d4d590b3d42eb9b9a18e0e0c9bd22ff53
    ✔ reuses the melonJS 15 global video canvas across a portrait destroy and later map mount (1507ms)
    ✔ ignores stale loader callbacks after destroy invalidates a mount
[JuyitingGame] TMX prefetch failed: juyiting-hall Failed to parse URL from /juyiting/hall.tmx?v=7b304c11fd4a121d92f5fb1430f8073d4d590b3d42eb9b9a18e0e0c9bd22ff53
    ✔ ignores delayed ready callbacks after destroy invalidates a started game (916ms)

  O03 map snapshot lifecycle contract
    ✔ serializes snapshot destroy/remount and consumes only strict latest landscape targets

  O04 shared panel session contract
    ✔ keeps the rendered session through leave, fences stale generations, and shields the active shell

  JuyiHall restored-identity initialization
    ✔ hydrates a retained token despite a cached local ID and restores the exact tenant-zero scope before Hall data loads (289ms)
    ✔ does not start Hall loaders after logout or account switch while profile hydration is pending (357ms)

  lightweight workbench real panel navigation
    ✔ suppresses the focusable workbench dock while the root onboarding modal is visible (118ms)
[Vue warn]: Invalid vnode type when creating vnode: undefined. 
  at <Transition name="panel" onAfterLeave=fn<handlePanelAfterLeave> > 
  at <JuyiHall ref="VTU_COMPONENT" > 
  at <VTUROOT>
[Vue warn]: Invalid vnode type when creating vnode: undefined. 
  at <Transition name="panel" onAfterLeave=fn<handlePanelAfterLeave> > 
  at <JuyiHall ref="VTU_COMPONENT" > 
  at <VTUROOT>
[Vue warn]: Invalid vnode type when creating vnode: undefined. 
  at <Transition name="panel" onAfterLeave=fn<handlePanelAfterLeave> > 
  at <JuyiHall ref="VTU_COMPONENT" > 
  at <VTUROOT>
[Vue warn]: Invalid vnode type when creating vnode: undefined. 
  at <Transition name="panel" onAfterLeave=fn<handlePanelAfterLeave> > 
  at <JuyiHall ref="VTU_COMPONENT" > 
  at <VTUROOT>
    ✔ keeps overview request drafting root-owned while task drafting remains a nested return (203ms)
    ✔ keeps the expanded mobile menu within the header and bottom dock on short screens (87ms)
    ✔ targets page-level workbench tabs without changing detail or map tabs
    ✔ keeps tiny reflow navigation named and lets short chat windows scroll to the composer
    ✔ repairs legacy UTF-8 mojibake in the Hall account label (156ms)
[Vue warn]: Invalid vnode type when creating vnode: undefined. 
  at <Transition name="panel" onAfterLeave=fn<handlePanelAfterLeave> > 
  at <JuyiHall ref="VTU_COMPONENT" > 
  at <VTUROOT>
[Vue warn]: Invalid vnode type when creating vnode: undefined. 
  at <Transition name="panel" onAfterLeave=fn<handlePanelAfterLeave> > 
  at <JuyiHall ref="VTU_COMPONENT" > 
  at <VTUROOT>
    ✔ returns focus to the persistent more trigger when its menu item unmounts on first open (174ms)
[Vue warn]: Invalid vnode type when creating vnode: undefined. 
  at <Transition name="panel" onAfterLeave=fn<handlePanelAfterLeave> > 
  at <JuyiHall ref="VTU_COMPONENT" > 
  at <VTUROOT>
[Vue warn]: Invalid vnode type when creating vnode: undefined. 
  at <Transition name="panel" onAfterLeave=fn<handlePanelAfterLeave> > 
  at <JuyiHall ref="VTU_COMPONENT" > 
  at <VTUROOT>
    ✔ treats header utilities as root pages and returns focus to the latest visible workbench tab (278ms)
    ✔ shows a Hall-owned return for formal delivery over an already-open primary task detail (148ms)
    ✔ reuses the Stage, exposes the four primary mobile pages, and restores map on exit (162ms)

  O04 actual-mounted JuyiHall panel identity
    ✔ restores landscape immersion, removes portrait map controls, and preserves open panels when rotating (172ms)
    ✔ W05 locates the existing formal delivery component using review deliveryId, never a private mark (241ms)
    ✔ W05 keeps the legacy formal draft route separate from the single requirement toolbar and returns without clearing original input or orientation (280ms)
    ✔ W05 opens the actual formal task detail as the third logical layer and returns one layer at a time (384ms)
    ✔ W05 restores exact overview refs and canonical tasks without reloading filtered task lists (176ms)
    ✔ W04 returns from treasure to the same source pane, focus and unsaved text without resetting chat (161ms)
    ✔ W04 bounds navigation to three frames, does not consume composing Escape, and clears hidden panes on identity change (165ms)
    ✔ retains panel/state identity for five cycles and fences stale keyed leaves (237ms)
    ✔ cancels chat load and deferred focus when actual JuyiHall unmounts (96ms)
    ✔ converges Escape, close button, and backdrop and restores landscape/root fallbacks (199ms)

  V1-8 actual JuyiHall profile route leave guard
    ✔ stays on cancellation, confirms a voice-only turn once, and ignores a duplicate profile click while navigation is pending (126ms)

  W11 R9 actual JuyiHall stale funded acknowledgement
    ✔ keeps B draft, selection, and journal when stale A ordinary create completes with success (186ms)
    ✔ keeps B draft, selection, and journal when stale A ordinary create completes with unknown failure (204ms)
    ✔ keeps B draft, selection, and journal when stale A explicit recovery completes with success (168ms)
    ✔ keeps B draft, selection, and journal when stale A explicit recovery completes with unknown failure (157ms)

  W04 shared-source save-before-leave wiring
    ✔ retains the file source/detail through failed close, retry, rotation and one-level return; fences identity changes (177ms)
    ✔ intercepts navigation and Escape without clearing edits; explicit abandonment does not submit (135ms)

  A03 real Hall low-height layout wiring
    ✔ enables overview before the map mounts and wires its draft action to the explicit roster while retaining the later map (201ms)
    ✔ uses available height for fine-pointer windows without remounting the selected file pane on resize (172ms)

  Juyi Hall conversation material references
    ✔ shows task-scoped fixed versions from the real task directory without turning them into chat text
    ✔ keeps legacy execution support but limits the embedded entrance to file browsing

  useHallChatContext
    ✔ builds a public conversation scope and mention targets from owned roster agents
    ✔ scopes bounty conversations to assignees and filters mention choices
    ✔ builds private task and agent scope keys
    ✔ resets stage chat entrance to a fresh public context
    ✔ keeps ordinary private chat independent from browsing another task or agent
    ✔ pins an explicitly chosen task discussion until another discussion is explicitly entered

  Juyi Hall voice mounted facade
    ✔ puts composer transcription into the editable draft even when HUD auto-send is enabled (240ms)
    ✔ keeps text chat usable with flag off and renders correct controls with flag on (117ms)
    ✔ renders real inline voice glyphs and keeps action/settings semantics (composer)
    ✔ renders real inline voice glyphs and keeps action/settings semantics (compact)
    ✔ confirms a reviewed transcript through the voice turn and reads the correlated reply aloud

  Juyi Hall voice recording format support
    ✔ uploads an exact PCM16 mono 24k WAV named juyiting-voice.wav
    ✔ requires AudioWorklet capture unless a deterministic recorder factory is injected

  Juyi Hall voice lifecycle
    ✔ fences late permission and uniformly stops capture resources on cancel and 5MiB overflow
    ✔ fails capture on processor error and ignores delayed WAV validation after cancellation
    ✔ aborts hidden transcribing and locks pending-send conflict review
    ✔ clears waiting turns on cancel while waiting/TTS/speaking never lock Composer or map

  Juyi Hall voice current-generation abort recovery
    ✔ terminally recovers from direct STT and TTS AbortError failures

  Juyi Hall voice identity and capture controls
    ✔ fails closed on identity cleanup across permission, capture, transcription, reply, and TTS late callbacks
    ✔ keeps cancel-and-discard reachable through capture, synthesis, and playback, with stop during recording
    ✔ balances dispose registration and identity-cleans countdown, reply turns, and speaking playback

  Juyi Hall portrait voice lock
    ✔ restores browser timers and transport even when a Hall mount throws
    ✔ keeps cancellation reachable and rejects panel/context changes while capture is locked (418ms)

  Juyi Hall voice sending escape
    ✔ stops waiting from reachable controls and fences late accepted/rejected sends from the next turn

  Juyi Hall voice CAS and reply correlation
    ✔ fails closed on non-string IDs and preserves null/empty/missing distinctions
    ✔ requires a fresh CAS before applying review and supports explicit adoption under the current context
    ✔ queues a synchronous final until voice send acceptance reaches a terminal state
    ✔ keeps the frozen target label visible until the reply turn is terminal
    ✔ does not carry a synchronous final from a rejected send into a retry
    ✔ processes a reply after the former 120-second boundary and rejects an explicitly cancelled late reply without duplicate sends
    ✔ keeps mounted Hall locked while sending and leaves text delivery active after explicitly stopping voice wait (263ms)
    ✔ accepts exactly one new correlated final across built-in/external ordering and rejects replay
    ✔ sends exact frozen context/metadata, falls back empty mentions to targets, and clears the original draft by revision

  Juyi Hall TTS cleanup
    ✔ uses the Window receiver for default-browser TTS while preserving its request and cleanup contract
    ✔ labels actual TTS playback failures without mislabeling them as transcription failures
    ✔ requests WAV and rejects a MIME/header-invalid response before playback
    ✔ rejects a supplied Content-Length that differs from the WAV bytes
    ✔ accepts a headerless WAV response when intrinsic RIFF length is valid
    ✔ routes a zero-byte successful TTS response through terminal error cleanup
    ✔ stops pending TTS or playback when reply voice is explicitly disabled and ignores stale reply callbacks
    ✔ stops speaking playback when a new recording starts


  153 passing (16s)
  1 failing

  1) Juyi Hall simple composer more menu
       renders the existing materials slot while plus is closed:
     ReferenceError: getComputedStyle is not defined
      at isStyleVisible (/home/isp/wsps/cyf/web/node_modules/@vue/test-utils/dist/vue-test-utils.cjs.js:1589:14)
      at isElementVisible (/home/isp/wsps/cyf/web/node_modules/@vue/test-utils/dist/vue-test-utils.cjs.js:1601:9)
      at BaseWrapper.isVisible (/home/isp/wsps/cyf/web/node_modules/@vue/test-utils/dist/vue-test-utils.cjs.js:7303:43)
      at Context.<anonymous> (tests/juyiting-composer-more-menu.test.js:62:76)
      at process.processImmediate (node:internal/timers:483:21)



