UNPRIVILEGED_WORKSPACE_INSTALLER_SUBSET uid=99 gid=99 fixture_mode=700 network=disabled-by-explicit-stub real_npm=no modules=/home/isp/wsps/cyf/.worktrees/juyiting-mmd-client-native-20260929/client/conf/codex-ws-agent/node_modules
TAP version 13
# Subtest: concurrent processes idempotently create one task-agent worktree
ok 1 - concurrent processes idempotently create one task-agent worktree # SKIP test name does not match pattern
  ---
  duration_ms: 1.730849
  ...
# Subtest: same task uses isolated directories and branches for different canonical agents
ok 2 - same task uses isolated directories and branches for different canonical agents # SKIP test name does not match pattern
  ---
  duration_ms: 0.17558
  ...
# Subtest: restart reuses fixed baseline metadata and rejects tampering
ok 3 - restart reuses fixed baseline metadata and rejects tampering # SKIP test name does not match pattern
  ---
  duration_ms: 0.14456
  ...
# Subtest: archive is explicit and refuses untracked, unmerged, and unpushed work
ok 4 - archive is explicit and refuses untracked, unmerged, and unpushed work # SKIP test name does not match pattern
  ---
  duration_ms: 0.239653
  ...
# Subtest: archive refuses tracked modifications hidden by assume-unchanged or skip-worktree
ok 5 - archive refuses tracked modifications hidden by assume-unchanged or skip-worktree # SKIP test name does not match pattern
  ---
  duration_ms: 0.136281
  ...
# Subtest: archive hashes tracked files instead of trusting a clean stat cache
ok 6 - archive hashes tracked files instead of trusting a clean stat cache # SKIP test name does not match pattern
  ---
  duration_ms: 6.863614
  ...
# Subtest: archive verifies actual executable mode even when core.filemode hides it
ok 7 - archive verifies actual executable mode even when core.filemode hides it # SKIP test name does not match pattern
  ---
  duration_ms: 0.169616
  ...
# Subtest: archive hashes tracked symlink targets instead of trusting cached metadata
ok 8 - archive hashes tracked symlink targets instead of trusting cached metadata # SKIP test name does not match pattern
  ---
  duration_ms: 0.153281
  ...
# Subtest: archive quarantines then catches stat-cache-hidden content injected after the original final hash
ok 9 - archive quarantines then catches stat-cache-hidden content injected after the original final hash # SKIP test name does not match pattern
  ---
  duration_ms: 0.299742
  ...
# Subtest: archive quarantines then catches a new commit injected after the original final HEAD check
ok 10 - archive quarantines then catches a new commit injected after the original final HEAD check # SKIP test name does not match pattern
  ---
  duration_ms: 0.264141
  ...
# Subtest: archive rejects hidden dirty injected after the quarantined final hash and restores the data
ok 11 - archive rejects hidden dirty injected after the quarantined final hash and restores the data # SKIP test name does not match pattern
  ---
  duration_ms: 0.165788
  ...
# Subtest: archive branch lease rejects a commit attempted after the quarantined final HEAD and restores its data
ok 12 - archive branch lease rejects a commit attempted after the quarantined final HEAD and restores its data # SKIP test name does not match pattern
  ---
  duration_ms: 0.126402
  ...
# Subtest: archive atomically restores the worktree and quarantines data recreated at the original path
ok 13 - archive atomically restores the worktree and quarantines data recreated at the original path # SKIP test name does not match pattern
  ---
  duration_ms: 0.164787
  ...
# Subtest: archive retains the quarantined Git worktree and persists its location across restart
ok 14 - archive retains the quarantined Git worktree and persists its location across restart # SKIP test name does not match pattern
  ---
  duration_ms: 0.62495
  ...
# Subtest: archived restart probe rejects a missing retained worktree registration
ok 15 - archived restart probe rejects a missing retained worktree registration # SKIP test name does not match pattern
  ---
  duration_ms: 0.167637
  ...
# Subtest: archived restart probes reject detached and wrong retained branches
ok 16 - archived restart probes reject detached and wrong retained branches # SKIP test name does not match pattern
  ---
  duration_ms: 0.244463
  ...
# Subtest: archived restart probe rejects actual HEAD mismatch with metadata archivedHead
ok 17 - archived restart probe rejects actual HEAD mismatch with metadata archivedHead # SKIP test name does not match pattern
  ---
  duration_ms: 0.213721
  ...
# Subtest: archived restart probe rejects retained branch ref drift
ok 18 - archived restart probe rejects retained branch ref drift # SKIP test name does not match pattern
  ---
  duration_ms: 0.509419
  ...
# Subtest: archived restart probe rejects Git top-level mismatch at the retained path
ok 19 - archived restart probe rejects Git top-level mismatch at the retained path # SKIP test name does not match pattern
  ---
  duration_ms: 0.227097
  ...
# Subtest: archive preserves a late ignored file injected after final validation
ok 20 - archive preserves a late ignored file injected after final validation # SKIP test name does not match pattern
  ---
  duration_ms: 0.230627
  ...
# Subtest: archive preserves a late ignored directory injected after final validation
ok 21 - archive preserves a late ignored directory injected after final validation # SKIP test name does not match pattern
  ---
  duration_ms: 0.131476
  ...
# Subtest: archive final lease hardens checkStat minimal against same-second same-length rewrites
ok 22 - archive final lease hardens checkStat minimal against same-second same-length rewrites # SKIP test name does not match pattern
  ---
  duration_ms: 0.173531
  ...
# Subtest: archive final lease disables a lying fsmonitor and restores hidden data
ok 23 - archive final lease disables a lying fsmonitor and restores hidden data # SKIP test name does not match pattern
  ---
  duration_ms: 0.105993
  ...
# Subtest: archive ignores target-repository local upstream and remote configuration
ok 24 - archive ignores target-repository local upstream and remote configuration # SKIP test name does not match pattern
  ---
  duration_ms: 0.091103
  ...
# Subtest: archive verifies a published HEAD through a fresh sanitized HTTPS verification repository
ok 25 - archive verifies a published HEAD through a fresh sanitized HTTPS verification repository # SKIP test name does not match pattern
  ---
  duration_ms: 0.148798
  ...
# Subtest: archive preserves the worktree when isolated trusted HTTPS fetch fails
ok 26 - archive preserves the worktree when isolated trusted HTTPS fetch fails # SKIP test name does not match pattern
  ---
  duration_ms: 0.092623
  ...
# Subtest: workspace policies allow only fixed HTTPS publication refs and reject canonical resource overlap
ok 27 - workspace policies allow only fixed HTTPS publication refs and reject canonical resource overlap # SKIP test name does not match pattern
  ---
  duration_ms: 0.095491
  ...
# Subtest: task traversal and symlink workspace escapes fail closed
ok 28 - task traversal and symlink workspace escapes fail closed # SKIP test name does not match pattern
  ---
  duration_ms: 0.088888
  ...
# Subtest: pre-existing deterministic branch or unowned workspace path is rejected
ok 29 - pre-existing deterministic branch or unowned workspace path is rejected # SKIP test name does not match pattern
  ---
  duration_ms: 0.170179
  ...
# Subtest: durable creating intent recovers after git reports failure following partial creation
ok 30 - durable creating intent recovers after git reports failure following partial creation # SKIP test name does not match pattern
  ---
  duration_ms: 0.138692
  ...
# Subtest: client command execution passes the managed worktree as spawn cwd and --cd
ok 31 - client command execution passes the managed worktree as spawn cwd and --cd # SKIP test name does not match pattern
  ---
  duration_ms: 0.106257
  ...
# Subtest: command runner lease blocks archive until the child exits
ok 32 - command runner lease blocks archive until the child exits # SKIP test name does not match pattern
  ---
  duration_ms: 0.187354
  ...
# Subtest: a separate command-runner process holds the same workspace lease for its full execution
ok 33 - a separate command-runner process holds the same workspace lease for its full execution # SKIP test name does not match pattern
  ---
  duration_ms: 0.172666
  ...
# Subtest: dedicated fallback rejects overlap in both containment directions
ok 34 - dedicated fallback rejects overlap in both containment directions # SKIP test name does not match pattern
  ---
  duration_ms: 0.168741
  ...
# Subtest: no-task command requires an explicit non-coding dedicated-workdir policy
ok 35 - no-task command requires an explicit non-coding dedicated-workdir policy # SKIP test name does not match pattern
  ---
  duration_ms: 0.190901
  ...
# Subtest: installer rejects legacy remote{name,url} policy schema and never restarts
ok 36 - installer rejects legacy remote{name,url} policy schema and never restarts
  ---
  duration_ms: 134.372435
  ...
# Subtest: installer propagates agent validation failure and never restarts
ok 37 - installer propagates agent validation failure and never restarts
  ---
  duration_ms: 183.523664
  ...
# Subtest: installer restarts only after policy and agent validation both succeed
ok 38 - installer restarts only after policy and agent validation both succeed
  ---
  duration_ms: 183.995638
  ...
# Subtest: installer stages dependencies/source, validates, preserves secrets/state, and atomically switches current
ok 39 - installer stages dependencies/source, validates, preserves secrets/state, and atomically switches current
  ---
  duration_ms: 965.325155
  ...
# Subtest: installer rejects symlinked persistent secrets before staging and does not touch the referent
ok 40 - installer rejects symlinked persistent secrets before staging and does not touch the referent
  ---
  duration_ms: 62.462312
  ...
# Subtest: installer copy, npm, payload drift, or validation failure rolls back before cutover and cannot mix the live runtime
    # Subtest: copy
    ok 1 - copy
      ---
      duration_ms: 812.095807
      ...
    # Subtest: npm
    ok 2 - npm
      ---
      duration_ms: 830.050673
      ...
    # Subtest: payload-drift
    ok 3 - payload-drift
      ---
      duration_ms: 901.317488
      ...
    # Subtest: validation
    ok 4 - validation
      ---
      duration_ms: 888.536397
      ...
    1..4
ok 41 - installer copy, npm, payload drift, or validation failure rolls back before cutover and cannot mix the live runtime
  ---
  duration_ms: 3433.536287
  ...
1..41
# tests 45
# suites 0
# pass 10
# fail 0
# cancelled 0
# skipped 35
# todo 0
# duration_ms 5252.289994
