[executionStep begins at 2026-10-08 00:19:05]
[Build Cluster Info]
>> Cluster Name : 云效北京构建集群
[Build Job Info]
>> InstanceType: LARGE_3C6G
>> BuildID: 559161182
>> BuildUUID: 295986e6-2c11-46c2-9a94-b484ab4047ba
[00:19:05][INFO] Env ready
[executionStep begins at 2026-10-08 00:19:07]
[00:19:07] [INFO] 开始清理工作区...
[00:19:07] [INFO] 清理完成！
[00:19:07] [SUCCESS] 执行命令成功
[executionStep begins at 2026-10-08 00:19:07]
[INFO] PATH=/usr/local/sbin:/usr/local/bin:/usr/sbin:/usr/bin:/sbin:/bin
[00:19:07] [INFO] 使用工作路径/root/workspace/repo_0
[00:19:07] [INFO] 执行步骤
[00:19:07] 使用OSS地址：oss-cn-beijing-internal.aliyuncs.com
[00:19:07] [INFO] BUILD_JOB_ID=559161182
[00:19:07] FLOW_FEATURE_CODEUP_INTERNAL_DOMAIN=flow-beijing.codeup-inner.aliyun.com
[00:19:07] FLOW_FEATURE_CODEUP_INTERNAL_IP=192.168.116.204
[00:19:07] [INFO] 清理文件夹 /root/workspace /root/workspace/repo_0...
[00:19:07] git_host = gitee.com
[00:19:07] git clone https://gitee.com/chcbz/cyf-web-kit.git  --branch develop /root/workspace/repo_0
[00:19:28] 正克隆到 '/root/workspace/repo_0'...
[00:19:28] [INFO]  cd /root/workspace/repo_0
[00:19:28] [SUCCESS] 克隆成功
[00:19:28] RECORD REPOSITORY INFO /root/workspace/repo_0
[00:19:28] [INFO] 获取到上一次运行commit ID 726453950fe934c894be9e602ac72ee1151c9efb
[00:19:28] [INFO] 流水线上一次运行提交与本次运行存在变更
[00:19:28] ###commitId###:ee6ca1b6beba562e0c7fa13d422857f554644471###commitMsg###:chore(release): version UI-only frontend 1.0.6                                                                                                                                                                                                                                                                                                                                                                                                                                                                                                                                                                                                                                                                                                                                                                                                                                                                                                                                                                                                                  ###commitTime###:Thu Oct 8 00:16:54 2026 +0800###commitAuthor###:chcbz <chcbz@sina.com>[INFO] 获取git log成功
[00:19:28] [INFO] 完成Commit信息收集
[00:19:28] [INFO] 计算增量提交范围 726453950fe934c894be9e602ac72ee1151c9efb /root ee6ca1b6beba562e0c7fa13d422857f554644471
[00:19:28]
[00:19:28] ----------------------------------------------
[00:19:28]
[00:19:28] [SUCCESS] 步骤运行成功
[executionStep begins at 2026-10-08 00:19:28]
[INFO] PATH=/usr/local/sbin:/usr/local/bin:/usr/sbin:/usr/bin:/sbin:/bin
[00:19:28] [INFO] 使用工作路径/root/workspace/repo_0
加载用户自定义环境变量
[00:19:28] [INFO] 执行步骤
[00:19:28] [INFO] oss-cn-beijing-internal.aliyuncs.com
[00:19:28] [INFO] PIPELINE_ID=4403172
[00:19:28] [INFO] PIPELINE_NAME=cyf-web-release
[00:19:28] [INFO] BUILD_NUMBER=180
[00:19:28] [INFO] EMPLOYEE_ID=67d63fdb36ec628799f13840
[00:19:28] [INFO] WORK_SPACE=/root/workspace
[00:19:28] [INFO] PROJECT_DIR=/root/workspace/repo_0
[00:19:28] [INFO] PLUGIN_DIR=/root/plugins
[00:19:28] [INFO] BUILD_JOB_ID=559161182
[00:19:28] [INFO] LOG_LEVEL=DEBUG
[00:19:28] [DEBUG] ARCHIVE_PATH=/root/.m2 /root/.gradle/caches /root/.npm /root/.yarn /go/pkg/mod /root/.cache
[00:19:28] [USER]CACHE_NAME=global-cache
[00:19:28] [USER]ARCHIVE_PATH=/root/.m2 /root/.gradle/caches /root/.npm /root/.yarn /go/pkg/mod /root/.cache
[00:19:28] [USER]COMMAND=RUN
[00:19:28] [USER]FILE_ID=aone2/2049636/caches/4403172/global-cache-cloud_ci-web_ci.tgz
[00:19:28] [USER]ENDPOINT=oss-cn-beijing-internal.aliyuncs.com
[00:19:28] [USER]BUCKET_NAME=execution-component-rdc
[00:19:28]
[00:19:28]
[00:19:28] 获取缓存文件 aone2/2049636/caches/4403172/global-cache-cloud_ci-web_ci.tgz -> /root/workspace/packages/global-cache-cloud_ci-web_ci.tgz
[00:19:28] log file is /root/workspace/repo_0/ossutil.log
[00:19:35]
Total num: 1, size: 1,860,847,314. Dealed num: 0, OK size: 1,479,373,842, Progress: 79.500%, Speed: 288408.24KB/s

Succeed: Total num: 1, size: 1,860,847,314. OK num: 1(download 1 objects).
[00:19:35]
[00:19:35] average speed 290485000(byte/s)
[00:19:35]
[00:19:35] 6.405710(s) elapsed
[00:19:35] [WARN] 缓存文件获取成功
[00:19:35] [INFO] /root/workspace/packages/global-cache-cloud_ci-web_ci.tgz SIZE 1860847314
[00:19:35] 恢复缓存目录
[00:19:35] tar: Removing leading `/' from member names
[00:20:07] [SUCCESS] 步骤运行成功
[executionStep begins at [Thu Oct 08 00:20:08 CST 2026]]
[INFO] The system has omitted 1074 lines of logs. Please check the original log file for complete logs
[00:23:07]   at <VTUROOT>
[00:23:07] [Vue warn]: Failed to resolve component: var-icon
[00:23:07] If this is a native custom element, make sure to exclude it from component resolution via compilerOptions.isCustomElement.
[00:23:07]   at <HallMaterialPicker modelValue= [] onUpdate:modelValue=fn identity-scope="tenant\u0000client\u0000owner-a"  ... >
[00:23:07]   at <HallOverview enabled=true identityScope="tenant\u0000client\u0000owner-a" identityEpoch=1  ... >
[00:23:07]   at <VTUROOT>
[00:23:07] [Vue warn]: Failed to resolve component: var-icon
[00:23:07] If this is a native custom element, make sure to exclude it from component resolution via compilerOptions.isCustomElement.
[00:23:07]   at <HallMaterialPicker modelValue= [] onUpdate:modelValue=fn identity-scope="tenant\u0000client\u0000owner-a"  ... >
[00:23:07]   at <HallOverview enabled=true identityScope="tenant\u0000client\u0000owner-a" identityEpoch=1  ... >
[00:23:07]   at <VTUROOT>
[00:23:07] [Vue warn]: Failed to resolve component: var-icon
[00:23:07] If this is a native custom element, make sure to exclude it from component resolution via compilerOptions.isCustomElement.
[00:23:07]   at <HallOverview enabled=true identityScope="tenant\u0000client\u0000owner-a" identityEpoch=1  ... >
[00:23:07]   at <VTUROOT>
[00:23:07] [Vue warn]: Failed to resolve component: var-icon
[00:23:07] If this is a native custom element, make sure to exclude it from component resolution via compilerOptions.isCustomElement.
[00:23:07]   at <HallMaterialPicker modelValue= [
[00:23:07]   {
[00:23:07]     fileId: 'file-pdf',
[00:23:07]     version: 3,
[00:23:07]     displayName: '执行说明',
[00:23:07]     contentMimeType: 'application/pdf'
[00:23:07]   }
[00:23:07] ] onUpdate:modelValue=fn identity-scope="tenant\u0000client\u0000owner-a"  ... >
[00:23:07]   at <HallOverview enabled=true identityScope="tenant\u0000client\u0000owner-a" identityEpoch=1  ... >
[00:23:07]   at <VTUROOT>
[00:23:07] [Vue warn]: Failed to resolve component: var-icon
[00:23:07] If this is a native custom element, make sure to exclude it from component resolution via compilerOptions.isCustomElement.
[00:23:07]   at <HallOverview enabled=true identityScope="tenant\u0000client\u0000owner-a" identityEpoch=1  ... >
[00:23:07]   at <VTUROOT>
[00:23:07] [Vue warn]: Failed to resolve component: var-icon
[00:23:07] If this is a native custom element, make sure to exclude it from component resolution via compilerOptions.isCustomElement.
[00:23:07]   at <HallMaterialPicker modelValue= [
[00:23:07]   {
[00:23:07]     fileId: 'file-pdf',
[00:23:07]     version: 3,
[00:23:07]     displayName: '执行说明',
[00:23:07]     contentMimeType: 'application/pdf'
[00:23:07]   }
[00:23:07] ] onUpdate:modelValue=fn identity-scope="tenant\u0000client\u0000owner-a"  ... >
[00:23:07]   at <HallOverview enabled=true identityScope="tenant\u0000client\u0000owner-a" identityEpoch=1  ... >
[00:23:07]   at <VTUROOT>
[00:23:07] .[Vue warn]: Failed to resolve component: var-icon
[00:23:07] If this is a native custom element, make sure to exclude it from component resolution via compilerOptions.isCustomElement.
[00:23:07]   at <HallOverview enabled=true identityScope="tenant\u0000client\u0000owner-a" identityEpoch=1  ... >
[00:23:07]   at <VTUROOT>
[00:23:07] [Vue warn]: Failed to resolve component: var-icon
[00:23:07] If this is a native custom element, make sure to exclude it from component resolution via compilerOptions.isCustomElement.
[00:23:07]   at <HallMaterialPicker modelValue= [] onUpdate:modelValue=fn identity-scope="tenant\u0000client\u0000owner-a"  ... >
[00:23:07]   at <HallOverview enabled=true identityScope="tenant\u0000client\u0000owner-a" identityEpoch=1  ... >
[00:23:07]   at <VTUROOT>
[00:23:07] [Vue warn]: Failed to resolve component: var-icon
[00:23:07] If this is a native custom element, make sure to exclude it from component resolution via compilerOptions.isCustomElement.
[00:23:07]   at <HallOverview enabled=true identityScope="tenant\u0000client\u0000owner-a" identityEpoch=1  ... >
[00:23:07]   at <VTUROOT>
[00:23:07] [Vue warn]: Failed to resolve component: var-icon
[00:23:07] If this is a native custom element, make sure to exclude it from component resolution via compilerOptions.isCustomElement.
[00:23:07]   at <HallMaterialPicker modelValue= [] onUpdate:modelValue=fn identity-scope="tenant\u0000client\u0000owner-a"  ... >
[00:23:07]   at <HallOverview enabled=true identityScope="tenant\u0000client\u0000owner-a" identityEpoch=1  ... >
[00:23:07]   at <VTUROOT>
[00:23:07] [Vue warn]: Failed to resolve component: var-icon
[00:23:07] If this is a native custom element, make sure to exclude it from component resolution via compilerOptions.isCustomElement.
[00:23:07]   at <HallMaterialPicker modelValue= [] onUpdate:modelValue=fn identity-scope="tenant\u0000client\u0000owner-a"  ... >
[00:23:07]   at <HallOverview enabled=true identityScope="tenant\u0000client\u0000owner-a" identityEpoch=1  ... >
[00:23:07]   at <VTUROOT>
[00:23:07] [Vue warn]: Failed to resolve component: var-icon
[00:23:07] If this is a native custom element, make sure to exclude it from component resolution via compilerOptions.isCustomElement.
[00:23:07]   at <HallMaterialPicker modelValue= [] onUpdate:modelValue=fn identity-scope="tenant\u0000client\u0000owner-a"  ... >
[00:23:07]   at <HallOverview enabled=true identityScope="tenant\u0000client\u0000owner-a" identityEpoch=1  ... >
[00:23:07]   at <VTUROOT>
[00:23:07] [Vue warn]: Failed to resolve component: var-icon
[00:23:07] If this is a native custom element, make sure to exclude it from component resolution via compilerOptions.isCustomElement.
[00:23:07]   at <HallMaterialPicker modelValue= [] onUpdate:modelValue=fn identity-scope="tenant\u0000client\u0000owner-a"  ... >
[00:23:07]   at <HallOverview enabled=true identityScope="tenant\u0000client\u0000owner-a" identityEpoch=1  ... >
[00:23:07]   at <VTUROOT>
[00:23:07] [Vue warn]: Failed to resolve component: var-icon
[00:23:07] If this is a native custom element, make sure to exclude it from component resolution via compilerOptions.isCustomElement.
[00:23:07]   at <HallMaterialPicker modelValue= [] onUpdate:modelValue=fn identity-scope="tenant\u0000client\u0000owner-a"  ... >
[00:23:07]   at <HallOverview enabled=true identityScope="tenant\u0000client\u0000owner-a" identityEpoch=1  ... >
[00:23:07]   at <VTUROOT>
[00:23:07] [Vue warn]: Failed to resolve component: var-icon
[00:23:07] If this is a native custom element, make sure to exclude it from component resolution via compilerOptions.isCustomElement.
[00:23:07]   at <HallMaterialPicker modelValue= [] onUpdate:modelValue=fn identity-scope="tenant\u0000client\u0000owner-a"  ... >
[00:23:07]   at <HallOverview enabled=true identityScope="tenant\u0000client\u0000owner-a" identityEpoch=1  ... >
[00:23:07]   at <VTUROOT>
[00:23:07] [Vue warn]: Failed to resolve component: var-icon
[00:23:07] If this is a native custom element, make sure to exclude it from component resolution via compilerOptions.isCustomElement.
[00:23:07]   at <HallMaterialPicker modelValue= [] onUpdate:modelValue=fn identity-scope="tenant\u0000client\u0000owner-a"  ... >
[00:23:07]   at <HallOverview enabled=true identityScope="tenant\u0000client\u0000owner-a" identityEpoch=1  ... >
[00:23:07]   at <VTUROOT>
[00:23:07] [Vue warn]: Failed to resolve component: var-icon
[00:23:07] If this is a native custom element, make sure to exclude it from component resolution via compilerOptions.isCustomElement.
[00:23:07]   at <HallMaterialPicker modelValue= [] onUpdate:modelValue=fn identity-scope="tenant\u0000client\u0000owner-a"  ... >
[00:23:07]   at <HallOverview enabled=true identityScope="tenant\u0000client\u0000owner-a" identityEpoch=1  ... >
[00:23:07]   at <VTUROOT>
[00:23:07] [Vue warn]: Failed to resolve component: var-icon
[00:23:07] If this is a native custom element, make sure to exclude it from component resolution via compilerOptions.isCustomElement.
[00:23:07]   at <HallMaterialPicker modelValue= [] onUpdate:modelValue=fn identity-scope="tenant\u0000client\u0000owner-a"  ... >
[00:23:07]   at <HallOverview enabled=true identityScope="tenant\u0000client\u0000owner-a" identityEpoch=1  ... >
[00:23:07]   at <VTUROOT>
[00:23:07] [Vue warn]: Failed to resolve component: var-icon
[00:23:07] If this is a native custom element, make sure to exclude it from component resolution via compilerOptions.isCustomElement.
[00:23:07]   at <HallMaterialPicker modelValue= [] onUpdate:modelValue=fn identity-scope="tenant\u0000client\u0000owner-a"  ... >
[00:23:07]   at <HallOverview enabled=true identityScope="tenant\u0000client\u0000owner-a" identityEpoch=1  ... >
[00:23:07]   at <VTUROOT>
[00:23:07] [Vue warn]: Failed to resolve component: var-icon
[00:23:07] If this is a native custom element, make sure to exclude it from component resolution via compilerOptions.isCustomElement.
[00:23:07]   at <HallMaterialPicker modelValue= [] onUpdate:modelValue=fn identity-scope="tenant\u0000client\u0000owner-a"  ... >
[00:23:07]   at <HallOverview enabled=true identityScope="tenant\u0000client\u0000owner-a" identityEpoch=1  ... >
[00:23:07]   at <VTUROOT>
[00:23:07] [Vue warn]: Failed to resolve component: var-icon
[00:23:07] If this is a native custom element, make sure to exclude it from component resolution via compilerOptions.isCustomElement.
[00:23:07]   at <HallMaterialPicker modelValue= [] onUpdate:modelValue=fn identity-scope="tenant\u0000client\u0000owner-a"  ... >
[00:23:07]   at <HallOverview enabled=true identityScope="tenant\u0000client\u0000owner-a" identityEpoch=1  ... >
[00:23:07]   at <VTUROOT>
[00:23:07] [Vue warn]: Failed to resolve component: var-icon
[00:23:07] If this is a native custom element, make sure to exclude it from component resolution via compilerOptions.isCustomElement.
[00:23:07]   at <HallMaterialPicker modelValue= [] onUpdate:modelValue=fn identity-scope="tenant\u0000client\u0000owner-a"  ... >
[00:23:07]   at <HallOverview enabled=true identityScope="tenant\u0000client\u0000owner-a" identityEpoch=1  ... >
[00:23:07]   at <VTUROOT>
[00:23:07] [Vue warn]: Failed to resolve component: var-icon
[00:23:07] If this is a native custom element, make sure to exclude it from component resolution via compilerOptions.isCustomElement.
[00:23:07]   at <HallMaterialPicker modelValue= [] onUpdate:modelValue=fn identity-scope="tenant\u0000client\u0000owner-a"  ... >
[00:23:07]   at <HallOverview enabled=true identityScope="tenant\u0000client\u0000owner-a" identityEpoch=1  ... >
[00:23:07]   at <VTUROOT>
[00:23:07] [Vue warn]: Failed to resolve component: var-icon
[00:23:07] If this is a native custom element, make sure to exclude it from component resolution via compilerOptions.isCustomElement.
[00:23:07]   at <HallMaterialPicker modelValue= [] onUpdate:modelValue=fn identity-scope="tenant\u0000client\u0000owner-a"  ... >
[00:23:07]   at <HallOverview enabled=true identityScope="tenant\u0000client\u0000owner-a" identityEpoch=1  ... >
[00:23:07]   at <VTUROOT>
[00:23:07] [Vue warn]: Failed to resolve component: var-icon
[00:23:07] If this is a native custom element, make sure to exclude it from component resolution via compilerOptions.isCustomElement.
[00:23:07]   at <HallMaterialPicker modelValue= [] onUpdate:modelValue=fn identity-scope="tenant\u0000client\u0000owner-a"  ... >
[00:23:07]   at <HallOverview enabled=true identityScope="tenant\u0000client\u0000owner-a" identityEpoch=1  ... >
[00:23:07]   at <VTUROOT>
[00:23:07] [Vue warn]: Failed to resolve component: var-icon
[00:23:07] If this is a native custom element, make sure to exclude it from component resolution via compilerOptions.isCustomElement.
[00:23:07]   at <HallMaterialPicker modelValue= [] onUpdate:modelValue=fn identity-scope="tenant\u0000client\u0000owner-a"  ... >
[00:23:07]   at <HallOverview enabled=true identityScope="tenant\u0000client\u0000owner-a" identityEpoch=1  ... >
[00:23:07]   at <VTUROOT>
[00:23:07] [Vue warn]: Failed to resolve component: var-icon
[00:23:07] If this is a native custom element, make sure to exclude it from component resolution via compilerOptions.isCustomElement.
[00:23:07]   at <HallMaterialPicker modelValue= [] onUpdate:modelValue=fn identity-scope="tenant\u0000client\u0000owner-a"  ... >
[00:23:07]   at <HallOverview enabled=true identityScope="tenant\u0000client\u0000owner-a" identityEpoch=1  ... >
[00:23:07]   at <VTUROOT>
[00:23:07] [Vue warn]: Failed to resolve component: var-icon
[00:23:07] If this is a native custom element, make sure to exclude it from component resolution via compilerOptions.isCustomElement.
[00:23:07]   at <HallMaterialPicker modelValue= [] onUpdate:modelValue=fn identity-scope="tenant\u0000client\u0000owner-a"  ... >
[00:23:07]   at <HallOverview enabled=true identityScope="tenant\u0000client\u0000owner-a" identityEpoch=1  ... >
[00:23:07]   at <VTUROOT>
[00:23:07] [Vue warn]: Failed to resolve component: var-icon
[00:23:07] If this is a native custom element, make sure to exclude it from component resolution via compilerOptions.isCustomElement.
[00:23:07]   at <HallMaterialPicker modelValue= [] onUpdate:modelValue=fn identity-scope="tenant\u0000client\u0000owner-a"  ... >
[00:23:07]   at <HallOverview enabled=true identityScope="tenant\u0000client\u0000owner-a" identityEpoch=1  ... >
[00:23:07]   at <VTUROOT>
[00:23:07] [Vue warn]: Failed to resolve component: var-icon
[00:23:07] If this is a native custom element, make sure to exclude it from component resolution via compilerOptions.isCustomElement.
[00:23:07]   at <HallMaterialPicker modelValue= [] onUpdate:modelValue=fn identity-scope="tenant\u0000client\u0000owner-a"  ... >
[00:23:07]   at <HallOverview enabled=true identityScope="tenant\u0000client\u0000owner-a" identityEpoch=1  ... >
[00:23:07]   at <VTUROOT>
[00:23:07] [Vue warn]: Failed to resolve component: var-icon
[00:23:07] If this is a native custom element, make sure to exclude it from component resolution via compilerOptions.isCustomElement.
[00:23:07]   at <HallMaterialPicker modelValue= [] onUpdate:modelValue=fn identity-scope="tenant\u0000client\u0000owner-a"  ... >
[00:23:07]   at <HallOverview enabled=true identityScope="tenant\u0000client\u0000owner-a" identityEpoch=1  ... >
[00:23:07]   at <VTUROOT>
[00:23:07] [Vue warn]: Failed to resolve component: var-icon
[00:23:07] If this is a native custom element, make sure to exclude it from component resolution via compilerOptions.isCustomElement.
[00:23:07]   at <HallMaterialPicker modelValue= [] onUpdate:modelValue=fn identity-scope="tenant\u0000client\u0000owner-a"  ... >
[00:23:07]   at <HallOverview enabled=true identityScope="tenant\u0000client\u0000owner-a" identityEpoch=1  ... >
[00:23:07]   at <VTUROOT>
[00:23:07] [Vue warn]: Failed to resolve component: var-icon
[00:23:07] If this is a native custom element, make sure to exclude it from component resolution via compilerOptions.isCustomElement.
[00:23:07]   at <HallMaterialPicker modelValue= [] onUpdate:modelValue=fn identity-scope="tenant\u0000client\u0000owner-a"  ... >
[00:23:07]   at <HallOverview enabled=true identityScope="tenant\u0000client\u0000owner-a" identityEpoch=1  ... >
[00:23:07]   at <VTUROOT>
[00:23:07] [Vue warn]: Failed to resolve component: var-icon
[00:23:07] If this is a native custom element, make sure to exclude it from component resolution via compilerOptions.isCustomElement.
[00:23:07]   at <HallMaterialPicker modelValue= [] onUpdate:modelValue=fn identity-scope="tenant\u0000client\u0000owner-a"  ... >
[00:23:07]   at <HallOverview enabled=true identityScope="tenant\u0000client\u0000owner-a" identityEpoch=1  ... >
[00:23:07]   at <VTUROOT>
[00:23:07] [Vue warn]: Failed to resolve component: var-icon
[00:23:07] If this is a native custom element, make sure to exclude it from component resolution via compilerOptions.isCustomElement.
[00:23:07]   at <HallMaterialPicker modelValue= [] onUpdate:modelValue=fn identity-scope="tenant\u0000client\u0000owner-a"  ... >
[00:23:07]   at <HallOverview enabled=true identityScope="tenant\u0000client\u0000owner-a" identityEpoch=1  ... >
[00:23:07]   at <VTUROOT>
[00:23:07] [Vue warn]: Failed to resolve component: var-icon
[00:23:07] If this is a native custom element, make sure to exclude it from component resolution via compilerOptions.isCustomElement.
[00:23:07]   at <HallOverview enabled=true identityScope="tenant\u0000client\u0000owner-a" identityEpoch=1  ... >
[00:23:07]   at <VTUROOT>
[00:23:07] [Vue warn]: Failed to resolve component: var-icon
[00:23:07] If this is a native custom element, make sure to exclude it from component resolution via compilerOptions.isCustomElement.
[00:23:07]   at <HallMaterialPicker modelValue= [
[00:23:07]   {
[00:23:07]     fileId: 'file-0',
[00:23:07]     version: 2,
[00:23:07]     displayName: 'bird.png',
[00:23:07]     contentMimeType: 'image/png'
[00:23:07]   },
[00:23:07]   {
[00:23:07]     fileId: 'file-1',
[00:23:07]     version: 2,
[00:23:07]     displayName: 'brief.pdf',
[00:23:07]     contentMimeType: 'application/pdf'
[00:23:07]   },
[00:23:07]   {
[00:23:07]     fileId: 'file-2',
[00:23:07]     version: 2,
[00:23:07]     displayName: 'song.mp3',
[00:23:07]     contentMimeType: 'audio/mpeg'
[00:23:07]   },
[00:23:07]   {
[00:23:07]     fileId: 'file-3',
[00:23:07]     version: 2,
[00:23:07]     displayName: 'notes.txt',
[00:23:07]     contentMimeType: 'text/plain'
[00:23:07]   }
[00:23:07] ] onUpdate:modelValue=fn identity-scope="tenant\u0000client\u0000owner-a"  ... >
[00:23:07]   at <HallOverview enabled=true identityScope="tenant\u0000client\u0000owner-a" identityEpoch=1  ... >
[00:23:07]   at <VTUROOT>
[00:23:07] [Vue warn]: Failed to resolve component: var-icon
[00:23:07] If this is a native custom element, make sure to exclude it from component resolution via compilerOptions.isCustomElement.
[00:23:07]   at <HallOverview enabled=true identityScope="tenant\u0000client\u0000owner-a" identityEpoch=1  ... >
[00:23:07]   at <VTUROOT>
[00:23:07] [Vue warn]: Failed to resolve component: var-icon
[00:23:07] If this is a native custom element, make sure to exclude it from component resolution via compilerOptions.isCustomElement.
[00:23:07]   at <HallMaterialPicker modelValue= [
[00:23:07]   {
[00:23:07]     fileId: 'file-0',
[00:23:07]     version: 2,
[00:23:07]     displayName: 'bird.png',
[00:23:07]     contentMimeType: 'image/png'
[00:23:07]   },
[00:23:07]   {
[00:23:07]     fileId: 'file-1',
[00:23:07]     version: 2,
[00:23:07]     displayName: 'brief.pdf',
[00:23:07]     contentMimeType: 'application/pdf'
[00:23:07]   },
[00:23:07]   {
[00:23:07]     fileId: 'file-2',
[00:23:07]     version: 2,
[00:23:07]     displayName: 'song.mp3',
[00:23:07]     contentMimeType: 'audio/mpeg'
[00:23:07]   },
[00:23:07]   {
[00:23:07]     fileId: 'file-3',
[00:23:07]     version: 2,
[00:23:07]     displayName: 'notes.txt',
[00:23:07]     contentMimeType: 'text/plain'
[00:23:07]   }
[00:23:07] ] onUpdate:modelValue=fn identity-scope="tenant\u0000client\u0000owner-a"  ... >
[00:23:07]   at <HallOverview enabled=true identityScope="tenant\u0000client\u0000owner-a" identityEpoch=1  ... >
[00:23:07]   at <VTUROOT>
[00:23:07] [Vue warn]: Failed to resolve component: var-icon
[00:23:07] If this is a native custom element, make sure to exclude it from component resolution via compilerOptions.isCustomElement.
[00:23:07]   at <HallMaterialPicker modelValue= [
[00:23:07]   {
[00:23:07]     fileId: 'file-0',
[00:23:07]     version: 2,
[00:23:07]     displayName: 'bird.png',
[00:23:07]     contentMimeType: 'image/png'
[00:23:07]   },
[00:23:07]   {
[00:23:07]     fileId: 'file-1',
[00:23:07]     version: 2,
[00:23:07]     displayName: 'brief.pdf',
[00:23:07]     contentMimeType: 'application/pdf'
[00:23:07]   },
[00:23:07]   {
[00:23:07]     fileId: 'file-2',
[00:23:07]     version: 2,
[00:23:07]     displayName: 'song.mp3',
[00:23:07]     contentMimeType: 'audio/mpeg'
[00:23:07]   },
[00:23:07]   {
[00:23:07]     fileId: 'file-3',
[00:23:07]     version: 2,
[00:23:07]     displayName: 'notes.txt',
[00:23:07]     contentMimeType: 'text/plain'
[00:23:07]   }
[00:23:07] ] onUpdate:modelValue=fn identity-scope="tenant\u0000client\u0000owner-a"  ... >
[00:23:07]   at <HallOverview enabled=true identityScope="tenant\u0000client\u0000owner-a" identityEpoch=1  ... >
[00:23:07]   at <VTUROOT>
[00:23:07] [Vue warn]: Failed to resolve component: var-icon
[00:23:07] If this is a native custom element, make sure to exclude it from component resolution via compilerOptions.isCustomElement.
[00:23:07]   at <HallMaterialPicker modelValue= [
[00:23:07]   {
[00:23:07]     fileId: 'file-0',
[00:23:07]     version: 2,
[00:23:07]     displayName: 'bird.png',
[00:23:07]     contentMimeType: 'image/png'
[00:23:07]   },
[00:23:07]   {
[00:23:07]     fileId: 'file-1',
[00:23:07]     version: 2,
[00:23:07]     displayName: 'brief.pdf',
[00:23:07]     contentMimeType: 'application/pdf'
[00:23:07]   },
[00:23:07]   {
[00:23:07]     fileId: 'file-2',
[00:23:07]     version: 2,
[00:23:07]     displayName: 'song.mp3',
[00:23:07]     contentMimeType: 'audio/mpeg'
[00:23:07]   },
[00:23:07]   {
[00:23:07]     fileId: 'file-3',
[00:23:07]     version: 2,
[00:23:07]     displayName: 'notes.txt',
[00:23:07]     contentMimeType: 'text/plain'
[00:23:07]   }
[00:23:07] ] onUpdate:modelValue=fn identity-scope="tenant\u0000client\u0000owner-a"  ... >
[00:23:07]   at <HallOverview enabled=true identityScope="tenant\u0000client\u0000owner-a" identityEpoch=1  ... >
[00:23:07]   at <VTUROOT>
[00:23:07] [Vue warn]: Failed to resolve component: var-icon
[00:23:07] If this is a native custom element, make sure to exclude it from component resolution via compilerOptions.isCustomElement.
[00:23:07]   at <HallMaterialPicker modelValue= [
[00:23:07]   {
[00:23:07]     fileId: 'file-0',
[00:23:07]     version: 2,
[00:23:07]     displayName: 'bird.png',
[00:23:07]     contentMimeType: 'image/png'
[00:23:07]   },
[00:23:07]   {
[00:23:07]     fileId: 'file-1',
[00:23:07]     version: 2,
[00:23:07]     displayName: 'brief.pdf',
[00:23:07]     contentMimeType: 'application/pdf'
[00:23:07]   },
[00:23:07]   {
[00:23:07]     fileId: 'file-2',
[00:23:07]     version: 2,
[00:23:07]     displayName: 'song.mp3',
[00:23:07]     contentMimeType: 'audio/mpeg'
[00:23:07]   },
[00:23:07]   {
[00:23:07]     fileId: 'file-3',
[00:23:07]     version: 2,
[00:23:07]     displayName: 'notes.txt',
[00:23:07]     contentMimeType: 'text/plain'
[00:23:07]   }
[00:23:07] ] onUpdate:modelValue=fn identity-scope="tenant\u0000client\u0000owner-a"  ... >
[00:23:07]   at <HallOverview enabled=true identityScope="tenant\u0000client\u0000owner-a" identityEpoch=1  ... >
[00:23:07]   at <VTUROOT>
[00:23:07] [Vue warn]: Failed to resolve component: var-icon
[00:23:07] If this is a native custom element, make sure to exclude it from component resolution via compilerOptions.isCustomElement.
[00:23:07]   at <HallMaterialPicker modelValue= [
[00:23:07]   {
[00:23:07]     fileId: 'file-0',
[00:23:07]     version: 2,
[00:23:07]     displayName: 'bird.png',
[00:23:07]     contentMimeType: 'image/png'
[00:23:07]   },
[00:23:07]   {
[00:23:07]     fileId: 'file-1',
[00:23:07]     version: 2,
[00:23:07]     displayName: 'brief.pdf',
[00:23:07]     contentMimeType: 'application/pdf'
[00:23:07]   },
[00:23:07]   {
[00:23:07]     fileId: 'file-2',
[00:23:07]     version: 2,
[00:23:07]     displayName: 'song.mp3',
[00:23:07]     contentMimeType: 'audio/mpeg'
[00:23:07]   },
[00:23:07]   {
[00:23:07]     fileId: 'file-3',
[00:23:07]     version: 2,
[00:23:07]     displayName: 'notes.txt',
[00:23:07]     contentMimeType: 'text/plain'
[00:23:07]   }
[00:23:07] ] onUpdate:modelValue=fn identity-scope="tenant\u0000client\u0000owner-a"  ... >
[00:23:07]   at <HallOverview enabled=true identityScope="tenant\u0000client\u0000owner-a" identityEpoch=1  ... >
[00:23:07]   at <VTUROOT>
[00:23:07] [Vue warn]: Failed to resolve component: var-icon
[00:23:07] If this is a native custom element, make sure to exclude it from component resolution via compilerOptions.isCustomElement.
[00:23:07]   at <HallMaterialPicker modelValue= [
[00:23:07]   {
[00:23:07]     fileId: 'file-0',
[00:23:07]     version: 2,
[00:23:07]     displayName: 'bird.png',
[00:23:07]     contentMimeType: 'image/png'
[00:23:07]   },
[00:23:07]   {
[00:23:07]     fileId: 'file-1',
[00:23:07]     version: 2,
[00:23:07]     displayName: 'brief.pdf',
[00:23:07]     contentMimeType: 'application/pdf'
[00:23:07]   },
[00:23:07]   {
[00:23:07]     fileId: 'file-2',
[00:23:07]     version: 2,
[00:23:07]     displayName: 'song.mp3',
[00:23:07]     contentMimeType: 'audio/mpeg'
[00:23:07]   },
[00:23:07]   {
[00:23:07]     fileId: 'file-3',
[00:23:07]     version: 2,
[00:23:07]     displayName: 'notes.txt',
[00:23:07]     contentMimeType: 'text/plain'
[00:23:07]   }
[00:23:07] ] onUpdate:modelValue=fn identity-scope="tenant\u0000client\u0000owner-a"  ... >
[00:23:07]   at <HallOverview enabled=true identityScope="tenant\u0000client\u0000owner-a" identityEpoch=1  ... >
[00:23:07]   at <VTUROOT>
[00:23:07] [Vue warn]: Failed to resolve component: var-icon
[00:23:07] If this is a native custom element, make sure to exclude it from component resolution via compilerOptions.isCustomElement.
[00:23:07]   at <HallMaterialPicker modelValue= [
[00:23:07]   {
[00:23:07]     fileId: 'file-0',
[00:23:07]     version: 2,
[00:23:07]     displayName: 'bird.png',
[00:23:07]     contentMimeType: 'image/png'
[00:23:07]   },
[00:23:07]   {
[00:23:07]     fileId: 'file-1',
[00:23:07]     version: 2,
[00:23:07]     displayName: 'brief.pdf',
[00:23:07]     contentMimeType: 'application/pdf'
[00:23:07]   },
[00:23:07]   {
[00:23:07]     fileId: 'file-2',
[00:23:07]     version: 2,
[00:23:07]     displayName: 'song.mp3',
[00:23:07]     contentMimeType: 'audio/mpeg'
[00:23:07]   },
[00:23:07]   {
[00:23:07]     fileId: 'file-3',
[00:23:07]     version: 2,
[00:23:07]     displayName: 'notes.txt',
[00:23:07]     contentMimeType: 'text/plain'
[00:23:07]   }
[00:23:07] ] onUpdate:modelValue=fn identity-scope="tenant\u0000client\u0000owner-a"  ... >
[00:23:07]   at <HallOverview enabled=true identityScope="tenant\u0000client\u0000owner-a" identityEpoch=1  ... >
[00:23:07]   at <VTUROOT>
[00:23:07] [Vue warn]: Failed to resolve component: var-icon
[00:23:07] If this is a native custom element, make sure to exclude it from component resolution via compilerOptions.isCustomElement.
[00:23:07]   at <HallMaterialPicker modelValue= [
[00:23:07]   {
[00:23:07]     fileId: 'file-0',
[00:23:07]     version: 2,
[00:23:07]     displayName: 'bird.png',
[00:23:07]     contentMimeType: 'image/png'
[00:23:07]   },
[00:23:07]   {
[00:23:07]     fileId: 'file-1',
[00:23:07]     version: 2,
[00:23:07]     displayName: 'brief.pdf',
[00:23:07]     contentMimeType: 'application/pdf'
[00:23:07]   },
[00:23:07]   {
[00:23:07]     fileId: 'file-2',
[00:23:07]     version: 2,
[00:23:07]     displayName: 'song.mp3',
[00:23:07]     contentMimeType: 'audio/mpeg'
[00:23:07]   },
[00:23:07]   {
[00:23:07]     fileId: 'file-3',
[00:23:07]     version: 2,
[00:23:07]     displayName: 'notes.txt',
[00:23:07]     contentMimeType: 'text/plain'
[00:23:07]   }
[00:23:07] ] onUpdate:modelValue=fn identity-scope="tenant\u0000client\u0000owner-a"  ... >
[00:23:07]   at <HallOverview enabled=true identityScope="tenant\u0000client\u0000owner-a" identityEpoch=1  ... >
[00:23:07]   at <VTUROOT>
[00:23:07] [Vue warn]: Failed to resolve component: var-icon
[00:23:07] If this is a native custom element, make sure to exclude it from component resolution via compilerOptions.isCustomElement.
[00:23:07]   at <HallMaterialPicker modelValue= [
[00:23:07]   {
[00:23:07]     fileId: 'file-0',
[00:23:07]     version: 2,
[00:23:07]     displayName: 'bird.png',
[00:23:07]     contentMimeType: 'image/png'
[00:23:07]   },
[00:23:07]   {
[00:23:07]     fileId: 'file-1',
[00:23:07]     version: 2,
[00:23:07]     displayName: 'brief.pdf',
[00:23:07]     contentMimeType: 'application/pdf'
[00:23:07]   },
[00:23:07]   {
[00:23:07]     fileId: 'file-2',
[00:23:07]     version: 2,
[00:23:07]     displayName: 'song.mp3',
[00:23:07]     contentMimeType: 'audio/mpeg'
[00:23:07]   },
[00:23:07]   {
[00:23:07]     fileId: 'file-3',
[00:23:07]     version: 2,
[00:23:07]     displayName: 'notes.txt',
[00:23:07]     contentMimeType: 'text/plain'
[00:23:07]   }
[00:23:07] ] onUpdate:modelValue=fn identity-scope="tenant\u0000client\u0000owner-a"  ... >
[00:23:07]   at <HallOverview enabled=true identityScope="tenant\u0000client\u0000owner-a" identityEpoch=1  ... >
[00:23:07]   at <VTUROOT>
[00:23:07] [Vue warn]: Failed to resolve component: var-icon
[00:23:07] If this is a native custom element, make sure to exclude it from component resolution via compilerOptions.isCustomElement.
[00:23:07]   at <HallOverview enabled=true identityScope="tenant\u0000client\u0000owner-a" identityEpoch=1  ... >
[00:23:07]   at <VTUROOT>
[00:23:07] [Vue warn]: Failed to resolve component: var-icon
[00:23:07] If this is a native custom element, make sure to exclude it from component resolution via compilerOptions.isCustomElement.
[00:23:07]   at <HallMaterialPicker modelValue= [
[00:23:07]   {
[00:23:07]     fileId: 'file-1',
[00:23:07]     version: 2,
[00:23:07]     displayName: 'brief.pdf',
[00:23:07]     contentMimeType: 'application/pdf'
[00:23:07]   },
[00:23:07]   {
[00:23:07]     fileId: 'file-2',
[00:23:07]     version: 2,
[00:23:07]     displayName: 'song.mp3',
[00:23:07]     contentMimeType: 'audio/mpeg'
[00:23:07]   },
[00:23:07]   {
[00:23:07]     fileId: 'file-3',
[00:23:07]     version: 2,
[00:23:07]     displayName: 'notes.txt',
[00:23:07]     contentMimeType: 'text/plain'
[00:23:07]   }
[00:23:07] ] onUpdate:modelValue=fn identity-scope="tenant\u0000client\u0000owner-a"  ... >
[00:23:07]   at <HallOverview enabled=true identityScope="tenant\u0000client\u0000owner-a" identityEpoch=1  ... >
[00:23:07]   at <VTUROOT>
[00:23:07] .[Vue warn]: Failed to resolve component: var-icon
[00:23:07] If this is a native custom element, make sure to exclude it from component resolution via compilerOptions.isCustomElement.
[00:23:07]   at <HallOverview enabled=true identityScope="tenant\u0000client\u0000owner-a" identityEpoch=1  ... >
[00:23:07]   at <VTUROOT>
[00:23:07] [Vue warn]: Failed to resolve component: var-icon
[00:23:07] If this is a native custom element, make sure to exclude it from component resolution via compilerOptions.isCustomElement.
[00:23:07]   at <HallOverview enabled=true identityScope="tenant\u0000client\u0000owner-a" identityEpoch=1  ... >
[00:23:07]   at <VTUROOT>
[00:23:07] [Vue warn]: Failed to resolve component: var-icon
[00:23:07] If this is a native custom element, make sure to exclude it from component resolution via compilerOptions.isCustomElement.
[00:23:07]   at <HallOverview enabled=true identityScope="tenant\u0000client\u0000owner-a" identityEpoch=1  ... >
[00:23:07]   at <VTUROOT>
[00:23:07] [Vue warn]: Failed to resolve component: var-icon
[00:23:07] If this is a native custom element, make sure to exclude it from component resolution via compilerOptions.isCustomElement.
[00:23:07]   at <HallOverview enabled=true identityScope="tenant\u0000client\u0000owner-a" identityEpoch=1  ... >
[00:23:07]   at <VTUROOT>
[00:23:07] .[Vue warn]: Failed to resolve component: var-icon
[00:23:07] If this is a native custom element, make sure to exclude it from component resolution via compilerOptions.isCustomElement.
[00:23:07]   at <HallOverview enabled=false identityScope="tenant\u0000client\u0000owner-a" identityEpoch=1  ... >
[00:23:07]   at <VTUROOT>
[00:23:07] [Vue warn]: Failed to resolve component: var-icon
[00:23:07] If this is a native custom element, make sure to exclude it from component resolution via compilerOptions.isCustomElement.
[00:23:07]   at <HallMaterialPicker modelValue= [] onUpdate:modelValue=fn identity-scope="tenant\u0000client\u0000owner-a"  ... >
[00:23:07]   at <HallOverview enabled=false identityScope="tenant\u0000client\u0000owner-a" identityEpoch=1  ... >
[00:23:07]   at <VTUROOT>
[00:23:07] [Vue warn]: Failed to resolve component: var-icon
[00:23:07] If this is a native custom element, make sure to exclude it from component resolution via compilerOptions.isCustomElement.
[00:23:07]   at <HallOverview enabled=true identityScope="tenant\u0000client\u0000owner-a" identityEpoch=1  ... >
[00:23:07]   at <VTUROOT>
[00:23:07] [Vue warn]: Failed to resolve component: var-icon
[00:23:07] If this is a native custom element, make sure to exclude it from component resolution via compilerOptions.isCustomElement.
[00:23:07]   at <HallMaterialPicker modelValue= [] onUpdate:modelValue=fn identity-scope="tenant\u0000client\u0000owner-a"  ... >
[00:23:07]   at <HallOverview enabled=true identityScope="tenant\u0000client\u0000owner-a" identityEpoch=1  ... >
[00:23:07]   at <VTUROOT>
[00:23:07] [Vue warn]: Failed to resolve component: var-icon
[00:23:07] If this is a native custom element, make sure to exclude it from component resolution via compilerOptions.isCustomElement.
[00:23:07]   at <HallOverview enabled=true identityScope="tenant\u0000client\u0000owner-a" identityEpoch=1  ... >
[00:23:07]   at <VTUROOT>
[00:23:07] [Vue warn]: Failed to resolve component: var-icon
[00:23:07] If this is a native custom element, make sure to exclude it from component resolution via compilerOptions.isCustomElement.
[00:23:07]   at <HallOverview enabled=true identityScope="tenant\u0000client\u0000owner-b" identityEpoch=2  ... >
[00:23:07]   at <VTUROOT>
[00:23:07] [Vue warn]: Failed to resolve component: var-icon
[00:23:07] If this is a native custom element, make sure to exclude it from component resolution via compilerOptions.isCustomElement.
[00:23:07]   at <HallMaterialPicker modelValue= [] onUpdate:modelValue=fn identity-scope="tenant\u0000client\u0000owner-b"  ... >
[00:23:07]   at <HallOverview enabled=true identityScope="tenant\u0000client\u0000owner-b" identityEpoch=2  ... >
[00:23:07]   at <VTUROOT>
[00:23:07] [Vue warn]: Failed to resolve component: var-icon
[00:23:07] If this is a native custom element, make sure to exclude it from component resolution via compilerOptions.isCustomElement.
[00:23:07]   at <HallOverview enabled=true identityScope="tenant\u0000client\u0000owner-b" identityEpoch=2  ... >
[00:23:07]   at <VTUROOT>
[00:23:07] [Vue warn]: Failed to resolve component: var-icon
[00:23:07] If this is a native custom element, make sure to exclude it from component resolution via compilerOptions.isCustomElement.
[00:23:07]   at <HallMaterialPicker modelValue= [] onUpdate:modelValue=fn identity-scope="tenant\u0000client\u0000owner-b"  ... >
[00:23:07]   at <HallOverview enabled=true identityScope="tenant\u0000client\u0000owner-b" identityEpoch=2  ... >
[00:23:07]   at <VTUROOT>
[00:23:07] [Vue warn]: Failed to resolve component: var-icon
[00:23:07] If this is a native custom element, make sure to exclude it from component resolution via compilerOptions.isCustomElement.
[00:23:07]   at <HallOverview enabled=true identityScope="tenant\u0000client\u0000owner-b" identityEpoch=2  ... >
[00:23:07]   at <VTUROOT>
[00:23:07] .[Vue warn]: Failed to resolve component: var-icon
[00:23:07] If this is a native custom element, make sure to exclude it from component resolution via compilerOptions.isCustomElement.
[00:23:07]   at <HallOverview enabled=true identityScope="tenant\u0000client\u0000owner-a" identityEpoch=1  ... >
[00:23:07]   at <VTUROOT>
[00:23:07] [Vue warn]: Failed to resolve component: var-icon
[00:23:07] If this is a native custom element, make sure to exclude it from component resolution via compilerOptions.isCustomElement.
[00:23:07]   at <HallMaterialPicker modelValue= [] onUpdate:modelValue=fn identity-scope="tenant\u0000client\u0000owner-a"  ... >
[00:23:07]   at <HallOverview enabled=true identityScope="tenant\u0000client\u0000owner-a" identityEpoch=1  ... >
[00:23:07]   at <VTUROOT>
[00:23:07] [Vue warn]: Failed to resolve component: var-icon
[00:23:07] If this is a native custom element, make sure to exclude it from component resolution via compilerOptions.isCustomElement.
[00:23:07]   at <HallOverview enabled=true identityScope="tenant\u0000client\u0000owner-a" identityEpoch=1  ... >
[00:23:07]   at <VTUROOT>
[00:23:07] [Vue warn]: Failed to resolve component: var-icon
[00:23:07] If this is a native custom element, make sure to exclude it from component resolution via compilerOptions.isCustomElement.
[00:23:07]   at <HallOverview enabled=true identityScope="tenant\u0000client\u0000owner-a" identityEpoch=1  ... >
[00:23:07]   at <VTUROOT>
[00:23:07] [Vue warn]: Failed to resolve component: var-icon
[00:23:07] If this is a native custom element, make sure to exclude it from component resolution via compilerOptions.isCustomElement.
[00:23:07]   at <HallOverview enabled=true identityScope="tenant\u0000client\u0000owner-a" identityEpoch=1  ... >
[00:23:07]   at <VTUROOT>
[00:23:07] .[Vue warn]: Failed to resolve component: var-icon
[00:23:07] If this is a native custom element, make sure to exclude it from component resolution via compilerOptions.isCustomElement.
[00:23:07]   at <HallOverview enabled=true identityScope="tenant\u0000client\u0000owner-a" identityEpoch=1  ... >
[00:23:07]   at <VTUROOT>
[00:23:07] [Vue warn]: Failed to resolve component: var-icon
[00:23:07] If this is a native custom element, make sure to exclude it from component resolution via compilerOptions.isCustomElement.
[00:23:07]   at <HallOverview enabled=true identityScope="tenant\u0000client\u0000owner-a" identityEpoch=1  ... >
[00:23:07]   at <VTUROOT>
[00:23:07] [Vue warn]: Failed to resolve component: var-icon
[00:23:07] If this is a native custom element, make sure to exclude it from component resolution via compilerOptions.isCustomElement.
[00:23:08]   at <HallOverview enabled=true identityScope="tenant\u0000client\u0000owner-a" identityEpoch=1  ... >
[00:23:08]   at <VTUROOT>
[00:23:08] [Vue warn]: Failed to resolve component: var-icon
[00:23:08] If this is a native custom element, make sure to exclude it from component resolution via compilerOptions.isCustomElement.
[00:23:08]   at <HallOverview enabled=true identityScope="tenant\u0000client\u0000owner-a" identityEpoch=1  ... >
[00:23:08]   at <VTUROOT>
[00:23:08] ...................
[00:23:08]   ........................................................
[00:23:08]   ..............[HallStage] melonJS: map failed
[00:23:08] [HallStage] melonJS: map failed
[00:23:08] ......................................[HallScene] V2 activation failed: activation commit callback failed: initial sort failed
[00:23:09] ..[HallScene] V2 V2_ROSTER_REPLACE_FAILED: roster: roster reactivation failed (old active preserved): activation commit callback failed: sort failed
[00:23:09] ..[HallScene] Image not loaded: mid-occluders for layer: mid-occluders
[00:23:09] [HallScene] Image not loaded: foreground-occluders for layer: foreground-occluders
[00:23:09] [HallScene] Image not loaded: lighting-overlay for layer: lighting-overlay
[00:23:09]
[00:23:09]   .[HallScene] Image not loaded: mid-occluders for layer: mid-occluders
[00:23:09] [HallScene] Image not loaded: foreground-occluders for layer: foreground-occluders
[00:23:09] [HallScene] Image not loaded: lighting-overlay for layer: lighting-overlay
[00:23:09] .[HallScene] Image not loaded: mid-occluders for layer: mid-occluders
[00:23:09] [HallScene] Image not loaded: foreground-occluders for layer: foreground-occluders
[00:23:09] [HallScene] Image not loaded: lighting-overlay for layer: lighting-overlay
[00:23:09] ..[HallScene] Hotspot contract failed closed: duplicate hotspot id: same
[00:23:09] [HallScene] Hotspot contract failed closed: hotspot unknown-floor floorId floor-2 is unavailable in V1
[00:23:09] [HallScene] Hotspot contract failed closed: hotspot zero-rect geometry width and height must be greater than zero
[00:23:09] [HallScene] Hotspot contract failed closed: hotspot boolean-rect.x must be finite
[00:23:09] [HallScene] Hotspot contract failed closed: hotspot missing-rect.w must be finite
[00:23:09] [HallScene] Hotspot contract failed closed: hotspot duplicate-points polygon vertices must be unique
[00:23:09] [HallScene] Hotspot contract failed closed: hotspot repeated-edge-vertex polygon vertices must be unique
[00:23:09] [HallScene] Hotspot contract failed closed: hotspot zero-area polygon area must be non-zero
[00:23:09] [HallScene] Hotspot contract failed closed: hotspot non-finite.polygon[1].y must be finite
[00:23:09] [HallScene] Hotspot contract failed closed: hotspot id must be a valid source entity ID
[00:23:09] .....[HallScene] V2 V2_MAP_REFRESH_HOTSPOT_CHANGED: map-refresh: hotspot refresh rejected: hotspot snapshot changed; marker staging is required
[00:23:09] [HallScene] V2 V2_MAP_REFRESH_HOTSPOT_CHANGED: map-refresh: hotspot refresh rejected: hotspot snapshot changed; marker staging is required
[00:23:10] [HallScene] V2 V2_MAP_REFRESH_FAILED: map-refresh: map refresh failed (old active preserved): activation commit callback failed: shadow refresh failure
[00:23:10] ...............................................
[00:23:39]   ........................................................
[00:24:04]   ........................................................
[00:24:07]   ........................................................
[00:26:24]   ........................................................
[00:26:46]   ........................................................
[00:27:22]   ........................................................
[00:27:46]   ........................................................
[00:27:48]   ........................................................
[00:27:48]   ........................................................
[00:27:49]   ........................................................
[00:27:49]   ........................................................
[00:27:49]   .................................................[Vue warn]: Failed to resolve component: var-icon
[00:27:49] If this is a native custom element, make sure to exclude it from component resolution via compilerOptions.isCustomElement.
[00:27:49]   at <HallMaterialPicker key=1 class="task-material-picker" modelValue= []  ... >
[00:27:49]   at <VTUROOT>
[00:27:49] [Vue warn]: Failed to resolve component: var-icon
[00:27:49] If this is a native custom element, make sure to exclude it from component resolution via compilerOptions.isCustomElement.
[00:27:49]   at <HallMaterialPicker key=1 class="task-material-picker" modelValue= []  ... >
[00:27:49]   at <VTUROOT>
[00:27:49] [Vue warn]: Failed to resolve component: var-icon
[00:27:49] If this is a native custom element, make sure to exclude it from component resolution via compilerOptions.isCustomElement.
[00:27:49]   at <HallMaterialPicker key=1 class="task-material-picker" modelValue= []  ... >
[00:27:49]   at <VTUROOT>
[00:27:49] [Vue warn]: Failed to resolve component: var-icon
[00:27:49] If this is a native custom element, make sure to exclude it from component resolution via compilerOptions.isCustomElement.
[00:27:49]   at <HallMaterialPicker key=1 class="task-material-picker" modelValue= []  ... >
[00:27:49]   at <VTUROOT>
[00:27:49] [Vue warn]: Failed to resolve component: var-icon
[00:27:49] If this is a native custom element, make sure to exclude it from component resolution via compilerOptions.isCustomElement.
[00:27:49]   at <HallMaterialPicker key=1 class="task-material-picker" modelValue= []  ... >
[00:27:49]   at <VTUROOT>
[00:27:49] [Vue warn]: Failed to resolve component: var-icon
[00:27:49] If this is a native custom element, make sure to exclude it from component resolution via compilerOptions.isCustomElement.
[00:27:49]   at <HallMaterialPicker key=1 class="task-material-picker" modelValue= []  ... >
[00:27:49]   at <VTUROOT>
[00:27:49] [Vue warn]: Failed to resolve component: var-icon
[00:27:49] If this is a native custom element, make sure to exclude it from component resolution via compilerOptions.isCustomElement.
[00:27:49]   at <HallMaterialPicker key=1 class="task-material-picker" modelValue= []  ... >
[00:27:49]   at <VTUROOT>
[00:27:49] [Vue warn]: Failed to resolve component: var-icon
[00:27:49] If this is a native custom element, make sure to exclude it from component resolution via compilerOptions.isCustomElement.
[00:27:49]   at <HallMaterialPicker key=1 class="task-material-picker" modelValue= []  ... >
[00:27:49]   at <VTUROOT>
[00:27:49] [Vue warn]: Failed to resolve component: var-icon
[00:27:49] If this is a native custom element, make sure to exclude it from component resolution via compilerOptions.isCustomElement.
[00:27:49]   at <HallMaterialPicker key=1 class="task-material-picker" modelValue= []  ... >
[00:27:49]   at <VTUROOT>
[00:27:49] [Vue warn]: Failed to resolve component: var-icon
[00:27:49] If this is a native custom element, make sure to exclude it from component resolution via compilerOptions.isCustomElement.
[00:27:49]   at <HallMaterialPicker key=1 class="task-material-picker" modelValue= []  ... >
[00:27:49]   at <VTUROOT>
[00:27:49] [Vue warn]: Failed to resolve component: var-icon
[00:27:49] If this is a native custom element, make sure to exclude it from component resolution via compilerOptions.isCustomElement.
[00:27:49]   at <HallMaterialPicker key=1 class="task-material-picker" modelValue= []  ... >
[00:27:49]   at <VTUROOT>
[00:27:49] [Vue warn]: Failed to resolve component: var-icon
[00:27:49] If this is a native custom element, make sure to exclude it from component resolution via compilerOptions.isCustomElement.
[00:27:49]   at <HallMaterialPicker key=1 class="task-material-picker" modelValue= []  ... >
[00:27:49]   at <VTUROOT>
[00:27:49] [Vue warn]: Failed to resolve component: var-icon
[00:27:49] If this is a native custom element, make sure to exclude it from component resolution via compilerOptions.isCustomElement.
[00:27:49]   at <HallMaterialPicker key=1 class="task-material-picker" modelValue= []  ... >
[00:27:49]   at <VTUROOT>
[00:27:49] [Vue warn]: Failed to resolve component: var-icon
[00:27:49] If this is a native custom element, make sure to exclude it from component resolution via compilerOptions.isCustomElement.
[00:27:49]   at <HallMaterialPicker key=1 class="task-material-picker" modelValue= []  ... >
[00:27:49]   at <VTUROOT>
[00:27:49] [Vue warn]: Failed to resolve component: var-icon
[00:27:49] If this is a native custom element, make sure to exclude it from component resolution via compilerOptions.isCustomElement.
[00:27:49]   at <HallMaterialPicker key=1 class="task-material-picker" modelValue= []  ... >
[00:27:49]   at <VTUROOT>
[00:27:49] [Vue warn]: Failed to resolve component: var-icon
[00:27:49] If this is a native custom element, make sure to exclude it from component resolution via compilerOptions.isCustomElement.
[00:27:49]   at <HallMaterialPicker key=1 class="task-material-picker" modelValue= []  ... >
[00:27:49]   at <VTUROOT>
[00:27:49] [Vue warn]: Failed to resolve component: var-icon
[00:27:49] If this is a native custom element, make sure to exclude it from component resolution via compilerOptions.isCustomElement.
[00:27:49]   at <HallMaterialPicker key=1 class="task-material-picker" modelValue= []  ... >
[00:27:49]   at <VTUROOT>
[00:27:49] [Vue warn]: Failed to resolve component: var-icon
[00:27:49] If this is a native custom element, make sure to exclude it from component resolution via compilerOptions.isCustomElement.
[00:27:49]   at <HallMaterialPicker key=1 class="task-material-picker" modelValue= []  ... >
[00:27:49]   at <VTUROOT>
[00:27:49] [Vue warn]: Failed to resolve component: var-icon
[00:27:49] If this is a native custom element, make sure to exclude it from component resolution via compilerOptions.isCustomElement.
[00:27:49]   at <HallMaterialPicker key=1 class="task-material-picker" modelValue= []  ... >
[00:27:49]   at <VTUROOT>
[00:27:49] [Vue warn]: Failed to resolve component: var-icon
[00:27:49] If this is a native custom element, make sure to exclude it from component resolution via compilerOptions.isCustomElement.
[00:27:49]   at <HallMaterialPicker key=1 class="task-material-picker" modelValue= []  ... >
[00:27:49]   at <VTUROOT>
[00:27:49] [Vue warn]: Failed to resolve component: var-icon
[00:27:49] If this is a native custom element, make sure to exclude it from component resolution via compilerOptions.isCustomElement.
[00:27:49]   at <HallMaterialPicker key=1 class="task-material-picker" modelValue= []  ... >
[00:27:49]   at <VTUROOT>
[00:27:49] [Vue warn]: Failed to resolve component: var-icon
[00:27:49] If this is a native custom element, make sure to exclude it from component resolution via compilerOptions.isCustomElement.
[00:27:49]   at <HallMaterialPicker key=1 class="task-material-picker" modelValue= []  ... >
[00:27:49]   at <VTUROOT>
[00:27:49] [Vue warn]: Failed to resolve component: var-icon
[00:27:49] If this is a native custom element, make sure to exclude it from component resolution via compilerOptions.isCustomElement.
[00:27:49]   at <HallMaterialPicker key=1 class="task-material-picker" modelValue= []  ... >
[00:27:49]   at <VTUROOT>
[00:27:49] [Vue warn]: Failed to resolve component: var-icon
[00:27:49] If this is a native custom element, make sure to exclude it from component resolution via compilerOptions.isCustomElement.
[00:27:49]   at <HallMaterialPicker key=1 class="task-material-picker" modelValue= []  ... >
[00:27:49]   at <VTUROOT>
[00:27:49] [Vue warn]: Failed to resolve component: var-icon
[00:27:49] If this is a native custom element, make sure to exclude it from component resolution via compilerOptions.isCustomElement.
[00:27:49]   at <HallMaterialPicker key=1 class="task-material-picker" modelValue= []  ... >
[00:27:49]   at <VTUROOT>
[00:27:49] [Vue warn]: Failed to resolve component: var-icon
[00:27:49] If this is a native custom element, make sure to exclude it from component resolution via compilerOptions.isCustomElement.
[00:27:49]   at <HallMaterialPicker key=1 class="task-material-picker" modelValue= []  ... >
[00:27:49]   at <VTUROOT>
[00:27:49] [Vue warn]: Failed to resolve component: var-icon
[00:27:49] If this is a native custom element, make sure to exclude it from component resolution via compilerOptions.isCustomElement.
[00:27:49]   at <HallMaterialPicker key=1 class="task-material-picker" modelValue= []  ... >
[00:27:49]   at <VTUROOT>
[00:27:49] [Vue warn]: Failed to resolve component: var-icon
[00:27:49] If this is a native custom element, make sure to exclude it from component resolution via compilerOptions.isCustomElement.
[00:27:49]   at <HallMaterialPicker key=1 class="task-material-picker" modelValue= [
[00:27:49]   {
[00:27:49]     fileId: 'pwf_material_0',
[00:27:49]     version: 3,
[00:27:49]     displayName: '资料0',
[00:27:49]     contentMimeType: 'image/png'
[00:27:49]   },
[00:27:49]   {
[00:27:49]     fileId: 'pwf_material_1',
[00:27:49]     version: 3,
[00:27:49]     displayName: '资料1',
[00:27:49]     contentMimeType: 'application/pdf'
[00:27:49]   },
[00:27:49]   {
[00:27:49]     fileId: 'pwf_material_2',
[00:27:49]     version: 3,
[00:27:49]     displayName: '资料2',
[00:27:49]     contentMimeType: 'audio/mpeg'
[00:27:49]   },
[00:27:49]   {
[00:27:49]     fileId: 'pwf_material_3',
[00:27:49]     version: 3,
[00:27:49]     displayName: '资料3',
[00:27:49]     contentMimeType: 'text/plain'
[00:27:49]   }
[00:27:49] ]  ... >
[00:27:49]   at <VTUROOT>
[00:27:49] [Vue warn]: Failed to resolve component: var-icon
[00:27:49] If this is a native custom element, make sure to exclude it from component resolution via compilerOptions.isCustomElement.
[00:27:49]   at <HallMaterialPicker key=1 class="task-material-picker" modelValue= [
[00:27:49]   {
[00:27:49]     fileId: 'pwf_material_0',
[00:27:49]     version: 3,
[00:27:49]     displayName: '资料0',
[00:27:49]     contentMimeType: 'image/png'
[00:27:49]   },
[00:27:49]   {
[00:27:49]     fileId: 'pwf_material_1',
[00:27:49]     version: 3,
[00:27:49]     displayName: '资料1',
[00:27:49]     contentMimeType: 'application/pdf'
[00:27:49]   },
[00:27:49]   {
[00:27:49]     fileId: 'pwf_material_2',
[00:27:49]     version: 3,
[00:27:49]     displayName: '资料2',
[00:27:49]     contentMimeType: 'audio/mpeg'
[00:27:49]   },
[00:27:49]   {
[00:27:49]     fileId: 'pwf_material_3',
[00:27:49]     version: 3,
[00:27:49]     displayName: '资料3',
[00:27:49]     contentMimeType: 'text/plain'
[00:27:49]   }
[00:27:49] ]  ... >
[00:27:49]   at <VTUROOT>
[00:27:49] ..[Vue warn]: Failed to resolve component: var-icon
[00:27:49] If this is a native custom element, make sure to exclude it from component resolution via compilerOptions.isCustomElement.
[00:27:49]   at <HallMaterialPicker key=1 class="task-material-picker" modelValue= []  ... >
[00:27:49]   at <VTUROOT>
[00:27:49] [Vue warn]: Failed to resolve component: var-icon
[00:27:49] If this is a native custom element, make sure to exclude it from component resolution via compilerOptions.isCustomElement.
[00:27:49]   at <HallMaterialPicker key=1 class="task-material-picker" modelValue= []  ... >
[00:27:49]   at <VTUROOT>
[00:27:49] .....
[00:27:50]   ........................................................
[00:27:51]   ........................................................
[00:27:53]   ...............................................[Vue warn]: resolveComponent can only be used in render() or setup().
[00:27:53] .........
[00:27:54]   ........................................................
[00:27:54]   ........................................................
[00:27:55]   ........................................................
[00:27:55]   .....,,.................................................
[00:27:55]   .............................................
[00:27:55]
[00:27:55]
[00:27:55]
[00:27:55] ...........
[00:27:55]   ........................................................
[00:27:55]   ........................................................
[00:28:22]   ........................................................
[00:28:34]   ........................................................
[00:28:35]   .....................[HallScene] V2: fragment asset not loaded: images/occluders/center-v2.png; activation failed
[00:28:35] ..[HallScene] V2 V2_MAP_REFRESH_FAILED: map-refresh: map refresh failed (old active preserved): E12: mapData does not satisfy V2 activation envelope; V2 unreachable
[00:28:35] .[HallScene] V2 V2_MAP_REFRESH_FAILED: map-refresh: map refresh failed (old active preserved): V2 map refresh asset missing: images/occluders/center-v2.png
[00:28:36] ..[HallScene] V2 V2_ROSTER_REPLACE_FAILED: roster: roster reactivation failed (old active preserved): V2 roster replacement asset missing: images/occluders/center-v2.png
[00:28:36] .[HallScene] V2 V2_ROSTER_REPLACE_FAILED: roster: roster reactivation failed (old active preserved): activation commit callback failed: sort failed during roster commit
[00:28:36] .[HallScene] V2 V2_ROSTER_REPLACE_FAILED: roster: roster reactivation failed (old active preserved): activation commit callback failed: transient roster sort failure
[00:28:36] .[HallScene] V2 V2_MAP_REFRESH_FAILED: map-refresh: map refresh failed (old active preserved): activation commit callback failed: shadow publish failed
[00:28:37] .[HallScene] V2 V2_MAP_REFRESH_FAILED: map-refresh: map refresh failed (old active preserved): activation commit callback failed: V2 map refresh superseded before commit
[00:28:37] .[HallScene] V2 V2_ROSTER_REPLACE_FAILED: roster: roster reactivation failed (old active preserved): activation commit callback failed: V2 roster replacement superseded before commit
[00:28:37] ...[HallScene] V2: fragment asset not loaded: images/occluders/center-v2.png; activation failed
[00:28:37] ......................
[00:28:37]   ........................................................
[00:28:37]   ........................................................
[00:28:37]   ........................................................
[00:28:37]   ........................................................
[00:28:37]   ........................................................
[00:28:38]   ........................................................
[00:28:38]   ........................................................
[00:28:38]   ........................................................
[00:28:38]   ........................................................
[00:28:38]   ..........................................Juyiting sprite manifest: persona-sheets-v1
[00:28:38] Required missing: 0
[00:28:38] Optional missing: 5
[00:28:38] Substitution count: 0
[00:28:38] .....
[00:28:38]
[00:28:38]   3181 passing (6m)
[00:28:38]   2 pending
[00:28:38]
[00:28:38] [mochawesome] Report JSON saved to /root/workspace/repo_0/mochawesome-report/mochawesome.json
[00:28:38]
[00:28:38] [mochawesome] Report HTML saved to /root/workspace/repo_0/mochawesome-report/mochawesome.html
[00:28:38]
[00:28:38] [cyf-ci] Mocha report written: mochawesome-report/mochawesome.html
[00:28:38] [cyf-ci] Mocha report written: mochawesome-report/mochawesome.json
[00:28:38]
[00:28:38] > cyf-web-kit@1.0.6 build
[00:28:38] > vite build
[00:28:38]
[00:28:40] vite v6.4.3 building for production...
[00:28:40] transforming...
[00:28:49] ✓ 1308 modules transformed.
[00:28:50] rendering chunks...
[00:28:51] [plugin vite:reporter]
[00:28:51] (!) /root/workspace/repo_0/src/stores/api.js is dynamically imported by /root/workspace/repo_0/src/composables/useHttp.js but also statically imported by /root/workspace/repo_0/src/components/CommandObservability.vue, /root/workspace/repo_0/src/components/OAuthCallback.vue, /root/workspace/repo_0/src/components/ShortLink.vue, /root/workspace/repo_0/src/components/UserProfile.vue, /root/workspace/repo_0/src/components/chat/Chat.vue, /root/workspace/repo_0/src/components/juyiting/HostingRentPanel.vue, /root/workspace/repo_0/src/components/workspace/PersonalWorkspace.vue, /root/workspace/repo_0/src/components/world/JuyiHall.vue, /root/workspace/repo_0/src/composables/useAccountSecuritySession.js, /root/workspace/repo_0/src/composables/useCommandObservability.js, /root/workspace/repo_0/src/composables/useEconomyReadOnlyPreview.js, /root/workspace/repo_0/src/stores/message.js, dynamic import will not move module into another chunk.
[00:28:51]
[00:28:51] dist/index.html                                             2.91 kB
[00:28:51] dist/static/iconfont-_fvu1Lff.svg                          13.04 kB
[00:28:51] dist/static/liangshan-hall-physical-bg-v1-ZLsp6lX5.png  2,484.98 kB
[00:28:51] dist/static/HelloWorld-scDHvbVU.css                         0.20 kB
[00:28:51] dist/static/ShortLink-u6b8v-0a.css                          1.11 kB
[00:28:51] dist/static/HelpCenter-C3ZScF27.css                         1.54 kB
[00:28:51] dist/static/MessageCenter-pgee_dyj.css                      1.70 kB
[00:28:51] dist/static/Wallet-Cu_sLqjH.css                             2.15 kB
[00:28:51] dist/static/CommandObservability-BV5S8hTS.css               2.24 kB
[00:28:51] dist/static/TaskAdd-Bxe85HjV.css                            2.36 kB
[00:28:51] dist/static/TaskList-DLJGG--D.css                           2.47 kB
[00:28:51] dist/static/TaskHistory-m8_ZvJbI.css                        2.47 kB
[00:28:51] dist/static/VoteTick-7mKdko45.css                           2.64 kB
[00:28:51] dist/static/SideMenu-BH98P0VF.css                           3.22 kB
[00:28:51] dist/static/EconomyReadOnlyPreview-BLZWoGvU.css             3.49 kB
[00:28:51] dist/static/SkillMarketRoute-CnMbE_35.css                   3.56 kB
[00:28:51] dist/static/GiftList-DsfBYwbf.css                           3.67 kB
[00:28:51] dist/static/OrderList-CyLOWcj_.css                          4.15 kB
[00:28:51] dist/static/GiftPay-CKVx9fTc.css                            4.52 kB
[00:28:51] dist/static/Phrase-B8akOgML.css                             5.06 kB
[00:28:51] dist/static/UserProfile-CjMp_h-f.css                        5.53 kB
[00:28:51] dist/static/TaskIndex-CMQ-WRff.css                          6.85 kB
[00:28:51] dist/static/WxMpManager-BMymgUnT.css                       14.47 kB
[00:28:51] dist/static/Chat-BDSo2vEM.css                              21.57 kB
[00:28:51] dist/static/JuyiHallEntry-DZ7vjrgX.css                    308.52 kB
[00:28:51] dist/static/index-BrkR_YMh.css                            313.74 kB
[00:28:51] dist/static/dayjs.min-BwYoZYzd.js                           0.09 kB
[00:28:51] dist/static/browser-D48O3wlL.js                             0.09 kB
[00:28:51] dist/static/silverAmount-CIfY9JHl.js                        0.52 kB
[00:28:51] dist/static/authenticatedSse-CoOkLIDh.js                    1.40 kB
[00:28:51] dist/static/displayName-BDBlXODb.js                         1.51 kB
[00:28:51] dist/static/HelloWorld-AkgxvAM-.js                          1.57 kB
[00:28:51] dist/static/VoteTick-DBiHEHbn.js                            2.15 kB
[00:28:51] dist/static/SideMenu-CmTuqZy0.js                            2.43 kB
[00:28:51] dist/static/GiftList-CgHC394d.js                            2.95 kB
[00:28:51] dist/static/commandObservabilityApi-B6SoyA3D.js             3.06 kB
[00:28:51] dist/static/MessageCenter-YbZf01kF.js                       3.11 kB
[00:28:51] dist/static/Wallet-SMU-fuU9.js                              3.13 kB
[00:28:51] dist/static/TaskHistory-CK6WZ9FS.js                         3.39 kB
[00:28:51] dist/static/OrderList-nl8go7Lu.js                           3.60 kB
[00:28:51] dist/static/TaskList-Cd3upwkG.js                            4.10 kB
[00:28:51] dist/static/HelpCenter-DQGGYVCk.js                          4.34 kB
[00:28:51] dist/static/message-Drzlmat6.js                             4.41 kB
[00:28:51] dist/static/ShortLink-B7xol7HJ.js                           5.28 kB
[00:28:51] dist/static/GiftPay-jUd-NXsx.js                             6.34 kB
[00:28:51] dist/static/TaskAdd-BV4k0vFd.js                             7.01 kB
[00:28:51] dist/static/Phrase-DfIfiiC1.js                              8.45 kB
[00:28:51] dist/static/UserProfile-C7ONUak_.js                        10.15 kB
[00:28:51] dist/static/TaskIndex-B49gRH2k.js                          10.72 kB
[00:28:51] dist/static/CommandObservability-C1ghbibR.js               12.40 kB
[00:28:51] dist/static/WxMpManager-CYZFgF-L.js                        22.16 kB
[00:28:51] dist/static/EconomyReadOnlyPreview-D6hQ-XxC.js             24.35 kB
[00:28:51] dist/static/Chat-DhPF1wuK.js                               32.11 kB
[00:28:51] dist/static/SkillMarketRoute-DTC55Q-R.js                   32.15 kB
[00:28:51] dist/static/utilities-Bfwxx0e4.js                          54.91 kB
[00:28:51] dist/static/markdown-BYkaR4-P.js                           67.56 kB
[00:28:51] dist/static/vue-CS0jhAOA.js                               106.99 kB
[00:28:51] dist/static/index-1FZTSTLl.js                             136.13 kB
[00:28:51] dist/static/melonjs-BMpbBCxZ.js                           311.16 kB
[00:28:51] dist/static/ui-CKW_F8y0.js                                518.06 kB
[00:28:51] dist/static/JuyiHallEntry-BnkGcH_K.js                   1,291.99 kB
[00:28:51]
[00:28:51] (!) Some chunks are larger than 650 kB after minification. Consider:
[00:28:51] - Using dynamic import() to code-split the application
[00:28:51] - Use build.rollupOptions.output.manualChunks to improve chunking: https://rollupjs.org/configuration-options/#output-manualchunks
[00:28:51] - Adjust chunk size limit for this warning via build.chunkSizeWarningLimit.
[00:28:51] ✓ built in 11.41s
[00:28:52] CYF_WEB_ARTIFACT {"pipeline":"4403172","run":"180","commit":"ee6ca1b6beba562e0c7fa13d422857f554644471","files":364,"helper_sha256":"fba8d49564946f381a02b7aee0bdfaeab48091be7ca5eb871f7dc4ac2eeeff6b"}
[00:28:52] [SUCCESS] 步骤运行成功
[executionStep begins at 2026-10-08 00:28:52]
[INFO] PATH=/usr/local/sbin:/usr/local/bin:/usr/sbin:/usr/bin:/sbin:/bin
[00:28:52] [INFO] 使用工作路径/root/workspace/repo_0
加载用户自定义环境变量
[00:28:52] [INFO] 执行步骤
[00:28:52] [INFO] oss-cn-beijing-internal.aliyuncs.com
[00:28:52] [INFO]PIPELINE_ID=4403172
[00:28:52] [INFO]PIPELINE_NAME=cyf-web-release
[00:28:52] [INFO]BUILD_NUMBER=180
[00:28:52] [INFO]FILE_PARENT_ID=aone2/2049636/1791390532515
[00:28:52] [INFO]FILE_ID=aone2/2049636/1791390532515/cyf_web_flow_4403172.tgz
[00:28:52] [INFO]EMPLOYEE_ID=67d63fdb36ec628799f13840
[00:28:52] [INFO]WORK_SPACE=/root/workspace
[00:28:52] [INFO]PROJECT_DIR=/root/workspace/repo_0
[00:28:52] [INFO]BUILD_JOB_ID=559161182
[00:28:52] [INFO]GIT_IGNORE=
[00:28:52] [INFO]uploadType=PUBLIC_STORAGE
[00:28:52] [INFO]SERVICE_CONNECTION_ID=
[00:28:52] [INFO]ARTIFACT=cyf_web_flow_4403172
[00:28:52] [INFO]ARTIFACT_VERSION=
[00:28:52] [INFO]REPO_ID=
[00:28:52] [INFO]ORG_ID=5fb7d76ee6f9d07f148529c7
[00:28:52] [INFO]REGION_ID=
[00:28:52] [INFO]INCLUDE_PATH_IN_ARTIFACT=false
[00:28:52] [INFO]ARCHIVE_PATH=_cyf_web_develop_ci_export/
[00:28:52] 打包目录，压缩包中不包含文件路径
[00:28:52] tar  -zcvf /root/workspace/packages/cyf_web_flow_4403172.tgz -C _cyf_web_develop_ci_export/ .
[00:28:52] ./
[00:28:52] ./installer/
[00:28:52] ./installer/helper-release.json
[00:28:52] ./installer/cyf-web-flow-deploy
[00:28:52] ./release.json
[00:28:52] ./source-tree.txt
[00:28:52] ./mochawesome-report/
[00:28:52] ./mochawesome-report/mochawesome.json
[00:28:53] ./mochawesome-report/mochawesome.html
[00:28:53] ./mochawesome-report/assets/
[00:28:53] ./mochawesome-report/assets/roboto-medium-webfont.woff
[00:28:53] ./mochawesome-report/assets/roboto-medium-webfont.woff2
[00:28:53] ./mochawesome-report/assets/app.js
[00:28:53] ./mochawesome-report/assets/roboto-regular-webfont.woff
[00:28:53] ./mochawesome-report/assets/roboto-light-webfont.woff
[00:28:53] ./mochawesome-report/assets/MaterialIcons-Regular.woff
[00:28:53] ./mochawesome-report/assets/roboto-light-webfont.woff2
[00:28:53] ./mochawesome-report/assets/MaterialIcons-Regular.woff2
[00:28:53] ./mochawesome-report/assets/app.css
[00:28:53] ./mochawesome-report/assets/app.js.LICENSE.txt
[00:28:53] ./mochawesome-report/assets/roboto-regular-webfont.woff2
[00:28:53] ./source-commit.txt
[00:28:53] ./dist/
[00:28:53] ./dist/manifest.webmanifest
[00:28:53] ./dist/favicon.ico
[00:28:53] ./dist/juyiting-portraits/
[00:28:53] ./dist/juyiting-portraits/zhoutong.svg
[00:28:53] ./dist/juyiting-portraits/wuyong-realistic.png
[00:28:53] ./dist/juyiting-portraits/baoxu.svg
[00:28:53] ./dist/juyiting-portraits/xuning.svg
[00:28:53] ./dist/juyiting-portraits/water-margin-atlas-016.png
[00:28:53] ./dist/juyiting-portraits/water-margin-atlas-018.png
[00:28:53] ./dist/juyiting-portraits/xiebao.svg
[00:28:53] ./dist/juyiting-portraits/likui.svg
[00:28:53] ./dist/juyiting-portraits/liyun.svg
[00:28:53] ./dist/juyiting-portraits/guosheng.svg
[00:28:53] ./dist/juyiting-portraits/zourun.svg
[00:28:53] ./dist/juyiting-portraits/zhuwu.svg
[00:28:53] ./dist/juyiting-portraits/yubaosi.svg
[00:28:53] ./dist/juyiting-portraits/water-margin-atlas-024.png
[00:28:53] ./dist/juyiting-portraits/linchong.svg
[00:28:53] ./dist/juyiting-portraits/zhufu.svg
[00:28:53] ./dist/juyiting-portraits/water-margin-atlas-026.png
[00:28:53] ./dist/juyiting-portraits/water-margin-atlas-006.png
[00:28:53] ./dist/juyiting-portraits/zhangshun.svg
[00:28:53] ./dist/juyiting-portraits/husanniang-realistic.png
[00:28:53] ./dist/juyiting-portraits/water-margin-atlas-003.png
[00:28:53] ./dist/juyiting-portraits/guansheng.svg
[00:28:53] ./dist/juyiting-portraits/zouyuan.svg
[00:28:53] ./dist/juyiting-portraits/leiheng.svg
[00:28:53] ./dist/juyiting-portraits/huangxin.svg
[00:28:53] ./dist/juyiting-portraits/chenda.svg
[00:28:53] ./dist/juyiting-portraits/gongwang.svg
[00:28:53] ./dist/juyiting-portraits/tongwei.svg
[00:28:53] ./dist/juyiting-portraits/yangxiong.svg
[00:28:53] ./dist/juyiting-portraits/water-margin-atlas-025.png
[00:28:53] ./dist/juyiting-portraits/sunerniang.svg
[00:28:53] ./dist/juyiting-portraits/wangying.svg
[00:28:53] ./dist/juyiting-portraits/dongping.svg
[00:28:53] ./dist/juyiting-portraits/qinming.svg
[00:28:53] ./dist/juyiting-portraits/yanshun.svg
[00:28:53] ./dist/juyiting-portraits/daizong.svg
[00:28:53] ./dist/juyiting-portraits/gongsunsheng.svg
[00:28:53] ./dist/juyiting-portraits/lizhong.svg
[00:28:53] ./dist/juyiting-portraits/ruanxiaoer.svg
[00:28:53] ./dist/juyiting-portraits/water-margin-atlas-022.png
[00:28:54] ./dist/juyiting-portraits/andaoquan.svg
[00:28:54] ./dist/juyiting-portraits/thumbs/
[00:28:54] ./dist/juyiting-portraits/thumbs/muhong.webp
[00:28:54] ./dist/juyiting-portraits/thumbs/yangxiong.webp
[00:28:54] ./dist/juyiting-portraits/thumbs/duxing.webp
[00:28:54] ./dist/juyiting-portraits/thumbs/gongwang.webp
[00:28:54] ./dist/juyiting-portraits/thumbs/lijun.webp
[00:28:54] ./dist/juyiting-portraits/thumbs/huarong.webp
[00:28:54] ./dist/juyiting-portraits/thumbs/gongsunsheng.webp
[00:28:54] ./dist/juyiting-portraits/thumbs/zhangheng.webp
[00:28:54] ./dist/juyiting-portraits/thumbs/jiangjing.webp
[00:28:54] ./dist/juyiting-portraits/thumbs/songwan.webp
[00:28:54] ./dist/juyiting-portraits/thumbs/liying.webp
[00:28:54] ./dist/juyiting-portraits/thumbs/haosiwen.webp
[00:28:54] ./dist/juyiting-portraits/thumbs/yuehe.webp
[00:28:54] ./dist/juyiting-portraits/thumbs/tongwei.webp
[00:28:54] ./dist/juyiting-portraits/thumbs/likui.webp
[00:28:54] ./dist/juyiting-portraits/thumbs/duanjingzhu.webp
[00:28:54] ./dist/juyiting-portraits/thumbs/ruanxiaoer.webp
[00:28:54] ./dist/juyiting-portraits/thumbs/sunli.webp
[00:28:54] ./dist/juyiting-portraits/thumbs/taozongwang.webp
[00:28:54] ./dist/juyiting-portraits/thumbs/wusong.webp
[00:28:54] ./dist/juyiting-portraits/thumbs/ligun.webp
[00:28:54] ./dist/juyiting-portraits/thumbs/shantinggui.webp
[00:28:54] ./dist/juyiting-portraits/thumbs/zhangshun.webp
[00:28:54] ./dist/juyiting-portraits/thumbs/andaoquan.webp
[00:28:54] ./dist/juyiting-portraits/thumbs/yanglin.webp
[00:28:54] ./dist/juyiting-portraits/thumbs/zhutong.webp
[00:28:54] ./dist/juyiting-portraits/thumbs/daizong.webp
[00:28:54] ./dist/juyiting-portraits/thumbs/yubaosi.webp
[00:28:54] ./dist/juyiting-portraits/thumbs/zhuwu.webp
[00:28:54] ./dist/juyiting-portraits/thumbs/guosheng.webp
[00:28:54] ./dist/juyiting-portraits/thumbs/pengqi.webp
[00:28:54] ./dist/juyiting-portraits/thumbs/lingzhen.webp
[00:28:54] ./dist/juyiting-portraits/thumbs/hantao.webp
[00:28:54] ./dist/juyiting-portraits/thumbs/guansheng.webp
[00:28:54] ./dist/juyiting-portraits/thumbs/caiqing.webp
[00:28:54] ./dist/juyiting-portraits/thumbs/peixuan.webp
[00:28:54] ./dist/juyiting-portraits/thumbs/dongping.webp
[00:28:54] ./dist/juyiting-portraits/thumbs/lizhong.webp
[00:28:54] ./dist/juyiting-portraits/thumbs/zhoutong.webp
[00:28:54] ./dist/juyiting-portraits/thumbs/xuanzan.webp
[00:28:54] ./dist/juyiting-portraits/thumbs/zourun.webp
[00:28:54] ./dist/juyiting-portraits/thumbs/shiqian.webp
[00:28:54] ./dist/juyiting-portraits/thumbs/huangxin.webp
[00:28:54] ./dist/juyiting-portraits/thumbs/xuning.webp
[00:28:54] ./dist/juyiting-portraits/thumbs/zhufu.webp
[00:28:54] ./dist/juyiting-portraits/thumbs/shiyong.webp
[00:28:54] ./dist/juyiting-portraits/thumbs/xueyong.webp
[00:28:54] ./dist/juyiting-portraits/thumbs/tongmeng.webp
[00:28:54] ./dist/juyiting-portraits/thumbs/duqian.webp
[00:28:54] ./dist/juyiting-portraits/thumbs/leiheng.webp
[00:28:54] ./dist/juyiting-portraits/thumbs/dingdesun.webp
[00:28:54] ./dist/juyiting-portraits/thumbs/shijin.webp
[00:28:54] ./dist/juyiting-portraits/thumbs/ruanxiaowu.webp
[00:28:54] ./dist/juyiting-portraits/thumbs/wangying.webp
[00:28:54] ./dist/juyiting-portraits/thumbs/chenda.webp
[00:28:54] ./dist/juyiting-portraits/thumbs/xiebao.webp
[00:28:54] ./dist/juyiting-portraits/thumbs/xiangchong.webp
[00:28:54] ./dist/juyiting-portraits/thumbs/liyun.webp
[00:28:54] ./dist/juyiting-portraits/thumbs/fanrui.webp
[00:28:54] ./dist/juyiting-portraits/thumbs/muchun.webp
[00:28:54] ./dist/juyiting-portraits/thumbs/yangchun.webp
[00:28:54] ./dist/juyiting-portraits/thumbs/jindajian.webp
[00:28:54] ./dist/juyiting-portraits/thumbs/caifu.webp
[00:28:54] ./dist/juyiting-portraits/thumbs/gudasao.webp
[00:28:54] ./dist/juyiting-portraits/thumbs/shixiu.webp
[00:28:54] ./dist/juyiting-portraits/thumbs/houjian.webp
[00:28:54] ./dist/juyiting-portraits/thumbs/lujunyi.webp
[00:28:54] ./dist/juyiting-portraits/thumbs/shien.webp
[00:28:54] ./dist/juyiting-portraits/thumbs/husanniang.webp
[00:28:54] ./dist/juyiting-portraits/thumbs/lili.webp
[00:28:54] ./dist/juyiting-portraits/thumbs/zhengtianshou.webp
[00:28:54] ./dist/juyiting-portraits/thumbs/kongliang.webp
[00:28:54] ./dist/juyiting-portraits/thumbs/wangdingliu.webp
[00:28:54] ./dist/juyiting-portraits/thumbs/huyanzhuo.webp
[00:28:54] ./dist/juyiting-portraits/thumbs/oupeng.webp
[00:28:54] ./dist/juyiting-portraits/thumbs/sunerniang.webp
[00:28:54] ./dist/juyiting-portraits/thumbs/mengkang.webp
[00:28:54] ./dist/juyiting-portraits/thumbs/caozheng.webp
[00:28:54] ./dist/juyiting-portraits/thumbs/yanshun.webp
[00:28:54] ./dist/juyiting-portraits/thumbs/songjiang.webp
[00:28:54] ./dist/juyiting-portraits/thumbs/lvfang.webp
[00:28:54] ./dist/juyiting-portraits/thumbs/luzhishen.webp
[00:28:54] ./dist/juyiting-portraits/thumbs/kongming.webp
[00:28:54] ./dist/juyiting-portraits/thumbs/zhugui.webp
[00:28:54] ./dist/juyiting-portraits/thumbs/malin.webp
[00:28:54] ./dist/juyiting-portraits/thumbs/ruanxiaoqi.webp
[00:28:54] ./dist/juyiting-portraits/thumbs/weidingguo.webp
[00:28:54] ./dist/juyiting-portraits/thumbs/songqing.webp
[00:28:54] ./dist/juyiting-portraits/thumbs/dengfei.webp
[00:28:54] ./dist/juyiting-portraits/thumbs/wuyong.webp
[00:28:54] ./dist/juyiting-portraits/thumbs/tanglong.webp
[00:28:54] ./dist/juyiting-portraits/thumbs/chaijin.webp
[00:28:54] ./dist/juyiting-portraits/thumbs/baisheng.webp
[00:28:54] ./dist/juyiting-portraits/thumbs/xiezhen.webp
[00:28:54] ./dist/juyiting-portraits/thumbs/zhangqing_gardener.webp
[00:28:54] ./dist/juyiting-portraits/thumbs/qinming.webp
[00:28:54] ./dist/juyiting-portraits/thumbs/huangfuduan.webp
[00:28:54] ./dist/juyiting-portraits/thumbs/xiaorang.webp
[00:28:54] ./dist/juyiting-portraits/thumbs/zhangqing.webp
[00:28:54] ./dist/juyiting-portraits/thumbs/yangzhi.webp
[00:28:54] ./dist/juyiting-portraits/thumbs/linchong.webp
[00:28:54] ./dist/juyiting-portraits/thumbs/suochao.webp
[00:28:54] ./dist/juyiting-portraits/thumbs/jiaoting.webp
[00:28:54] ./dist/juyiting-portraits/thumbs/sunxin.webp
[00:28:54] ./dist/juyiting-portraits/thumbs/baoxu.webp
[00:28:54] ./dist/juyiting-portraits/thumbs/zouyuan.webp
[00:28:54] ./dist/juyiting-portraits/thumbs/liutang.webp
[00:28:54] ./dist/juyiting-portraits/thumbs/yanqing.webp
[00:28:54] ./dist/juyiting-portraits/zhutong.svg
[00:28:54] ./dist/juyiting-portraits/water-margin-atlas-020.png
[00:28:54] ./dist/juyiting-portraits/xiangchong.svg
[00:28:54] ./dist/juyiting-portraits/weidingguo.svg
[00:28:54] ./dist/juyiting-portraits/luzhishen.svg
[00:28:54] ./dist/juyiting-portraits/water-margin-atlas-004.png
[00:28:54] ./dist/juyiting-portraits/husanniang.svg
[00:28:54] ./dist/juyiting-portraits/zhangheng.svg
[00:28:54] ./dist/juyiting-portraits/jiaoting.svg
[00:28:54] ./dist/juyiting-portraits/kongliang.svg
[00:28:54] ./dist/juyiting-portraits/shijin.svg
[00:28:54] ./dist/juyiting-portraits/shixiu.svg
[00:28:54] ./dist/juyiting-portraits/water-margin-atlas-014.png
[00:28:54] ./dist/juyiting-portraits/gudasao.svg
[00:28:54] ./dist/juyiting-portraits/songjiang-realistic.png
[00:28:54] ./dist/juyiting-portraits/songjiang.svg
[00:28:54] ./dist/juyiting-portraits/water-margin-atlas-019.png
[00:28:54] ./dist/juyiting-portraits/yuehe.svg
[00:28:54] ./dist/juyiting-portraits/xueyong.svg
[00:28:54] ./dist/juyiting-portraits/caifu.svg
[00:28:54] ./dist/juyiting-portraits/yanglin.svg
[00:28:54] ./dist/juyiting-portraits/fanrui.svg
[00:28:54] ./dist/juyiting-portraits/shien.svg
[00:28:54] ./dist/juyiting-portraits/water-margin-atlas-005.png
[00:28:54] ./dist/juyiting-portraits/muchun.svg
[00:28:54] ./dist/juyiting-portraits/huyanzhuo.svg
[00:28:54] ./dist/juyiting-portraits/wusong.svg
[00:28:54] ./dist/juyiting-portraits/oupeng.svg
[00:28:54] ./dist/juyiting-portraits/sunxin.svg
[00:28:54] ./dist/juyiting-portraits/houjian.svg
[00:28:54] ./dist/juyiting-portraits/xuanzan.svg
[00:28:54] ./dist/juyiting-portraits/yangzhi.svg
[00:28:54] ./dist/juyiting-portraits/zhangqing_gardener.svg
[00:28:54] ./dist/juyiting-portraits/jiangjing.svg
[00:28:54] ./dist/juyiting-portraits/liutang.svg
[00:28:54] ./dist/juyiting-portraits/shiqian.svg
[00:28:54] ./dist/juyiting-portraits/chaijin.svg
[00:28:54] ./dist/juyiting-portraits/water-margin-atlas-011.png
[00:28:54] ./dist/juyiting-portraits/taozongwang.svg
[00:28:54] ./dist/juyiting-portraits/lvfang.svg
[00:28:54] ./dist/juyiting-portraits/water-margin-atlas-001.png
[00:28:54] ./dist/juyiting-portraits/water-margin-atlas-021.png
[00:28:54] ./dist/juyiting-portraits/songqing.svg
[00:28:54] ./dist/juyiting-portraits/caozheng.svg
[00:28:54] ./dist/juyiting-portraits/water-margin-atlas-023.png
[00:28:54] ./dist/juyiting-portraits/zhugui.svg
[00:28:54] ./dist/juyiting-portraits/water-margin-atlas-007.png
[00:28:54] ./dist/juyiting-portraits/zhengtianshou.svg
[00:28:54] ./dist/juyiting-portraits/sunli.svg
[00:28:54] ./dist/juyiting-portraits/water-margin-atlas-008.png
[00:28:55] ./dist/juyiting-portraits/water-margin-atlas-002.png
[00:28:55] ./dist/juyiting-portraits/wangdingliu.svg
[00:28:55] ./dist/juyiting-portraits/water-margin-atlas-009.png
[00:28:55] ./dist/juyiting-portraits/lili.svg
[00:28:55] ./dist/juyiting-portraits/xiaorang.svg
[00:28:55] ./dist/juyiting-portraits/duqian.svg
[00:28:55] ./dist/juyiting-portraits/ruanxiaowu.svg
[00:28:55] ./dist/juyiting-portraits/wusong-realistic.png
[00:28:55] ./dist/juyiting-portraits/duanjingzhu.svg
[00:28:55] ./dist/juyiting-portraits/zhangqing.svg
[00:28:55] ./dist/juyiting-portraits/caiqing.svg
[00:28:55] ./dist/juyiting-portraits/jindajian.svg
[00:28:55] ./dist/juyiting-portraits/lijun.svg
[00:28:55] ./dist/juyiting-portraits/tongmeng.svg
[00:28:55] ./dist/juyiting-portraits/yanqing.svg
[00:28:55] ./dist/juyiting-portraits/malin.svg
[00:28:55] ./dist/juyiting-portraits/wuyong.svg
[00:28:55] ./dist/juyiting-portraits/tanglong.svg
[00:28:55] ./dist/juyiting-portraits/water-margin-atlas-015.png
[00:28:55] ./dist/juyiting-portraits/lingzhen.svg
[00:28:55] ./dist/juyiting-portraits/duxing.svg
[00:28:55] ./dist/juyiting-portraits/dingdesun.svg
[00:28:55] ./dist/juyiting-portraits/pengqi.svg
[00:28:55] ./dist/juyiting-portraits/dengfei.svg
[00:28:55] ./dist/juyiting-portraits/water-margin-atlas-010.png
[00:28:55] ./dist/juyiting-portraits/water-margin-atlas-013.png
[00:28:55] ./dist/juyiting-portraits/ligun.svg
[00:28:55] ./dist/juyiting-portraits/lujunyi.svg
[00:28:55] ./dist/juyiting-portraits/water-margin-atlas-012.png
[00:28:55] ./dist/juyiting-portraits/shiyong.svg
[00:28:55] ./dist/juyiting-portraits/suochao.svg
[00:28:55] ./dist/juyiting-portraits/shantinggui.svg
[00:28:55] ./dist/juyiting-portraits/water-margin-atlas-017.png
[00:28:55] ./dist/juyiting-portraits/ruanxiaoqi.svg
[00:28:55] ./dist/juyiting-portraits/peixuan.svg
[00:28:55] ./dist/juyiting-portraits/huangfuduan.svg
[00:28:55] ./dist/juyiting-portraits/songwan.svg
[00:28:55] ./dist/juyiting-portraits/muhong.svg
[00:28:55] ./dist/juyiting-portraits/haosiwen.svg
[00:28:55] ./dist/juyiting-portraits/mengkang.svg
[00:28:55] ./dist/juyiting-portraits/liying.svg
[00:28:55] ./dist/juyiting-portraits/xiezhen.svg
[00:28:55] ./dist/juyiting-portraits/baisheng.svg
[00:28:55] ./dist/juyiting-portraits/huarong.svg
[00:28:55] ./dist/juyiting-portraits/kongming.svg
[00:28:55] ./dist/juyiting-portraits/hantao.svg
[00:28:55] ./dist/juyiting-portraits/yangchun.svg
[00:28:55] ./dist/sitemap.xml
[00:28:55] ./dist/juyiting/
[00:28:55] ./dist/juyiting/images/
[00:28:55] ./dist/juyiting/images/props/
[00:28:55] ./dist/juyiting/images/props/liangshan-hall-prop-bounty-board-cropped.png
[00:28:55] ./dist/juyiting/images/props/liangshan-hall-prop-library-shelf-cropped.png
[00:28:55] ./dist/juyiting/images/props/liangshan-hall-prop-roster-book-cropped.png
[00:28:55] ./dist/juyiting/images/props/liangshan-hall-prop-main-seat-cropped.png
[00:28:55] ./dist/juyiting/images/props/liangshan-hall-prop-agent-roster-cropped.png
[00:28:55] ./dist/juyiting/images/modular/
[00:28:55] ./dist/juyiting/images/modular/hall-pillars-v1.png
[00:28:55] ./dist/juyiting/images/modular/prop-table-desk-v1.png
[00:28:55] ./dist/juyiting/images/modular/hall-wall-back-v1.png
[00:28:55] ./dist/juyiting/images/modular/prop-bounty-board-v1.png
[00:28:55] ./dist/juyiting/images/modular/hall-floor-v1.png
[00:28:56] ./dist/juyiting/images/modular/preview.html
[00:28:56] ./dist/juyiting/images/modular/prop-main-seat-v1.png
[00:28:56] ./dist/juyiting/images/modular/prop-library-shelf-v1.png
[00:28:56] ./dist/juyiting/images/modular/prop-roster-book-v1.png
[00:28:56] ./dist/juyiting/images/liangshan-hall-base-clean-v3.webp
[00:28:56] ./dist/juyiting/images/liangshan-hall-mid-occluders-v3.webp
[00:28:56] ./dist/juyiting/images/liangshan-hall-lighting-overlay-v3.webp
[00:28:56] ./dist/juyiting/images/liangshan-hall-foreground-occluders-v3.webp
[00:28:56] ./dist/juyiting/images/occluders/
[00:28:56] ./dist/juyiting/images/occluders/west-upper-v2.png
[00:28:56] ./dist/juyiting/images/occluders/west-lower-v2.png
[00:28:56] ./dist/juyiting/images/occluders/east-lower-v2.png
[00:28:56] ./dist/juyiting/images/occluders/center-v2.png
[00:28:56] ./dist/juyiting/images/occluders/entrance-v2.png
[00:28:56] ./dist/juyiting/images/occluders/east-upper-v2.png
[00:28:56] ./dist/juyiting/sprites/
[00:28:56] ./dist/juyiting/sprites/persona-sheets-v1/
[00:28:56] ./dist/juyiting/sprites/persona-sheets-v1/songjiang-8-direction-v3.webp
[00:28:56] ./dist/juyiting/sprites/persona-sheets-v1/likui-8-direction-v2.webp
[00:28:56] ./dist/juyiting/sprites/persona-sheets-v1/wuyong-8-direction-v1.webp
[00:28:56] ./dist/juyiting/sprites/persona-sheets-v1/lujunyi-8-direction-v1.webp
[00:28:56] ./dist/juyiting/sprites/persona-sheets-v1/husanniang-8-direction-v1.webp
[00:28:56] ./dist/juyiting/sprites/persona-sheets-v1/linchong-8-direction-v1.webp
[00:28:56] ./dist/juyiting/hall.tmx
[00:28:56] ./dist/juyiting/tiles/
[00:28:56] ./dist/juyiting/tiles/hall-tileset.json
[00:28:56] ./dist/juyiting/tiles/hall-tileset.png
[00:28:56] ./dist/index.html
[00:28:56] ./dist/reset-cache.html
[00:28:56] ./dist/robots.txt
[00:28:56] ./dist/sw.js
[00:28:56] ./dist/static/
[00:28:56] ./dist/static/HelloWorld-scDHvbVU.css
[00:28:56] ./dist/static/SkillMarketRoute-CnMbE_35.css
[00:28:56] ./dist/static/VoteTick-DBiHEHbn.js
[00:28:56] ./dist/static/displayName-BDBlXODb.js
[00:28:56] ./dist/static/VoteTick-7mKdko45.css
[00:28:56] ./dist/static/TaskAdd-BV4k0vFd.js
[00:28:56] ./dist/static/JuyiHallEntry-DZ7vjrgX.css
[00:28:56] ./dist/static/iconfont-_fvu1Lff.svg
[00:28:56] ./dist/static/EconomyReadOnlyPreview-D6hQ-XxC.js
[00:28:56] ./dist/static/OrderList-nl8go7Lu.js
[00:28:56] ./dist/static/SideMenu-BH98P0VF.css
[00:28:56] ./dist/static/ui-CKW_F8y0.js
[00:28:56] ./dist/static/Wallet-SMU-fuU9.js
[00:28:56] ./dist/static/message-Drzlmat6.js
[00:28:56] ./dist/static/WxMpManager-BMymgUnT.css
[00:28:56] ./dist/static/HelpCenter-C3ZScF27.css
[00:28:56] ./dist/static/Phrase-B8akOgML.css
[00:28:56] ./dist/static/melonjs-BMpbBCxZ.js
[00:28:56] ./dist/static/UserProfile-CjMp_h-f.css
[00:28:56] ./dist/static/GiftList-CgHC394d.js
[00:28:56] ./dist/static/browser-D48O3wlL.js
[00:28:56] ./dist/static/SideMenu-CmTuqZy0.js
[00:28:56] ./dist/static/MessageCenter-pgee_dyj.css
[00:28:56] ./dist/static/WxMpManager-CYZFgF-L.js
[00:28:56] ./dist/static/TaskList-Cd3upwkG.js
[00:28:56] ./dist/static/utilities-Bfwxx0e4.js
[00:28:56] ./dist/static/GiftList-DsfBYwbf.css
[00:28:56] ./dist/static/Chat-DhPF1wuK.js
[00:28:56] ./dist/static/TaskHistory-m8_ZvJbI.css
[00:28:56] ./dist/static/TaskIndex-CMQ-WRff.css
[00:28:56] ./dist/static/CommandObservability-C1ghbibR.js
[00:28:56] ./dist/static/GiftPay-CKVx9fTc.css
[00:28:56] ./dist/static/Phrase-DfIfiiC1.js
[00:28:56] ./dist/static/SkillMarketRoute-DTC55Q-R.js
[00:28:56] ./dist/static/TaskHistory-CK6WZ9FS.js
[00:28:56] ./dist/static/Chat-BDSo2vEM.css
[00:28:56] ./dist/static/OrderList-CyLOWcj_.css
[00:28:56] ./dist/static/Wallet-Cu_sLqjH.css
[00:28:56] ./dist/static/ShortLink-u6b8v-0a.css
[00:28:56] ./dist/static/MessageCenter-YbZf01kF.js
[00:28:56] ./dist/static/GiftPay-jUd-NXsx.js
[00:28:56] ./dist/static/silverAmount-CIfY9JHl.js
[00:28:56] ./dist/static/EconomyReadOnlyPreview-BLZWoGvU.css
[00:28:56] ./dist/static/UserProfile-C7ONUak_.js
[00:28:56] ./dist/static/CommandObservability-BV5S8hTS.css
[00:28:56] ./dist/static/dayjs.min-BwYoZYzd.js
[00:28:56] ./dist/static/TaskAdd-Bxe85HjV.css
[00:28:56] ./dist/static/HelloWorld-AkgxvAM-.js
[00:28:56] ./dist/static/index-BrkR_YMh.css
[00:28:56] ./dist/static/commandObservabilityApi-B6SoyA3D.js
[00:28:56] ./dist/static/JuyiHallEntry-BnkGcH_K.js
[00:28:56] ./dist/static/liangshan-hall-physical-bg-v1-ZLsp6lX5.png
[00:28:56] ./dist/static/ShortLink-B7xol7HJ.js
[00:28:56] ./dist/static/vue-CS0jhAOA.js
[00:28:56] ./dist/static/TaskIndex-B49gRH2k.js
[00:28:56] ./dist/static/HelpCenter-DQGGYVCk.js
[00:28:56] ./dist/static/index-1FZTSTLl.js
[00:28:56] ./dist/static/markdown-BYkaR4-P.js
[00:28:56] ./dist/static/authenticatedSse-CoOkLIDh.js
[00:28:56] ./dist/static/TaskList-DLJGG--D.css
[00:28:56] ./dist/pwa/
[00:28:56] ./dist/pwa/icon-512-shuihu-v2.png
[00:28:56] ./dist/pwa/icon-192-logo-v4.png
[00:28:56] ./dist/pwa/icon-192-shuihu-v2.png
[00:28:56] ./dist/pwa/screenshot-demo-narrow-750x1334.png
[00:28:56] ./dist/pwa/icon-192.png
[00:28:56] ./dist/pwa/icon-maskable-512.png
[00:28:56] ./dist/pwa/apple-touch-icon.png
[00:28:56] ./dist/pwa/apple-touch-icon-logo-v4.png
[00:28:56] ./dist/pwa/apple-touch-icon-shuihu-v2.png
[00:28:56] ./dist/pwa/og-juyiting-1200x630.png
[00:28:56] ./dist/pwa/favicon-32-shuihu-v2.png
[00:28:56] ./dist/pwa/icon-512.png
[00:28:56] ./dist/pwa/icon-maskable-512-shuihu-v2.png
[00:28:56] ./dist/pwa/icon-512-logo-v4.png
[00:28:56] ./dist/pwa/favicon-32-logo-v4.png
[00:28:56] ./dist/pwa/favicon-32.png
[00:28:56] ./dist/pwa/screenshot-demo-wide-1280x720.png
[00:28:56] ./dist/pwa/icon-maskable-512-logo-v4.png
[00:28:56] total 104220
[00:28:56] drwxr-xr-x 2 root root      4096 10月  8 00:28 .
[00:28:56] drwxrwxrwx 4 root root      4096 10月  8 00:28 ..
[00:28:56] -rw-r--r-- 1 root root 106711601 10月  8 00:28 cyf_web_flow_4403172.tgz
[00:28:56] 上传 /root/workspace/packages/cyf_web_flow_4403172.tgz 到OSS...
[00:28:57]
Succeed: Total num: 1, size: 106,711,601. OK num: 1(upload 1 files).
[00:28:57]
[00:28:57] average speed 194021000(byte/s)
[00:28:57]
[00:28:57] 0.553977(s) elapsed
[00:28:57] [SUCCESS] 步骤运行成功
[executionStep begins at 2026-10-08 00:28:57]
[INFO] PATH=/usr/local/sbin:/usr/local/bin:/usr/sbin:/usr/bin:/sbin:/bin
[00:28:58] [INFO] 使用工作路径/root/workspace/repo_0
加载用户自定义环境变量
[00:28:58] [INFO] 执行步骤
[00:28:58] [INFO] oss-cn-beijing-internal.aliyuncs.com
[00:28:58] [INFO] PIPELINE_ID=4403172
[00:28:58] [INFO] PIPELINE_NAME=cyf-web-release
[00:28:58] [INFO] BUILD_NUMBER=180
[00:28:58] [INFO] EMPLOYEE_ID=67d63fdb36ec628799f13840
[00:28:58] [INFO] WORK_SPACE=/root/workspace
[00:28:58] [INFO] PROJECT_DIR=/root/workspace/repo_0
[00:28:58] [INFO] PLUGIN_DIR=/root/plugins
[00:28:58] [INFO] BUILD_JOB_ID=559161182
[00:28:58] [INFO] LOG_LEVEL=DEBUG
[00:28:58] [DEBUG] ARCHIVE_PATH=/root/.m2 /root/.gradle/caches /root/.npm /root/.yarn /go/pkg/mod /root/.cache
[00:28:58] [USER]CACHE_NAME=global-cache
[00:28:58] [USER]ARCHIVE_PATH=/root/.m2 /root/.gradle/caches /root/.npm /root/.yarn /go/pkg/mod /root/.cache
[00:28:58] [USER]COMMAND=MAKE
[00:28:58] [USER]FILE_ID=aone2/2049636/caches/4403172/global-cache-cloud_ci-web_ci.tgz
[00:28:58] [USER]ENDPOINT=oss-cn-beijing-internal.aliyuncs.com
[00:28:58] [USER]BUCKET_NAME=execution-component-rdc
[00:28:58]
[00:28:58]
[00:28:58] /root/.m2
[00:28:58] 准备缓存文件 /root/.m2 -> aone2/2049636/caches/4403172/global-cache-cloud_ci-web_ci.tgz
[00:28:58] /root/.gradle/caches
[00:28:58] 准备缓存文件 /root/.gradle/caches -> aone2/2049636/caches/4403172/global-cache-cloud_ci-web_ci.tgz
[00:28:58] /root/.npm
[00:28:58] 准备缓存文件 /root/.npm -> aone2/2049636/caches/4403172/global-cache-cloud_ci-web_ci.tgz
[00:28:58] /root/.yarn
[00:28:58] 准备缓存文件 /root/.yarn -> aone2/2049636/caches/4403172/global-cache-cloud_ci-web_ci.tgz
[00:28:58] /go/pkg/mod
[00:28:58] 准备缓存文件 /go/pkg/mod -> aone2/2049636/caches/4403172/global-cache-cloud_ci-web_ci.tgz
[00:28:58] /root/.cache
[00:28:58] 准备缓存文件 /root/.cache -> aone2/2049636/caches/4403172/global-cache-cloud_ci-web_ci.tgz
[00:30:13] [INFO] /root/workspace/packages/global-cache-cloud_ci-web_ci.tgz SIZE 2011342906
[00:30:13] [INFO] size 2011342906 exceeding max size limit 2000000000 , abort cache uploading.
[00:30:13] [SUCCESS] 步骤运行成功
