

  JuyiHall restored-identity initialization
    ✔ hydrates a retained token without a profile before the initial Hall data load (697ms)

  lightweight workbench real panel navigation
    ✔ suppresses the focusable workbench dock while the root onboarding modal is visible (167ms)
[Vue warn]: Invalid vnode type when creating vnode: undefined. 
  at <Transition name="panel" onAfterLeave=fn<handlePanelAfterLeave> > 
  at <JuyiHall ref="VTU_COMPONENT" > 
  at <VTUROOT>
[Vue warn]: Invalid vnode type when creating vnode: undefined. 
  at <Transition name="panel" onAfterLeave=fn<handlePanelAfterLeave> > 
  at <JuyiHall ref="VTU_COMPONENT" > 
  at <VTUROOT>
[Vue warn]: Invalid vnode type when creating vnode: undefined. 
  at <Transition name="panel" onAfterLeave=fn<handlePanelAfterLeave> > 
  at <JuyiHall ref="VTU_COMPONENT" > 
  at <VTUROOT>
[Vue warn]: Invalid vnode type when creating vnode: undefined. 
  at <Transition name="panel" onAfterLeave=fn<handlePanelAfterLeave> > 
  at <JuyiHall ref="VTU_COMPONENT" > 
  at <VTUROOT>
    ✔ keeps overview request drafting root-owned while task drafting remains a nested return (271ms)
    ✔ keeps the expanded mobile menu within the header and bottom dock on short screens (53ms)
    ✔ targets page-level workbench tabs without changing detail or map tabs
    ✔ keeps tiny reflow navigation named and lets short chat windows scroll to the composer
    ✔ repairs legacy UTF-8 mojibake in the Hall account label (512ms)
[Vue warn]: Invalid vnode type when creating vnode: undefined. 
  at <Transition name="panel" onAfterLeave=fn<handlePanelAfterLeave> > 
  at <JuyiHall ref="VTU_COMPONENT" > 
  at <VTUROOT>
[Vue warn]: Invalid vnode type when creating vnode: undefined. 
  at <Transition name="panel" onAfterLeave=fn<handlePanelAfterLeave> > 
  at <JuyiHall ref="VTU_COMPONENT" > 
  at <VTUROOT>
    ✔ returns focus to the persistent more trigger when its menu item unmounts on first open (837ms)
[Vue warn]: Invalid vnode type when creating vnode: undefined. 
  at <Transition name="panel" onAfterLeave=fn<handlePanelAfterLeave> > 
  at <JuyiHall ref="VTU_COMPONENT" > 
  at <VTUROOT>
[Vue warn]: Invalid vnode type when creating vnode: undefined. 
  at <Transition name="panel" onAfterLeave=fn<handlePanelAfterLeave> > 
  at <JuyiHall ref="VTU_COMPONENT" > 
  at <VTUROOT>
    ✔ treats header utilities as root pages and returns focus to the latest visible workbench tab (302ms)
    ✔ shows a Hall-owned return for formal delivery over an already-open primary task detail (165ms)
    ✔ reuses the Stage, exposes the four primary mobile pages, and restores map on exit (189ms)

  O04 actual-mounted JuyiHall panel identity
    ✔ restores landscape immersion, removes portrait map controls, and preserves open panels when rotating (146ms)
    ✔ W05 locates the existing formal delivery component using review deliveryId, never a private mark (404ms)
    ✔ W05 opens a distinct formal draft from the real bounty toolbar and returns without clearing original input or orientation (281ms)
    ✔ W05 opens the actual formal task detail as the third logical layer and returns one layer at a time (198ms)
    ✔ W05 restores exact overview refs and canonical tasks without reloading filtered task lists (251ms)
    ✔ W04 returns from treasure to the same source pane, focus and unsaved text without resetting chat (176ms)
    ✔ W04 bounds navigation to three frames, does not consume composing Escape, and clears hidden panes on identity change (119ms)
    ✔ retains panel/state identity for five cycles and fences stale keyed leaves (182ms)
    ✔ cancels chat load and deferred focus when actual JuyiHall unmounts (111ms)
    ✔ converges Escape, close button, and backdrop and restores landscape/root fallbacks (186ms)


  21 passing (6s)

