{
  "sourceCommit": "1993b888391c2c7ce707dc60da743810f25f17df",
  "scope": {
    "conversationId": "42",
    "conversationGeneration": "7",
    "taskId": "task-1"
  },
  "results": [
    {
      "id": "valid_unbound_EXECUTE_step",
      "expected": true,
      "actual": true
    },
    {
      "id": "valid_nonexecution_CHAT_step",
      "expected": true,
      "actual": true
    },
    {
      "id": "foreign_turn_scope",
      "expected": false,
      "actual": false
    },
    {
      "id": "incomplete_turn_view",
      "expected": false,
      "actual": false
    }
  ],
  "mismatches": 0
}
