TAP version 13
# (node:3471762) ExperimentalWarning: `--experimental-loader` may be removed in the future; instead use `register()`:
# --import 'data:text/javascript,import { register } from "node:module"; import { pathToFileURL } from "node:url"; register("/var/tmp/cyf-mmd-client-v3-yauzl-loader-01a0f2bb.mjs", pathToFileURL("./"));'
# (Use `node --trace-warnings ...` to show where the warning was created)
# Subtest: redacted templates are static-valid synthetic projections without secrets or readiness claims
ok 1 - redacted templates are static-valid synthetic projections without secrets or readiness claims
  ---
  duration_ms: 11.586703
  ...
# Subtest: binding identity is platform-operator fenced and independent freeze evidence fails closed
    # Subtest: numeric binding 1 is not rejected across namespaces
    ok 1 - numeric binding 1 is not rejected across namespaces
      ---
      duration_ms: 1.737809
      ...
    # Subtest: numeric binding 2 is not rejected across namespaces
    ok 2 - numeric binding 2 is not rejected across namespaces
      ---
      duration_ms: 5.107905
      ...
    # Subtest: numeric binding 15 is not rejected across namespaces
    ok 3 - numeric binding 15 is not rejected across namespaces
      ---
      duration_ms: 1.225575
      ...
    # Subtest: arbitrary non-empty receipt labels cannot become VERIFIED
    ok 4 - arbitrary non-empty receipt labels cannot become VERIFIED
      ---
      duration_ms: 1.362785
      ...
    # Subtest: VERIFIED requires the actual independent Operator freeze file
    ok 5 - VERIFIED requires the actual independent Operator freeze file
      ---
      duration_ms: 1.450281
      ...
    # Subtest: exact Operator freeze bytes and tuple can be VERIFIED
    ok 6 - exact Operator freeze bytes and tuple can be VERIFIED
      ---
      duration_ms: 4.490999
      ...
    # Subtest: Operator freeze byte digest drift fails closed
    ok 7 - Operator freeze byte digest drift fails closed
      ---
      duration_ms: 1.914331
      ...
    # Subtest: Operator freeze source reference drift fails closed
    ok 8 - Operator freeze source reference drift fails closed
      ---
      duration_ms: 1.72809
      ...
    # Subtest: Operator freeze tuple drift fails closed
    ok 9 - Operator freeze tuple drift fails closed
      ---
      duration_ms: 1.984197
      ...
    # Subtest: UNVERIFIED binding cannot carry pseudo-source evidence
    ok 10 - UNVERIFIED binding cannot carry pseudo-source evidence
      ---
      duration_ms: 1.240156
      ...
    # Subtest: provider binding evidence tuple drift
    ok 11 - provider binding evidence tuple drift
      ---
      duration_ms: 0.912244
      ...
    # Subtest: model drift
    ok 12 - model drift
      ---
      duration_ms: 7.93782
      ...
    # Subtest: binding epoch drift
    ok 13 - binding epoch drift
      ---
      duration_ms: 0.839546
      ...
    # Subtest: API source contract drift
    ok 14 - API source contract drift
      ---
      duration_ms: 0.664069
      ...
    1..14
ok 2 - binding identity is platform-operator fenced and independent freeze evidence fails closed
  ---
  duration_ms: 36.599053
  ...
# Subtest: freeze is stable across release roots and binds source, payload, CA, evidence, and policy without runtime entropy
ok 3 - freeze is stable across release roots and binds source, payload, CA, evidence, and policy without runtime entropy
  ---
  duration_ms: 28.92425
  ...
# Subtest: freeze binds verified independent Operator evidence without persisting its private path
ok 4 - freeze binds verified independent Operator evidence without persisting its private path
  ---
  duration_ms: 12.610341
  ...
# Subtest: readback accepts one exact live registration/presence pair and fails closed on drift
ok 5 - readback accepts one exact live registration/presence pair and fails closed on drift
  ---
  duration_ms: 24.347949
  ...
# Subtest: freeze rejects installer and payload drift
    # Subtest: installer drift
    ok 1 - installer drift
      ---
      duration_ms: 4.709199
      ...
    # Subtest: payload drift
    ok 2 - payload drift
      ---
      duration_ms: 2.310995
      ...
    1..2
ok 6 - freeze rejects installer and payload drift
  ---
  duration_ms: 30.641373
  ...
# (node:3471791) ExperimentalWarning: `--experimental-loader` may be removed in the future; instead use `register()`:
# --import 'data:text/javascript,import { register } from "node:module"; import { pathToFileURL } from "node:url"; register("/var/tmp/cyf-mmd-client-v3-yauzl-loader-01a0f2bb.mjs", pathToFileURL("./"));'
# (Use `node --trace-warnings ...` to show where the warning was created)
# Subtest: test modes require one explicit private fixture boundary before any operational path
    # Subtest: installer rejects missing CODEX_WS_AGENT_TEST_FIXTURE_ROOT
    ok 1 - installer rejects missing CODEX_WS_AGENT_TEST_FIXTURE_ROOT
      ---
      duration_ms: 9.518044
      ...
    # Subtest: installer rejects missing CODEX_WS_AGENT_TEST_APP_HOME
    ok 2 - installer rejects missing CODEX_WS_AGENT_TEST_APP_HOME
      ---
      duration_ms: 19.15163
      ...
    # Subtest: installer rejects missing CODEX_WS_AGENT_TEST_INSTANCE_ROOT
    ok 3 - installer rejects missing CODEX_WS_AGENT_TEST_INSTANCE_ROOT
      ---
      duration_ms: 19.886889
      ...
    # Subtest: installer rejects missing CODEX_WS_AGENT_TEST_SYSTEMD_DIR
    ok 4 - installer rejects missing CODEX_WS_AGENT_TEST_SYSTEMD_DIR
      ---
      duration_ms: 27.138821
      ...
    # Subtest: installer rejects missing CODEX_WS_AGENT_TEST_BIN_DIR
    ok 5 - installer rejects missing CODEX_WS_AGENT_TEST_BIN_DIR
      ---
      duration_ms: 22.198863
      ...
    # Subtest: installer rejects missing CODEX_WS_AGENT_TEST_SYSTEMCTL
    ok 6 - installer rejects missing CODEX_WS_AGENT_TEST_SYSTEMCTL
      ---
      duration_ms: 31.203832
      ...
    # Subtest: installer rejects missing CODEX_WS_AGENT_TEST_NODE_BIN
    ok 7 - installer rejects missing CODEX_WS_AGENT_TEST_NODE_BIN
      ---
      duration_ms: 32.289805
      ...
    # Subtest: installer rejects missing CODEX_WS_AGENT_TEST_NPM_BIN
    ok 8 - installer rejects missing CODEX_WS_AGENT_TEST_NPM_BIN
      ---
      duration_ms: 48.944776
      ...
    # Subtest: installer rejects missing CODEX_WS_AGENT_TEST_PYTHON_BIN
    ok 9 - installer rejects missing CODEX_WS_AGENT_TEST_PYTHON_BIN
      ---
      duration_ms: 56.855923
      ...
    # Subtest: installer rejects missing HOME
    ok 10 - installer rejects missing HOME
      ---
      duration_ms: 47.577224
      ...
    # Subtest: installer rejects missing TMPDIR
    ok 11 - installer rejects missing TMPDIR
      ---
      duration_ms: 35.277321
      ...
    # Subtest: installer rejects missing XDG_CACHE_HOME
    ok 12 - installer rejects missing XDG_CACHE_HOME
      ---
      duration_ms: 43.03162
      ...
    # Subtest: installer rejects missing XDG_CONFIG_HOME
    ok 13 - installer rejects missing XDG_CONFIG_HOME
      ---
      duration_ms: 48.02284
      ...
    # Subtest: installer rejects missing XDG_STATE_HOME
    ok 14 - installer rejects missing XDG_STATE_HOME
      ---
      duration_ms: 49.988543
      ...
    # Subtest: installer rejects missing NPM_CONFIG_CACHE
    ok 15 - installer rejects missing NPM_CONFIG_CACHE
      ---
      duration_ms: 32.440853
      ...
    # Subtest: launcher rejects missing CODEX_WS_AGENT_TEST_FIXTURE_ROOT
    ok 16 - launcher rejects missing CODEX_WS_AGENT_TEST_FIXTURE_ROOT
      ---
      duration_ms: 4.108668
      ...
    # Subtest: launcher rejects missing CODEX_WS_AGENT_DEFAULT_APP_HOME
    ok 17 - launcher rejects missing CODEX_WS_AGENT_DEFAULT_APP_HOME
      ---
      duration_ms: 14.128704
      ...
    # Subtest: launcher rejects missing CODEX_WS_AGENT_INSTANCE_ROOT
    ok 18 - launcher rejects missing CODEX_WS_AGENT_INSTANCE_ROOT
      ---
      duration_ms: 18.694826
      ...
    # Subtest: launcher rejects missing CODEX_WS_AGENT_SYSTEMD_DIR
    ok 19 - launcher rejects missing CODEX_WS_AGENT_SYSTEMD_DIR
      ---
      duration_ms: 17.263057
      ...
    # Subtest: launcher rejects missing CODEX_WS_AGENT_PROC_ROOT
    ok 20 - launcher rejects missing CODEX_WS_AGENT_PROC_ROOT
      ---
      duration_ms: 18.757784
      ...
    # Subtest: launcher rejects missing CODEX_WS_AGENT_SYSTEMCTL
    ok 21 - launcher rejects missing CODEX_WS_AGENT_SYSTEMCTL
      ---
      duration_ms: 26.276868
      ...
    # Subtest: launcher rejects missing CODEX_WS_AGENT_NODE_BIN
    ok 22 - launcher rejects missing CODEX_WS_AGENT_NODE_BIN
      ---
      duration_ms: 29.327424
      ...
    # Subtest: launcher rejects missing HOME
    ok 23 - launcher rejects missing HOME
      ---
      duration_ms: 20.616073
      ...
    # Subtest: launcher rejects missing TMPDIR
    ok 24 - launcher rejects missing TMPDIR
      ---
      duration_ms: 23.276756
      ...
    # Subtest: launcher rejects missing XDG_CACHE_HOME
    ok 25 - launcher rejects missing XDG_CACHE_HOME
      ---
      duration_ms: 22.230917
      ...
    # Subtest: launcher rejects missing XDG_CONFIG_HOME
    ok 26 - launcher rejects missing XDG_CONFIG_HOME
      ---
      duration_ms: 23.143737
      ...
    # Subtest: launcher rejects missing XDG_STATE_HOME
    ok 27 - launcher rejects missing XDG_STATE_HOME
      ---
      duration_ms: 27.550551
      ...
    1..27
ok 7 - test modes require one explicit private fixture boundary before any operational path
  ---
  duration_ms: 1002.765937
  ...
# Subtest: two explicit instances install isolated roots and preserve the fixed 54-file release proof
ok 8 - two explicit instances install isolated roots and preserve the fixed 54-file release proof
  ---
  duration_ms: 2276.511225
  ...
# Subtest: instance installer rejects unsafe names and symlinked roots before target mutation
    # Subtest: ../escape
    ok 1 - ../escape
      ---
      duration_ms: 13.657793
      ...
    # Subtest: a/b
    ok 2 - a/b
      ---
      duration_ms: 12.699543
      ...
    # Subtest: a.service
    ok 3 - a.service
      ---
      duration_ms: 11.681664
      ...
    # Subtest: a@b
    ok 4 - a@b
      ---
      duration_ms: 17.11691
      ...
    # Subtest: -leading
    ok 5 - -leading
      ---
      duration_ms: 16.265949
      ...
    # Subtest: trailing-
    ok 6 - trailing-
      ---
      duration_ms: 12.86435
      ...
    # Subtest: UPPER
    ok 7 - UPPER
      ---
      duration_ms: 15.235006
      ...
    # Subtest: a;touch-x
    ok 8 - a;touch-x
      ---
      duration_ms: 13.861014
      ...
    # Subtest: empty
    ok 9 - empty
      ---
      duration_ms: 16.797216
      ...
    1..9
ok 9 - instance installer rejects unsafe names and symlinked roots before target mutation
  ---
  duration_ms: 161.427654
  ...
# Subtest: reinstall preserves private config/state and activation failure restores the prior current release
ok 10 - reinstall preserves private config/state and activation failure restores the prior current release
  ---
  duration_ms: 3461.084971
  ...
# Subtest: instance launcher binds the selected unit/root and refuses a foreign MainPID without stop
ok 11 - instance launcher binds the selected unit/root and refuses a foreign MainPID without stop
  ---
  duration_ms: 1267.638971
  ...
# Subtest: systemd template and launcher source contain no instance shell interpolation or tmux fallback
ok 12 - systemd template and launcher source contain no instance shell interpolation or tmux fallback
  ---
  duration_ms: 0.59138
  ...
1..12
# tests 64
# suites 0
# pass 64
# fail 0
# cancelled 0
# skipped 0
# todo 0
# duration_ms 9027.822954
