....
[12:20:35] 
[12:20:35]   2809 passing (5m)
[12:20:35]   2 pending
[12:20:35]   64 failing
[12:20:35] 
[12:20:35]   1) archive reader contract behavior
[12:20:35]        keeps actual JuyiHall, LibraryPanel, and ArchiveReader identity/state across five cycles:
[12:20:35]      TypeError: isMultimediaDeliberationUiEnabled is not a function
[12:20:35]       at setup (eval at <anonymous> (tests/archive-reader.test.js:11:2023), <anonymous>:186:41)
[12:20:35]       at callWithErrorHandling (node_modules/@vue/runtime-core/dist/runtime-core.cjs.js:200:19)
[12:20:35]       at setupStatefulComponent (node_modules/@vue/runtime-core/dist/runtime-core.cjs.js:7898:25)
[12:20:35]       at setupComponent (node_modules/@vue/runtime-core/dist/runtime-core.cjs.js:7859:36)
[12:20:35]       at mountComponent (node_modules/@vue/runtime-core/dist/runtime-core.cjs.js:5183:7)
[12:20:35]       at processComponent (node_modules/@vue/runtime-core/dist/runtime-core.cjs.js:5149:9)
[12:20:35]       at patch (node_modules/@vue/runtime-core/dist/runtime-core.cjs.js:4678:11)
[12:20:35]       at ReactiveEffect.componentUpdateFn [as fn] (node_modules/@vue/runtime-core/dist/runtime-core.cjs.js:5293:11)
[12:20:35]       at ReactiveEffect.run (node_modules/@vue/reactivity/dist/reactivity.cjs.js:241:19)
[12:20:35]       at setupRenderEffect (node_modules/@vue/runtime-core/dist/runtime-core.cjs.js:5421:5)
[12:20:35]       at mountComponent (node_modules/@vue/runtime-core/dist/runtime-core.cjs.js:5196:7)
[12:20:35]       at processComponent (node_modules/@vue/runtime-core/dist/runtime-core.cjs.js:5149:9)
[12:20:35]       at patch (node_modules/@vue/runtime-core/dist/runtime-core.cjs.js:4678:11)
[12:20:35]       at render (node_modules/@vue/runtime-core/dist/runtime-core.cjs.js:5969:7)
[12:20:35]       at mount (node_modules/@vue/runtime-core/dist/runtime-core.cjs.js:3940:13)
[12:20:35]       at app.mount (node_modules/@vue/runtime-dom/dist/runtime-dom.cjs.js:1710:19)
[12:20:35]       at mount (node_modules/@vue/test-utils/dist/vue-test-utils.cjs.js:8415:18)
[12:20:35]       at Context.<anonymous> (tests/archive-reader.test.js:2708:21)
[12:20:35]       at process.processImmediate (node:internal/timers:483:21)
[12:20:35] 
[12:20:35]   2) scoped bounty media belongs to the conversation transcript
[12:20:35]        mounts the real transcript section with inline results after the last message:
[12:20:35]      TypeError: typedForMessage is not a function
[12:20:35]       at eval (eval at compileToFunction (node_modules/vue/dist/vue.cjs.js:71:18), <anonymous>:72:79)
[12:20:35]       at renderList (node_modules/@vue/runtime-core/dist/runtime-core.cjs.js:2909:16)
[12:20:35]       at Proxy.render (eval at compileToFunction (node_modules/vue/dist/vue.cjs.js:71:18), <anonymous>:43:63)
[12:20:35]       at renderComponentRoot (node_modules/@vue/runtime-core/dist/runtime-core.cjs.js:6495:16)
[12:20:35]       at ReactiveEffect.componentUpdateFn [as fn] (node_modules/@vue/runtime-core/dist/runtime-core.cjs.js:5286:46)
[12:20:35]       at ReactiveEffect.run (node_modules/@vue/reactivity/dist/reactivity.cjs.js:241:19)
[12:20:35]       at setupRenderEffect (node_modules/@vue/runtime-core/dist/runtime-core.cjs.js:5421:5)
[12:20:35]       at mountComponent (node_modules/@vue/runtime-core/dist/runtime-core.cjs.js:5196:7)
[12:20:35]       at processComponent (node_modules/@vue/runtime-core/dist/runtime-core.cjs.js:5149:9)
[12:20:35]       at patch (node_modules/@vue/runtime-core/dist/runtime-core.cjs.js:4678:11)
[12:20:35]       at ReactiveEffect.componentUpdateFn [as fn] (node_modules/@vue/runtime-core/dist/runtime-core.cjs.js:5293:11)
[12:20:35]       at ReactiveEffect.run (node_modules/@vue/reactivity/dist/reactivity.cjs.js:241:19)
[12:20:35]       at setupRenderEffect (node_modules/@vue/runtime-core/dist/runtime-core.cjs.js:5421:5)
[12:20:35]       at mountComponent (node_modules/@vue/runtime-core/dist/runtime-core.cjs.js:5196:7)
[12:20:35]       at processComponent (node_modules/@vue/runtime-core/dist/runtime-core.cjs.js:5149:9)
[12:20:35]       at patch (node_modules/@vue/runtime-core/dist/runtime-core.cjs.js:4678:11)
[12:20:35]       at render (node_modules/@vue/runtime-core/dist/runtime-core.cjs.js:5969:7)
[12:20:35]       at mount (node_modules/@vue/runtime-core/dist/runtime-core.cjs.js:3940:13)
[12:20:35]       at app.mount (node_modules/@vue/runtime-dom/dist/runtime-dom.cjs.js:1710:19)
[12:20:35]       at mount (node_modules/@vue/test-utils/dist/vue-test-utils.cjs.js:8415:18)
[12:20:35]       at Context.<anonymous> (tests/juyiting-bounty-inline-results.test.js:45:17)
[12:20:35]       at process.processImmediate (node:internal/timers:483:21)
[12:20:35] 
[12:20:35]   3) JuyiHall collaboration flow contract
[12:20:35]        keeps both agent and task context in outgoing chat metadata:
[12:20:35]      AssertionError: expected 'import { computed, ref, watch } from …' to include '...safeMetadataSource,'
[12:20:35]       at Context.<anonymous> (tests/juyiting-collaboration-flow.test.js:150:39)
[12:20:35]       at process.processImmediate (node:internal/timers:483:21)
[12:20:35] 
[12:20:35]   4) JuyiHall collaboration flow contract
[12:20:35]        sends hall messages with durable public bounty and private conversation scopes:
[12:20:35]      AssertionError: expected 'import { computed, ref, watch } from …' to include 'forceNewConversation'
[12:20:35]       at Context.<anonymous> (tests/juyiting-collaboration-flow.test.js:165:39)
[12:20:35]       at process.processImmediate (node:internal/timers:483:21)
[12:20:35] 
[12:20:35]   5) controlled image consent checkbox component behavior
[12:20:35]        resets explicit acknowledgement for a new identical offer object, real task/requirement revisions, task target changes, modal close, and auth generation:
[12:20:35]      Error: Cannot call setValue on an empty DOMWrapper.
[12:20:35]       at Object.get (node_modules/@vue/test-utils/dist/vue-test-utils.cjs.js:1574:27)
[12:20:35]       at Context.<anonymous> (tests/juyiting-controlled-image-checkbox.test.js:32:49)
[12:20:35] 
[12:20:35]   6) Juyi Hall conversation material references
[12:20:35]        shows task-scoped fixed versions from the real task directory without turning them into chat text:
[12:20:35]      AssertionError [ERR_ASSERTION]: The input did not match the regular expression /资料标识、固定版本和用途/. Input:
[12:20:35] 
[12:20:35] '<template>\n' +
[12:20:35]   '  <div class="chat-panel discussion-surface" :class="`discussion-${discussionVariant}`">\n' +
[12:20:35]   '    <div class="panel-toolbar">\n' +
[12:20:35]   '      <div class="context-summary">\n' +
[12:20:35]   '        <strong>{{ title }}</strong>\n' +
[12:20:35]   '        <small>{{ resolvedSubtitle }}</small>\n' +
[12:20:35]   '        <em>{{ displayStatus }}</em>\n' +
[12:20:35]   '      </div>\n' +
[12:20:35]   '      <div class="toolbar-actions">\n' +
[12:20:35]   '        <button\n' +
[12:20:35]   '          class="icon-button material-reference-entry"\n' +
[12:20:35]   '          type="button"\n' +
[12:20:35]   `          :title="isTaskDiscussion ? '查看事项固定资料' : '引用百宝箱资料'"\n` +
[12:20:35]   `          :aria-label="isTaskDiscussion ? '事项资料' : '引用资料'"\n` +
[12:20:35]   `          :aria-expanded="materialPickerOpen ? 'true' : 'false'"\n` +
[12:20:35]   '          :disabled="voice?.voiceInteractionLocked"\n' +
[12:20:35]   '          @click="toggleMaterialPicker"\n' +
[12:20:35]   '        >\n' +
[12:20:35]   '          <var-icon name="book-open-page-variant-outline" />\n' +
[12:20:35]   "          <span>{{ isTaskDiscussion ? '事项资料' : '引用资料' }}</span>\n" +
[12:20:35]   '        </button>\n' +
[12:20:35]   '        <button\n' +
[12:20:35]   '          class="icon-button workspace-entry"\n' +
[12:20:35]   '          type="button"\n' +
[12:20:35]   '          title="打开百宝箱"\n' +
[12:20:35]   '          aria-label="打开百宝箱"\n' +
[12:20:35]   '          :disabled="voice?.voiceInteractionLocked"\n' +
[12:20:35]   `          @click="$emit('open-workspace')"\n` +
[12:20:35]   '        >\n' +
[12:20:35]   '          <var-icon name="briefcase-variant-outline" />\n' +
[12:20:35]   '          <span>百宝箱</span>\n' +
[12:20:35]   '        </button>\n' +
[12:20:35]   '        <button\n' +
[12:20:35]   '          v-if="durableCancelTarget"\n' +
[12:20:35]   '          class="icon-button"\n' +
[12:20:35]   '          type="button"\n' +
[12:20:35]   '          title="取消待处理回话"\n' +
[12:20:35]   '          aria-label="取消待处理回话"\n' +
[12:20:35]   `          @click="$emit('cancel-deliberation', durableCancelTarget)"\n` +
[12:20:35]   '        ><var-icon name="close" /></button>\n' +
[12:20:35]   '        <button\n' +
[12:20:35]   '          v-else-if="legacyCancelAvailable"\n' +
[12:20:35]   '          class="icon-button"\n' +
[12:20:35]   '          type="button"\n' +
[12:20:35]   '          title="停止旧版回话等待"\n' +
[12:20:35]   '          aria-label="停止旧版回话等待"\n' +
[12:20:35]   `          @click="$emit('cancel-legacy-transport')"\n` +
[12:20:35]   '        ><var-icon name="close" /></button>\n' +
[12:20:35]   '        <button\n' +
[12:20:35]   '          class="icon-button"\n' +
[12:20:35]   '          type="button"\n' +
[12:20:35]   '          title="重取回话"\n' +
[12:20:35]   '          aria-label="重取回话"\n' +
[12:20:35]   '          :disabled="conversationBusy || voice?.voiceInteractionLocked"\n' +
[12:20:35]   `          @click="$emit('load-messages')"\n` +
[12:20:35]   '        >\n' +
[12:20:35]   '          <var-icon name="refresh" />\n' +
[12:20:35]   '        </button>\n' +
[12:20:35]   '        <button\n' +
[12:20:35]   '          class="icon-button"\n' +
[12:20:35]   '          type="button"\n' +
[12:20:35]   '          title="话头记录"\n' +
[12:20:35]   '          aria-label="话头记录"\n' +
[12:20:35]   `          :aria-expanded="historyOpen ? 'true' : 'false'"\n` +
[12:20:35]   '          :disabled="Boolean(conversationHistoryDeletingId) || voice?.voiceInteractionLocked"\n' +
[12:20:35]   '          @click="toggleHistory"\n' +
[12:20:35]   '        >\n' +
[12:20:35]   '          <var-icon name="history" />\n' +
[12:20:35]   '        </button>\n' +
[12:20:35]   '        <button\n' +
[12:20:35]   '          class="icon-button primary"\n' +
[12:20:35]   '          type="button"\n' +
[12:20:35]   '          title="另起话头"\n' +
[12:20:35]   '          aria-label="另起话头"\n' +
[12:20:35]   '          :disabled="conversationBusy || voice?.voiceInteractionLocked"\n' +
[12:20:35]   `          @click="$emit('new-conversation')"\n` +
[12:20:35]   '        >\n' +
[12:20:35]   '          <var-icon name="plus" />\n' +
[12:20:35]   '        </button>\n' +
[12:20:35]   '      </div>\n' +
[12:20:35]   '    </div>\n' +
[12:20:35]   '\n' +
[12:20:35]   '    <section v-if="materialPickerOpen" class="material-reference-picker" aria-label="引用议事资料">\n' +
[12:20:35]   '      <div class="material-reference-heading">\n' +
[12:20:35]   '        <div>\n' +
[12:20:35]   "          <strong>{{ isTaskDiscussion ? '当前事项固定资料' : '引用资料' }}</strong>\n" +
[12:20:35]   "          <small>{{ isTaskDiscussion ? '来自当前任务的真实资料目录；不会写入普通消息，也不会自动开始执行。' : '引用固定到当前话头及所选版本；不会把资料内容或假摘要写入消息。' }}</small>\n" +
[12:20:35]   '        </div>\n' +
[12:20:35]   '        <button type="button" aria-label="收起引用资料" @click="materialPickerOpen = false">\n' +
[12:20:35]   '          <var-icon name="close" />\n' +
[12:20:35]   '        </button>\n' +
[12:20:35]   '      </div>\n' +
[12:20:35]   '      <p v-if="!hasMaterialScope" class="material-reference-notice">\n' +
[12:20:35]   "        {{ isTaskDiscussion ? '未确认当前事项标识，不能读取或展示资料。' : '请先发送一条消息建立话头，再从百宝箱引用资料。' }}\n" +
[12:20:35]   '      </p>\n' +
[12:20:35]   '      <template v-else>\n' +
[12:20:35]   '        <p v-if="materialError" class="material-reference-error" role="alert">{{ materialError }}</p>\n' +
[12:20:35]   '        <div v-if="materialLoading" class="material-reference-state">正在查找百宝箱资料…</div>\n' +
[12:20:35]   '        <div v-if="isTaskDiscussion" class="task-material-directory">\n' +
[12:20:35]   '          <p v-if="!activeMaterialLinks.length" class="material-reference-state">当前事项没有已确认的 INPUT/REFERENCE 固定版本资料。可返回事项详情选择资料。</p>\n' +
[12:20:35]   '          <article v-for="link in activeMaterialLinks" :key="link.relationId" class="task-material-reference">\n' +
[12:20:35]   "            <div><strong>{{ materialName(link) }}</strong><small>v{{ link.version }} · {{ link.role === 'INPUT' ? '用于办理' : '参考资料' }}</small></div>\n" +
[12:20:35]   "            <p>{{ link.role === 'INPUT' ? '议事时 Agent 会收到这份资料的标识、固定版本和用途；明确开始办理并勾选后，才会获得文件读取授权。' : '议事时 Agent 会收到这份资料的标识、固定版本和用途；明确开始办理并勾选后，才会获得文件读取授权。' }}</p>\n" +
[12:20:35]   '            <label v-if="typedEnabled && link.role === \'REFERENCE\'" class="typed-source-selector"><input type="checkbox" :checked="typedSelectedSourceIds.has(`${link.fileId}\\u0000${link.version}`)" @change="toggleTypedSource(link, $event.target.checked)" /> 将此固定版本交给当前 Agent 本轮查阅</label>\n' +
[12:20:35]   '          </article>\n' +
[12:20:35]   '          <p class="material-reference-notice">勾选资料并发送即明确请求本轮查阅；资料目录本身不授予机器读取。界面不保证 Agent 已就绪或已读，实际可用性由服务端受理时校验。</p>\n' +
[12:20:35]   '        </div>\n' +
[12:20:35]   '        <template v-else>\n' +
[12:20:35]   '          <div v-if="!workspace.items.value?.length" class="material-reference-state">\n' +
[12:20:35]   '            百宝箱暂无可引用资料。\n' +
[12:20:35]   `            <button type="button" @click="$emit('open-workspace')">去百宝箱添加</button>\n` +
[12:20:35]   '          </div>\n' +
[12:20:35]   '          <ul v-else class="material-reference-list">\n' +
[12:20:35]   '            <li v-for="file in workspace.items.value" :key="file.fileId">\n' +
[12:20:35]   '              <div class="material-reference-file">\n' +
[12:20:35]   '                <strong :title="file.displayName">{{ file.displayName }}</strong>\n' +
[12:20:35]   '                <small>版本 {{ file.latestVersion }}</small>\n' +
[12:20:35]   '              </div>\n' +
[12:20:35]   '              <button v-if="linkedFileIds.has(`${file.fileId}:${file.latestVersion}`)" type="button" class="material-reference-linked" :disabled="materialActionBusy" @click="removeMaterialReference(linkFor(file))">移除引用</button>\n' +
[12:20:35]   '              <button v-else type="button" :disabled="materialActionBusy" @click="addMaterialReference(file)">引用</button>\n' +
[12:20:35]   '            </li>\n' +
[12:20:35]   '          </ul>\n' +
[12:20:35]   '          <div v-if="activeMaterialLinks.length" class="active-material-references">\n' +
[12:20:35]   '            <span>本话头已引用：</span>\n' +
[12:20:35]   '            <button v-for="link in activeMaterialLinks" :key="link.relationId" type="button" :disabled="materialActionBusy" @click="removeMaterialReference(link)">{{ materialName(link) }} · v{{ link.version }} <var-icon name="close" /></button>\n' +
[12:20:35]   '          </div>\n' +
[12:20:35]   '        </template>\n' +
[12:20:35]   '      </template>\n' +
[12:20:35]   '    </section>\n' +
[12:20:35]   '\n' +
[12:20:35]   '    <HallConversationHistory\n' +
[12:20:35]   '      v-if="historyOpen"\n' +
[12:20:35]   '      :conversations="conversationHistory"\n' +
[12:20:35]   '      :deleting-id="conversationHistoryDeletingId"\n' +
[12:20:35]   '      :disabled="conversationBusy || voice?.voiceInteractionLocked"\n' +
[12:20:35]   '      :error="conversationHistoryError"\n' +
[12:20:35]   '      :has-more="conversationHistoryHasMore"\n' +
[12:20:35]   '      :loading="conversationHistoryLoading"\n' +
[12:20:35]   '      :selected-id="conversationId"\n' +
[12:20:35]   `      @delete="$emit('delete-conversation', $event)"\n` +
[12:20:35]   `      @load-more="$emit('load-more-history')"\n` +
[12:20:35]   `      @select="$emit('select-conversation', $event)"\n` +
[12:20:35]   '    />\n' +
[12:20:35]   '\n' +
[12:20:35]   '    <div v-if="conversationLoadError" class="conversation-load-error" role="alert">\n' +
[12:20:35]   '      <span>{{ conversationLoadError }}</span>\n' +
[12:20:35]   `      <button type="button" :disabled="conversationBusy || voice?.voiceInteractionLocked" @click="$emit('retry-conversation')">重试</button>\n` +
[12:20:35]   '    </div>\n' +
[12:20:35]   '\n' +
[12:20:35]   '    <div ref="messageBoxRef" class="hall-messages">\n' +
[12:20:35]   '      <div\n' +
[12:20:35]   '        v-for="message in messages"\n' +
[12:20:35]   '        :key="message.localId || message.timestamp"\n' +
[12:20:35]   '        class="hall-message"\n' +
[12:20:35]   `        :class="[message.sender, { 'is-streaming': message.streaming }]"\n` +
[12:20:35]   '      >\n' +
[12:20:35]   '        <div class="message-head">\n' +
[12:20:35]   '          <strong>{{ senderText(message) }}</strong>\n' +
[12:20:35]   '          <span v-if="message.streaming" class="message-state">回话未尽</span>\n' +
[12:20:35]   '        </div>\n' +
[12:20:35]   '        <div class="message-content" v-html="renderMarkdown(message.content)"></div>\n' +
[12:20:35]   '        <BountyTextSelectionArchive v-if="isTaskDiscussion" :conversation-id="conversationId" :identity-key="materialIdentityKey" :message="message" />\n' +
[12:20:35]   '        <HallMessageParts\n' +
[12:20:35]   '          :parts="message.parts"\n' +
[12:20:35]   '          :conversation-id="conversationId"\n' +
[12:20:35]   '          :identity-key="materialIdentityKey"\n' +
[12:20:35]   '          :identity-scope="identityScope"\n' +
[12:20:35]   '        />\n' +
[12:20:35]   '        <BountyTypedOutcomeCard\n' +
[12:20:35]   '          v-for="projection in typedForMessage(message)"\n' +
[12:20:35]   '          :key="projection.key"\n' +
[12:20:35]   '          :projection="projection"\n' +
[12:20:35]   `          @reply="$emit('typed-reply', $event)"\n` +
[12:20:35]   `          @confirm-proposal="$emit('typed-confirm-proposal', $event)"\n` +
[12:20:35]   '        />\n' +
[12:20:35]   '        <small v-if="message.statusText" class="message-status">{{ message.statusText }}</small>\n' +
[12:20:35]   '      </div>\n' +
[12:20:35]   '      <slot name="bounty-results" />\n' +
[12:20:35]   '      <p v-if="deliberationStatus" class="deliberation-status">{{ deliberationStatus }}</p>\n' +
[12:20:35]   '      <div v-if="isAwaitingReply" class="hall-message SYSTEM is-pending">\n' +
[12:20:35]   '        <strong>{{ pendingAuthor }}</strong>\n' +
[12:20:35]   '        <div class="message-content" v-html="renderMarkdown(pendingLabel)"></div>\n' +
[12:20:35]   '      </div>\n' +
[12:20:35]   '      <div v-if="!messages.length" class="empty-list">{{ emptyText }}</div>\n' +
[12:20:35]   '\n' +
[12:20:35]   '\n' +
[12:20:35]   '    </div>\n' +
[12:20:35]   '\n' +
[12:20:35]   '    <HallChatComposer\n' +
[12:20:35]   '      :agents="agents"\n' +
[12:20:35]   '      :discussion-variant="discussionVariant"\n' +
[12:20:35]   '      :draft="draft"\n' +
[12:20:35]   '      :execute-enabled="executeEnabled"\n' +
[12:20:35]   '      :interaction-locked="conversationBusy"\n' +
[12:20:35]   '      :is-awaiting-reply="isAwaitingReply"\n' +
[12:20:35]   '      :is-streaming="isStreaming"\n' +
[12:20:35]   '      :mention-label="mentionLabel"\n' +
[12:20:35]   '      :placeholder="placeholder"\n' +
[12:20:35]   '      :selected-agent="selectedAgent"\n' +
[12:20:35]   '      :target-text="targetText"\n' +
[12:20:35]   '      :typed-pending-question="typedPendingQuestion"\n' +
[12:20:35]   '      :voice="voice"\n' +
[12:20:35]   `      @clear-target="$emit('clear-target', $event)"\n` +
[12:20:35]   `      @execute-followup="$emit('execute-followup')"\n` +
[12:20:35]   `      @mention-agent="$emit('mention-agent', $event)"\n` +
[12:20:35]   `      @send-message="$emit('send-message', typedEnabled && discussionVariant === 'bounty' ? { sourceSelectors: typedSourceSelectors, inspection: typedSourceSelectors.length > 0 } : undefined)"\n` +
[12:20:35]   `      @update:draft="$emit('update:draft', $event)"\n` +
[12:20:35]   `      @voice-apply="$emit('voice-apply', $event)"\n` +
[12:20:35]   '    />\n' +
[12:20:35]   '  </div>\n' +
[12:20:35]   '</template>\n' +
[12:20:35]   '\n' +
[12:20:35]   '<script setup>\n' +
[12:20:35]   "import { computed, nextTick, onBeforeUnmount, ref, watch } from 'vue'\n" +
[12:20:35]   "import HallMessageParts from './HallMessageParts.vue'\n" +
[12:20:35]   "import BountyTextSelectionArchive from './BountyTextSelectionArchive.vue'\n" +
[12:20:35]   "import { marked } from 'marked'\n" +
[12:20:35]   "import DOMPurify from 'dompurify'\n" +
[12:20:35]   "import HallChatComposer from './HallChatComposer.vue'\n" +
[12:20:35]   "import HallConversationHistory from './HallConversationHis"... 17007 more characters
[12:20:35] 
[12:20:35]       at Context.<anonymous> (tests/juyiting-conversation-material-links.test.js:16:12)
[12:20:35]       at process.processImmediate (node:internal/timers:483:21)
[12:20:35] 
[12:20:35]   7) validated finalization completion refresh boundary
[12:20:35]        forwards the exact scoped completion to the page without mutating the selected task:
[12:20:35]      SyntaxError: Cannot use import statement outside a module
[12:20:35]       at new Function (<anonymous>)
[12:20:35]       at Context.<anonymous> (tests/juyiting-finalization-task-refresh.test.js:30:23)
[12:20:35]       at process.processImmediate (node:internal/timers:483:21)
[12:20:35] 
[12:20:35]   8) HallOnboarding mounted geometry
[12:20:35]        scrolls a partially clipped portrait target once, then renders a finite card fully inside the viewport:
[12:20:35] 
[12:20:35]       AssertionError: expected null to not equal null
[12:20:35]       + expected - actual
[12:20:35] 
[12:20:35] 
[12:20:35]       at Context.<anonymous> (tests/juyiting-hall-onboarding-geometry.test.js:166:30)
[12:20:35] 
[12:20:35]   9) HallOnboarding mounted geometry
[12:20:35]        keeps a missing target card centered with navigation and explanatory fallback content:
[12:20:35]      AssertionError: the given combination of arguments (undefined and string) is invalid for this assertion. You can use an array, a map, an object, a set, a string, or a weakset instead of a string
[12:20:35]       at Context.<anonymous> (tests/juyiting-hall-onboarding-geometry.test.js:184:68)
[12:20:35] 
[12:20:35]   10) HallOnboarding mounted geometry
[12:20:35]        restarts at the matching first step after a portrait-to-landscape class switch:
[12:20:35]      TypeError: Cannot read properties of null (reading 'click')
[12:20:35]       at Context.<anonymous> (tests/juyiting-hall-onboarding-geometry.test.js:196:42)
[12:20:35] 
[12:20:35]   11) HallOnboarding mounted geometry
[12:20:35]        focuses a shipped hotspot before measuring it and keeps virtual-landscape text aligned with the rotated hall:
[12:20:35]      TypeError: Cannot read properties of null (reading 'click')
[12:20:35]       at Context.<anonymous> (tests/juyiting-hall-onboarding-geometry.test.js:219:42)
[12:20:35] 
[12:20:35]   12) live map preview Hall page bridge
[12:20:35]        waits for document and observed portrait visibility, then keeps one teleported Stage across landscape and retry:
[12:20:35]      TypeError: isMultimediaDeliberationUiEnabled is not a function
[12:20:35]       at setup (eval at loadHallPage (file:///root/workspace/repo_0/tests/juyiting-live-map-preview-integration.test.js:118:10), <anonymous>:186:41)
[12:20:35]       at callWithErrorHandling (node_modules/@vue/runtime-core/dist/runtime-core.cjs.js:200:19)
[12:20:35]       at setupStatefulComponent (node_modules/@vue/runtime-core/dist/runtime-core.cjs.js:7898:25)
[12:20:35]       at setupComponent (node_modules/@vue/runtime-core/dist/runtime-core.cjs.js:7859:36)
[12:20:35]       at mountComponent (node_modules/@vue/runtime-core/dist/runtime-core.cjs.js:5183:7)
[12:20:35]       at processComponent (node_modules/@vue/runtime-core/dist/runtime-core.cjs.js:5149:9)
[12:20:35]       at patch (node_modules/@vue/runtime-core/dist/runtime-core.cjs.js:4678:11)
[12:20:35]       at ReactiveEffect.componentUpdateFn [as fn] (node_modules/@vue/runtime-core/dist/runtime-core.cjs.js:5293:11)
[12:20:35]       at ReactiveEffect.run (node_modules/@vue/reactivity/dist/reactivity.cjs.js:241:19)
[12:20:35]       at setupRenderEffect (node_modules/@vue/runtime-core/dist/runtime-core.cjs.js:5421:5)
[12:20:35]       at mountComponent (node_modules/@vue/runtime-core/dist/runtime-core.cjs.js:5196:7)
[12:20:35]       at processComponent (node_modules/@vue/runtime-core/dist/runtime-core.cjs.js:5149:9)
[12:20:35]       at patch (node_modules/@vue/runtime-core/dist/runtime-core.cjs.js:4678:11)
[12:20:35]       at render (node_modules/@vue/runtime-core/dist/runtime-core.cjs.js:5969:7)
[12:20:35]       at mount (node_modules/@vue/runtime-core/dist/runtime-core.cjs.js:3940:13)
[12:20:35]       at app.mount (node_modules/@vue/runtime-dom/dist/runtime-dom.cjs.js:1710:19)
[12:20:35]       at mount (node_modules/@vue/test-utils/dist/vue-test-utils.cjs.js:8415:18)
[12:20:35]       at Context.<anonymous> (file:///root/workspace/repo_0/tests/juyiting-live-map-preview-integration.test.js:219:17)
[12:20:35]       at process.processImmediate (node:internal/timers:483:21)
[12:20:35] 
[12:20:35]   13) actual JuyiHall native assignment routing closure
[12:20:35]        does not fall through to legacy/native writes after a late auth change:
[12:20:35]      TypeError: h.resolve is not a function
[12:20:35]       at Context.<anonymous> (tests/juyiting-native-bounty-capability.test.js:225:9)
[12:20:35]       at process.processImmediate (node:internal/timers:483:21)
[12:20:35] 
[12:20:35]   14) actual JuyiHall native assignment routing closure
[12:20:35]        does not fall through to legacy/native writes after a late identity change:
[12:20:35]      TypeError: h.resolve is not a function
[12:20:35]       at Context.<anonymous> (tests/juyiting-native-bounty-capability.test.js:225:9)
[12:20:35]       at process.processImmediate (node:internal/timers:483:21)
[12:20:35] 
[12:20:35]   15) actual JuyiHall native assignment routing closure
[12:20:35]        does not fall through to legacy/native writes after a late selection change:
[12:20:35]      TypeError: h.resolve is not a function
[12:20:35]       at Context.<anonymous> (tests/juyiting-native-bounty-capability.test.js:225:9)
[12:20:35]       at process.processImmediate (node:internal/timers:483:21)
[12:20:35] 
[12:20:35]   16) actual JuyiHall native assignment routing closure
[12:20:35]        does not fall through to legacy/native writes after a late target change:
[12:20:35]      TypeError: h.resolve is not a function
[12:20:35]       at Context.<anonymous> (tests/juyiting-native-bounty-capability.test.js:225:9)
[12:20:35]       at process.processImmediate (node:internal/timers:483:21)
[12:20:35] 
[12:20:35]   17) actual JuyiHall native assignment routing closure
[12:20:35]        reports a declared native target missing legitimate cost authority instead of silently doing legacy assignment:
[12:20:35]      ReferenceError: controlledImageObservation is not defined
[12:20:35]       at Object.eval [as assign] (eval at <anonymous> (tests/juyiting-native-bounty-capability.test.js:2:12826), <anonymous>:30:35)
[12:20:35]       at Context.<anonymous> (tests/juyiting-native-bounty-capability.test.js:253:20)
[12:20:35]       at process.processImmediate (node:internal/timers:483:21)
[12:20:35] 
[12:20:35]   18) actual JuyiHall native assignment routing closure
[12:20:35]        preserves a clearly described legacy-only lane for an undeclared older target:
[12:20:35]      ReferenceError: controlledImageObservation is not defined
[12:20:35]       at Object.eval [as assign] (eval at <anonymous> (tests/juyiting-native-bounty-capability.test.js:2:12826), <anonymous>:30:35)
[12:20:35]       at Context.<anonymous> (tests/juyiting-native-bounty-capability.test.js:262:20)
[12:20:35]       at process.processImmediate (node:internal/timers:483:21)
[12:20:35] 
[12:20:35]   19) actual JuyiHall native assignment routing closure
[12:20:35]        uses the explicit clicked task/target and resolved exact references for one coherent authorized intent:
[12:20:35]      ReferenceError: controlledImageObservation is not defined
[12:20:35]       at Object.eval [as assign] (eval at <anonymous> (tests/juyiting-native-bounty-capability.test.js:2:12826), <anonymous>:30:35)
[12:20:35]       at Context.<anonymous> (tests/juyiting-native-bounty-capability.test.js:273:20)
[12:20:35]       at process.processImmediate (node:internal/timers:483:21)
[12:20:35] 
[12:20:35]   20) actual JuyiHall native assignment routing closure
[12:20:35]        does not fall back to legacy or empty refs when authoritative reference resolution fails:
[12:20:35]      ReferenceError: controlledImageObservation is not defined
[12:20:35]       at Object.eval [as assign] (eval at <anonymous> (tests/juyiting-native-bounty-capability.test.js:2:12826), <anonymous>:30:35)
[12:20:35]       at Context.<anonymous> (tests/juyiting-native-bounty-capability.test.js:289:20)
[12:20:35]       at process.processImmediate (node:internal/timers:483:21)
[12:20:35] 
[12:20:35]   21) actual JuyiHall native assignment routing closure
[12:20:35]        fences a late reference catalog on authorization change before any native or legacy write:
[12:20:35]      TypeError: h.resolveReferences is not a function
[12:20:35]       at Context.<anonymous> (tests/juyiting-native-bounty-capability.test.js:302:7)
[12:20:35] 
[12:20:35]   22) mounted Bounty requirement draft and original recovery
[12:20:35]        submits optional exact reference selection from the real pre-task form; no guessed taskId:
[12:20:35]      AssertionError: missing button 张榜: expected undefined to exist
[12:20:35]       at action (tests/juyiting-requirement-reference-intake.test.js:201:43)
[12:20:35]       at openDraft (tests/juyiting-requirement-reference-intake.test.js:203:44)
[12:20:35]       at Context.<anonymous> (tests/juyiting-requirement-reference-intake.test.js:238:36)
[12:20:35]       at process.processImmediate (node:internal/timers:483:21)
[12:20:35] 
[12:20:35]   23) mounted Bounty requirement draft and original recovery
[12:20:35]        allows a no-reference draft and retains edited text/reference after an older success:
[12:20:35]      AssertionError: missing button 张榜: expected undefined to exist
[12:20:35]       at action (tests/juyiting-requirement-reference-intake.test.js:201:43)
[12:20:35]       at openDraft (tests/juyiting-requirement-reference-intake.test.js:203:44)
[12:20:35]       at Context.<anonymous> (tests/juyiting-requirement-reference-intake.test.js:250:36)
[12:20:35]       at process.processImmediate (node:internal/timers:483:21)
[12:20:35] 
[12:20:35]   24) mounted Bounty requirement draft and original recovery
[12:20:35]        identity changes clear the old draft and late acknowledgement cannot clear a new actor draft:
[12:20:35]      AssertionError: missing button 张榜: expected undefined to exist
[12:20:35]       at action (tests/juyiting-requirement-reference-intake.test.js:201:43)
[12:20:35]       at openDraft (tests/juyiting-requirement-reference-intake.test.js:203:44)
[12:20:35]       at Context.<anonymous> (tests/juyiting-requirement-reference-intake.test.js:260:36)
[12:20:35]       at process.processImmediate (node:internal/timers:483:21)
[12:20:35] 
[12:20:35]   25) mounted Bounty requirement draft and original recovery
[12:20:35]        shows immutable unknown original refs and emits explicit check/resume instead of resubmitting current draft:
[12:20:35]      Error: Cannot call text on an empty DOMWrapper.
[12:20:35]       at Object.get (node_modules/@vue/test-utils/dist/vue-test-utils.cjs.js:1574:27)
[12:20:35]       at Context.<anonymous> (tests/juyiting-requirement-reference-intake.test.js:274:55)
[12:20:35]       at process.processImmediate (node:internal/timers:483:21)
[12:20:35] 
[12:20:35]   26) mounted Bounty requirement draft and original recovery
[12:20:35]        never submits hidden ordinary refs as a funded draft:
[12:20:35]      AssertionError: missing button 张榜: expected undefined to exist
[12:20:35]       at action (tests/juyiting-requirement-reference-intake.test.js:201:43)
[12:20:35]       at openDraft (tests/juyiting-requirement-reference-intake.test.js:203:44)
[12:20:35]       at Context.<anonymous> (tests/juyiting-requirement-reference-intake.test.js:281:36)
[12:20:35]       at process.processImmediate (node:internal/timers:483:21)
[12:20:35] 
[12:20:35]   27) real Bounty + real reference picker + exact create integration
[12:20:35]        reads an authorized old version then submits exactly one atomic creation from the real form:
[12:20:35]      AssertionError [ERR_ASSERTION]: missing 张榜
[12:20:35]       at button (tests/juyiting-requirement-reference-integration.test.js:37:10)
[12:20:35]       at openDraft (tests/juyiting-requirement-reference-integration.test.js:77:9)
[12:20:35]       at Context.<anonymous> (tests/juyiting-requirement-reference-integration.test.js:98:11)
[12:20:35]       at process.processImmediate (node:internal/timers:483:21)
[12:20:35] 
[12:20:35]   28) real Bounty + real reference picker + exact create integration
[12:20:35]        submits no-reference requirement without reading workspace or creating grants/executions:
[12:20:35]      AssertionError [ERR_ASSERTION]: missing 张榜
[12:20:35]       at button (tests/juyiting-requirement-reference-integration.test.js:37:10)
[12:20:35]       at openDraft (tests/juyiting-requirement-reference-integration.test.js:77:9)
[12:20:35]       at Context.<anonymous> (tests/juyiting-requirement-reference-integration.test.js:118:11)
[12:20:35]       at process.processImmediate (node:internal/timers:483:21)
[12:20:35] 
[12:20:35]   29) SelectedAgentCard interaction contract
[12:20:35]        routes a selected Hall context through private conversation, setDraft, and mention insertion:
[12:20:35]      TypeError: isMultimediaDeliberationUiEnabled is not a function
[12:20:35]       at setup (eval at <anonymous> (tests/juyiting-selected-agent-card.test.js:2:3954), <anonymous>:186:41)
[12:20:35]       at callWithErrorHandling (node_modules/@vue/runtime-core/dist/runtime-core.cjs.js:200:19)
[12:20:35]       at setupStatefulComponent (node_modules/@vue/runtime-core/dist/runtime-core.cjs.js:7898:25)
[12:20:35]       at setupComponent (node_modules/@vue/runtime-core/dist/runtime-core.cjs.js:7859:36)
[12:20:35]       at mountComponent (node_modules/@vue/runtime-core/dist/runtime-core.cjs.js:5183:7)
[12:20:35]       at processComponent (node_modules/@vue/runtime-core/dist/runtime-core.cjs.js:5149:9)
[12:20:35]       at patch (node_modules/@vue/runtime-core/dist/runtime-core.cjs.js:4678:11)
[12:20:35]       at ReactiveEffect.componentUpdateFn [as fn] (node_modules/@vue/runtime-core/dist/runtime-core.cjs.js:5293:11)
[12:20:35]       at ReactiveEffect.run (node_modules/@vue/reactivity/dist/reactivity.cjs.js:241:19)
[12:20:35]       at setupRenderEffect (node_modules/@vue/runtime-core/dist/runtime-core.cjs.js:5421:5)
[12:20:35]       at mountComponent (node_modules/@vue/runtime-core/dist/runtime-core.cjs.js:5196:7)
[12:20:35]       at processComponent (node_modules/@vue/runtime-core/dist/runtime-core.cjs.js:5149:9)
[12:20:35]       at patch (node_modules/@vue/runtime-core/dist/runtime-core.cjs.js:4678:11)
[12:20:35]       at render (node_modules/@vue/runtime-core/dist/runtime-core.cjs.js:5969:7)
[12:20:35]       at mount (node_modules/@vue/runtime-core/dist/runtime-core.cjs.js:3940:13)
[12:20:35]       at app.mount (node_modules/@vue/runtime-dom/dist/runtime-dom.cjs.js:1710:19)
[12:20:35]       at mount (node_modules/@vue/test-utils/dist/vue-test-utils.cjs.js:8415:18)
[12:20:35]       at Context.<anonymous> (tests/juyiting-selected-agent-card.test.js:291:21)
[12:20:35]       at process.processImmediate (node:internal/timers:483:21)
[12:20:35] 
[12:20:35]   30) C07C task workspace accessibility and responsive contract
[12:20:35]        mounts the real nested work-item board and keeps legacy details collapsed:
[12:20:35] 
[12:20:35]       AssertionError: expected false to equal true
[12:20:35]       + expected - actual
[12:20:35] 
[12:20:35]       -false
[12:20:35]       +true
[12:20:35]       
[12:20:35]       at Context.<anonymous> (tests/juyiting-task-workspace-a11y.test.js:102:58)
[12:20:35]       at process.processImmediate (node:internal/timers:483:21)
[12:20:35] 
[12:20:35]   31) C07C task workspace accessibility and responsive contract
[12:20:35]        renders semantic status, error, retry intent, and stable empty states:
[12:20:35]      Error: Cannot call text on an empty DOMWrapper.
[12:20:35]       at Object.get (node_modules/@vue/test-utils/dist/vue-test-utils.cjs.js:1574:27)
[12:20:35]       at Context.<anonymous> (tests/juyiting-task-workspace-a11y.test.js:116:44)
[12:20:35]       at process.processImmediate (node:internal/timers:483:21)
[12:20:35] 
[12:20:35]   32) C07C task workspace accessibility and responsive contract
[12:20:35]        renders bounded collection shapes and wraps extreme text without a second modal or write action:
[12:20:35] 
[12:20:35]       AssertionError: expected [] to have a length of 499 but got +0
[12:20:35]       + expected - actual
[12:20:35] 
[12:20:35]       -0
[12:20:35]       +499
[12:20:35]       
[12:20:35]       at Context.<anonymous> (tests/juyiting-task-workspace-a11y.test.js:131:77)
[12:20:35]       at process.processImmediate (node:internal/timers:483:21)
[12:20:35] 
[12:20:35]   33) C07C task workspace accessibility and responsive contract
[12:20:35]        renders required-ability JSON strings with strict bounded normalization:
[12:20:35] 
[12:20:35]       AssertionError: expected [] to have a length of 12 but got +0
[12:20:35]       + expected - actual
[12:20:35] 
[12:20:35]       -0
[12:20:35]       +12
[12:20:35]       
[12:20:35]       at Context.<anonymous> (tests/juyiting-task-workspace-a11y.test.js:155:28)
[12:20:35]       at process.processImmediate (node:internal/timers:483:21)
[12:20:35] 
[12:20:35]   34) C07 JuyiHall task workspace integration
[12:20:35]        mounts concrete workspace refs so subject, state, error, and retry are usable by the panel:
[12:20:35] 
[12:20:35]       AssertionError: expected false to equal true
[12:20:35]       + expected - actual
[12:20:35] 
[12:20:35]       -false
[12:20:35]       +true
[12:20:35]       
[12:20:35]       at Context.<anonymous> (tests/juyiting-task-workspace-integration.test.js:248:65)
[12:20:35] 
[12:20:35]   35) C07 JuyiHall task workspace integration
[12:20:35]        retains actual-JuyiHall TaskWorkspacePanel identity and byte-exact state for five cycles:
[12:20:35]      TypeError: isMultimediaDeliberationUiEnabled is not a function
[12:20:35]       at setup (eval at <anonymous> (tests/juyiting-task-workspace-integration.test.js:2:4535), <anonymous>:186:41)
[12:20:35]       at callWithErrorHandling (node_modules/@vue/runtime-core/dist/runtime-core.cjs.js:200:19)
[12:20:35]       at setupStatefulComponent (node_modules/@vue/runtime-core/dist/runtime-core.cjs.js:7898:25)
[12:20:35]       at setupComponent (node_modules/@vue/runtime-core/dist/runtime-core.cjs.js:7859:36)
[12:20:35]       at mountComponent (node_modules/@vue/runtime-core/dist/runtime-core.cjs.js:5183:7)
[12:20:35]       at processComponent (node_modules/@vue/runtime-core/dist/runtime-core.cjs.js:5149:9)
[12:20:35]       at patch (node_modules/@vue/runtime-core/dist/runtime-core.cjs.js:4678:11)
[12:20:35]       at ReactiveEffect.componentUpdateFn [as fn] (node_modules/@vue/runtime-core/dist/runtime-core.cjs.js:5293:11)
[12:20:35]       at ReactiveEffect.run (node_modules/@vue/reactivity/dist/reactivity.cjs.js:241:19)
[12:20:35]       at setupRenderEffect (node_modules/@vue/runtime-core/dist/runtime-core.cjs.js:5421:5)
[12:20:35]       at mountComponent (node_modules/@vue/runtime-core/dist/runtime-core.cjs.js:5196:7)
[12:20:35]       at processComponent (node_modules/@vue/runtime-core/dist/runtime-core.cjs.js:5149:9)
[12:20:35]       at patch (node_modules/@vue/runtime-core/dist/runtime-core.cjs.js:4678:11)
[12:20:35]       at render (node_modules/@vue/runtime-core/dist/runtime-core.cjs.js:5969:7)
[12:20:35]       at mount (node_modules/@vue/runtime-core/dist/runtime-core.cjs.js:3940:13)
[12:20:35]       at app.mount (node_modules/@vue/runtime-dom/dist/runtime-dom.cjs.js:1710:19)
[12:20:35]       at mount (node_modules/@vue/test-utils/dist/vue-test-utils.cjs.js:8415:18)
[12:20:35]       at Context.<anonymous> (tests/juyiting-task-workspace-integration.test.js:292:21)
[12:20:35]       at process.processImmediate (node:internal/timers:483:21)
[12:20:35] 
[12:20:35]   36) C07A task workspace wiring
[12:20:35]        uses atomic explicit JuyiHall action inputs, never brief/default or assignment completion, and disposes the real binding on unmount:
[12:20:35] 
[12:20:35]       AssertionError: expected -1 to be above -1
[12:20:35]       + expected - actual
[12:20:35] 
[12:20:35] 
[12:20:35]       at Context.<anonymous> (tests/juyiting-task-workspace-wiring.test.js:216:38)
[12:20:35]       at process.processImmediate (node:internal/timers:483:21)
[12:20:35] 
[12:20:35]   37) W06 workspace bounty material links
[12:20:35]        picks an exact active workspace version and submits only INPUT or REFERENCE through the task link adapter:
[12:20:35]      ReferenceError: XMLSerializer is not defined
[12:20:35]       at stringifyNode (node_modules/@vue/test-utils/dist/vue-test-utils.cjs.js:1629:15)
[12:20:35]       at /root/workspace/repo_0/node_modules/@vue/test-utils/dist/vue-test-utils.cjs.js:7234:76
[12:20:35]       at Array.map (<anonymous>)
[12:20:35]       at BaseWrapper.html (node_modules/@vue/test-utils/dist/vue-test-utils.cjs.js:7234:47)
[12:20:35]       at BaseWrapper.get (node_modules/@vue/test-utils/dist/vue-test-utils.cjs.js:7279:84)
[12:20:35]       at Context.<anonymous> (tests/personal-workspace-task-material-links.test.js:86:19)
[12:20:35]       at process.processImmediate (node:internal/timers:483:21)
[12:20:35] 
[12:20:35]   38) W06 workspace bounty material links
[12:20:35]        offers both INPUT and REFERENCE task links to the explicit formal execution input manifest:
[12:20:35]      ReferenceError: XMLSerializer is not defined
[12:20:35]       at stringifyNode (node_modules/@vue/test-utils/dist/vue-test-utils.cjs.js:1629:15)
[12:20:35]       at /root/workspace/repo_0/node_modules/@vue/test-utils/dist/vue-test-utils.cjs.js:7234:76
[12:20:35]       at Array.map (<anonymous>)
[12:20:35]       at BaseWrapper.html (node_modules/@vue/test-utils/dist/vue-test-utils.cjs.js:7234:47)
[12:20:35]       at BaseWrapper.get (node_modules/@vue/test-utils/dist/vue-test-utils.cjs.js:7279:84)
[12:20:35]       at Context.<anonymous> (tests/personal-workspace-task-material-links.test.js:118:19)
[12:20:35] 
[12:20:35]   39) W06 workspace bounty material links
[12:20:35]        renders a server-returned OUTPUT link as an execution-managed reference without inventing formal delivery:
[12:20:35] 
[12:20:35]       AssertionError [ERR_ASSERTION]: Expected values to be strictly equal:
[12:20:35] 
[12:20:35] false !== true
[12:20:35] 
[12:20:35]       + expected - actual
[12:20:35] 
[12:20:35]       -false
[12:20:35]       +true
[12:20:35]       
[12:20:35]       at Context.<anonymous> (tests/personal-workspace-task-material-links.test.js:132:12)
[12:20:35]       at process.processImmediate (node:internal/timers:483:21)
[12:20:35] 
[12:20:35]   40) W06 workspace bounty material links
[12:20:35]        clears the local exact-version draft when the authenticated identity changes:
[12:20:35]      ReferenceError: XMLSerializer is not defined
[12:20:35]       at stringifyNode (node_modules/@vue/test-utils/dist/vue-test-utils.cjs.js:1629:15)
[12:20:35]       at /root/workspace/repo_0/node_modules/@vue/test-utils/dist/vue-test-utils.cjs.js:7234:76
[12:20:35]       at Array.map (<anonymous>)
[12:20:35]       at BaseWrapper.html (node_modules/@vue/test-utils/dist/vue-test-utils.cjs.js:7234:47)
[12:20:35]       at BaseWrapper.get (node_modules/@vue/test-utils/dist/vue-test-utils.cjs.js:7279:84)
[12:20:35]       at Context.<anonymous> (tests/personal-workspace-task-material-links.test.js:143:19)
[12:20:35]       at process.processImmediate (node:internal/timers:483:21)
[12:20:35] 
[12:20:35]   41) W06 workspace bounty material links
[12:20:35]        requires explicit confirmation to revoke the queued execution and emits the exact receipt:
[12:20:35]      TypeError: Cannot read properties of undefined (reading 'attributes')
[12:20:35]       at Context.<anonymous> (tests/personal-workspace-task-material-links.test.js:165:25)
[12:20:35]       at process.processImmediate (node:internal/timers:483:21)
[12:20:35] 
[12:20:35]   42) W06 workspace bounty material links
[12:20:35]        uses a non-modal full-page material picker whose scroll body and action footer stay separate with long lists:
[12:20:35]      ReferenceError: XMLSerializer is not defined
[12:20:35]       at stringifyNode (node_modules/@vue/test-utils/dist/vue-test-utils.cjs.js:1629:15)
[12:20:35]       at /root/workspace/repo_0/node_modules/@vue/test-utils/dist/vue-test-utils.cjs.js:7234:76
[12:20:35]       at Array.map (<anonymous>)
[12:20:35]       at BaseWrapper.html (node_modules/@vue/test-utils/dist/vue-test-utils.cjs.js:7234:47)
[12:20:35]       at BaseWrapper.get (node_modules/@vue/test-utils/dist/vue-test-utils.cjs.js:7279:84)
[12:20:35]       at Context.<anonymous> (tests/personal-workspace-task-material-links.test.js:185:19)
[12:20:35]       at process.processImmediate (node:internal/timers:483:21)
[12:20:35] 
[12:20:35]   43) public entry rendered interactions
[12:20:35]        renders unambiguous home links that retain the native host marker:
[12:20:35]      ReferenceError: XMLSerializer is not defined
[12:20:35]       at stringifyNode (node_modules/@vue/test-utils/dist/vue-test-utils.cjs.js:1629:15)
[12:20:35]       at /root/workspace/repo_0/node_modules/@vue/test-utils/dist/vue-test-utils.cjs.js:7234:76
[12:20:36]       at Array.map (<anonymous>)
[12:20:36]       at BaseWrapper.html (node_modules/@vue/test-utils/dist/vue-test-utils.cjs.js:7234:47)
[12:20:36]       at BaseWrapper.get (node_modules/@vue/test-utils/dist/vue-test-utils.cjs.js:7279:84)
[12:20:36]       at Context.<anonymous> (tests/public-entry-navigation.test.js:153:22)
[12:20:36] 
[12:20:36]   44) public entry rendered interactions
[12:20:36]        walks research through all steps, restores focus and retains template + orientation handoff:
[12:20:36]      TypeError: Cannot read properties of undefined (reading 'trigger')
[12:20:36]       at Context.<anonymous> (tests/public-entry-navigation.test.js:167:54)
[12:20:36] 
[12:20:36]   45) public entry rendered interactions
[12:20:36]        walks content through all steps, restores focus and retains template + orientation handoff:
[12:20:36]      TypeError: Cannot read properties of undefined (reading 'trigger')
[12:20:36]       at Context.<anonymous> (tests/public-entry-navigation.test.js:167:54)
[12:20:36] 
[12:20:36]   46) public entry rendered interactions
[12:20:36]        walks collaboration through all steps, restores focus and retains template + orientation handoff:
[12:20:36]      TypeError: Cannot read properties of undefined (reading 'trigger')
[12:20:36]       at Context.<anonymous> (tests/public-entry-navigation.test.js:167:54)
[12:20:36] 
[12:20:36]   47) R6 actual skill-market route purchase chain
[12:20:36]        uses actual quote/dialog/purchase handlers for v7, refreshes roster, then uses v8 for a distinct product:
[12:20:36]      ReferenceError: XMLSerializer is not defined
[12:20:36]       at stringifyNode (node_modules/@vue/test-utils/dist/vue-test-utils.cjs.js:1629:15)
[12:20:36]       at /root/workspace/repo_0/node_modules/@vue/test-utils/dist/vue-test-utils.cjs.js:7234:76
[12:20:36]       at Array.map (<anonymous>)
[12:20:36]       at BaseWrapper.html (node_modules/@vue/test-utils/dist/vue-test-utils.cjs.js:7234:47)
[12:20:36]       at mountRoute (tests/skill-market-r6-integration.test.js:169:59)
[12:20:36]       at async Context.<anonymous> (tests/skill-market-r6-integration.test.js:276:23)
[12:20:36] 
[12:20:36]   48) R6 actual skill-market route purchase chain
[12:20:36]        generates a QUOTE through UI for A, remounts route on B, and recovers/dialog-submits frozen A identity and version:
[12:20:36]      ReferenceError: XMLSerializer is not defined
[12:20:36]       at stringifyNode (node_modules/@vue/test-utils/dist/vue-test-utils.cjs.js:1629:15)
[12:20:36]       at /root/workspace/repo_0/node_modules/@vue/test-utils/dist/vue-test-utils.cjs.js:7234:76
[12:20:36]       at Array.map (<anonymous>)
[12:20:36]       at BaseWrapper.html (node_modules/@vue/test-utils/dist/vue-test-utils.cjs.js:7234:47)
[12:20:36]       at mountRoute (tests/skill-market-r6-integration.test.js:169:59)
[12:20:36]       at async Context.<anonymous> (tests/skill-market-r6-integration.test.js:321:21)
[12:20:36] 
[12:20:36]   49) R6 actual skill-market route purchase chain
[12:20:36]        closes a known QUOTE by UI but retains an ambiguous ORDER exact key/body through close, remount, and same-request recovery:
[12:20:36]      ReferenceError: XMLSerializer is not defined
[12:20:36]       at stringifyNode (node_modules/@vue/test-utils/dist/vue-test-utils.cjs.js:1629:15)
[12:20:36]       at /root/workspace/repo_0/node_modules/@vue/test-utils/dist/vue-test-utils.cjs.js:7234:76
[12:20:36]       at Array.map (<anonymous>)
[12:20:36]       at BaseWrapper.html (node_modules/@vue/test-utils/dist/vue-test-utils.cjs.js:7234:47)
[12:20:36]       at mountRoute (tests/skill-market-r6-integration.test.js:169:59)
[12:20:36]       at async Context.<anonymous> (tests/skill-market-r6-integration.test.js:385:21)
[12:20:36] 
[12:20:36]   50) skill market mounted lifecycle regressions
[12:20:36]        mounts the actual market with nested composable refs unwrapped and resumes/cancels a quote dialog:
[12:20:36] 
[12:20:36]       AssertionError: expected false to equal true
[12:20:36]       + expected - actual
[12:20:36] 
[12:20:36]       -false
[12:20:36]       +true
[12:20:36]       
[12:20:36]       at Context.<anonymous> (tests/skill-market-ui-lifecycle.test.js:69:50)
[12:20:36] 
[12:20:36]   51) skill market mounted lifecycle regressions
[12:20:36]        mounts the actual route and refreshes the same target from server roster version after two sequential product purchases:
[12:20:36]      Error: Cannot call setValue on an empty DOMWrapper.
[12:20:36]       at Object.get (node_modules/@vue/test-utils/dist/vue-test-utils.cjs.js:1574:27)
[12:20:36]       at Context.<anonymous> (tests/skill-market-ui-lifecycle.test.js:92:32)
[12:20:36] 
[12:20:36]   52) account security session boundary
[12:20:36]        posts revoke-all with the stored bearer token without starting OAuth:
[12:20:36]      Error: Authentication is required
[12:20:36]       at unauthenticatedError (src/stores/api.js:22:17)
[12:20:36]       at Proxy.revokeAllSessions (src/stores/api.js:208:25)
[12:20:36]       at Proxy.wrappedAction (node_modules/pinia/dist/pinia.cjs:1401:26)
[12:20:36]       at Context.<anonymous> (tests/composables/accountSecuritySession.spec.js:70:17)
[12:20:36]       at process.processImmediate (node:internal/timers:483:21)
[12:20:36] 
[12:20:36]   53) account security session boundary
[12:20:36]        supports caller abort and timeout without clearing identity or starting OAuth:
[12:20:36] 
[12:20:36]       AssertionError: expected 'Error' to equal 'AbortError'
[12:20:36]       + expected - actual
[12:20:36] 
[12:20:36]       -Error
[12:20:36]       +AbortError
[12:20:36]       
[12:20:36]       at Context.<anonymous> (tests/composables/accountSecuritySession.spec.js:91:33)
[12:20:36] 
[12:20:36]   54) account security session boundary
[12:20:36]        preserves the server error code for revoke outcome classification:
[12:20:36]      AssertionError: expected undefined to equal 409
[12:20:36]       at Context.<anonymous> (tests/composables/accountSecuritySession.spec.js:111:40)
[12:20:36] 
[12:20:36]   55) account security session boundary
[12:20:36]        clears only identity storage, global identity, message state, and registered authenticated work:
[12:20:36]      AssertionError: expected '{"data":"token","expTime":17909148612…' to equal null
[12:20:36]       at Context.<anonymous> (tests/composables/accountSecuritySession.spec.js:136:57)
[12:20:36] 
[12:20:36]   56) account security session boundary
[12:20:36]        aborts deferred user info on identity clear without restoring global or local identity:
[12:20:36]      Error: condition was not reached
[12:20:36]       at waitFor (tests/composables/accountSecuritySession.spec.js:23:9)
[12:20:36]       at async Context.<anonymous> (tests/composables/accountSecuritySession.spec.js:219:5)
[12:20:36] 
[12:20:36]   57) account security session boundary
[12:20:36]        prevents a deferred user lookup from starting message fetch or restoring reset state after logout:
[12:20:36]      Error: condition was not reached
[12:20:36]       at waitFor (tests/composables/accountSecuritySession.spec.js:23:9)
[12:20:36]       at async Context.<anonymous> (tests/composables/accountSecuritySession.spec.js:256:5)
[12:20:36] 
[12:20:36]   58) account security session boundary
[12:20:36]        aborts a pending message request and preserves the exact identity reset:
[12:20:36]      Error: condition was not reached
[12:20:36]       at waitFor (tests/composables/accountSecuritySession.spec.js:23:9)
[12:20:36]       at async Context.<anonymous> (tests/composables/accountSecuritySession.spec.js:285:5)
[12:20:36] 
[12:20:36]   59) OAuth API store token exchange
[12:20:36]        uses the consumed verifier and commits a valid bearer token only after validation:
[12:20:36]      TypeError: Cannot read properties of null (reading 'data')
[12:20:36]       at Context.<anonymous> (tests/composables/apiStoreOauth.spec.js:54:63)
[12:20:36] 
[12:20:36]   60) OAuth API store token exchange
[12:20:36]        uses only the consumed transaction values for exchange after callback validation:
[12:20:36]      TypeError: Cannot read properties of null (reading 'data')
[12:20:36]       at Context.<anonymous> (tests/composables/apiStoreOauth.spec.js:107:63)
[12:20:36] 
[12:20:36]   61) OAuth API store token exchange
[12:20:36]        starts authorization once and explicitly returns no token to concurrent callers:
[12:20:36] 
[12:20:36]       AssertionError: expected [ 'transaction-bound-token', …(1) ] to deeply equal [ null, null ]
[12:20:36]       + expected - actual
[12:20:36] 
[12:20:36]        [
[12:20:36]       -  "transaction-bound-token"
[12:20:36]       -  "transaction-bound-token"
[12:20:36]       +  [null]
[12:20:36]       +  [null]
[12:20:36]        ]
[12:20:36]       
[12:20:36]       at Context.<anonymous> (tests/composables/apiStoreOauth.spec.js:122:29)
[12:20:36] 
[12:20:36]   62) OAuth authorization cancellation
[12:20:36]        replaces the protected route when launching authorization and records its back-stack origin:
[12:20:36] 
[12:20:36]       AssertionError: expected Location{ …(13), …(1) } to equal Location{ …(13), …(1) }
[12:20:36]       + expected - actual
[12:20:36] 
[12:20:36] 
[12:20:36]       at installOAuthWindowFacade (tests/composables/apiStoreOauth.spec.js:207:31)
[12:20:36]       at Context.<anonymous> (tests/composables/apiStoreOauth.spec.js:404:21)
[12:20:36]       at process.processImmediate (node:internal/timers:483:21)
[12:20:36] 
[12:20:36]   63) OAuth authorization cancellation
[12:20:36]        blocks parameter construction when logout cancels authorization during PKCE digest:
[12:20:36] 
[12:20:36]       AssertionError: expected Location{ …(13), …(1) } to equal Location{ …(13), …(1) }
[12:20:36]       + expected - actual
[12:20:36] 
[12:20:36] 
[12:20:36]       at installOAuthWindowFacade (tests/composables/apiStoreOauth.spec.js:207:31)
[12:20:36]       at Context.<anonymous> (tests/composables/apiStoreOauth.spec.js:461:21)
[12:20:36]       at process.processImmediate (node:internal/timers:483:21)
[12:20:36] 
[12:20:36]   64) OAuth authorization cancellation
[12:20:36]        blocks navigation when logout occurs during URLSearchParams construction:
[12:20:36] 
[12:20:36]       AssertionError: expected Location{ …(13), …(1) } to equal Location{ …(13), …(1) }
[12:20:36]       + expected - actual
[12:20:36] 
[12:20:36] 
[12:20:36]       at installOAuthWindowFacade (tests/composables/apiStoreOauth.spec.js:207:31)
[12:20:36]       at Context.<anonymous> (tests/composables/apiStoreOauth.spec.js:543:21)
[12:20:36]       at process.processImmediate (node:internal/timers:483:21)
[12:20:36] 
[12:20:36] 
[12:20:36] 
[12:20:36] [mochawesome] Report JSON saved to /root/workspace/repo_0/mochawesome-report/mochawesome.json
[12:20:36] 
[12:20:36] [mochawesome] Report HTML saved to /root/workspace/repo_0/mochawesome-report/mochawesome.html
[12:20:36] 
[12:20:36] [cyf-ci] Mocha report written: mochawesome-report/mochawesome.html
[12:20:36] [cyf-ci] Mocha report written: mochawesome-report/mochawesome.json
[12:20:36] [ERROR] BUILD ERROR
[12:20:36] [ERROR] 557780084
[12:20:36] [ERROR] 步骤运行失败，返回码
