GRADLE_LOCK_ACQUIRED task=MMD-U1-API-REFERENCE-INTAKE-INTEGRATION-20260930 pid=2177535
To honour the JVM settings for this build a single-use Daemon process will be forked. For more on this, please refer to https://docs.gradle.org/9.3.1/userguide/gradle_daemon.html#sec:disabling_the_daemon in the Gradle documentation.
Daemon will be stopped at the end of the build 
MMD_JVM_OBSERVATION pid=2177626 version=Gradle 9.3.1 maxHeap=259522560 args=[-XX:ThreadPriorityPolicy=1, -XX:+UnlockExperimentalVMOptions, -XX:+EnableJVMCIProduct, -XX:-UnlockExperimentalVMOptions, --add-opens=java.base/java.lang=ALL-UNNAMED, --add-opens=java.base/java.lang.invoke=ALL-UNNAMED, --add-opens=java.base/java.util=ALL-UNNAMED, --add-opens=java.prefs/java.util.prefs=ALL-UNNAMED, --add-exports=jdk.compiler/com.sun.tools.javac.api=ALL-UNNAMED, --add-exports=jdk.compiler/com.sun.tools.javac.util=ALL-UNNAMED, --add-opens=java.base/java.util=ALL-UNNAMED, --add-opens=java.prefs/java.util.prefs=ALL-UNNAMED, --add-opens=java.base/java.nio.charset=ALL-UNNAMED, --add-opens=java.base/java.net=ALL-UNNAMED, --add-opens=java.base/java.util.concurrent=ALL-UNNAMED, --add-opens=java.base/java.util.concurrent.atomic=ALL-UNNAMED, --add-opens=java.xml/javax.xml.namespace=ALL-UNNAMED, --add-opens=java.base/java.time=ALL-UNNAMED, --add-opens=java.base/java.lang=ALL-UNNAMED, --add-opens=java.base/java.lang.invoke=ALL-UNNAMED, --add-opens=java.base/java.util=ALL-UNNAMED, --add-opens=java.prefs/java.util.prefs=ALL-UNNAMED, --add-exports=jdk.compiler/com.sun.tools.javac.api=ALL-UNNAMED, --add-exports=jdk.compiler/com.sun.tools.javac.util=ALL-UNNAMED, --add-opens=java.base/java.nio.charset=ALL-UNNAMED, --add-opens=java.base/java.net=ALL-UNNAMED, --add-opens=java.base/java.util.concurrent=ALL-UNNAMED, --add-opens=java.base/java.util.concurrent.atomic=ALL-UNNAMED, --add-opens=java.xml/javax.xml.namespace=ALL-UNNAMED, --add-opens=java.base/java.time=ALL-UNNAMED, -XX:MaxMetaspaceSize=192m, -Xss256k, -XX:+UseSerialGC, -XX:ReservedCodeCacheSize=32m, -XX:MaxDirectMemorySize=16m, -XX:ActiveProcessorCount=2, -XX:-UseJVMCICompiler, -Xms64m, -Xmx256m, -Dfile.encoding=UTF-8, -Duser.country, -Duser.language=en, -Duser.variant, -javaagent:/root/.gradle/wrapper/dists/gradle-9.3.1-bin/e6fpmcitnr2cbhj7h6pdk7btv/gradle-9.3.1/lib/agents/gradle-instrumentation-agent-9.3.1.jar]
MMD_JVM_MEMORY [VmHWM:	  217000 kB, VmRSS:	  217000 kB]
> Task :common:jia-common-core:compileJava UP-TO-DATE
> Task :agent:jia-agent-core:compileJava UP-TO-DATE
> Task :common:jia-common-api:compileJava UP-TO-DATE
> Task :agent:jia-agent-api:compileJava UP-TO-DATE
> Task :agent:jia-agent-api:processResources NO-SOURCE
> Task :agent:jia-agent-api:classes UP-TO-DATE
> Task :agent:jia-agent-api:jar UP-TO-DATE
> Task :agent:jia-agent-core:processResources NO-SOURCE
> Task :agent:jia-agent-core:classes UP-TO-DATE
> Task :agent:jia-agent-core:jar UP-TO-DATE
> Task :common:jia-common-mapper:compileJava UP-TO-DATE
> Task :agent:jia-agent-mapper:compileJava UP-TO-DATE
> Task :agent:jia-agent-mapper:processResources UP-TO-DATE
> Task :agent:jia-agent-mapper:classes UP-TO-DATE
> Task :agent:jia-agent-mapper:jar UP-TO-DATE
> Task :chat:jia-chat-core:compileJava UP-TO-DATE
> Task :chat:jia-chat-api:compileJava UP-TO-DATE
> Task :common:jia-common-core:processResources UP-TO-DATE
> Task :common:jia-common-core:classes UP-TO-DATE
> Task :common:jia-common-core:jar UP-TO-DATE
> Task :common:jia-common-service:compileJava UP-TO-DATE
> Task :economy:jia-economy-core:compileJava UP-TO-DATE
> Task :economy:jia-economy-api:compileJava UP-TO-DATE
> Task :economy:jia-economy-mapper:compileJava UP-TO-DATE
> Task :economy:jia-economy-service:compileJava UP-TO-DATE
> Task :oauth:jia-oauth-core:compileJava UP-TO-DATE
> Task :oauth:jia-oauth-api:compileJava UP-TO-DATE
> Task :task:jia-task-core:compileJava UP-TO-DATE
> Task :task:jia-task-api:compileJava UP-TO-DATE
> Task :user:jia-user-core:compileJava UP-TO-DATE
> Task :user:jia-user-api:compileJava UP-TO-DATE
> Task :agent:jia-agent-service:compileJava
Note: Some input files use or override a deprecated API.
Note: Recompile with -Xlint:deprecation for details.

> Task :agent:jia-agent-service:processResources
> Task :agent:jia-agent-service:classes
> Task :base:jia-base-core:compileJava

> Task :base:jia-base-api:compileJava
warning: unknown enum constant JdbcType.UNDEFINED
  reason: class file for org.apache.ibatis.type.JdbcType not found
warning: unknown enum constant JdbcType.UNDEFINED
  reason: class file for org.apache.ibatis.type.JdbcType not found
warning: unknown enum constant JdbcType.UNDEFINED
  reason: class file for org.apache.ibatis.type.JdbcType not found
warning: unknown enum constant JdbcType.UNDEFINED
  reason: class file for org.apache.ibatis.type.JdbcType not found
warning: unknown enum constant JdbcType.UNDEFINED
  reason: class file for org.apache.ibatis.type.JdbcType not found
5 warnings

> Task :common:jia-common-test:compileJava
[INFO] Testable processor initialized

> Task :task:jia-task-mapper:compileJava

> Task :task:jia-task-service:compileJava
Note: /home/isp/wsps/cyf/.worktrees/juyiting-multimedia-deliberation-20260928/api-reference-intake-integration/task/jia-task-service/src/main/java/cn/jia/task/executor/JobExecutor.java uses or overrides a deprecated API.
Note: Recompile with -Xlint:deprecation for details.

> Task :agent:jia-agent-service:compileMmdU1ReferenceIntakeJava
Note: Some input files use or override a deprecated API.
Note: Recompile with -Xlint:deprecation for details.

> Task :agent:jia-agent-service:processMmdU1ReferenceIntakeResources
> Task :agent:jia-agent-service:mmdU1ReferenceIntakeClasses
> Task :base:jia-base-api:processResources NO-SOURCE
> Task :base:jia-base-api:classes
> Task :base:jia-base-api:jar
> Task :base:jia-base-core:processResources NO-SOURCE
> Task :base:jia-base-core:classes
> Task :base:jia-base-core:jar
> Task :chat:jia-chat-api:processResources NO-SOURCE
> Task :chat:jia-chat-api:classes UP-TO-DATE
> Task :chat:jia-chat-api:jar
> Task :chat:jia-chat-core:processResources NO-SOURCE
> Task :chat:jia-chat-core:classes UP-TO-DATE
> Task :chat:jia-chat-core:jar
> Task :common:jia-common-api:processResources NO-SOURCE
> Task :common:jia-common-api:classes UP-TO-DATE
> Task :common:jia-common-api:jar
> Task :common:jia-common-mapper:processResources NO-SOURCE
> Task :common:jia-common-mapper:classes UP-TO-DATE
> Task :common:jia-common-mapper:jar
> Task :common:jia-common-service:processResources
> Task :common:jia-common-service:classes
> Task :common:jia-common-service:jar
> Task :common:jia-common-test:processResources
> Task :common:jia-common-test:classes
> Task :common:jia-common-test:jar
> Task :economy:jia-economy-api:processResources NO-SOURCE
> Task :economy:jia-economy-api:classes UP-TO-DATE
> Task :economy:jia-economy-api:jar
> Task :economy:jia-economy-core:processResources NO-SOURCE
> Task :economy:jia-economy-core:classes UP-TO-DATE
> Task :economy:jia-economy-core:jar
> Task :economy:jia-economy-mapper:processResources
> Task :economy:jia-economy-mapper:classes
> Task :economy:jia-economy-mapper:jar
> Task :economy:jia-economy-service:processResources
> Task :economy:jia-economy-service:classes
> Task :economy:jia-economy-service:jar
> Task :oauth:jia-oauth-api:processResources NO-SOURCE
> Task :oauth:jia-oauth-api:classes UP-TO-DATE
> Task :oauth:jia-oauth-api:jar
> Task :oauth:jia-oauth-core:processResources NO-SOURCE
> Task :oauth:jia-oauth-core:classes UP-TO-DATE
> Task :oauth:jia-oauth-core:jar
> Task :task:jia-task-api:processResources NO-SOURCE
> Task :task:jia-task-api:classes UP-TO-DATE
> Task :task:jia-task-api:jar
> Task :task:jia-task-core:processResources NO-SOURCE
> Task :task:jia-task-core:classes UP-TO-DATE
> Task :task:jia-task-core:jar
> Task :task:jia-task-mapper:processResources
> Task :task:jia-task-mapper:classes
> Task :task:jia-task-mapper:jar
> Task :task:jia-task-service:processResources NO-SOURCE
> Task :task:jia-task-service:classes
> Task :task:jia-task-service:jar
> Task :user:jia-user-api:processResources NO-SOURCE
> Task :user:jia-user-api:classes UP-TO-DATE
> Task :user:jia-user-api:jar
> Task :user:jia-user-core:processResources NO-SOURCE
> Task :user:jia-user-core:classes UP-TO-DATE
> Task :user:jia-user-core:jar

> Task :agent:jia-agent-service:mmdU1ReferenceIntake
MMD_TEST_OBSERVATION path=:agent:jia-agent-service:mmdU1ReferenceIntake heap=256m forks=1 jvmArgs=[-XX:MaxMetaspaceSize=192m, -Xss256k, -XX:MaxMetaspaceSize=128m, -Xss256k, -XX:+UseSerialGC, -XX:ReservedCodeCacheSize=32m, -XX:MaxDirectMemorySize=16m, -XX:ActiveProcessorCount=2, -XX:-UseJVMCICompiler]

Java HotSpot(TM) 64-Bit Server VM warning: Sharing is only supported for boot loader classes because bootstrap classpath has been appended

[Incubating] Problems report is available at: file:///home/isp/wsps/cyf/.worktrees/juyiting-multimedia-deliberation-20260928/api-reference-intake-integration/build/reports/problems/problems-report.html

Deprecated Gradle features were used in this build, making it incompatible with Gradle 10.

You can use '--warning-mode all' to show the individual deprecation warnings and determine if they come from your own scripts or plugins.

For more on this, please refer to https://docs.gradle.org/9.3.1/userguide/command_line_interface.html#sec:command_line_warnings in the Gradle documentation.

BUILD SUCCESSFUL in 2m 36s
60 actionable tasks: 35 executed, 25 up-to-date
Consider enabling configuration cache to speed up this build: https://docs.gradle.org/9.3.1/userguide/configuration_cache_enabling.html
RESOURCE_OBSERVATION {"admission_gate": "disabled_by_user_2026-08-28", "disk_available_bytes": 579334144, "gradle_label": "standard", "inode_available": 2178245, "mem_available_bytes": 913592320, "swap_free_bytes": 155316224, "telemetry_errors": []}
EVIDENCE_STORED key=66255835db4ce425b70e66eb4351c93463a7ae489d55ffe9bf4809be8d00afec reusable=true
