[Vue warn]: resolveComponent can only be used in render() or setup().
[Vue warn]: resolveComponent can only be used in render() or setup().
{
  "worktree": "/home/isp/wsps/cyf/.worktrees/juyiting-multimedia-deliberation-20260928/web-typed-natural-main-verification-20261001",
  "results": [
    {
      "name": "real JuyiHall template passes typed refs as values not RefImpl",
      "pass": true
    },
    {
      "name": "actual BountyDiscussionPanel forwards selected reference payload",
      "pass": true
    },
    {
      "name": "out-of-order OPEN read cannot reopen ANSWERED question",
      "pass": true
    },
    {
      "name": "ANSWERED read invalidates selected pending question before send",
      "pass": true
    },
    {
      "name": "GET outcome cannot accept mismatched task/assignment into current scope",
      "pass": true
    },
    {
      "name": "proposal with selected TASK_LINKED reference remains displayable",
      "pass": true
    }
  ],
  "passed": 6,
  "failed": 0,
  "scope": "actual production Web composable and template/emit expressions; no browser/Provider/API runtime"
}
