{
  "worktree": "/home/isp/wsps/cyf/.worktrees/juyiting-multimedia-deliberation-20260928/web-typed-natural-main-verification-20261001",
  "scope": "actual production composable with existing API RequestView RUNNING/COMPLETED state semantics; no live API or browser",
  "results": [
    {
      "name": "canonical RUNNING request after ADMITTED receipt adopts",
      "expected": true,
      "accepted": true,
      "activeRequestId": "request-typed-1",
      "calls": [
        "GET:/requests/request-typed-1",
        "CONTENT:7"
      ],
      "pass": true
    },
    {
      "name": "progressed COMPLETED request adopts same immutable receipt binding",
      "expected": true,
      "accepted": true,
      "activeRequestId": "request-typed-1",
      "calls": [
        "GET:/requests/request-typed-1",
        "CONTENT:7"
      ],
      "pass": true
    },
    {
      "name": "aggregate RUNNING is not the frozen admission receipt state",
      "expected": false,
      "accepted": false,
      "activeRequestId": null,
      "calls": [],
      "pass": true
    }
  ],
  "passed": 3,
  "failed": 0
}
