GRADLE_LOCK_ACQUIRED task=MMD-U1-API-REFERENCE-INTAKE-20260930 pid=2149930
To honour the JVM settings for this build a single-use Daemon process will be forked. For more on this, please refer to https://docs.gradle.org/9.3.1/userguide/gradle_daemon.html#sec:disabling_the_daemon in the Gradle documentation.
Daemon will be stopped at the end of the build 
> Task :common:jia-common-core:compileJava UP-TO-DATE
> Task :agent:jia-agent-core:compileJava UP-TO-DATE
> Task :common:jia-common-api:compileJava UP-TO-DATE
> Task :agent:jia-agent-api:compileJava UP-TO-DATE
> Task :agent:jia-agent-api:processResources NO-SOURCE
> Task :agent:jia-agent-api:classes UP-TO-DATE
> Task :agent:jia-agent-api:jar UP-TO-DATE
> Task :agent:jia-agent-core:processResources NO-SOURCE
> Task :agent:jia-agent-core:classes UP-TO-DATE
> Task :agent:jia-agent-core:jar UP-TO-DATE
> Task :common:jia-common-mapper:compileJava UP-TO-DATE
> Task :agent:jia-agent-mapper:compileJava UP-TO-DATE
> Task :agent:jia-agent-mapper:processResources UP-TO-DATE
> Task :agent:jia-agent-mapper:classes UP-TO-DATE
> Task :agent:jia-agent-mapper:jar UP-TO-DATE
> Task :chat:jia-chat-core:compileJava UP-TO-DATE
> Task :chat:jia-chat-api:compileJava UP-TO-DATE
> Task :common:jia-common-core:processResources UP-TO-DATE
> Task :common:jia-common-core:classes UP-TO-DATE
> Task :common:jia-common-core:jar UP-TO-DATE
> Task :common:jia-common-service:compileJava UP-TO-DATE
> Task :economy:jia-economy-core:compileJava UP-TO-DATE
> Task :economy:jia-economy-api:compileJava UP-TO-DATE
> Task :economy:jia-economy-mapper:compileJava UP-TO-DATE
> Task :economy:jia-economy-service:compileJava UP-TO-DATE
> Task :oauth:jia-oauth-core:compileJava UP-TO-DATE
> Task :oauth:jia-oauth-api:compileJava UP-TO-DATE
> Task :task:jia-task-core:compileJava UP-TO-DATE
> Task :task:jia-task-api:compileJava UP-TO-DATE
> Task :user:jia-user-core:compileJava UP-TO-DATE
> Task :user:jia-user-api:compileJava UP-TO-DATE
> Task :agent:jia-agent-service:compileJava UP-TO-DATE
> Task :agent:jia-agent-service:processResources UP-TO-DATE
> Task :agent:jia-agent-service:classes UP-TO-DATE
> Task :base:jia-base-core:compileJava UP-TO-DATE
> Task :base:jia-base-api:compileJava UP-TO-DATE
> Task :common:jia-common-test:compileJava UP-TO-DATE
> Task :task:jia-task-mapper:compileJava UP-TO-DATE
> Task :task:jia-task-service:compileJava UP-TO-DATE
> Task :agent:jia-agent-service:compileMmdU1ReferenceIntakeJava UP-TO-DATE
> Task :agent:jia-agent-service:processMmdU1ReferenceIntakeResources UP-TO-DATE
> Task :agent:jia-agent-service:mmdU1ReferenceIntakeClasses UP-TO-DATE
> Task :base:jia-base-api:processResources NO-SOURCE
> Task :base:jia-base-api:classes UP-TO-DATE
> Task :base:jia-base-api:jar UP-TO-DATE
> Task :base:jia-base-core:processResources NO-SOURCE
> Task :base:jia-base-core:classes UP-TO-DATE
> Task :base:jia-base-core:jar UP-TO-DATE
> Task :chat:jia-chat-api:processResources NO-SOURCE
> Task :chat:jia-chat-api:classes UP-TO-DATE
> Task :chat:jia-chat-api:jar UP-TO-DATE
> Task :chat:jia-chat-core:processResources NO-SOURCE
> Task :chat:jia-chat-core:classes UP-TO-DATE
> Task :chat:jia-chat-core:jar UP-TO-DATE
> Task :common:jia-common-api:processResources NO-SOURCE
> Task :common:jia-common-api:classes UP-TO-DATE
> Task :common:jia-common-api:jar UP-TO-DATE
> Task :common:jia-common-mapper:processResources NO-SOURCE
> Task :common:jia-common-mapper:classes UP-TO-DATE
> Task :common:jia-common-mapper:jar UP-TO-DATE
> Task :common:jia-common-service:processResources UP-TO-DATE
> Task :common:jia-common-service:classes UP-TO-DATE
> Task :common:jia-common-service:jar UP-TO-DATE
> Task :common:jia-common-test:processResources UP-TO-DATE
> Task :common:jia-common-test:classes UP-TO-DATE
> Task :common:jia-common-test:jar UP-TO-DATE
> Task :economy:jia-economy-api:processResources NO-SOURCE
> Task :economy:jia-economy-api:classes UP-TO-DATE
> Task :economy:jia-economy-api:jar UP-TO-DATE
> Task :economy:jia-economy-core:processResources NO-SOURCE
> Task :economy:jia-economy-core:classes UP-TO-DATE
> Task :economy:jia-economy-core:jar UP-TO-DATE
> Task :economy:jia-economy-mapper:processResources UP-TO-DATE
> Task :economy:jia-economy-mapper:classes UP-TO-DATE
> Task :economy:jia-economy-mapper:jar UP-TO-DATE
> Task :economy:jia-economy-service:processResources UP-TO-DATE
> Task :economy:jia-economy-service:classes UP-TO-DATE
> Task :economy:jia-economy-service:jar UP-TO-DATE
> Task :oauth:jia-oauth-api:processResources NO-SOURCE
> Task :oauth:jia-oauth-api:classes UP-TO-DATE
> Task :oauth:jia-oauth-api:jar UP-TO-DATE
> Task :oauth:jia-oauth-core:processResources NO-SOURCE
> Task :oauth:jia-oauth-core:classes UP-TO-DATE
> Task :oauth:jia-oauth-core:jar UP-TO-DATE
> Task :task:jia-task-api:processResources NO-SOURCE
> Task :task:jia-task-api:classes UP-TO-DATE
> Task :task:jia-task-api:jar UP-TO-DATE
> Task :task:jia-task-core:processResources NO-SOURCE
> Task :task:jia-task-core:classes UP-TO-DATE
> Task :task:jia-task-core:jar UP-TO-DATE
> Task :task:jia-task-mapper:processResources UP-TO-DATE
> Task :task:jia-task-mapper:classes UP-TO-DATE
> Task :task:jia-task-mapper:jar UP-TO-DATE
> Task :task:jia-task-service:processResources NO-SOURCE
> Task :task:jia-task-service:classes UP-TO-DATE
> Task :task:jia-task-service:jar UP-TO-DATE
> Task :user:jia-user-api:processResources NO-SOURCE
> Task :user:jia-user-api:classes UP-TO-DATE
> Task :user:jia-user-api:jar UP-TO-DATE
> Task :user:jia-user-core:processResources NO-SOURCE
> Task :user:jia-user-core:classes UP-TO-DATE
> Task :user:jia-user-core:jar UP-TO-DATE
> Task :agent:jia-agent-service:mmdU1ReferenceIntake

AgentTaskCreationOperationMySqlTest > ddlReentryBinaryScopeUniquenessAndChecksAreEnforced() FAILED
    java.lang.IllegalStateException: Creation-operation CHECK drift: chk_atco_scope
        at cn.jia.agent.config.AgentTaskCreationOperationSchemaInitializer.check(AgentTaskCreationOperationSchemaInitializer.java:179)
        at cn.jia.agent.config.AgentTaskCreationOperationSchemaInitializer.validate(AgentTaskCreationOperationSchemaInitializer.java:110)
        at cn.jia.agent.config.AgentTaskCreationOperationSchemaInitializer.afterPropertiesSet(AgentTaskCreationOperationSchemaInitializer.java:29)
        at cn.jia.agent.service.impl.AgentTaskCreationOperationMySqlTest.setUp(AgentTaskCreationOperationMySqlTest.java:54)

AgentTaskCreationOperationMySqlTest > uniqueReservationWaitsForOriginalRowLockAndCannotReplaceItsReceiptIdentity() FAILED
    java.lang.IllegalStateException: Creation-operation CHECK drift: chk_atco_scope
        at cn.jia.agent.config.AgentTaskCreationOperationSchemaInitializer.check(AgentTaskCreationOperationSchemaInitializer.java:179)
        at cn.jia.agent.config.AgentTaskCreationOperationSchemaInitializer.validate(AgentTaskCreationOperationSchemaInitializer.java:110)
        at cn.jia.agent.config.AgentTaskCreationOperationSchemaInitializer.afterPropertiesSet(AgentTaskCreationOperationSchemaInitializer.java:29)
        at cn.jia.agent.service.impl.AgentTaskCreationOperationMySqlTest.setUp(AgentTaskCreationOperationMySqlTest.java:54)

2 tests completed, 2 failed

> Task :agent:jia-agent-service:mmdU1ReferenceIntake FAILED

[Incubating] Problems report is available at: file:///home/isp/wsps/cyf/.worktrees/juyiting-multimedia-deliberation-20260928/api-reference-intake/build/reports/problems/problems-report.html

FAILURE: Build failed with an exception.

* What went wrong:
Execution failed for task ':agent:jia-agent-service:mmdU1ReferenceIntake'.
> There were failing tests. See the report at: file:///home/isp/wsps/cyf/.worktrees/juyiting-multimedia-deliberation-20260928/api-reference-intake/agent/jia-agent-service/build/reports/tests/mmdU1ReferenceIntake/index.html

* Try:
> Run with --scan to get full insights from a Build Scan (powered by Develocity).

Deprecated Gradle features were used in this build, making it incompatible with Gradle 10.

You can use '--warning-mode all' to show the individual deprecation warnings and determine if they come from your own scripts or plugins.

For more on this, please refer to https://docs.gradle.org/9.3.1/userguide/command_line_interface.html#sec:command_line_warnings in the Gradle documentation.

BUILD FAILED in 3m 17s
60 actionable tasks: 1 executed, 59 up-to-date
RESOURCE_OBSERVATION {"admission_gate": "disabled_by_user_2026-08-28", "disk_available_bytes": 1199562752, "gradle_label": "standard", "inode_available": 2190469, "mem_available_bytes": 477765632, "swap_free_bytes": 23166976, "telemetry_errors": []}
NOTIFY_REUSED {"at": "2026-10-01T00:57:46+08:00", "details": {"current_gate": "targeted_verification", "exit": 1}, "event": "abnormality", "next_action": "Run the fail command with evidence/root cause/remediation before any retry.", "notification_id": "a22a0f5c412035bc33a335734ac62c189d9b54599c2b0a08e2ab8a2eaa887413", "task_id": "MMD-U1-API-REFERENCE-INTAKE-20260930"}
