TAP version 13
# Subtest: redacted templates are static-valid synthetic projections without secrets or readiness claims
ok 1 - redacted templates are static-valid synthetic projections without secrets or readiness claims
  ---
  duration_ms: 11.81233
  ...
# Subtest: binding identity is platform-operator fenced and independent freeze evidence fails closed
    # Subtest: numeric binding 1 is not rejected across namespaces
    ok 1 - numeric binding 1 is not rejected across namespaces
      ---
      duration_ms: 1.354509
      ...
    # Subtest: numeric binding 2 is not rejected across namespaces
    ok 2 - numeric binding 2 is not rejected across namespaces
      ---
      duration_ms: 1.120415
      ...
    # Subtest: numeric binding 15 is not rejected across namespaces
    ok 3 - numeric binding 15 is not rejected across namespaces
      ---
      duration_ms: 1.373897
      ...
    # Subtest: arbitrary non-empty receipt labels cannot become VERIFIED
    ok 4 - arbitrary non-empty receipt labels cannot become VERIFIED
      ---
      duration_ms: 1.633198
      ...
    # Subtest: VERIFIED requires the actual independent Operator freeze file
    ok 5 - VERIFIED requires the actual independent Operator freeze file
      ---
      duration_ms: 1.371853
      ...
    # Subtest: exact Operator freeze bytes and tuple can be VERIFIED
    ok 6 - exact Operator freeze bytes and tuple can be VERIFIED
      ---
      duration_ms: 4.458046
      ...
    # Subtest: Operator freeze byte digest drift fails closed
    ok 7 - Operator freeze byte digest drift fails closed
      ---
      duration_ms: 3.118119
      ...
    # Subtest: Operator freeze source reference drift fails closed
    ok 8 - Operator freeze source reference drift fails closed
      ---
      duration_ms: 1.901135
      ...
    # Subtest: Operator freeze tuple drift fails closed
    ok 9 - Operator freeze tuple drift fails closed
      ---
      duration_ms: 1.989263
      ...
    # Subtest: UNVERIFIED binding cannot carry pseudo-source evidence
    ok 10 - UNVERIFIED binding cannot carry pseudo-source evidence
      ---
      duration_ms: 1.125585
      ...
    # Subtest: provider binding evidence tuple drift
    ok 11 - provider binding evidence tuple drift
      ---
      duration_ms: 0.831349
      ...
    # Subtest: model drift
    ok 12 - model drift
      ---
      duration_ms: 0.885577
      ...
    # Subtest: binding epoch drift
    ok 13 - binding epoch drift
      ---
      duration_ms: 0.872074
      ...
    # Subtest: API source contract drift
    ok 14 - API source contract drift
      ---
      duration_ms: 0.758463
      ...
    1..14
ok 2 - binding identity is platform-operator fenced and independent freeze evidence fails closed
  ---
  duration_ms: 25.856289
  ...
# Subtest: freeze is stable across release roots and binds source, payload, CA, evidence, and policy without runtime entropy
ok 3 - freeze is stable across release roots and binds source, payload, CA, evidence, and policy without runtime entropy
  ---
  duration_ms: 32.143198
  ...
# Subtest: freeze binds verified independent Operator evidence without persisting its private path
ok 4 - freeze binds verified independent Operator evidence without persisting its private path
  ---
  duration_ms: 11.180163
  ...
# Subtest: readback accepts one exact live registration/presence pair and fails closed on drift
ok 5 - readback accepts one exact live registration/presence pair and fails closed on drift
  ---
  duration_ms: 16.13893
  ...
# Subtest: freeze rejects installer and payload drift
    # Subtest: installer drift
    ok 1 - installer drift
      ---
      duration_ms: 3.545693
      ...
    # Subtest: payload drift
    ok 2 - payload drift
      ---
      duration_ms: 1.377478
      ...
    1..2
ok 6 - freeze rejects installer and payload drift
  ---
  duration_ms: 17.434245
  ...
1..6
# tests 22
# suites 0
# pass 22
# fail 0
# cancelled 0
# skipped 0
# todo 0
# duration_ms 416.989832
