GRADLE_LOCK_ACQUIRED task=EXECUTION-HISTORY-HTTP-20261008 pid=709174
To honour the JVM settings for this build a single-use Daemon process will be forked. For more on this, please refer to https://docs.gradle.org/9.3.1/userguide/gradle_daemon.html#sec:disabling_the_daemon in the Gradle documentation.
Daemon will be stopped at the end of the build 
> Task :plugin:jia-gradle-plugin:compileJava
> Task :plugin:jia-gradle-plugin:pluginDescriptors
> Task :plugin:jia-gradle-plugin:processResources
> Task :plugin:jia-gradle-plugin:classes
> Task :plugin:jia-gradle-plugin:jar

> Task :common:jia-common-core:compileJava
Note: Some input files use or override a deprecated API.
Note: Recompile with -Xlint:deprecation for details.
Note: Some input files use unchecked or unsafe operations.
Note: Recompile with -Xlint:unchecked for details.

> Task :agent:jia-agent-core:compileJava
warning: unknown enum constant JdbcType.UNDEFINED
  reason: class file for org.apache.ibatis.type.JdbcType not found
/home/isp/wsps/worktrees/cyf-execution-history-http-integrate-20261008/agent/jia-agent-core/src/main/java/cn/jia/agent/entity/AgentTaskContextPackDTO.java:49: warning: Generating equals/hashCode implementation but without a call to superclass, even though this class does not extend java.lang.Object. If this is intentional, add '@EqualsAndHashCode(callSuper=false)' to your type.
    @Data
    ^
/home/isp/wsps/worktrees/cyf-execution-history-http-integrate-20261008/agent/jia-agent-core/src/main/java/cn/jia/agent/entity/AgentTaskContextPackDTO.java:57: warning: Generating equals/hashCode implementation but without a call to superclass, even though this class does not extend java.lang.Object. If this is intentional, add '@EqualsAndHashCode(callSuper=false)' to your type.
    @Data
    ^
/home/isp/wsps/worktrees/cyf-execution-history-http-integrate-20261008/agent/jia-agent-core/src/main/java/cn/jia/agent/entity/AgentTaskContextPackDTO.java:70: warning: Generating equals/hashCode implementation but without a call to superclass, even though this class does not extend java.lang.Object. If this is intentional, add '@EqualsAndHashCode(callSuper=false)' to your type.
    @Data
    ^
/home/isp/wsps/worktrees/cyf-execution-history-http-integrate-20261008/agent/jia-agent-core/src/main/java/cn/jia/agent/entity/AgentTaskContextPackDTO.java:92: warning: Generating equals/hashCode implementation but without a call to superclass, even though this class does not extend java.lang.Object. If this is intentional, add '@EqualsAndHashCode(callSuper=false)' to your type.
    @Data
    ^
/home/isp/wsps/worktrees/cyf-execution-history-http-integrate-20261008/agent/jia-agent-core/src/main/java/cn/jia/agent/entity/AgentTaskContextPackDTO.java:116: warning: Generating equals/hashCode implementation but without a call to superclass, even though this class does not extend java.lang.Object. If this is intentional, add '@EqualsAndHashCode(callSuper=false)' to your type.
    @Data
    ^
/home/isp/wsps/worktrees/cyf-execution-history-http-integrate-20261008/agent/jia-agent-core/src/main/java/cn/jia/agent/entity/AgentTaskContextPackDTO.java:139: warning: Generating equals/hashCode implementation but without a call to superclass, even though this class does not extend java.lang.Object. If this is intentional, add '@EqualsAndHashCode(callSuper=false)' to your type.
    @Data
    ^
/home/isp/wsps/worktrees/cyf-execution-history-http-integrate-20261008/agent/jia-agent-core/src/main/java/cn/jia/agent/entity/AgentTaskContextPackDTO.java:162: warning: Generating equals/hashCode implementation but without a call to superclass, even though this class does not extend java.lang.Object. If this is intentional, add '@EqualsAndHashCode(callSuper=false)' to your type.
    @Data
    ^
warning: unknown enum constant JdbcType.UNDEFINED
  reason: class file for org.apache.ibatis.type.JdbcType not found
warning: unknown enum constant JdbcType.UNDEFINED
  reason: class file for org.apache.ibatis.type.JdbcType not found
warning: unknown enum constant JdbcType.UNDEFINED
  reason: class file for org.apache.ibatis.type.JdbcType not found
warning: unknown enum constant JdbcType.UNDEFINED
  reason: class file for org.apache.ibatis.type.JdbcType not found
Note: /home/isp/wsps/worktrees/cyf-execution-history-http-integrate-20261008/agent/jia-agent-core/src/main/java/cn/jia/agent/common/AgentCommandAmqpContract.java uses or overrides a deprecated API.
Note: Recompile with -Xlint:deprecation for details.
12 warnings

> Task :common:jia-common-api:compileJava

> Task :agent:jia-agent-api:compileJava
warning: unknown enum constant Include.ALWAYS
  reason: class file for com.fasterxml.jackson.annotation.JsonInclude$Include not found
warning: unknown enum constant Include.ALWAYS
warning: unknown enum constant Include.ALWAYS
  reason: class file for com.fasterxml.jackson.annotation.JsonInclude$Include not found
warning: unknown enum constant Include.ALWAYS
warning: unknown enum constant Include.ALWAYS
  reason: class file for com.fasterxml.jackson.annotation.JsonInclude$Include not found
warning: unknown enum constant Include.ALWAYS
warning: unknown enum constant Include.ALWAYS
  reason: class file for com.fasterxml.jackson.annotation.JsonInclude$Include not found
warning: unknown enum constant Include.ALWAYS
warning: unknown enum constant Include.ALWAYS
  reason: class file for com.fasterxml.jackson.annotation.JsonInclude$Include not found
warning: unknown enum constant Include.ALWAYS
10 warnings

> Task :agent:jia-agent-api:processResources NO-SOURCE
> Task :agent:jia-agent-api:classes
> Task :agent:jia-agent-api:jar
> Task :agent:jia-agent-core:processResources NO-SOURCE
> Task :agent:jia-agent-core:classes
> Task :agent:jia-agent-core:jar

> Task :common:jia-common-mapper:compileJava
Note: /home/isp/wsps/worktrees/cyf-execution-history-http-integrate-20261008/common/jia-common-mapper/src/main/java/cn/jia/common/dao/BaseDaoImpl.java uses or overrides a deprecated API.
Note: Recompile with -Xlint:deprecation for details.
Note: /home/isp/wsps/worktrees/cyf-execution-history-http-integrate-20261008/common/jia-common-mapper/src/main/java/cn/jia/common/dao/BaseDaoImpl.java uses unchecked or unsafe operations.
Note: Recompile with -Xlint:unchecked for details.

> Task :agent:jia-agent-mapper:compileJava
> Task :agent:jia-agent-mapper:processResources
> Task :agent:jia-agent-mapper:classes
> Task :agent:jia-agent-mapper:jar

> Task :chat:jia-chat-core:compileJava
warning: unknown enum constant JdbcType.UNDEFINED
  reason: class file for org.apache.ibatis.type.JdbcType not found
warning: unknown enum constant JdbcType.UNDEFINED
  reason: class file for org.apache.ibatis.type.JdbcType not found
warning: unknown enum constant JdbcType.UNDEFINED
  reason: class file for org.apache.ibatis.type.JdbcType not found
warning: unknown enum constant JdbcType.UNDEFINED
  reason: class file for org.apache.ibatis.type.JdbcType not found
warning: unknown enum constant JdbcType.UNDEFINED
  reason: class file for org.apache.ibatis.type.JdbcType not found
5 warnings

> Task :chat:jia-chat-api:compileJava
warning: unknown enum constant JdbcType.UNDEFINED
  reason: class file for org.apache.ibatis.type.JdbcType not found
warning: unknown enum constant JdbcType.UNDEFINED
  reason: class file for org.apache.ibatis.type.JdbcType not found
warning: unknown enum constant JdbcType.UNDEFINED
  reason: class file for org.apache.ibatis.type.JdbcType not found
warning: unknown enum constant JdbcType.UNDEFINED
  reason: class file for org.apache.ibatis.type.JdbcType not found
warning: unknown enum constant JdbcType.UNDEFINED
  reason: class file for org.apache.ibatis.type.JdbcType not found
5 warnings

> Task :common:jia-common-core:processResources
> Task :common:jia-common-core:classes
> Task :common:jia-common-core:jar
> Task :common:jia-common-service:compileJava
> Task :economy:jia-economy-core:compileJava
> Task :economy:jia-economy-api:compileJava
> Task :economy:jia-economy-mapper:compileJava

> Task :economy:jia-economy-service:compileJava
Note: Some input files use or override a deprecated API.
Note: Recompile with -Xlint:deprecation for details.

> Task :oauth:jia-oauth-core:compileJava
warning: unknown enum constant JdbcType.UNDEFINED
  reason: class file for org.apache.ibatis.type.JdbcType not found
warning: unknown enum constant JdbcType.UNDEFINED
  reason: class file for org.apache.ibatis.type.JdbcType not found
warning: unknown enum constant JdbcType.UNDEFINED
  reason: class file for org.apache.ibatis.type.JdbcType not found
warning: unknown enum constant JdbcType.UNDEFINED
  reason: class file for org.apache.ibatis.type.JdbcType not found
warning: unknown enum constant JdbcType.UNDEFINED
  reason: class file for org.apache.ibatis.type.JdbcType not found
5 warnings

> Task :oauth:jia-oauth-api:compileJava

> Task :task:jia-task-core:compileJava
warning: unknown enum constant JdbcType.UNDEFINED
  reason: class file for org.apache.ibatis.type.JdbcType not found
warning: unknown enum constant JdbcType.UNDEFINED
  reason: class file for org.apache.ibatis.type.JdbcType not found
warning: unknown enum constant JdbcType.UNDEFINED
  reason: class file for org.apache.ibatis.type.JdbcType not found
warning: unknown enum constant JdbcType.UNDEFINED
  reason: class file for org.apache.ibatis.type.JdbcType not found
warning: unknown enum constant JdbcType.UNDEFINED
  reason: class file for org.apache.ibatis.type.JdbcType not found
5 warnings

> Task :task:jia-task-api:compileJava
warning: unknown enum constant JdbcType.UNDEFINED
  reason: class file for org.apache.ibatis.type.JdbcType not found
warning: unknown enum constant JdbcType.UNDEFINED
  reason: class file for org.apache.ibatis.type.JdbcType not found
warning: unknown enum constant JdbcType.UNDEFINED
  reason: class file for org.apache.ibatis.type.JdbcType not found
warning: unknown enum constant JdbcType.UNDEFINED
  reason: class file for org.apache.ibatis.type.JdbcType not found
warning: unknown enum constant JdbcType.UNDEFINED
  reason: class file for org.apache.ibatis.type.JdbcType not found
5 warnings

> Task :user:jia-user-core:compileJava
warning: unknown enum constant JdbcType.UNDEFINED
  reason: class file for org.apache.ibatis.type.JdbcType not found
warning: unknown enum constant JdbcType.UNDEFINED
  reason: class file for org.apache.ibatis.type.JdbcType not found
warning: unknown enum constant JdbcType.UNDEFINED
  reason: class file for org.apache.ibatis.type.JdbcType not found
warning: unknown enum constant JdbcType.UNDEFINED
  reason: class file for org.apache.ibatis.type.JdbcType not found
warning: unknown enum constant JdbcType.UNDEFINED
  reason: class file for org.apache.ibatis.type.JdbcType not found
5 warnings

> Task :user:jia-user-api:compileJava
warning: unknown enum constant JdbcType.UNDEFINED
  reason: class file for org.apache.ibatis.type.JdbcType not found
warning: unknown enum constant JdbcType.UNDEFINED
  reason: class file for org.apache.ibatis.type.JdbcType not found
warning: unknown enum constant JdbcType.UNDEFINED
  reason: class file for org.apache.ibatis.type.JdbcType not found
warning: unknown enum constant JdbcType.UNDEFINED
  reason: class file for org.apache.ibatis.type.JdbcType not found
warning: unknown enum constant JdbcType.UNDEFINED
  reason: class file for org.apache.ibatis.type.JdbcType not found
5 warnings

> Task :agent:jia-agent-service:compileJava
Note: Some input files use or override a deprecated API.
Note: Recompile with -Xlint:deprecation for details.

> Task :agent:jia-agent-service:processResources
> Task :agent:jia-agent-service:classes

> Task :agent:jia-agent-service:compileExecutionHistoryHttpJava
Note: /home/isp/wsps/worktrees/cyf-execution-history-http-integrate-20261008/agent/jia-agent-service/src/executionHistoryHttp/java/cn/jia/agent/contract/ExecutionHistoryHttpContractTest.java uses or overrides a deprecated API.
Note: Recompile with -Xlint:deprecation for details.

> Task :agent:jia-agent-service:processExecutionHistoryHttpResources NO-SOURCE
> Task :agent:jia-agent-service:executionHistoryHttpClasses
> Task :chat:jia-chat-api:processResources NO-SOURCE
> Task :chat:jia-chat-api:classes
> Task :chat:jia-chat-api:jar
> Task :chat:jia-chat-core:processResources NO-SOURCE
> Task :chat:jia-chat-core:classes
> Task :chat:jia-chat-core:jar
> Task :common:jia-common-api:processResources NO-SOURCE
> Task :common:jia-common-api:classes
> Task :common:jia-common-api:jar
> Task :common:jia-common-mapper:processResources NO-SOURCE
> Task :common:jia-common-mapper:classes
> Task :common:jia-common-mapper:jar
> Task :common:jia-common-service:processResources
> Task :common:jia-common-service:classes
> Task :common:jia-common-service:jar
> Task :economy:jia-economy-api:processResources NO-SOURCE
> Task :economy:jia-economy-api:classes
> Task :economy:jia-economy-api:jar
> Task :economy:jia-economy-core:processResources NO-SOURCE
> Task :economy:jia-economy-core:classes
> Task :economy:jia-economy-core:jar
> Task :economy:jia-economy-mapper:processResources
> Task :economy:jia-economy-mapper:classes
> Task :economy:jia-economy-mapper:jar
> Task :economy:jia-economy-service:processResources
> Task :economy:jia-economy-service:classes
> Task :economy:jia-economy-service:jar
> Task :oauth:jia-oauth-api:processResources NO-SOURCE
> Task :oauth:jia-oauth-api:classes
> Task :oauth:jia-oauth-api:jar
> Task :oauth:jia-oauth-core:processResources NO-SOURCE
> Task :oauth:jia-oauth-core:classes
> Task :oauth:jia-oauth-core:jar
> Task :task:jia-task-api:processResources NO-SOURCE
> Task :task:jia-task-api:classes
> Task :task:jia-task-api:jar
> Task :task:jia-task-core:processResources NO-SOURCE
> Task :task:jia-task-core:classes
> Task :task:jia-task-core:jar
> Task :user:jia-user-api:processResources NO-SOURCE
> Task :user:jia-user-api:classes
> Task :user:jia-user-api:jar
> Task :user:jia-user-core:processResources NO-SOURCE
> Task :user:jia-user-core:classes
> Task :user:jia-user-core:jar

> Task :agent:jia-agent-service:executionHistoryHttp

ExecutionHistoryHttpContractTest > realHttpMySqlAndFrontendShareOneContract() STANDARD_ERROR
    2026-10-08T13:45:32.036065570Z Test worker ERROR Log4j API could not find a logging provider.
    SLF4J(W): No SLF4J providers were found.
    SLF4J(W): Defaulting to no-operation (NOP) logger implementation
    SLF4J(W): See https://www.slf4j.org/codes.html#noProviders for further details.
    Oct 08, 2026 9:45:39 PM org.apache.coyote.AbstractProtocol init
    INFO: Initializing ProtocolHandler ["http-nio-127.0.0.1-auto-1"]
    Oct 08, 2026 9:45:39 PM org.apache.catalina.core.StandardService startInternal
    INFO: Starting service [Tomcat]
    Oct 08, 2026 9:45:39 PM org.apache.catalina.core.StandardEngine startInternal
    INFO: Starting Servlet engine: [Apache Tomcat/11.0.15]
    Oct 08, 2026 9:45:40 PM org.apache.catalina.util.SessionIdGeneratorBase createSecureRandom
    WARNING: Creation of SecureRandom instance for session ID generation using [SHA1PRNG] took [131] milliseconds.
    Oct 08, 2026 9:45:40 PM org.apache.catalina.core.ApplicationContext log
    INFO: Initializing Spring DispatcherServlet 'dispatcher'
    Oct 08, 2026 9:45:40 PM org.apache.coyote.AbstractProtocol start
    INFO: Starting ProtocolHandler ["http-nio-127.0.0.1-auto-1-38187"]

ExecutionHistoryHttpContractTest > realHttpMySqlAndFrontendShareOneContract() STANDARD_OUT
    FRONTEND_HTTP {"status":"PASS","layer":"Vue-consumer_createApi_useHttp_fetch_JavaJWT_Controller_Service_MyBatis_MySQL","assertions":17,"requests":8,"statuses":[200,200,200,200,200,200,503,400],"fixtureSha256":"155716096768978ee49483389fd89bd0fe5907036c07c1790907ddf3f7d3a7ad","webCommit":"75766a3b78c2e552ef448e924a813ed2dfc7ecd4","limitations":["Synthetic signed identities, not production OAuth login","Vue state exercised in Node, not rendered browser UI","No deployment or formal frontend Flow"]}

ExecutionHistoryHttpContractTest > realHttpMySqlAndFrontendShareOneContract() STANDARD_ERROR
    Oct 08, 2026 9:45:52 PM org.apache.coyote.AbstractProtocol pause
    INFO: Pausing ProtocolHandler ["http-nio-127.0.0.1-auto-1-38187"]
    Oct 08, 2026 9:45:52 PM org.apache.catalina.core.StandardService stopInternal
    INFO: Stopping service [Tomcat]
    Oct 08, 2026 9:45:52 PM org.apache.catalina.core.ApplicationContext log
    INFO: Destroying Spring FrameworkServlet 'dispatcher'
    Oct 08, 2026 9:45:52 PM org.apache.catalina.loader.WebappClassLoaderBase checkThreadLocalsForLeaks
    WARNING: You need to add "--add-opens=java.base/java.lang=ALL-UNNAMED" to the JVM command line arguments to enable ThreadLocal memory leak detection. Alternatively, you can suppress this warning by disabling ThreadLocal memory leak detection.
    Oct 08, 2026 9:45:52 PM org.apache.catalina.loader.WebappClassLoaderBase clearReferencesRmiTargets
    WARNING: You need to add "--add-opens=java.rmi/sun.rmi.transport=ALL-UNNAMED" to the JVM command line arguments to enable RMI Target memory leak detection. Alternatively, you can suppress this warning by disabling RMI Target memory leak detection.
    Oct 08, 2026 9:45:52 PM org.apache.coyote.AbstractProtocol stop
    INFO: Stopping ProtocolHandler ["http-nio-127.0.0.1-auto-1-38187"]
    Oct 08, 2026 9:45:52 PM org.apache.coyote.AbstractProtocol destroy
    INFO: Destroying ProtocolHandler ["http-nio-127.0.0.1-auto-1-38187"]

ExecutionHistoryHttpContractTest > realHttpMySqlAndFrontendShareOneContract() PASSED

> Task :validateLayering

[Incubating] Problems report is available at: file:///var/tmp/cyf-history-http-20261008/build/jia/_root/reports/problems/problems-report.html

Deprecated Gradle features were used in this build, making it incompatible with Gradle 10.

You can use '--warning-mode all' to show the individual deprecation warnings and determine if they come from your own scripts or plugins.

For more on this, please refer to https://docs.gradle.org/9.3.1/userguide/command_line_interface.html#sec:command_line_warnings in the Gradle documentation.

BUILD SUCCESSFUL in 2m 44s
52 actionable tasks: 52 executed
Consider enabling configuration cache to speed up this build: https://docs.gradle.org/9.3.1/userguide/configuration_cache_enabling.html
RESOURCE_OBSERVATION {"admission_gate": "disabled_by_user_2026-08-28", "disk_available_bytes": 2619535360, "gradle_label": "standard", "inode_available": 2313005, "mem_available_bytes": 681336832, "swap_free_bytes": 1244160000, "telemetry_errors": []}
EVIDENCE_STORED key=d17382e6c425ea89fb927f44027e3a749f52738746464a6ffe9ebde523671a01 reusable=true
