GRADLE_LOCK_ACQUIRED task=EXECUTION-HISTORY-HTTP-20261008 pid=707268
To honour the JVM settings for this build a single-use Daemon process will be forked. For more on this, please refer to https://docs.gradle.org/9.3.1/userguide/gradle_daemon.html#sec:disabling_the_daemon in the Gradle documentation.
Daemon will be stopped at the end of the build 
> Task :plugin:jia-gradle-plugin:compileJava UP-TO-DATE
> Task :plugin:jia-gradle-plugin:pluginDescriptors UP-TO-DATE
> Task :plugin:jia-gradle-plugin:processResources UP-TO-DATE
> Task :plugin:jia-gradle-plugin:classes UP-TO-DATE
> Task :plugin:jia-gradle-plugin:jar UP-TO-DATE
> Task :common:jia-common-core:compileJava UP-TO-DATE
> Task :agent:jia-agent-core:compileJava UP-TO-DATE
> Task :common:jia-common-api:compileJava UP-TO-DATE
> Task :agent:jia-agent-api:compileJava UP-TO-DATE
> Task :agent:jia-agent-api:processResources NO-SOURCE
> Task :agent:jia-agent-api:classes UP-TO-DATE
> Task :agent:jia-agent-api:jar UP-TO-DATE
> Task :agent:jia-agent-core:processResources NO-SOURCE
> Task :agent:jia-agent-core:classes UP-TO-DATE
> Task :agent:jia-agent-core:jar UP-TO-DATE
> Task :common:jia-common-mapper:compileJava UP-TO-DATE
> Task :agent:jia-agent-mapper:compileJava UP-TO-DATE
> Task :agent:jia-agent-mapper:processResources UP-TO-DATE
> Task :agent:jia-agent-mapper:classes UP-TO-DATE
> Task :agent:jia-agent-mapper:jar UP-TO-DATE
> Task :chat:jia-chat-core:compileJava UP-TO-DATE
> Task :chat:jia-chat-api:compileJava UP-TO-DATE
> Task :common:jia-common-core:processResources UP-TO-DATE
> Task :common:jia-common-core:classes UP-TO-DATE
> Task :common:jia-common-core:jar UP-TO-DATE
> Task :common:jia-common-service:compileJava UP-TO-DATE
> Task :economy:jia-economy-core:compileJava UP-TO-DATE
> Task :economy:jia-economy-api:compileJava UP-TO-DATE
> Task :economy:jia-economy-mapper:compileJava UP-TO-DATE
> Task :economy:jia-economy-service:compileJava UP-TO-DATE
> Task :oauth:jia-oauth-core:compileJava UP-TO-DATE
> Task :oauth:jia-oauth-api:compileJava UP-TO-DATE
> Task :task:jia-task-core:compileJava UP-TO-DATE
> Task :task:jia-task-api:compileJava UP-TO-DATE
> Task :user:jia-user-core:compileJava UP-TO-DATE
> Task :user:jia-user-api:compileJava UP-TO-DATE
> Task :agent:jia-agent-service:compileJava UP-TO-DATE
> Task :agent:jia-agent-service:processResources UP-TO-DATE
> Task :agent:jia-agent-service:classes UP-TO-DATE
> Task :agent:jia-agent-service:compileExecutionHistoryHttpJava UP-TO-DATE
> Task :agent:jia-agent-service:processExecutionHistoryHttpResources NO-SOURCE
> Task :agent:jia-agent-service:executionHistoryHttpClasses UP-TO-DATE
> Task :chat:jia-chat-api:processResources NO-SOURCE
> Task :chat:jia-chat-api:classes UP-TO-DATE
> Task :chat:jia-chat-api:jar UP-TO-DATE
> Task :chat:jia-chat-core:processResources NO-SOURCE
> Task :chat:jia-chat-core:classes UP-TO-DATE
> Task :chat:jia-chat-core:jar UP-TO-DATE
> Task :common:jia-common-api:processResources NO-SOURCE
> Task :common:jia-common-api:classes UP-TO-DATE
> Task :common:jia-common-api:jar UP-TO-DATE
> Task :common:jia-common-mapper:processResources NO-SOURCE
> Task :common:jia-common-mapper:classes UP-TO-DATE
> Task :common:jia-common-mapper:jar UP-TO-DATE
> Task :common:jia-common-service:processResources UP-TO-DATE
> Task :common:jia-common-service:classes UP-TO-DATE
> Task :common:jia-common-service:jar UP-TO-DATE
> Task :economy:jia-economy-api:processResources NO-SOURCE
> Task :economy:jia-economy-api:classes UP-TO-DATE
> Task :economy:jia-economy-api:jar UP-TO-DATE
> Task :economy:jia-economy-core:processResources NO-SOURCE
> Task :economy:jia-economy-core:classes UP-TO-DATE
> Task :economy:jia-economy-core:jar UP-TO-DATE
> Task :economy:jia-economy-mapper:processResources UP-TO-DATE
> Task :economy:jia-economy-mapper:classes UP-TO-DATE
> Task :economy:jia-economy-mapper:jar UP-TO-DATE
> Task :economy:jia-economy-service:processResources UP-TO-DATE
> Task :economy:jia-economy-service:classes UP-TO-DATE
> Task :economy:jia-economy-service:jar UP-TO-DATE
> Task :oauth:jia-oauth-api:processResources NO-SOURCE
> Task :oauth:jia-oauth-api:classes UP-TO-DATE
> Task :oauth:jia-oauth-api:jar UP-TO-DATE
> Task :oauth:jia-oauth-core:processResources NO-SOURCE
> Task :oauth:jia-oauth-core:classes UP-TO-DATE
> Task :oauth:jia-oauth-core:jar UP-TO-DATE
> Task :task:jia-task-api:processResources NO-SOURCE
> Task :task:jia-task-api:classes UP-TO-DATE
> Task :task:jia-task-api:jar UP-TO-DATE
> Task :task:jia-task-core:processResources NO-SOURCE
> Task :task:jia-task-core:classes UP-TO-DATE
> Task :task:jia-task-core:jar UP-TO-DATE
> Task :user:jia-user-api:processResources NO-SOURCE
> Task :user:jia-user-api:classes UP-TO-DATE
> Task :user:jia-user-api:jar UP-TO-DATE
> Task :user:jia-user-core:processResources NO-SOURCE
> Task :user:jia-user-core:classes UP-TO-DATE
> Task :user:jia-user-core:jar UP-TO-DATE

> Task :agent:jia-agent-service:executionHistoryHttp

ExecutionHistoryHttpContractTest > realHttpMySqlAndFrontendShareOneContract() STANDARD_ERROR
    2026-10-08T13:39:44.436841940Z Test worker ERROR Log4j API could not find a logging provider.
    SLF4J(W): No SLF4J providers were found.
    SLF4J(W): Defaulting to no-operation (NOP) logger implementation
    SLF4J(W): See https://www.slf4j.org/codes.html#noProviders for further details.
    Oct 08, 2026 9:39:48 PM org.apache.coyote.AbstractProtocol init
    INFO: Initializing ProtocolHandler ["http-nio-127.0.0.1-auto-1"]
    Oct 08, 2026 9:39:48 PM org.apache.catalina.core.StandardService startInternal
    INFO: Starting service [Tomcat]
    Oct 08, 2026 9:39:48 PM org.apache.catalina.core.StandardEngine startInternal
    INFO: Starting Servlet engine: [Apache Tomcat/11.0.15]
    Oct 08, 2026 9:39:48 PM org.apache.catalina.core.ApplicationContext log
    INFO: Initializing Spring DispatcherServlet 'dispatcher'
    Oct 08, 2026 9:39:48 PM org.apache.coyote.AbstractProtocol start
    INFO: Starting ProtocolHandler ["http-nio-127.0.0.1-auto-1-34941"]

ExecutionHistoryHttpContractTest > realHttpMySqlAndFrontendShareOneContract() STANDARD_OUT
    FRONTEND_HTTP {"status":"PASS","layer":"Vue-consumer_createApi_useHttp_fetch_JavaJWT_Controller_Service_MyBatis_MySQL","assertions":17,"requests":8,"statuses":[200,200,200,200,200,200,503,400],"fixtureSha256":"155716096768978ee49483389fd89bd0fe5907036c07c1790907ddf3f7d3a7ad","webCommit":"75766a3b78c2e552ef448e924a813ed2dfc7ecd4","limitations":["Synthetic signed identities, not production OAuth login","Vue state exercised in Node, not rendered browser UI","No deployment or formal frontend Flow"]}

ExecutionHistoryHttpContractTest > realHttpMySqlAndFrontendShareOneContract() STANDARD_ERROR
    Oct 08, 2026 9:39:51 PM org.apache.coyote.AbstractProtocol pause
    INFO: Pausing ProtocolHandler ["http-nio-127.0.0.1-auto-1-34941"]
    Oct 08, 2026 9:39:51 PM org.apache.catalina.core.StandardService stopInternal
    INFO: Stopping service [Tomcat]
    Oct 08, 2026 9:39:51 PM org.apache.catalina.core.ApplicationContext log
    INFO: Destroying Spring FrameworkServlet 'dispatcher'
    Oct 08, 2026 9:39:51 PM org.apache.catalina.loader.WebappClassLoaderBase checkThreadLocalsForLeaks
    WARNING: You need to add "--add-opens=java.base/java.lang=ALL-UNNAMED" to the JVM command line arguments to enable ThreadLocal memory leak detection. Alternatively, you can suppress this warning by disabling ThreadLocal memory leak detection.
    Oct 08, 2026 9:39:51 PM org.apache.catalina.loader.WebappClassLoaderBase clearReferencesRmiTargets
    WARNING: You need to add "--add-opens=java.rmi/sun.rmi.transport=ALL-UNNAMED" to the JVM command line arguments to enable RMI Target memory leak detection. Alternatively, you can suppress this warning by disabling RMI Target memory leak detection.
    Oct 08, 2026 9:39:51 PM org.apache.coyote.AbstractProtocol stop
    INFO: Stopping ProtocolHandler ["http-nio-127.0.0.1-auto-1-34941"]
    Oct 08, 2026 9:39:51 PM org.apache.coyote.AbstractProtocol destroy
    INFO: Destroying ProtocolHandler ["http-nio-127.0.0.1-auto-1-34941"]

ExecutionHistoryHttpContractTest > realHttpMySqlAndFrontendShareOneContract() PASSED

> Task :validateLayering

[Incubating] Problems report is available at: file:///var/tmp/cyf-history-http-20261008/build/jia/_root/reports/problems/problems-report.html

Deprecated Gradle features were used in this build, making it incompatible with Gradle 10.

You can use '--warning-mode all' to show the individual deprecation warnings and determine if they come from your own scripts or plugins.

For more on this, please refer to https://docs.gradle.org/9.3.1/userguide/command_line_interface.html#sec:command_line_warnings in the Gradle documentation.

BUILD SUCCESSFUL in 1m 4s
52 actionable tasks: 2 executed, 50 up-to-date
Consider enabling configuration cache to speed up this build: https://docs.gradle.org/9.3.1/userguide/configuration_cache_enabling.html
RESOURCE_OBSERVATION {"admission_gate": "disabled_by_user_2026-08-28", "disk_available_bytes": 2795872256, "gradle_label": "standard", "inode_available": 2332890, "mem_available_bytes": 1827319808, "swap_free_bytes": 1265823744, "telemetry_errors": []}
EVIDENCE_STORED key=b3d6c25de4c06df98232a04f0a265dd04f33b5fedb790106775bd8eac5b71658 reusable=true
